0	0	sound/data/pcm/c12/h/00_00.unity3d	h_ai_12_00_000	あんま見るなよ……恥ずかしい																0	0	0	17	0	sound/data/pcm/c12/h/00_00.unity3d	h_ai_12_01_000	こら見過ぎ……目がエッチだぞ……																0	0	0	17	0	sound/data/pcm/c12/h/00_00.unity3d	h_ai_12_02_000	どした？　見抜き希望？																0	0	100	17	0	sound/data/pcm/c12/h/00_00.unity3d	h_ai_12_03_000	視姦ってやつ？　んふ、それだけでイッてみせようか？																0	0	200	17
1	0	sound/data/pcm/c12/h/00_00.unity3d	h_ai_12_00_001	あは……お、落ち着かないな																0	0	0	17	0	sound/data/pcm/c12/h/00_00.unity3d	h_ai_12_01_001	うぅ、この感じ全然慣れないな……																0	0	0	17	0	sound/data/pcm/c12/h/00_00.unity3d	h_ai_12_02_001	んぅ？　どんな妄想を膨らませてるのかなぁ？																0	0	100	17	0	sound/data/pcm/c12/h/00_00.unity3d	h_ai_12_03_001	焦らすなって、我慢は体に毒なんだぞ																0	0	200	17
2	0	sound/data/pcm/c12/h/00_00.unity3d	h_ai_12_00_002	どうした？　おまえも緊張してるのか？																0	0	0	17	0	sound/data/pcm/c12/h/00_00.unity3d	h_ai_12_01_002	ん？　遠慮しなくていいんだぞ																0	0	0	17	0	sound/data/pcm/c12/h/00_00.unity3d	h_ai_12_02_002	ふふん♪　あたしから触っちゃうぞ？																0	0	100	17	0	sound/data/pcm/c12/h/00_00.unity3d	h_ai_12_03_002	ほら早く、もう体疼いてたまらないんだ																0	0	200	17
3	0																					1	0	0	sound/data/pcm/c12/h/00_00.unity3d	h_ai_12_01_003	はぁ……キス……すごぃ……溶ける……																0	0	1	0	0	sound/data/pcm/c12/h/00_00.unity3d	h_ai_12_02_003	んぅぅん♪　きしゅぅ、きしゅ、もっろぉ♪（キス、キスもっと）																0	0	101	0	0	sound/data/pcm/c12/h/00_00.unity3d	h_ai_12_03_009	もっろおくっ……舌からめれ……（もっと奥、舌絡めて）																0	0	201	0
4	0																					1	0	0	sound/data/pcm/c12/h/00_00.unity3d	h_ai_12_01_004	ふぁ……らぇ……頭ふわふわする……																0	0	1	0	0	sound/data/pcm/c12/h/00_00.unity3d	h_ai_12_02_004	はぁ……はふっ、いき……できなっ……																0	0	101	0	0	sound/data/pcm/c12/h/00_00.unity3d	h_ai_12_03_010	んッあ♪　きしゅらけれ……イッちゃいそ……																0	0	201	0
5	0	sound/data/pcm/c12/h/00_00.unity3d	h_ai_12_00_005	えと……実は今の……ファーストキスだったり……																1	0	2	17	0	sound/data/pcm/c12/h/00_00.unity3d	h_ai_12_01_005	キス気持ちいい……もっとしてくれよぉ……																0	0	2	17	0	sound/data/pcm/c12/h/00_00.unity3d	h_ai_12_02_005	んふっ、キスだけで濡れてきちゃった……																0	0	102	17	0	sound/data/pcm/c12/h/00_00.unity3d	h_ai_12_03_011	あたし、キスだけで発情しちゃってるよ……																0	0	202	17
6	1	sound/data/pcm/c12/h/00_00.unity3d	h_ai_12_00_006	あっ……もっと……うっ、なんでもない																0	0	2	17	0	sound/data/pcm/c12/h/00_00.unity3d	h_ai_12_01_006	はぁこれ……なんかすっごい安心する……																0	0	2	17	0	sound/data/pcm/c12/h/00_00.unity3d	h_ai_12_02_006	あはっ、おまえもキスだけでビンビンだ……																0	0	102	17	0	sound/data/pcm/c12/h/00_00.unity3d	h_ai_12_03_012	んふふ、エッチなキス……もっとしよしよっ																0	0	202	17
7	0	sound/data/pcm/c12/h/00_00.unity3d	h_ai_12_00_007	キス……好きかも……もっとしたい……な																0	0	3	17	0	sound/data/pcm/c12/h/00_00.unity3d	h_ai_12_01_007	うぅだめ……キスされると力入んなくなるぅ																0	0	3	17	0	sound/data/pcm/c12/h/00_00.unity3d	h_ai_12_02_007	キス大好き、もうずっとしててよ																0	0	103	17	0	sound/data/pcm/c12/h/00_00.unity3d	h_ai_12_03_013	えへ……キスだけでちょっとイっちゃった……																0	0	203	17
8	0	sound/data/pcm/c12/h/00_00.unity3d	h_ai_12_00_008	あぁっ、キスだけでも全然気持ちいい……																0	0	3	17	0	sound/data/pcm/c12/h/00_00.unity3d	h_ai_12_01_008	あたし……キスだけですっごい感じちゃってる……																0	0	3	17	0	sound/data/pcm/c12/h/00_00.unity3d	h_ai_12_02_008	あん、もっとぉー、もっとキスぅー																0	0	103	17	0	sound/data/pcm/c12/h/00_00.unity3d	h_ai_12_03_014	キス弱いから、いっぱいされたら何でも許しちゃうかも																0	0	203	17
9	0	sound/data/pcm/c12/h/00_00.unity3d	h_ai_12_00_015	えと……キスはごめん																0	0	6	17	0	sound/data/pcm/c12/h/00_00.unity3d	h_ai_12_00_015	えと……キスはごめん																0	0	6	17	0	sound/data/pcm/c12/h/00_00.unity3d	h_ai_12_00_015	えと……キスはごめん																0	0	106	17	0	sound/data/pcm/c12/h/00_00.unity3d	h_ai_12_00_015	えと……キスはごめん																0	0	206	17
10	0	sound/data/pcm/c12/h/00_00.unity3d	h_ai_12_00_016	そういうのは恋人同士でするものだろ																0	0	6	17	0	sound/data/pcm/c12/h/00_00.unity3d	h_ai_12_00_016	そういうのは恋人同士でするものだろ																0	0	6	17	0	sound/data/pcm/c12/h/00_00.unity3d	h_ai_12_00_016	そういうのは恋人同士でするものだろ																0	0	106	17	0	sound/data/pcm/c12/h/00_00.unity3d	h_ai_12_00_016	そういうのは恋人同士でするものだろ																0	0	206	17
11	0	sound/data/pcm/c12/h/00_00.unity3d	h_ai_12_00_017	その……キスは違うと思うんだ																0	0	6	17	0	sound/data/pcm/c12/h/00_00.unity3d	h_ai_12_00_017	その……キスは違うと思うんだ																0	0	6	17	0	sound/data/pcm/c12/h/00_00.unity3d	h_ai_12_00_017	その……キスは違うと思うんだ																0	0	106	17	0	sound/data/pcm/c12/h/00_00.unity3d	h_ai_12_00_017	その……キスは違うと思うんだ																0	0	206	17
12	0	sound/data/pcm/c12/h/00_00.unity3d	h_ai_12_00_018	あはっ、くすぐったいって																0	0	4	17	0	sound/data/pcm/c12/h/00_00.unity3d	h_ai_12_00_018	あはっ、くすぐったいって																0	0	4	17	0	sound/data/pcm/c12/h/00_00.unity3d	h_ai_12_02_018	んぁ、もぅっ……あたしもう……																0	0	104	17	0	sound/data/pcm/c12/h/00_00.unity3d	h_ai_12_03_018	もっと強くしていいからぁ……気持ちよくしてぇ……																0	0	204	17
13	0			手つきがいやらしいよぉ……																0	0	4	17	0			手つきがいやらしいよぉ……																0	0	4	17	0	sound/data/pcm/c12/h/00_00.unity3d	h_ai_12_02_019	あぁそれ……エッチだぁ……																0	0	104	17	0	sound/data/pcm/c12/h/00_00.unity3d	h_ai_12_03_019	あぁ胸の奥……きゅんきゅんしてるぅ……																0	0	204	17
14	0	sound/data/pcm/c12/h/00_00.unity3d	h_ai_12_00_020	あぁ、うそ、感じちゃう……																0	0	4	17	0	sound/data/pcm/c12/h/00_00.unity3d	h_ai_12_00_020	あぁ、うそ、感じちゃう……																0	0	4	17	0	sound/data/pcm/c12/h/00_00.unity3d	h_ai_12_02_020	いいよぅ……気持ちいいよぉ……																0	0	104	17	0	sound/data/pcm/c12/h/00_00.unity3d	h_ai_12_03_020	体火照って……はぁ、熱くなってるぅ……																0	0	204	17
15	0	sound/data/pcm/c12/h/00_00.unity3d	h_ai_12_00_021	あっ、やっ、変な声出る……																0	0	4	17	0	sound/data/pcm/c12/h/00_00.unity3d	h_ai_12_00_021	あっ、やっ、変な声出る……																0	0	4	17	0	sound/data/pcm/c12/h/00_00.unity3d	h_ai_12_02_021	はぁ……あたし感じちゃってる……																0	0	104	17	0	sound/data/pcm/c12/h/00_00.unity3d	h_ai_12_03_021	あぁいいっ……ゾクってしたぁ……																0	0	204	17
16	0	sound/data/pcm/c12/h/00_00.unity3d	h_ai_12_00_022	うぅ、なんか切ないよぉ……																0	0	4	17	0	sound/data/pcm/c12/h/00_00.unity3d	h_ai_12_00_022	うぅ、なんか切ないよぉ……																0	0	4	17	0	sound/data/pcm/c12/h/00_00.unity3d	h_ai_12_02_022	体うずうずするぅ、もうだめぇ																0	0	104	17	0	sound/data/pcm/c12/h/00_00.unity3d	h_ai_12_03_022	だめぇ……濡れてきちゃうぅ……																0	0	204	17
17	0																					4	17	0	sound/data/pcm/c12/h/00_00.unity3d	h_ai_12_01_035	（少し慣れた感じ）つ、強すぎるからぁっ……うぅ、優しくしてくれよぉ……																0	0	4	17	0																					104	17	0																					204	17
18	0																					4	17	0	sound/data/pcm/c12/h/00_00.unity3d	h_ai_12_01_036	あんっ、強いよ……んっ、でもそれだけ求めてくれてるって事か……																0	0	4	17	0																					104	17	0																					204	17
19	0																					4	17	0	sound/data/pcm/c12/h/00_00.unity3d	h_ai_12_01_037	うんっ、今日は強くしてもいいよっ																0	0	4	17	0																					104	17	0																					204	17
20	0																					4	17	0	sound/data/pcm/c12/h/00_00.unity3d	h_ai_12_01_038	お尻はその……まだ抵抗があるっていうかぁ……																0	0	4	17	0																					104	17	0																					204	17
21	0																					4	17	0	sound/data/pcm/c12/h/00_00.unity3d	h_ai_12_01_039	もう、お尻ばっかりぃ……尻フェチなのか？																0	0	4	17	0																					104	17	0																					204	17
22	0																					4	17	0	sound/data/pcm/c12/h/00_00.unity3d	h_ai_12_01_040	うぅ、おまえのために洗っておいたけど、変な感じだったんだからなぁ……																0	0	4	17	0																					104	17	0																					204	17
23	0	sound/data/pcm/c12/h/00_00.unity3d	h_ai_12_00_023	あっ、ソコ、いぃっ																0	0	5	17	0	sound/data/pcm/c12/h/00_00.unity3d	h_ai_12_00_023	あっ、ソコ、いぃっ																0	0	5	17	0			いいよぅ……もっと触ってぇ……																0	0	105	17	0	sound/data/pcm/c12/h/00_00.unity3d	h_ai_12_03_023	んぃぃっ、気持ちよすぎるぅっ																0	0	205	17
24	0	sound/data/pcm/c12/h/00_00.unity3d	h_ai_12_00_024	いっ、あっ……うそ、やば……																0	0	5	17	0	sound/data/pcm/c12/h/00_00.unity3d	h_ai_12_00_024	いっ、あっ……うそ、やば……																0	0	5	17	0	sound/data/pcm/c12/h/00_00.unity3d	h_ai_12_02_024	あぁだめ、ソコすっごい感じる……																0	0	105	17	0	sound/data/pcm/c12/h/00_00.unity3d	h_ai_12_03_024	あたし弱い、そこ弱いぃっ																0	0	205	17
25	0	sound/data/pcm/c12/h/00_00.unity3d	h_ai_12_00_025	んぅ、なんでこんな、気持ちいい……																0	0	5	17	0	sound/data/pcm/c12/h/00_00.unity3d	h_ai_12_00_025	んぅ、なんでこんな、気持ちいい……																0	0	5	17	0	sound/data/pcm/c12/h/00_00.unity3d	h_ai_12_02_025	いい、いいのぉ、気持いいのぉっ！																0	0	105	17	0	sound/data/pcm/c12/h/00_00.unity3d	h_ai_12_03_025	体溶けるぅ、気持よすぎて溶けちゃうぅっ……																0	0	205	17
26	0	sound/data/pcm/c12/h/00_00.unity3d	h_ai_12_00_026	先いじられると、ビクってするぅ……																0	0	5	17	0	sound/data/pcm/c12/h/00_00.unity3d	h_ai_12_00_026	先いじられると、ビクってするぅ……																0	0	5	17	0	sound/data/pcm/c12/h/00_00.unity3d	h_ai_12_02_026	乳首弱いからぁ……あぁ、いじめるなぁ……																0	0	105	17	0	sound/data/pcm/c12/h/00_00.unity3d	h_ai_12_03_026	勃起乳首だめぇっ、シコシコされたらすぐイグぅっ！																0	0	205	17
27	0	sound/data/pcm/c12/h/00_00.unity3d	h_ai_12_00_027	んぁっ、先っぽ弱いからぁ……																0	0	5	17	0	sound/data/pcm/c12/h/00_00.unity3d	h_ai_12_00_027	んぁっ、先っぽ弱いからぁ……																0	0	5	17	0	sound/data/pcm/c12/h/00_00.unity3d	h_ai_12_02_027	はぁ乳首……すっごい固くなっちゃってる……																0	0	105	17	0	sound/data/pcm/c12/h/00_00.unity3d	h_ai_12_03_027	乳首ぃ、ビンビンになってるぅっ																0	0	205	17
28	0	sound/data/pcm/c12/h/00_00.unity3d	h_ai_12_00_028	あぁうそ、先、すごく膨らんでるっ																0	0	5	17	0	sound/data/pcm/c12/h/00_00.unity3d	h_ai_12_00_028	あぁうそ、先、すごく膨らんでるっ																0	0	5	17	0	sound/data/pcm/c12/h/00_00.unity3d	h_ai_12_02_028	乳首ばっかりぃ……おかしくなるぅぅ																0	0	105	17	0	sound/data/pcm/c12/h/00_00.unity3d	h_ai_12_03_028	取れるぅ、乳首取れちゃうぅぅっ																0	0	205	17
29	0	sound/data/pcm/c12/h/00_00.unity3d	h_ai_12_00_029	あぁそこ、大事なとこだからぁっ……																0	0	5	17	0	sound/data/pcm/c12/h/00_00.unity3d	h_ai_12_00_029	あぁそこ、大事なとこだからぁっ……																0	0	5	17	0	sound/data/pcm/c12/h/00_00.unity3d	h_ai_12_02_029	いいよぅ、おまんこいいよぅ……感じちゃうよぅ																0	0	105	17	0	sound/data/pcm/c12/h/00_00.unity3d	h_ai_12_03_029	おまんこ凄いぃっ、すぐ飛んじゃうぅっ																0	0	205	17
30	0	sound/data/pcm/c12/h/00_00.unity3d	h_ai_12_00_030	アソコ、そんなにされたらぁ……																0	0	5	17	0	sound/data/pcm/c12/h/00_00.unity3d	h_ai_12_00_030	アソコ、そんなにされたらぁ……																0	0	5	17	0	sound/data/pcm/c12/h/00_00.unity3d	h_ai_12_02_030	おまんこ弱いからぁ、優しくしろよぉ……																0	0	105	17	0	sound/data/pcm/c12/h/00_00.unity3d	h_ai_12_03_030	壊れるぅっ、おまんこ壊れちゃうぅぅっ																0	0	205	17
31	0	sound/data/pcm/c12/h/00_00.unity3d	h_ai_12_00_031	おまた、おまた気持ちいいぃっ																0	0	5	17	0	sound/data/pcm/c12/h/00_00.unity3d	h_ai_12_00_031	おまた、おまた気持ちいいぃっ																0	0	5	17	0	sound/data/pcm/c12/h/00_00.unity3d	h_ai_12_02_031	おまんこぉ……あぁ、おまんこぉ……																0	0	105	17	0	sound/data/pcm/c12/h/00_00.unity3d	h_ai_12_03_031	あ゛ぁ、もっどぉ、もっどおまんごいじめでぇっ																0	0	205	17
32	0	sound/data/pcm/c12/h/00_00.unity3d	h_ai_12_00_032	んぁっ、おしりなんてぇ……違うだろぉ……																0	0	5	17	0	sound/data/pcm/c12/h/00_00.unity3d	h_ai_12_00_032	んぁっ、おしりなんてぇ……違うだろぉ……																0	0	5	17	0	sound/data/pcm/c12/h/00_00.unity3d	h_ai_12_02_032	お尻弱いんだぁ……いじられると変になっちゃうからぁ……																0	0	105	17	0	sound/data/pcm/c12/h/00_00.unity3d	h_ai_12_03_032	お尻来てるぅっ、アナルヒクヒクやばいぃっ																0	0	205	17
33	0	sound/data/pcm/c12/h/00_00.unity3d	h_ai_12_00_033	おしりやだぁっ、おしり弱いのぉ……																0	0	5	17	0	sound/data/pcm/c12/h/00_00.unity3d	h_ai_12_00_033	おしりやだぁっ、おしり弱いのぉ……																0	0	5	17	0	sound/data/pcm/c12/h/00_00.unity3d	h_ai_12_02_033	あぁ、お尻で感じちゃってるぅ……																0	0	105	17	0	sound/data/pcm/c12/h/00_00.unity3d	h_ai_12_03_033	いいよぉ、お尻いじってぇ、お尻壊してぇっ																0	0	205	17
34	0	sound/data/pcm/c12/h/00_00.unity3d	h_ai_12_00_034	うそ、おしり？　なんっでぇ……																0	0	5	17	0	sound/data/pcm/c12/h/00_00.unity3d	h_ai_12_00_034	うそ、おしり？　なんっでぇ……																0	0	5	17	0	sound/data/pcm/c12/h/00_00.unity3d	h_ai_12_02_034	お尻凄いぃ、気持ちよすぎるぅっ……																0	0	105	17	0	sound/data/pcm/c12/h/00_00.unity3d	h_ai_12_03_034	あぁ無理ぃっ、アナル気持ちよすぎるぅっ																0	0	205	17
35	1	sound/data/pcm/c12/h/00_00.unity3d	h_ai_12_00_035	（拒否して外される）ちょ、ちょっと、がっつき過ぎ！　怖いよ……																0	0	6	17	0																					6	17	0																					106	17	0																					206	17
36	1	sound/data/pcm/c12/h/00_00.unity3d	h_ai_12_00_036	んぅっ、激し過ぎるってぇ……																0	0	6	17	0																					6	17	0																					106	17	0																					206	17
37	0	sound/data/pcm/c12/h/00_00.unity3d	h_ai_12_00_037	あんまり無茶するなよ……初めてなんだぞっ																1	0	6	17	0																					6	17	0																					106	17	0																					206	17
38	0	sound/data/pcm/c12/h/00_00.unity3d	h_ai_12_00_038	（拒否して外される）なっ、どこを……お尻とかそんなっ！																0	0	6	17	0																					6	17	0																					106	17	0																					206	17
39	0	sound/data/pcm/c12/h/00_00.unity3d	h_ai_12_00_039	ちょっと、お尻とか汚いからぁっ																0	0	6	17	0																					6	17	0																					106	17	0																					206	17
40	0	sound/data/pcm/c12/h/00_00.unity3d	h_ai_12_00_040	お尻触りたいとか、この変態																0	0	6	17	0																					6	17	0																					106	17	0																					206	17
41	1	sound/data/pcm/c12/h/00_00.unity3d	h_ai_12_00_041	（強すぎて拒否）えっ、なにそれ、ちょっ、強すぎるって！																0	0	6	17	0																					6	17	0																					106	17	0	sound/data/pcm/c12/h/00_00.unity3d	h_ai_12_00_041	（強すぎて拒否）えっ、なにそれ、ちょっ、強すぎるって！																0	0	206	17
42	1	sound/data/pcm/c12/h/00_00.unity3d	h_ai_12_00_042	あぁなにこれ……うぁっ、やばいってぇ……																0	0	6	17	0																					6	17	0																					106	17	0	sound/data/pcm/c12/h/00_00.unity3d	h_ai_12_00_042	あぁなにこれ……うぁっ、やばいってぇ……																0	0	206	17
43	0			（拒否）うぅ、初めてなのに……そういうの使って欲しくないな……																1	0	6	17	0																					6	17	0																					106	17	0			（拒否）うぅ、初めてなのに……そういうの使って欲しくないな……																1	0	206	17
44	0	sound/data/pcm/c12/h/00_00.unity3d	h_ai_12_00_044	あっ、なんかエッチな手つき																0	0	4	17	0	sound/data/pcm/c12/h/00_00.unity3d	h_ai_12_01_044	おまえに揉まれると、うずうずしちゃうな																0	0	4	17	0	sound/data/pcm/c12/h/00_00.unity3d	h_ai_12_02_044	はぁっ……もっと、いっぱい揉んで																0	0	104	17	0																					204	17
45	0	sound/data/pcm/c12/h/00_00.unity3d	h_ai_12_00_045	えへ、優しくな																0	0	4	17	0	sound/data/pcm/c12/h/00_00.unity3d	h_ai_12_00_045	えへ、優しくな																0	0	4	17	0	sound/data/pcm/c12/h/00_00.unity3d	h_ai_12_02_045	んっ、揉まれるの好き……																0	0	104	17	0																					204	17
46	0	sound/data/pcm/c12/h/00_00.unity3d	h_ai_12_00_046	あっ、ゾクって……気持ちいい……																0	0	4	17	0	sound/data/pcm/c12/h/00_00.unity3d	h_ai_12_00_046	あっ、ゾクって……気持ちいい……																0	0	4	17	0	sound/data/pcm/c12/h/00_00.unity3d	h_ai_12_02_046	んふっ、エッチなマッサージだ♪																0	0	104	17	0																					204	17
47	0																					4	17	0																					4	17	0																					104	17	0	sound/data/pcm/c12/h/00_00.unity3d	h_ai_12_03_047	あぁっ、胸いいっ！　おっぱい感じるぅっ……																0	0	204	17
48	0																					4	17	0																					4	17	0																					104	17	0	sound/data/pcm/c12/h/00_00.unity3d	h_ai_12_03_048	いいよ、おっぱい揉んで、おっぱいもっとぉ……																0	0	204	17
49	0																					4	17	0																					4	17	0																					104	17	0	sound/data/pcm/c12/h/00_00.unity3d	h_ai_12_03_049	ひゃんっ、お尻揉むの反則ぅっ																0	0	204	17
50	0																					4	17	0																					4	17	0																					104	17	0	sound/data/pcm/c12/h/00_00.unity3d	h_ai_12_03_050	おしりもみもみぃ……あぁ、形変えられちゃってるぅ……																0	0	204	17
51	0	sound/data/pcm/c12/h/00_00.unity3d	h_ai_12_00_051	ひゃっ、つんつんされると、あぁ、硬くなっちゃうからぁ……																0	0	4	17	0	sound/data/pcm/c12/h/00_00.unity3d	h_ai_12_01_051	あっ、つつかれると、乳首勃っちゃう……																0	0	4	17	0	sound/data/pcm/c12/h/00_00.unity3d	h_ai_12_02_051	乳首いいっ、つんつん気持ちいぃっ……																0	0	104	17	0	sound/data/pcm/c12/h/00_00.unity3d	h_ai_12_03_051	んあっ、ぷっくり乳首、もっとつんつんしてぇ……																0	0	204	17
52	0	sound/data/pcm/c12/h/00_00.unity3d	h_ai_12_00_052	んぁん♪　もう、変な声出ちゃっただろぉ……																0	0	4	17	0	sound/data/pcm/c12/h/00_00.unity3d	h_ai_12_00_052	んぁん♪　もう、変な声出ちゃっただろぉ……																0	0	4	17	0	sound/data/pcm/c12/h/00_00.unity3d	h_ai_12_02_052	こぉらぁ♪　乳首で遊ぶなぁ～																0	0	104	17	0	sound/data/pcm/c12/h/00_00.unity3d	h_ai_12_03_052	んぅ、乳首ぃ、発情スイッチ、押されちゃってるぅ																0	0	204	17
53	0	sound/data/pcm/c12/h/00_00.unity3d	h_ai_12_00_053	はぁっ、先っぽそんなされたら……感じちゃう……																0	0	4	17	0	sound/data/pcm/c12/h/00_00.unity3d	h_ai_12_00_053	はぁっ、先っぽそんなされたら……感じちゃう……																0	0	4	17	0	sound/data/pcm/c12/h/00_00.unity3d	h_ai_12_02_053	あっ、乳首膨らんじゃてる……																0	0	104	17	0	sound/data/pcm/c12/h/00_00.unity3d	h_ai_12_03_053	ふぁっ、こんなの、すぐ乳首ビンビンになっちゃう																0	0	204	17
54	0	sound/data/pcm/c12/h/00_00.unity3d	h_ai_12_00_054	あんっ、先っぽつまんじゃ……あぁっ！																0	0	4	17	0	sound/data/pcm/c12/h/00_00.unity3d	h_ai_12_01_054	んぃっっ、乳首は敏感なのっ、優しくしなきゃダメぇ……																0	0	4	17	0	sound/data/pcm/c12/h/00_00.unity3d	h_ai_12_02_054	あぁ乳首ぃ、強いのいぃっ！																0	0	104	17	0	sound/data/pcm/c12/h/00_00.unity3d	h_ai_12_03_054	勃起乳首つままれてるぅ……おっぱい気持ちい゛ぃぃっ！																0	0	204	17
55	0	sound/data/pcm/c12/h/00_00.unity3d	h_ai_12_00_055	んぁっ、先引っ張られるの、気持ちいいかも……																0	0	4	17	0	sound/data/pcm/c12/h/00_00.unity3d	h_ai_12_00_055	んぁっ、先引っ張られるの、気持ちいいかも……																0	0	4	17	0	sound/data/pcm/c12/h/00_00.unity3d	h_ai_12_02_055	んぅ、乳首摘ままれてぇ、おっぱい熱くなるぅっ……																0	0	104	17	0	sound/data/pcm/c12/h/00_00.unity3d	h_ai_12_03_055	こりこり乳首ぃっ、いっぱい伸ばしてぇっ																0	0	204	17
56	0	sound/data/pcm/c12/h/00_00.unity3d	h_ai_12_00_056	あっ、乳首っ、あっ、伸びちゃうからぁっ																0	0	4	17	0	sound/data/pcm/c12/h/00_00.unity3d	h_ai_12_00_056	あっ、乳首っ、あっ、伸びちゃうからぁっ																0	0	4	17	0	sound/data/pcm/c12/h/00_00.unity3d	h_ai_12_02_056	乳首気持ちいいの、おっぱいに広がってくぅっ……																0	0	104	17	0	sound/data/pcm/c12/h/00_00.unity3d	h_ai_12_03_056	んぁっ、そんな強くしたら、母乳でちゃうかもっ……																0	0	204	17
57	0	sound/data/pcm/c12/h/00_00.unity3d	h_ai_12_00_057	あっ、そこは汚いからぁ……																0	0	4	17	0	sound/data/pcm/c12/h/00_00.unity3d	h_ai_12_01_057	あんっ、お尻ビクってしちゃった……																0	0	4	17	0	sound/data/pcm/c12/h/00_00.unity3d	h_ai_12_02_057	お尻いいよぉ、いっぱいいじってぇ……																0	0	104	17	0	sound/data/pcm/c12/h/00_00.unity3d	h_ai_12_03_057	あぁ、来てぇっ、アナル準備ばっちりだからぁっ																0	0	204	17
58	0	sound/data/pcm/c12/h/00_00.unity3d	h_ai_12_00_058	んぁっ、い、いま、お尻触った？																0	0	4	17	0	sound/data/pcm/c12/h/00_00.unity3d	h_ai_12_00_058	んぁっ、い、いま、お尻触った？																0	0	4	17	0	sound/data/pcm/c12/h/00_00.unity3d	h_ai_12_02_058	はぁっ、お尻来たぁっ♪																0	0	104	17	0	sound/data/pcm/c12/h/00_00.unity3d	h_ai_12_03_058	このお尻好きめぇ……んふっ、いっぱい気持ちよくしてぇ																0	0	204	17
59	0	sound/data/pcm/c12/h/00_00.unity3d	h_ai_12_00_059	お尻なんて恥ずかしいからぁ……違うとこにしようよぉ……																0	0	4	17	0	sound/data/pcm/c12/h/00_00.unity3d	h_ai_12_00_059	お尻なんて恥ずかしいからぁ……違うとこにしようよぉ……																0	0	4	17	0	sound/data/pcm/c12/h/00_00.unity3d	h_ai_12_02_059	んふっ、お尻の穴、ヒクヒクしちゃってる……																0	0	104	17	0	sound/data/pcm/c12/h/00_00.unity3d	h_ai_12_03_059	あぁっ、アナル勝手に広がっちゃうぅっ																0	0	204	17
60	0	sound/data/pcm/c12/h/00_00.unity3d	h_ai_12_00_060	大事なとこだから……優しくな？																0	0	4	17	0	sound/data/pcm/c12/h/00_00.unity3d	h_ai_12_01_060	んぁっ、おまたそんなしちゃ……																0	0	4	17	0	sound/data/pcm/c12/h/00_00.unity3d	h_ai_12_02_060	あぁっ、そんなされたら、すぐ溢れちゃうからっ																0	0	104	17	0	sound/data/pcm/c12/h/00_00.unity3d	h_ai_12_03_060	はぁ、おまんこふにふにぃ、ほぐされちゃってるぅ……																0	0	204	17
61	0	sound/data/pcm/c12/h/00_00.unity3d	h_ai_12_00_061	ふぁ、そこ擦られると、ザワザワする																0	0	4	17	0	sound/data/pcm/c12/h/00_00.unity3d	h_ai_12_00_061	ふぁ、そこ擦られると、ザワザワする																0	0	4	17	0	sound/data/pcm/c12/h/00_00.unity3d	h_ai_12_02_061	おまんこ熱い、おまんこ気持ちいいよぅ……																0	0	104	17	0	sound/data/pcm/c12/h/00_00.unity3d	h_ai_12_03_061	んふっ、あつあつおまんこ、もう準備万端だぞ？																0	0	204	17
62	0	sound/data/pcm/c12/h/00_00.unity3d	h_ai_12_00_062	あぁうそ……腰浮いちゃうっ																0	0	4	17	0	sound/data/pcm/c12/h/00_00.unity3d	h_ai_12_00_062	あぁうそ……腰浮いちゃうっ																0	0	4	17	0	sound/data/pcm/c12/h/00_00.unity3d	h_ai_12_02_062	おまんこいじって、もっといじってぇ……																0	0	104	17	0	sound/data/pcm/c12/h/00_00.unity3d	h_ai_12_03_062	あっ、おまんこひくついちゃう、ナカ切ないよぉ……																0	0	204	17
63	0	sound/data/pcm/c12/h/00_00.unity3d	h_ai_12_00_063	お尻は優しく、特に優しくだぞっ																0	0	4	17	0	sound/data/pcm/c12/h/00_00.unity3d	h_ai_12_01_063	うそ、あたし……お尻感じちゃってる？																0	0	4	17	0	sound/data/pcm/c12/h/00_00.unity3d	h_ai_12_02_063	お尻が、お尻が熱いのぉ……もっと擦ってぇっ																0	0	104	17	0	sound/data/pcm/c12/h/00_00.unity3d	h_ai_12_03_063	お尻がっ……お尻がっ、お尻が凄いぃぃっ！																0	0	204	17
64	0	sound/data/pcm/c12/h/00_00.unity3d	h_ai_12_00_064	あたしっ、お尻疼いちゃってる……																0	0	4	17	0	sound/data/pcm/c12/h/00_00.unity3d	h_ai_12_00_064	あたしっ、お尻疼いちゃってる……																0	0	4	17	0	sound/data/pcm/c12/h/00_00.unity3d	h_ai_12_02_064	感じてるぅっ、あたしお尻で感じてるよぉ……																0	0	104	17	0	sound/data/pcm/c12/h/00_00.unity3d	h_ai_12_03_064	ひくひくアナル、いっぱい擦ってぇっ！																0	0	204	17
65	0	sound/data/pcm/c12/h/00_00.unity3d	h_ai_12_00_065	あっ、お尻むずむずして……変な感じにっ																0	0	4	17	0	sound/data/pcm/c12/h/00_00.unity3d	h_ai_12_00_065	あっ、お尻むずむずして……変な感じにっ																0	0	4	17	0	sound/data/pcm/c12/h/00_00.unity3d	h_ai_12_02_065	もっとぉ、もっとお尻してぇっ																0	0	104	17	0	sound/data/pcm/c12/h/00_00.unity3d	h_ai_12_03_065	あぁ、あたし……今アナルどうなっちゃってるの？																0	0	204	17
66	0	sound/data/pcm/c12/h/00_00.unity3d	h_ai_12_00_066	あっ、指入って……																0	0	4	17	0	sound/data/pcm/c12/h/00_00.unity3d	h_ai_12_01_066	んっ、優しくだぞ？　そこ、ほんとに一番大事なとこなんだからな																0	0	4	17	0	sound/data/pcm/c12/h/00_00.unity3d	h_ai_12_02_066	あぁ指ぃっ、入ってきたぁっ！																0	0	104	17	0	sound/data/pcm/c12/h/00_00.unity3d	h_ai_12_03_066	んっふ♪　ほら、おまえのマンコ、好きにしていいんだぞ																0	0	204	17
67	0	sound/data/pcm/c12/h/00_00.unity3d	h_ai_12_00_067	えぁっ……おまえの指……入っちゃってる																0	0	4	17	0	sound/data/pcm/c12/h/00_00.unity3d	h_ai_12_00_067	えぁっ……おまえの指……入っちゃってる																0	0	4	17	0	sound/data/pcm/c12/h/00_00.unity3d	h_ai_12_02_067	あっ、この、つぷって最初の感じ……好きぃっ																0	0	104	17	0	sound/data/pcm/c12/h/00_00.unity3d	h_ai_12_03_067	あはっ、おまんこクチュって、エッチな音させちゃった																0	0	204	17
68	0	sound/data/pcm/c12/h/00_00.unity3d	h_ai_12_00_068	あっ、あっ……お股に……指がっ																0	0	4	17	0	sound/data/pcm/c12/h/00_00.unity3d	h_ai_12_00_068	あっ、あっ……お股に……指がっ																0	0	4	17	0	sound/data/pcm/c12/h/00_00.unity3d	h_ai_12_02_068	あぁ指っ、指でナカ広げてぇっ……																0	0	104	17	0	sound/data/pcm/c12/h/00_00.unity3d	h_ai_12_03_068	んっ、あたしのオマンコ、もう指に吸い付いちゃってる……																0	0	204	17
69	0	sound/data/pcm/c12/h/00_00.unity3d	h_ai_12_00_069	んっ、あっ……お尻、指……入ってぇっ……																0	0	4	17	0	sound/data/pcm/c12/h/00_00.unity3d	h_ai_12_01_069	うぅ、お尻に指、ほんとに入っちゃってるぅ……																0	0	4	17	0	sound/data/pcm/c12/h/00_00.unity3d	h_ai_12_02_069	指がぁっ、あぁっ、お尻の中でウネウネしてるぅっ																0	0	104	17	0	sound/data/pcm/c12/h/00_00.unity3d	h_ai_12_03_069	あーあ、入れちゃった……もうお尻食い付いて離さないぞっ																0	0	204	17
70	0	sound/data/pcm/c12/h/00_00.unity3d	h_ai_12_00_070	はぁっ、あっ……指でお尻……広がってる……																0	0	4	17	0	sound/data/pcm/c12/h/00_00.unity3d	h_ai_12_00_070	はぁっ、あっ……指でお尻……広がってる……																0	0	4	17	0	sound/data/pcm/c12/h/00_00.unity3d	h_ai_12_02_070	はぁっ、来たぁ、お尻に入ってきたぁっ																0	0	104	17	0	sound/data/pcm/c12/h/00_00.unity3d	h_ai_12_03_070	んぅー、おじりぃ、おじりもうがまんできないがらぁ……																0	0	204	17
71	0	sound/data/pcm/c12/h/00_00.unity3d	h_ai_12_00_071	んぉっ！　あぁ、やば、今の声忘れてっ！																0	0	4	17	0	sound/data/pcm/c12/h/00_00.unity3d	h_ai_12_00_071	んぉっ！　あぁ、やば、今の声忘れてっ！																0	0	4	17	0	sound/data/pcm/c12/h/00_00.unity3d	h_ai_12_02_071	んっふー、お尻で指、食べちゃったぞ																0	0	104	17	0	sound/data/pcm/c12/h/00_00.unity3d	h_ai_12_03_071	はぁ、お尻気持ちいぃっ、早く指でほじほじしろよぉぅ♪																0	0	204	17
72	0	sound/data/pcm/c12/h/00_00.unity3d	h_ai_12_00_072	あぁっ、優しくだぞ……優しくだからな？																0	0	4	17	0	sound/data/pcm/c12/h/00_00.unity3d	h_ai_12_01_072	あぁそこっ、女の子の大事なとこだからな？　わかるよな？																0	0	4	17	0	sound/data/pcm/c12/h/00_00.unity3d	h_ai_12_02_072	ん、強くしてもいいぞっ、結構慣れたから																0	0	104	17	0	sound/data/pcm/c12/h/00_00.unity3d	h_ai_12_03_072	はぁっ、ナカぐちゃぐちゃにされてるぅっ																0	0	204	17
73	0	sound/data/pcm/c12/h/00_00.unity3d	h_ai_12_00_073	はぁ……おまえの指が……あたしの中で動いてる……																0	0	4	17	0	sound/data/pcm/c12/h/00_00.unity3d	h_ai_12_00_073	はぁ……おまえの指が……あたしの中で動いてる……																0	0	4	17	0	sound/data/pcm/c12/h/00_00.unity3d	h_ai_12_02_073	指いいよっ、気持ちいいよっ、もっとして、もっとしてぇっ																0	0	104	17	0	sound/data/pcm/c12/h/00_00.unity3d	h_ai_12_03_073	あぁめちゃくちゃぁ……オマンコの中めちゃくちゃぁっ																0	0	204	17
74	0	sound/data/pcm/c12/h/00_00.unity3d	h_ai_12_00_074	あぁっ、クチュクチュ音させるなよぉ……恥ずかしいよぉ……																0	0	4	17	0	sound/data/pcm/c12/h/00_00.unity3d	h_ai_12_00_074	あぁっ、クチュクチュ音させるなよぉ……恥ずかしいよぉ……																0	0	4	17	0	sound/data/pcm/c12/h/00_00.unity3d	h_ai_12_02_074	あぁやばっ、あたし飛んじゃう、指でイカされちゃうっ																0	0	104	17	0	sound/data/pcm/c12/h/00_00.unity3d	h_ai_12_03_074	ぐちゅぐちゅ凄いぃっ、もっとかき混ぜてぇっ！																0	0	204	17
75	0	sound/data/pcm/c12/h/00_00.unity3d	h_ai_12_00_075	あっ、そんなしたら……お尻こわれるぅっ																0	0	4	17	0	sound/data/pcm/c12/h/00_00.unity3d	h_ai_12_01_075	んぁんっ、お尻……まだ慣れてないんだよぅ……																0	0	4	17	0	sound/data/pcm/c12/h/00_00.unity3d	h_ai_12_02_075	お尻感じるぅ……ぐちゃぐちゃにしてぇっ																0	0	104	17	0	sound/data/pcm/c12/h/00_00.unity3d	h_ai_12_03_075	あぁ壊してぇ、お尻壊していいからぁ、気持ちよくしてぇっ																0	0	204	17
76	0	sound/data/pcm/c12/h/00_00.unity3d	h_ai_12_00_076	そんなっ、あたしのお尻……凄い事になってる……																0	0	4	17	0	sound/data/pcm/c12/h/00_00.unity3d	h_ai_12_00_076	そんなっ、あたしのお尻……凄い事になってる……																0	0	4	17	0	sound/data/pcm/c12/h/00_00.unity3d	h_ai_12_02_076	凄い、あぁ、お尻凄い、こんなに感じるようになっちゃうなんてぇっ																0	0	104	17	0	sound/data/pcm/c12/h/00_00.unity3d	h_ai_12_03_076	う゛ぅっ、おじり凄い事になっでるぅ……ケツ穴痙攣してるぅっ																0	0	204	17
77	0	sound/data/pcm/c12/h/00_00.unity3d	h_ai_12_00_077	お尻が……あぁっ、お尻がぁっ																0	0	4	17	0	sound/data/pcm/c12/h/00_00.unity3d	h_ai_12_00_077	お尻が……あぁっ、お尻がぁっ																0	0	4	17	0	sound/data/pcm/c12/h/00_00.unity3d	h_ai_12_02_077	あぁ、穴の中で指がウネってるぅっ、お尻開発されちゃってるぅっ																0	0	104	17	0	sound/data/pcm/c12/h/00_00.unity3d	h_ai_12_03_077	もっとぐりぐりぃっ、中身出ちゃうくらいグリグリしてぇっ！																0	0	204	17
78	0	sound/data/pcm/c12/h/00_00.unity3d	h_ai_12_00_078	あっ、舐め……舌、あぁっ……																0	0	4	17	0	sound/data/pcm/c12/h/00_00.unity3d	h_ai_12_01_078	おまえの舌……いやらしい動き方してる……																0	0	4	17	0	sound/data/pcm/c12/h/00_00.unity3d	h_ai_12_02_078	ぺろぺろもっとぉ……もっといっぱい舐めてぇっ																0	0	104	17	0	sound/data/pcm/c12/h/00_00.unity3d	h_ai_12_03_078	エッチな舌ぁ、エッチな舌でぇ、べろべろしてぇっ																0	0	204	17
79	0	sound/data/pcm/c12/h/00_00.unity3d	h_ai_12_00_079	はぁ……舐められてるぅ……																0	0	4	17	0	sound/data/pcm/c12/h/00_00.unity3d	h_ai_12_00_079	はぁ……舐められてるぅ……																0	0	4	17	0	sound/data/pcm/c12/h/00_00.unity3d	h_ai_12_02_079	んぁっ、舐められるとぉ……背中ゾクゾクしちゃうぅっ																0	0	104	17	0	sound/data/pcm/c12/h/00_00.unity3d	h_ai_12_03_079	んもぅ、舐め過ぎ、んふっ、そんなにあたし美味しいか？																0	0	204	17
80	0	sound/data/pcm/c12/h/00_00.unity3d	h_ai_12_00_080	えぁっ、舐めるなんてそんな……んぅぅぅっ																0	0	4	17	0	sound/data/pcm/c12/h/00_00.unity3d	h_ai_12_00_080	えぁっ、舐めるなんてそんな……んぅぅぅっ																0	0	4	17	0	sound/data/pcm/c12/h/00_00.unity3d	h_ai_12_02_080	ひゃっ、あぁ……おまえの舌……あったかい																0	0	104	17	0	sound/data/pcm/c12/h/00_00.unity3d	h_ai_12_03_080	そんな必死に舐められたら、あたしたまんなくなるぅっ																0	0	204	17
81	0	sound/data/pcm/c12/h/00_00.unity3d	h_ai_12_00_081	あぁそれっ……優しい感じで……ちょっと好きかも																0	0	4	17	0	sound/data/pcm/c12/h/00_00.unity3d	h_ai_12_01_081	乳首ぺろぺろされると、胸ふわふわしちゃう……																0	0	4	17	0	sound/data/pcm/c12/h/00_00.unity3d	h_ai_12_02_081	乳首いいよぉ、いっぱい舐めてぇ、吸ってもいいからぁっ																0	0	104	17	0	sound/data/pcm/c12/h/00_00.unity3d	h_ai_12_03_081	うんうんよしよし、好きなだけしゃぶっていいからな、んっ																0	0	204	17
82	0	sound/data/pcm/c12/h/00_00.unity3d	h_ai_12_00_082	で、出ないよ、そこ舐めてもまだ出ないからぁっ																0	0	4	17	0	sound/data/pcm/c12/h/00_00.unity3d	h_ai_12_00_082	で、出ないよ、そこ舐めてもまだ出ないからぁっ																0	0	4	17	0	sound/data/pcm/c12/h/00_00.unity3d	h_ai_12_02_082	あはっ、赤ちゃんができたら……こんな感じなのかな？																0	0	104	17	0	sound/data/pcm/c12/h/00_00.unity3d	h_ai_12_03_082	勃起乳首ぃ、舌で転がしてぇ、べちゃべちゃにして欲しいのぉ																0	0	204	17
83	0	sound/data/pcm/c12/h/00_00.unity3d	h_ai_12_00_083	うぁっ、大事なとこ……舐められてるぅ……																0	0	4	17	0	sound/data/pcm/c12/h/00_00.unity3d	h_ai_12_01_083	えへへ、アソコ、最近念入りにお手入れしてるんだぞ																0	0	4	17	0	sound/data/pcm/c12/h/00_00.unity3d	h_ai_12_02_083	んぅ、おまんこ舐められると、すぐ溢れてきちゃうぅっ																0	0	104	17	0	sound/data/pcm/c12/h/00_00.unity3d	h_ai_12_03_083	はぁ、おまんこぺろぺろしてぇ……舌でべとべとにしてぇ……																0	0	204	17
84	0	sound/data/pcm/c12/h/00_00.unity3d	h_ai_12_00_084	うぅ、おまた変な匂いとかしてないよな？																0	0	4	17	0	sound/data/pcm/c12/h/00_00.unity3d	h_ai_12_00_084	うぅ、おまた変な匂いとかしてないよな？																0	0	4	17	0	sound/data/pcm/c12/h/00_00.unity3d	h_ai_12_02_084	おまんこ気持ちいいよぅ……体の奥、ジュンってするぅ																0	0	104	17	0	sound/data/pcm/c12/h/00_00.unity3d	h_ai_12_03_084	んぁん♪　おまんこ舐められると、甘えた声出ちゃう……																0	0	204	17
85	0	sound/data/pcm/c12/h/00_00.unity3d	h_ai_12_00_085	あっ、そこは舐めちゃ……汚いとこだぞぉ……																0	0	4	17	0	sound/data/pcm/c12/h/00_00.unity3d	h_ai_12_01_085	ちゃんと拭いてはいるけど……大丈夫かなぁ……																0	0	4	17	0	sound/data/pcm/c12/h/00_00.unity3d	h_ai_12_02_085	お尻舐めたいなんて、ほんとは変態なんだぞ？																0	0	104	17	0	sound/data/pcm/c12/h/00_00.unity3d	h_ai_12_03_085	んふっ、匂いとかキツクない？　実はさっき……なんて、うそうそ																0	0	204	17
86	0	sound/data/pcm/c12/h/00_00.unity3d	h_ai_12_00_086	お尻舐めるなんて……変だってぇー																0	0	4	17	0	sound/data/pcm/c12/h/00_00.unity3d	h_ai_12_00_086	お尻舐めるなんて……変だってぇー																0	0	4	17	0	sound/data/pcm/c12/h/00_00.unity3d	h_ai_12_02_086	はぁやばっ、お尻舐められると、ぷるぷるしちゃう……																0	0	104	17	0	sound/data/pcm/c12/h/00_00.unity3d	h_ai_12_03_086	アナルべろべろしてぇ……穴の中、唾液いっぱい入れてぇ……																0	0	204	17
87	0	sound/data/pcm/c12/h/00_00.unity3d	h_ai_12_00_087	ひゃうっ、お尻の穴は舌入れるとこじゃないぃっ……																0	0	4	17	0	sound/data/pcm/c12/h/00_00.unity3d	h_ai_12_01_087	うぅ、怖い者知らずなんだから……そこ汚いってぇ……																0	0	4	17	0	sound/data/pcm/c12/h/00_00.unity3d	h_ai_12_02_087	いいっ、穴の中舐め舐めいいのぉ……もっとしてぇ……																0	0	104	17	0	sound/data/pcm/c12/h/00_00.unity3d	h_ai_12_03_087	もっと奥ぅ、奥まで舌いれてぇ……																0	0	204	17
88	0	sound/data/pcm/c12/h/00_00.unity3d	h_ai_12_00_088	うそ、舌入って……汚いってばぁ……																0	0	4	17	0	sound/data/pcm/c12/h/00_00.unity3d	h_ai_12_00_088	うそ、舌入って……汚いってばぁ……																0	0	4	17	0	sound/data/pcm/c12/h/00_00.unity3d	h_ai_12_02_088	いいよ、おまえは汚いとこが好きなんだもんな																0	0	104	17	0	sound/data/pcm/c12/h/00_00.unity3d	h_ai_12_03_088	柔らかい舌が入ってきてるぅ、おしり優しくほぐされちゃぅぅ																0	0	204	17
89	0	sound/data/pcm/c12/h/00_00.unity3d	h_ai_12_00_089	あぁ、舌入ってきてるぅ……中舐められちゃってるぅ……																0	0	4	17	0	sound/data/pcm/c12/h/00_00.unity3d	h_ai_12_00_089	あぁ、舌入ってきてるぅ……中舐められちゃってるぅ……																0	0	4	17	0	sound/data/pcm/c12/h/00_00.unity3d	h_ai_12_02_089	はぁ、お尻の中……舌でさぐられちゃってるぅ……																0	0	104	17	0	sound/data/pcm/c12/h/00_00.unity3d	h_ai_12_03_089	お尻食べらちゃうぅ……んぅ、あたしのお尻、おいしい？																0	0	204	17
90	0	sound/data/pcm/c12/h/00_00.unity3d	h_ai_12_00_090	うぅ、初めてなのに……そんなの使うのか？																1	0	4	17	0	sound/data/pcm/c12/h/00_00.unity3d	h_ai_12_01_090	そいつの事……ちょっと好きになってきたかも……																0	0	4	17	0	sound/data/pcm/c12/h/00_00.unity3d	h_ai_12_02_090	はぁ、おもちゃ大好き……んふっ、なんだ？　嫉妬してるのか？																0	0	104	17	0	sound/data/pcm/c12/h/00_00.unity3d	h_ai_12_03_090	んぁ、おもちゃいい！　ぶるぶるいいっ！　																0	0	204	17
91	1	sound/data/pcm/c12/h/00_00.unity3d	h_ai_12_00_091	んぁっ、ぶるぶるして……それ、ちょっと強すぎっ																0	0	4	17	0	sound/data/pcm/c12/h/00_00.unity3d	h_ai_12_00_091	んぁっ、ぶるぶるして……それ、ちょっと強すぎっ																0	0	4	17	0	sound/data/pcm/c12/h/00_00.unity3d	h_ai_12_02_091	ぶるぶる強いぃっ、こんなの、我慢できなくなるぅっ																0	0	104	17	0	sound/data/pcm/c12/h/00_00.unity3d	h_ai_12_03_091	もう、それ使われるとすぐイッちゃうからぁっ																0	0	204	17
92	1	sound/data/pcm/c12/h/00_00.unity3d	h_ai_12_00_092	あぁっ、おもちゃが……気持ちいいなんてぇ……																0	0	4	17	0	sound/data/pcm/c12/h/00_00.unity3d	h_ai_12_00_092	あぁっ、おもちゃが……気持ちいいなんてぇ……																0	0	4	17	0	sound/data/pcm/c12/h/00_00.unity3d	h_ai_12_02_092	すごいよぉ……ぶるぶるおもちゃ凄いよぉ……																0	0	104	17	0	sound/data/pcm/c12/h/00_00.unity3d	h_ai_12_03_092	気持ちいいよぉ、おもちゃなんでこんな気持ちいいのぉっ																0	0	204	17
93	0																					4	17	0	sound/data/pcm/c12/h/00_00.unity3d	h_ai_12_01_041	んぁっ、だめっ、これ……おかしくなるっ……																0	0	4	17	0																					104	17	0																					204	17
94	0																					4	17	0	sound/data/pcm/c12/h/00_00.unity3d	h_ai_12_01_042	あぁん、ちゃんとおまえにして欲しいよぉっ																0	0	4	17	0																					104	17	0																					204	17
95	0																					4	17	0	sound/data/pcm/c12/h/00_00.unity3d	h_ai_12_01_043	うぁっ、待って……こんなんで感じないからぁっ																0	0	4	17	0																					104	17	0																					204	17
96	0	sound/data/pcm/c12/h/00_00.unity3d	h_ai_12_00_093	うぅ、おもちゃで乳首いじめるなぁっ……																0	0	4	17	0	sound/data/pcm/c12/h/00_00.unity3d	h_ai_12_01_093	んぁっ、乳首が……凄いことにぃ……																0	0	4	17	0	sound/data/pcm/c12/h/00_00.unity3d	h_ai_12_02_093	んぅ～ん♪　乳首プルプル、きっもちいぃぃ～																0	0	104	17	0	sound/data/pcm/c12/h/00_00.unity3d	h_ai_12_03_093	いぃ、乳首にもっと擦りつけてぇ、乳首喜んでるのぉっ																0	0	204	17
97	0	sound/data/pcm/c12/h/00_00.unity3d	h_ai_12_00_094	乳首ぶるぶる震えちゃってる、それ強すぎるぅっ																0	0	4	17	0	sound/data/pcm/c12/h/00_00.unity3d	h_ai_12_00_094	乳首ぶるぶる震えちゃってる、それ強すぎるぅっ																0	0	4	17	0	sound/data/pcm/c12/h/00_00.unity3d	h_ai_12_02_094	んぁぁっ、乳首取れそぉ～っ																0	0	104	17	0	sound/data/pcm/c12/h/00_00.unity3d	h_ai_12_03_094	あぁっ、乳首勃起しちゃうぅっ、ぷくぷくに膨らんじゃうのぉ……																0	0	204	17
98	0	sound/data/pcm/c12/h/00_00.unity3d	h_ai_12_00_095	はぁっ、おまたにぶるぶるが……あたしのアソコ、震えちゃってるぅ																0	0	4	17	0	sound/data/pcm/c12/h/00_00.unity3d	h_ai_12_01_095	ぶるぶるされてアソコおかしくなるぅ……変になるよぉ……																0	0	4	17	0	sound/data/pcm/c12/h/00_00.unity3d	h_ai_12_02_095	ちょうだい、おまんこにおもちゃもっと押し付けてぇ……																0	0	104	17	0	sound/data/pcm/c12/h/00_00.unity3d	h_ai_12_03_095	おまんこ、おもちゃでイク、おもちゃにイカされちゃうぅぅっ																0	0	204	17
99	0	sound/data/pcm/c12/h/00_00.unity3d	h_ai_12_00_096	そんなっ、アソコぐちゃぐちゃになっちゃうぅっ……																0	0	4	17	0	sound/data/pcm/c12/h/00_00.unity3d	h_ai_12_00_096	そんなっ、アソコぐちゃぐちゃになっちゃうぅっ……																0	0	4	17	0	sound/data/pcm/c12/h/00_00.unity3d	h_ai_12_02_096	むずむずが凄いのぉ……おまんこ溢れちゃうぅっ																0	0	104	17	0	sound/data/pcm/c12/h/00_00.unity3d	h_ai_12_03_096	おまんこ全部ぶるぶるしてるぅ……おまんこ狂っちゃうぅっ																0	0	204	17
100	0	sound/data/pcm/c12/h/00_00.unity3d	h_ai_12_00_097	あぁも、あたしイキそ……イッていい？																0	0	7	17	0	sound/data/pcm/c12/h/00_00.unity3d	h_ai_12_01_097	あぁ来た……気持ちいいのが、奥から来てるぅっ																0	0	7	17	0	sound/data/pcm/c12/h/00_00.unity3d	h_ai_12_02_097	気持ちいいの、気持ちいいの、気持ちいいんだよぉっ！																0	0	107	17	0	sound/data/pcm/c12/h/00_00.unity3d	h_ai_12_03_097	おまんこ壊れるぅ、壊れた蛇口みたいに噴き出しちゃぅぅっ																0	0	207	17
101	0	sound/data/pcm/c12/h/00_00.unity3d	h_ai_12_00_098	凄いよぉ、気持ちいいのが、もう凄いんだよぉ……																0	0	7	17	0	sound/data/pcm/c12/h/00_00.unity3d	h_ai_12_00_098	凄いよぉ、気持ちいいのが、もう凄いんだよぉ……																0	0	7	17	0	sound/data/pcm/c12/h/00_00.unity3d	h_ai_12_02_098	あぁイカせてぇ……もう我慢できないのぉ……																0	0	107	17	0	sound/data/pcm/c12/h/00_00.unity3d	h_ai_12_03_098	来でるぅ……凄いの来でるぅ……あたしイグぅっ																0	0	207	17
102	0	sound/data/pcm/c12/h/00_00.unity3d	h_ai_12_00_099	あぁイク……あたし、おまえにイカされちゃぅっ																0	0	7	17	0	sound/data/pcm/c12/h/00_00.unity3d	h_ai_12_00_099	あぁイク……あたし、おまえにイカされちゃぅっ																0	0	7	17	0	sound/data/pcm/c12/h/00_00.unity3d	h_ai_12_02_099	もうイッていいでしょ？　あたし、おかしくなっちゃうよぉっ																0	0	107	17	0	sound/data/pcm/c12/h/00_00.unity3d	h_ai_12_03_099	イキたい、イキたい、あたしイキたいのぉ、もうイカせてぇっ！																0	0	207	17
103	0	sound/data/pcm/c12/h/00_00.unity3d	h_ai_12_00_100	ふぁっ、んはぁぁぁぁぁぁっ																0	0	8	0	0	sound/data/pcm/c12/h/00_00.unity3d	h_ai_12_00_100	ふぁっ、んはぁぁぁぁぁぁっ																0	0	8	0	0	sound/data/pcm/c12/h/00_00.unity3d	h_ai_12_02_100	あっ……イクゥゥゥ……！																0	0	108	0	0	sound/data/pcm/c12/h/00_00.unity3d	h_ai_12_03_100	イグッ！　あたしイッくぅぅぅぅぅぅぅっ！																0	0	208	0
104	0	sound/data/pcm/c12/h/00_00.unity3d	h_ai_12_00_101	はぁ……すごい……こんなに気持ちいいいだ……																0	0	9	17	0	sound/data/pcm/c12/h/00_00.unity3d	h_ai_12_01_101	まだ体びくびくしてる……んっ、気持ちいいのが広がってくよ……																0	0	9	17	0	sound/data/pcm/c12/h/00_00.unity3d	h_ai_12_01_101	まだ体びくびくしてる……んっ、気持ちいいのが広がってくよ……																0	0	109	17	0	sound/data/pcm/c12/h/00_00.unity3d	h_ai_12_03_101	んぅ～、んぅ～、もうらぇ～、あらぁまっしぉー（もうだめ、頭真っ白）																0	0	209	17
105	0	sound/data/pcm/c12/h/00_00.unity3d	h_ai_12_00_102	イカされちゃった……んふっ、気持ち良かったぞっ♪																0	0	9	17	0	sound/data/pcm/c12/h/00_00.unity3d	h_ai_12_01_102	イキ顔見られちゃったな……恥ずかしいけど、ちょっと嬉しい																0	0	9	17	0	sound/data/pcm/c12/h/00_00.unity3d	h_ai_12_01_102	イキ顔見られちゃったな……恥ずかしいけど、ちょっと嬉しい																0	0	109	17	0	sound/data/pcm/c12/h/00_00.unity3d	h_ai_12_03_102	んふっ、今なら何しても怒らないよ？																0	0	209	17
106	0	sound/data/pcm/c12/h/00_00.unity3d	h_ai_12_00_103	ありがと……すっごく気持ち良かった……																0	0	9	17	0	sound/data/pcm/c12/h/00_00.unity3d	h_ai_12_01_103	うぅ、恥ずかしくなってきた……あたし、よがり過ぎだよぉ……																0	0	9	17	0	sound/data/pcm/c12/h/00_00.unity3d	h_ai_12_01_103	うぅ、恥ずかしくなってきた……あたし、よがり過ぎだよぉ……																0	0	109	17	0	sound/data/pcm/c12/h/00_00.unity3d	h_ai_12_03_103	んっ、大好き……えへ、ちょっと言ってみたくなっちゃって																0	0	209	17
107	0	sound/data/pcm/c12/h/00_00.unity3d	h_ai_12_00_104	な、なに？　黙ってられると、逆に恥ずかしいって																0	0	0	17	0	sound/data/pcm/c12/h/00_00.unity3d	h_ai_12_00_104	な、なに？　黙ってられると、逆に恥ずかしいって																0	0	0	17	0	sound/data/pcm/c12/h/00_00.unity3d	h_ai_12_02_104	なぁ、触ってくれないのか？　じゃないとあたしぃ……																0	0	100	17	0	sound/data/pcm/c12/h/00_00.unity3d	h_ai_12_03_104	んぅ、焦らすなよぉ……あたしから襲っちゃうぞぉ！																0	0	200	17
108	0	sound/data/pcm/c12/h/00_00.unity3d	h_ai_12_00_105	わ、わかるだろ……あたし……まだ……																0	0	0	17	0	sound/data/pcm/c12/h/00_00.unity3d	h_ai_12_00_105	わ、わかるだろ……あたし……まだ……																0	0	0	17	0	sound/data/pcm/c12/h/00_00.unity3d	h_ai_12_02_105	むぅ、まだして欲しいの……わかってるくせに……																0	0	100	17	0	sound/data/pcm/c12/h/00_00.unity3d	h_ai_12_03_105	ねぇーえー、好きにしていいからぁ～、気持ちよくしてよぉ～																0	0	200	17
109	0																					1	0	0	sound/data/pcm/c12/h/00_00.unity3d	h_ai_12_01_106	んあぁっ、キスぅ……待ってたぁっ……																0	0	1	0	0	sound/data/pcm/c12/h/00_00.unity3d	h_ai_12_02_106	キス溶けるぅ……あたし溶かされちゃうぅっ																0	0	101	0	0	sound/data/pcm/c12/h/00_00.unity3d	h_ai_12_03_112	はむっ、ふへぇー、もうしらはらさなぃぃ～（えへ、もう舌離さない）																0	0	201	0
110	0																					1	0	0	sound/data/pcm/c12/h/00_00.unity3d	h_ai_12_01_107	キスいいっ……ずっとしてたいよ……																0	0	1	0	0	sound/data/pcm/c12/h/00_00.unity3d	h_ai_12_02_107	はぁん♪　きしゅぅぅ～、もっろきしゅぅぅ～っ（キス、もっとキス）																0	0	101	0	0	sound/data/pcm/c12/h/00_00.unity3d	h_ai_12_03_113	エッチなきしゅぅ～、もっろすぅのぉ～（キス、もっとするのー）																0	0	201	0
111	0	sound/data/pcm/c12/h/00_00.unity3d	h_ai_12_00_108	もぅ、こういう時、どんな顔すればいいんだよっ																0	0	2	17	0	sound/data/pcm/c12/h/00_00.unity3d	h_ai_12_01_108	んっ、何回しても、キスはふわふわしちゃうな……																0	0	2	17	0	sound/data/pcm/c12/h/00_00.unity3d	h_ai_12_02_108	えへ、キス大好き、もっとしよ？　な？																0	0	102	17	0	sound/data/pcm/c12/h/00_00.unity3d	h_ai_12_03_114	あはっ、口の周りべたべた……きちゃないね♪（汚いね）																0	0	202	17
112	0	sound/data/pcm/c12/h/00_00.unity3d	h_ai_12_00_109	何回しても照れちゃうな、あんまじろじろ見るなよぉ……																0	0	2	17	0	sound/data/pcm/c12/h/00_00.unity3d	h_ai_12_01_109	キスしてる時って、あたしどんな顔になっちゃってるんだろ……																0	0	2	17	0	sound/data/pcm/c12/h/00_00.unity3d	h_ai_12_02_109	はぁもぅ、一日中キスしてたい……																0	0	102	17	0	sound/data/pcm/c12/h/00_00.unity3d	h_ai_12_03_115	えへっ、唾液混ざって、もうどっちがどっちのやらだよ																0	0	202	17
113	0	sound/data/pcm/c12/h/00_00.unity3d	h_ai_12_00_110	はぁ、キス癖になるぅ……てか、もうなってる……ねぇ、もう一回……																0	0	3	17	0	sound/data/pcm/c12/h/00_00.unity3d	h_ai_12_01_110	キス大好きぃ……んぅ、もっとしてくれよぉ～っ																0	0	3	17	0	sound/data/pcm/c12/h/00_00.unity3d	h_ai_12_02_110	もっとキスしたいよぉ、もっとチュッチュしよ？																0	0	103	17	0	sound/data/pcm/c12/h/00_00.unity3d	h_ai_12_03_116	んふっ、キスであたし、完全にスイッチ入っちゃったから……																0	0	203	17
114	0	sound/data/pcm/c12/h/00_00.unity3d	h_ai_12_00_111	あたし、やっぱりキス好きかも……一番気持ちいいかも……																0	0	3	17	0	sound/data/pcm/c12/h/00_00.unity3d	h_ai_12_01_111	はぁ、あたしの唇、完全におまえの虜になってる……																0	0	3	17	0	sound/data/pcm/c12/h/00_00.unity3d	h_ai_12_02_111	キスいっぱいされると、全身ビクビクしちゃう																0	0	103	17	0	sound/data/pcm/c12/h/00_00.unity3d	h_ai_12_03_117	はぁ、口の中、舌でいっぱい犯されちゃった……んふふっ																0	0	203	17
115	0	sound/data/pcm/c12/h/00_00.unity3d	h_ai_12_00_118	だから、キスっていうのはさ……わかるだろ？																0	0	6	17	0	sound/data/pcm/c12/h/00_00.unity3d	h_ai_12_00_118	だから、キスっていうのはさ……わかるだろ？																0	0	6	17	0	sound/data/pcm/c12/h/00_00.unity3d	h_ai_12_00_118	だから、キスっていうのはさ……わかるだろ？																0	0	106	17	0	sound/data/pcm/c12/h/00_00.unity3d	h_ai_12_00_118	だから、キスっていうのはさ……わかるだろ？																0	0	206	17
116	0	sound/data/pcm/c12/h/00_00.unity3d	h_ai_12_00_119	キスは許して、まだその……ちょっと……																0	0	6	17	0	sound/data/pcm/c12/h/00_00.unity3d	h_ai_12_00_119	キスは許して、まだその……ちょっと……																0	0	6	17	0	sound/data/pcm/c12/h/00_00.unity3d	h_ai_12_00_119	キスは許して、まだその……ちょっと……																0	0	106	17	0	sound/data/pcm/c12/h/00_00.unity3d	h_ai_12_00_119	キスは許して、まだその……ちょっと……																0	0	206	17
117	0	sound/data/pcm/c12/h/00_00.unity3d	h_ai_12_00_120	まだ恥ずかしいけど……さっきより余裕でてきたかも																0	0	4	17	0	sound/data/pcm/c12/h/00_00.unity3d	h_ai_12_00_120	まだ恥ずかしいけど……さっきより余裕でてきたかも																0	0	4	17	0	sound/data/pcm/c12/h/00_00.unity3d	h_ai_12_02_120	いいよぉっ、もっとしてぇ、遠慮しなくていいからぁっ																0	0	104	17	0	sound/data/pcm/c12/h/00_00.unity3d	h_ai_12_03_120	あぁ、熱いぃっ、体熱いのぉ……火照り鎮めてぇっ																0	0	204	17
118	0	sound/data/pcm/c12/h/00_00.unity3d	h_ai_12_00_121	もっとして……あたし、貪欲になっちゃってるから……																0	0	4	17	0	sound/data/pcm/c12/h/00_00.unity3d	h_ai_12_00_121	もっとして……あたし、貪欲になっちゃってるから……																0	0	4	17	0			あぁもっ、どこいじられても……気持ちよくなっちゃう																0	0	104	17	0	sound/data/pcm/c12/h/00_00.unity3d	h_ai_12_03_121	あたし発情してるぅ、メスの濃い匂い出しちゃってるぅっ																0	0	204	17
119	0	sound/data/pcm/c12/h/00_00.unity3d	h_ai_12_00_122	ちょっと慣れたのかな……今あたし……すっごい感じちゃってる……																0	0	4	17	0	sound/data/pcm/c12/h/00_00.unity3d	h_ai_12_00_122	ちょっと慣れたのかな……今あたし……すっごい感じちゃってる……																0	0	4	17	0	sound/data/pcm/c12/h/00_00.unity3d	h_ai_12_02_122	イッた後……敏感だからぁ……優しくしてぇっ																0	0	104	17	0	sound/data/pcm/c12/h/00_00.unity3d	h_ai_12_03_122	んぅ、いいよ、あたしの体……全部おまえのだよぉっ																0	0	204	17
120	0																					4	17	0	sound/data/pcm/c12/h/00_00.unity3d	h_ai_12_01_131	うぅ、がっつき過ぎだってぇ……																0	0	4	17	0																					104	17	0																					204	17
121	0																					4	17	0	sound/data/pcm/c12/h/00_00.unity3d	h_ai_12_01_132	なんか怖いよぉ……まだ慣れてないからぁ……																0	0	4	17	0																					104	17	0																					204	17
122	0																					4	17	0	sound/data/pcm/c12/h/00_00.unity3d	h_ai_12_01_133	汚いって言ってるのにぃ……んぅぅぅっ……																0	0	4	17	0																					104	17	0																					204	17
123	0																					4	17	0	sound/data/pcm/c12/h/00_00.unity3d	h_ai_12_01_134	うぅ、何でそこまでお尻に執着するかなあぁ……																0	0	4	17	0																					104	17	0																					204	17
124	0	sound/data/pcm/c12/h/00_00.unity3d	h_ai_12_00_123	あぁっ、弱いとこばっかりぃ……少しは遠慮しろってぇ……																0	0	5	17	0	sound/data/pcm/c12/h/00_00.unity3d	h_ai_12_00_123	あぁっ、弱いとこばっかりぃ……少しは遠慮しろってぇ……																0	0	5	17	0	sound/data/pcm/c12/h/00_00.unity3d	h_ai_12_02_123	ふぁ、弱いのぉ……そこされると、体ふやけちゃぅぅっ……																0	0	105	17	0	sound/data/pcm/c12/h/00_00.unity3d	h_ai_12_03_123	んぅ、そこいっぱいされると狂うぅっ、あたし狂っちゃぅぅっ																0	0	205	17
125	0	sound/data/pcm/c12/h/00_00.unity3d	h_ai_12_00_124	んぅ、弱点知られちゃったぁ、おまえに弱点知られちゃったぁっ																0	0	5	17	0	sound/data/pcm/c12/h/00_00.unity3d	h_ai_12_00_124	んぅ、弱点知られちゃったぁ、おまえに弱点知られちゃったぁっ																0	0	5	17	0	sound/data/pcm/c12/h/00_00.unity3d	h_ai_12_02_124	はぅぅ、頭ぐにゃぐにゃぁ……世界が揺れてるぅ……																0	0	105	17	0	sound/data/pcm/c12/h/00_00.unity3d	h_ai_12_03_124	あぁあたし、絶対だらしない顔しちゃってる、メスにされてるぅっ																0	0	205	17
126	0	sound/data/pcm/c12/h/00_00.unity3d	h_ai_12_00_125	先っぽさっきより硬くなってる、乳首感じちゃってるぅっ																0	0	5	17	0	sound/data/pcm/c12/h/00_00.unity3d	h_ai_12_00_125	先っぽさっきより硬くなってる、乳首感じちゃってるぅっ																0	0	5	17	0	sound/data/pcm/c12/h/00_00.unity3d	h_ai_12_02_125	乳首されると、すぐイッちゃうからぁ、もう溢れちゃってるからぁっ																0	0	105	17	0	sound/data/pcm/c12/h/00_00.unity3d	h_ai_12_03_125	いいよぉ、乳首でイカせてぇ……乳首でイキたいぃっ																0	0	205	17
127	0	sound/data/pcm/c12/h/00_00.unity3d	h_ai_12_00_126	うぅ、乳首弱いのわかったからぁ、いっぱいされたら飛んじゃうよぉっ																0	0	5	17	0	sound/data/pcm/c12/h/00_00.unity3d	h_ai_12_00_126	うぅ、乳首弱いのわかったからぁ、いっぱいされたら飛んじゃうよぉっ																0	0	5	17	0	sound/data/pcm/c12/h/00_00.unity3d	h_ai_12_02_126	先っぽビンビンに尖っちゃってる……乳首気持ちよすぎるぅっ																0	0	105	17	0	sound/data/pcm/c12/h/00_00.unity3d	h_ai_12_03_126	乳首してぇっ、勃起乳首、めちゃくちゃにしてぇっ																0	0	205	17
128	0	sound/data/pcm/c12/h/00_00.unity3d	h_ai_12_00_127	あっ、だから、そこは大事なとこで……敏感なんだよぉ……																0	0	5	17	0	sound/data/pcm/c12/h/00_00.unity3d	h_ai_12_00_127	あっ、だから、そこは大事なとこで……敏感なんだよぉ……																0	0	5	17	0	sound/data/pcm/c12/h/00_00.unity3d	h_ai_12_02_127	おまんこびしょびしょになっちゃうっ、おもらし止まらないぃっ																0	0	105	17	0	sound/data/pcm/c12/h/00_00.unity3d	h_ai_12_03_127	だらしなマンコにおしおきしてぇ、気持ちいい事いっぱいしてぇっ																0	0	205	17
129	0	sound/data/pcm/c12/h/00_00.unity3d	h_ai_12_00_128	お股ヒクヒクしちゃってるぅ……いじって欲しくて、また疼いちゃってるぅっ																0	0	5	17	0	sound/data/pcm/c12/h/00_00.unity3d	h_ai_12_00_128	お股ヒクヒクしちゃってるぅ……いじって欲しくて、また疼いちゃってるぅっ																0	0	5	17	0	sound/data/pcm/c12/h/00_00.unity3d	h_ai_12_02_128	んぅぅ、何回イッてもおまんこ気持ちいいぃっ																0	0	105	17	0	sound/data/pcm/c12/h/00_00.unity3d	h_ai_12_03_128	おまんこふやけちゃうぅ、エッチなお汁でムレムレになるぅっ																0	0	205	17
130	0	sound/data/pcm/c12/h/00_00.unity3d	h_ai_12_00_129	うぅ、お尻が弱いなんて、知られたくなかったよぉ……																0	0	5	17	0	sound/data/pcm/c12/h/00_00.unity3d	h_ai_12_00_129	うぅ、お尻が弱いなんて、知られたくなかったよぉ……																0	0	5	17	0	sound/data/pcm/c12/h/00_00.unity3d	h_ai_12_02_129	お尻好きなの！　もうお尻大好きになっちゃったのぉっ！																0	0	105	17	0	sound/data/pcm/c12/h/00_00.unity3d	h_ai_12_03_129	アナルがいいの、アナルが好きなの、お願い、いじってぇっ！																0	0	205	17
131	0	sound/data/pcm/c12/h/00_00.unity3d	h_ai_12_00_130	お尻恥ずかしいのに、気持ちよくなっちゃうぅっ																0	0	5	17	0	sound/data/pcm/c12/h/00_00.unity3d	h_ai_12_00_130	お尻恥ずかしいのに、気持ちよくなっちゃうぅっ																0	0	5	17	0	sound/data/pcm/c12/h/00_00.unity3d	h_ai_12_02_130	うぅ、やっぱりお尻弱いよぉ……すっごい感じちゃうよぉ……																0	0	105	17	0	sound/data/pcm/c12/h/00_00.unity3d	h_ai_12_03_130	さっきイッたのにぃ、またお尻欲しくなっちゃってるぅっ																0	0	205	17
132	0	sound/data/pcm/c12/h/00_00.unity3d	h_ai_12_00_131	（拒否）もぅ、なんで優しくしてくれないんだよぉ……																0	0	6	17	0																					6	17	0																					106	17	0																					206	17
133	0	sound/data/pcm/c12/h/00_00.unity3d	h_ai_12_00_132	（拒否）やっ、あたしだって女の子なんだぞっ																0	0	6	17	0																					6	17	0																					106	17	0																					206	17
134	0	sound/data/pcm/c12/h/00_00.unity3d	h_ai_12_00_133	（拒否）お尻はダメなの、気持ちよくなんかならないのっ																0	0	6	17	0																					6	17	0																					106	17	0																					206	17
135	0	sound/data/pcm/c12/h/00_00.unity3d	h_ai_12_00_134	（拒否）もー！　お尻お尻ってしつこいぞっ																0	0	6	17	0																					6	17	0																					106	17	0																					206	17
136	0	sound/data/pcm/c12/h/00_00.unity3d	h_ai_12_00_043	変なの使うなよぉ……なんか怖いからぁっ……																0	0	6	17	0																					6	17	0																					106	17	0	sound/data/pcm/c12/h/00_00.unity3d	h_ai_12_00_043	変なの使うなよぉ……なんか怖いからぁっ……																0	0	206	17
137	0	sound/data/pcm/c12/h/00_00.unity3d	h_ai_12_00_136	（拒否）それ強すぎるから……やめよ？　ね？																0	0	6	17	0																					6	17	0																					106	17	0	sound/data/pcm/c12/h/00_00.unity3d	h_ai_12_00_136	（拒否）それ強すぎるから……やめよ？　ね？																0	0	206	17
138	0	sound/data/pcm/c12/h/00_00.unity3d	h_ai_12_00_137	ふぁっ……あっ、それいいっ……																0	0	4	17	0	sound/data/pcm/c12/h/00_00.unity3d	h_ai_12_00_137	ふぁっ……あっ、それいいっ……																0	0	4	17	0	sound/data/pcm/c12/h/00_00.unity3d	h_ai_12_02_137	んふっ、やらしい揉み方っ、また感じちゃうだろっ																0	0	104	17	0	sound/data/pcm/c12/h/00_00.unity3d	h_ai_12_03_137	うん、どこもおまえのだよ、さっきと違うとこも触っていいから																0	0	204	17
139	0	sound/data/pcm/c12/h/00_00.unity3d	h_ai_12_00_138	んふっ、手つきエッチなんだ																0	0	4	17	0	sound/data/pcm/c12/h/00_00.unity3d	h_ai_12_00_138	んふっ、手つきエッチなんだ																0	0	4	17	0	sound/data/pcm/c12/h/00_00.unity3d	h_ai_12_02_138	はぁっ、おまえの手、やっぱ気持ちいい……																0	0	104	17	0	sound/data/pcm/c12/h/00_00.unity3d	h_ai_12_03_138	んふっ、またイキたいって……あたしの体期待しちゃってる																0	0	204	17
140	0																					4	17	0																					4	17	0	sound/data/pcm/c12/h/00_00.unity3d	h_ai_12_02_139	あんっ、このおっぱい星人めっ																0	0	104	17	0	sound/data/pcm/c12/h/00_00.unity3d	h_ai_12_03_139	おっぱい揉まれると、胸の奥せつなくなるぅ																0	0	204	17
141	0																					4	17	0																					4	17	0	sound/data/pcm/c12/h/00_00.unity3d	h_ai_12_02_140	うん、あたしもおっぱい揉まれるの好きっ																0	0	104	17	0	sound/data/pcm/c12/h/00_00.unity3d	h_ai_12_03_140	ほら、おまえ専用マイおっぱい、好きなだけ揉んでいいからな																0	0	204	17
142	0																					4	17	0																					4	17	0	sound/data/pcm/c12/h/00_00.unity3d	h_ai_12_02_141	お尻もにゅもにゅされると、穴ぐにぐに広がって気持ちいぃっ																0	0	104	17	0	sound/data/pcm/c12/h/00_00.unity3d	h_ai_12_03_141	あぁ、お尻ほぐされてるぅっ、だらしないお尻になっちゃうぅっ																0	0	204	17
143	0																					4	17	0																					4	17	0	sound/data/pcm/c12/h/00_00.unity3d	h_ai_12_02_142	ほんとお尻好きなんだからっ、いいよ、好きなだけどーぞ♪																0	0	104	17	0	sound/data/pcm/c12/h/00_00.unity3d	h_ai_12_03_142	お尻揉まれ過ぎて熱くなってるぅ、お尻腫れちゃうぅっ																0	0	204	17
144	0	sound/data/pcm/c12/h/00_00.unity3d	h_ai_12_00_143	うぁっ、乳首つつかれると、また勃っちゃうからぁ																0	0	4	17	0	sound/data/pcm/c12/h/00_00.unity3d	h_ai_12_00_143	うぁっ、乳首つつかれると、また勃っちゃうからぁ																0	0	4	17	0	sound/data/pcm/c12/h/00_00.unity3d	h_ai_12_02_143	もう、あたしの乳首おっきくなっちゃったら、おまえのせいだぞっ																0	0	104	17	0	sound/data/pcm/c12/h/00_00.unity3d	h_ai_12_03_143	あんっ、発情スイッチまた押してぇ、もう発情してるってぇ																0	0	204	17
145	0	sound/data/pcm/c12/h/00_00.unity3d	h_ai_12_00_144	あぁ、また先っぽ尖ってきてるぅっ																0	0	4	17	0	sound/data/pcm/c12/h/00_00.unity3d	h_ai_12_00_144	あぁ、また先っぽ尖ってきてるぅっ																0	0	4	17	0	sound/data/pcm/c12/h/00_00.unity3d	h_ai_12_02_144	そんなに乳首ずむずむされたら……あっ♪　エッチな声出ちゃぅぅ……																0	0	104	17	0	sound/data/pcm/c12/h/00_00.unity3d	h_ai_12_03_144	あはっ、おまえの乳首も勃ってないか？　おそろいおそろい♪																0	0	204	17
146	0	sound/data/pcm/c12/h/00_00.unity3d	h_ai_12_00_145	あぁまたっ、あたしの乳首、ほんとに伸びちゃうからぁっ																0	0	4	17	0	sound/data/pcm/c12/h/00_00.unity3d	h_ai_12_00_145	あぁまたっ、あたしの乳首、ほんとに伸びちゃうからぁっ																0	0	4	17	0	sound/data/pcm/c12/h/00_00.unity3d	h_ai_12_02_145	はぁぁっ、勃起乳首摘ままれちゃってるぅっ、引っ張られるのイイッ！																0	0	104	17	0	sound/data/pcm/c12/h/00_00.unity3d	h_ai_12_03_145	んぅぅ、乳首シコシコぉ、乳首もっといじめてぇっ！																0	0	204	17
147	0	sound/data/pcm/c12/h/00_00.unity3d	h_ai_12_00_146	いひっ、硬くなってるときは乳首優しだよぉっ……																0	0	4	17	0	sound/data/pcm/c12/h/00_00.unity3d	h_ai_12_00_146	いひっ、硬くなってるときは乳首優しだよぉっ……																0	0	4	17	0	sound/data/pcm/c12/h/00_00.unity3d	h_ai_12_02_146	あぁっ、乳首そんな強くしちゃ……また熱くなっちゃうぅっ																0	0	104	17	0	sound/data/pcm/c12/h/00_00.unity3d	h_ai_12_03_146	びんびん乳首、もっと引っ張って、取れちゃうくらい引っ張ってぇっ																0	0	204	17
148	0	sound/data/pcm/c12/h/00_00.unity3d	h_ai_12_00_147	汚いって言ってるのにぃ……もう好きにしろぉっ																0	0	4	17	0	sound/data/pcm/c12/h/00_00.unity3d	h_ai_12_00_147	汚いって言ってるのにぃ……もう好きにしろぉっ																0	0	4	17	0	sound/data/pcm/c12/h/00_00.unity3d	h_ai_12_02_147	はぁ、こんなにお尻が気持ちいいの知っちゃったら、絶対ダメになるぅ																0	0	104	17	0	sound/data/pcm/c12/h/00_00.unity3d	h_ai_12_03_147	んぅぁぁっ、お尻ゆるくなってるぅ……うんち出ちゃうぅっ																0	0	204	17
149	0	sound/data/pcm/c12/h/00_00.unity3d	h_ai_12_00_148	んぁっ、なんでぇ……お尻なんて、感じる筈ないのにぃっ……																0	0	4	17	0	sound/data/pcm/c12/h/00_00.unity3d	h_ai_12_00_148	んぁっ、なんでぇ……お尻なんて、感じる筈ないのにぃっ……																0	0	4	17	0	sound/data/pcm/c12/h/00_00.unity3d	h_ai_12_02_148	またお尻ぃっ、大丈夫？　あたしのお尻、変になってない？																0	0	104	17	0	sound/data/pcm/c12/h/00_00.unity3d	h_ai_12_03_148	イッた後の敏感ヒクヒクアナルぅ……もっと気持ちよくしてぇっ																0	0	204	17
150	0	sound/data/pcm/c12/h/00_00.unity3d	h_ai_12_00_149	あぁ、あたしもう……お股べちょべちょになって……																0	0	4	17	0	sound/data/pcm/c12/h/00_00.unity3d	h_ai_12_00_149	あぁ、あたしもう……お股べちょべちょになって……																0	0	4	17	0	sound/data/pcm/c12/h/00_00.unity3d	h_ai_12_02_149	おまえの手あったかい、ちゃんとおまんこで感じてるよぉ……																0	0	104	17	0	sound/data/pcm/c12/h/00_00.unity3d	h_ai_12_03_149	おまんこがもっとって甘えてるからぁ、いっぱい触ってえぇっ																0	0	204	17
151	0	sound/data/pcm/c12/h/00_00.unity3d	h_ai_12_00_150	うぅ、お股熱いよぉ、気持いいよぉっ……																0	0	4	17	0	sound/data/pcm/c12/h/00_00.unity3d	h_ai_12_00_150	うぅ、お股熱いよぉ、気持いいよぉっ……																0	0	4	17	0	sound/data/pcm/c12/h/00_00.unity3d	h_ai_12_02_150	やぁ、そこ、イッた後で今一番敏感だからぁっ……																0	0	104	17	0	sound/data/pcm/c12/h/00_00.unity3d	h_ai_12_03_150	あぁ、溢れるぅ、おまんこからエッチなお汁止まらないよぉっ																0	0	204	17
152	0	sound/data/pcm/c12/h/00_00.unity3d	h_ai_12_00_151	んぅ、お尻の穴火照ってるぅ、これどうなっちゃうのぉ……																0	0	4	17	0	sound/data/pcm/c12/h/00_00.unity3d	h_ai_12_00_151	んぅ、お尻の穴火照ってるぅ、これどうなっちゃうのぉ……																0	0	4	17	0	sound/data/pcm/c12/h/00_00.unity3d	h_ai_12_02_151	またお尻ぃっ、あたしのお尻、バカになるぅぅっ																0	0	104	17	0	sound/data/pcm/c12/h/00_00.unity3d	h_ai_12_03_151	お尻の穴ぁ、切ないよぉ……もっと深いとこ入って来てほしいよぉっ																0	0	204	17
153	0	sound/data/pcm/c12/h/00_00.unity3d	h_ai_12_00_152	あぁ、穴こすらないでぇ……まだヒリヒリしてるからぁっ……																0	0	4	17	0	sound/data/pcm/c12/h/00_00.unity3d	h_ai_12_00_152	あぁ、穴こすらないでぇ……まだヒリヒリしてるからぁっ……																0	0	4	17	0	sound/data/pcm/c12/h/00_00.unity3d	h_ai_12_02_152	あぁっ、アナル擦られるだけで、こんなに感じるようになるなんて……																0	0	104	17	0	sound/data/pcm/c12/h/00_00.unity3d	h_ai_12_03_152	もっと、もっとケツ穴擦って！　ケツマンコ気持ちよくしてぇっ																0	0	204	17
154	0	sound/data/pcm/c12/h/00_00.unity3d	h_ai_12_00_153	ふぁっ、また指入ってきた……これっ、凄いっ……																0	0	4	17	0	sound/data/pcm/c12/h/00_00.unity3d	h_ai_12_00_153	ふぁっ、また指入ってきた……これっ、凄いっ……																0	0	4	17	0	sound/data/pcm/c12/h/00_00.unity3d	h_ai_12_02_153	はぁ、やっと閉じてきたのに、また指で広げられてるぅっ……																0	0	104	17	0	sound/data/pcm/c12/h/00_00.unity3d	h_ai_12_03_153	指来たぁん♪　いいよぉ、細かく探ってぇ、気持ちいいとこ当ててみてぇ……																0	0	204	17
155	0	sound/data/pcm/c12/h/00_00.unity3d	h_ai_12_00_154	んぁっ、あたしの中、今どうなってるの？																0	0	4	17	0	sound/data/pcm/c12/h/00_00.unity3d	h_ai_12_00_154	んぁっ、あたしの中、今どうなってるの？																0	0	4	17	0	sound/data/pcm/c12/h/00_00.unity3d	h_ai_12_02_154	つぷつぷしてぇ、指であたしの中往復してぇっ																0	0	104	17	0	sound/data/pcm/c12/h/00_00.unity3d	h_ai_12_03_154	指好きぃ、おちんぽもいいけど、指でされるのも好きなのぉっ																0	0	204	17
156	0	sound/data/pcm/c12/h/00_00.unity3d	h_ai_12_00_155	んぅ、お尻……やっとスース―しなくなったのにぃっ……																0	0	4	17	0	sound/data/pcm/c12/h/00_00.unity3d	h_ai_12_00_155	んぅ、お尻……やっとスース―しなくなったのにぃっ……																0	0	4	17	0	sound/data/pcm/c12/h/00_00.unity3d	h_ai_12_02_155	んぅん♪　待ってたぁ……お尻の穴塞いでくれるの待ってたのぉ……																0	0	104	17	0	sound/data/pcm/c12/h/00_00.unity3d	h_ai_12_03_155	なぁ、もっと奥ぅっ、さっきより深いとこまでいじってよぉっ																0	0	204	17
157	0	sound/data/pcm/c12/h/00_00.unity3d	h_ai_12_00_156	あぁ、そんなに何回も広げたら、お尻戻らなくなっちゃぅぅっ……																0	0	4	17	0	sound/data/pcm/c12/h/00_00.unity3d	h_ai_12_00_156	あぁ、そんなに何回も広げたら、お尻戻らなくなっちゃぅぅっ……																0	0	4	17	0	sound/data/pcm/c12/h/00_00.unity3d	h_ai_12_02_156	いいよぉ、また広げてぇ、戻らなくなるくらいいっぱい広げてぇっ……																0	0	104	17	0	sound/data/pcm/c12/h/00_00.unity3d	h_ai_12_03_156	お尻入れやすくなってるでしょ？　閉じないように頑張ったんだから																0	0	204	17
158	0	sound/data/pcm/c12/h/00_00.unity3d	h_ai_12_00_157	ねぇお願い、そこは優しく、あたしこんなに頼んだ事ないだろぉ……																0	0	4	17	0	sound/data/pcm/c12/h/00_00.unity3d	h_ai_12_00_157	ねぇお願い、そこは優しく、あたしこんなに頼んだ事ないだろぉ……																0	0	4	17	0	sound/data/pcm/c12/h/00_00.unity3d	h_ai_12_02_157	んあぁ、おまんこビクビク止まらない、イキっぱなしになっちゃうからぁっ																0	0	104	17	0	sound/data/pcm/c12/h/00_00.unity3d	h_ai_12_03_157	あ゛ぁっ、凄いの来るぅっ、連続アクメ決めちゃぅうっ！																0	0	204	17
159	0	sound/data/pcm/c12/h/00_00.unity3d	h_ai_12_00_158	あぁっ、今そんなしちゃ……中、まだちょっとヒクヒクしてるのにぃっ！																0	0	4	17	0	sound/data/pcm/c12/h/00_00.unity3d	h_ai_12_00_158	あぁっ、今そんなしちゃ……中、まだちょっとヒクヒクしてるのにぃっ！																0	0	4	17	0	sound/data/pcm/c12/h/00_00.unity3d	h_ai_12_02_158	あぁっ、おまんこいいよぉ、もっとぐちゃぐちゃにしてぇ、何回でもしてぇっ！																0	0	104	17	0	sound/data/pcm/c12/h/00_00.unity3d	h_ai_12_03_158	お゛まんご悲鳴あげでるがらぁっ、気持ぢいいのもう許じでぇっ																0	0	204	17
160	0	sound/data/pcm/c12/h/00_00.unity3d	h_ai_12_00_159	お尻の穴壊れるぅっ……おっきいのできなくなっちゃぅぅっ																0	0	4	17	0	sound/data/pcm/c12/h/00_00.unity3d	h_ai_12_00_159	お尻の穴壊れるぅっ……おっきいのできなくなっちゃぅぅっ																0	0	4	17	0	sound/data/pcm/c12/h/00_00.unity3d	h_ai_12_02_159	えぁっぁぁっ……んぉぅん……お尻で変な声でじゃぅぅっ																0	0	104	17	0	sound/data/pcm/c12/h/00_00.unity3d	h_ai_12_03_159	おじりぃんっ、そんな強くしたらぁ、また可愛くない声出ちゃうからぁっ																0	0	204	17
161	0	sound/data/pcm/c12/h/00_00.unity3d	h_ai_12_00_160	んぅ、あたしのお尻ぃ、また変になるぅ……																0	0	4	17	0	sound/data/pcm/c12/h/00_00.unity3d	h_ai_12_00_160	んぅ、あたしのお尻ぃ、また変になるぅ……																0	0	4	17	0	sound/data/pcm/c12/h/00_00.unity3d	h_ai_12_02_160	お尻の穴ぁ、さっきより広がってるからぁ、下品な音出ちゃぅぅっ																0	0	104	17	0	sound/data/pcm/c12/h/00_00.unity3d	h_ai_12_03_160	アナルめぐれるぅ……うんち掻き出されちゃうぅぅっ！																0	0	204	17
162	0	sound/data/pcm/c12/h/00_00.unity3d	h_ai_12_00_161	あっ、舐められる方が優しくて好きかも																0	0	4	17	0	sound/data/pcm/c12/h/00_00.unity3d	h_ai_12_00_161	あっ、舐められる方が優しくて好きかも																0	0	4	17	0	sound/data/pcm/c12/h/00_00.unity3d	h_ai_12_02_161	ちょっ、舐め過ぎ……あたしそんなに美味いか？																0	0	104	17	0	sound/data/pcm/c12/h/00_00.unity3d	h_ai_12_03_161	飽きもせずに、ぺろぺろぺろぺろ、おまえは犬かよぉ……																0	0	204	17
163	0	sound/data/pcm/c12/h/00_00.unity3d	h_ai_12_00_162	んっ、おまえの舌……結構熱いんだな……																0	0	4	17	0	sound/data/pcm/c12/h/00_00.unity3d	h_ai_12_00_162	んっ、おまえの舌……結構熱いんだな……																0	0	4	17	0	sound/data/pcm/c12/h/00_00.unity3d	h_ai_12_02_162	はぁ、唾液の匂い凄いよ……また興奮してきちゃった																0	0	104	17	0	sound/data/pcm/c12/h/00_00.unity3d	h_ai_12_03_162	わざといやらしい音たてて舐めてるな？　それ効くんだよぉ……																0	0	204	17
164	0	sound/data/pcm/c12/h/00_00.unity3d	h_ai_12_00_163	先っぽ舐められると、またびくびくしちゃうからぁっ																0	0	4	17	0	sound/data/pcm/c12/h/00_00.unity3d	h_ai_12_00_163	先っぽ舐められると、またびくびくしちゃうからぁっ																0	0	4	17	0	sound/data/pcm/c12/h/00_00.unity3d	h_ai_12_02_163	んふっ、この甘えんぼ……おっきい赤ちゃんだなぁもぅ……																0	0	104	17	0	sound/data/pcm/c12/h/00_00.unity3d	h_ai_12_03_163	はぁ、乳首ねっとり舐められてぇ、おっぱいでイっちゃいそっ																0	0	204	17
165	0	sound/data/pcm/c12/h/00_00.unity3d	h_ai_12_00_164	うぅ、乳首べとべとになってるぅ……																0	0	4	17	0	sound/data/pcm/c12/h/00_00.unity3d	h_ai_12_00_164	うぅ、乳首べとべとになってるぅ……																0	0	4	17	0	sound/data/pcm/c12/h/00_00.unity3d	h_ai_12_02_164	あはっ、母乳じゃなくて、おまえの唾液でべちょべちょだ……																0	0	104	17	0	sound/data/pcm/c12/h/00_00.unity3d	h_ai_12_03_164	勃起乳首ぃ、いっぱいしゃぶってぇ、ちゅぽちゅぽして欲しいのぉっ																0	0	204	17
166	0	sound/data/pcm/c12/h/00_00.unity3d	h_ai_12_00_165	あぁ、アソコ食べられてるぅっ……																0	0	4	17	0	sound/data/pcm/c12/h/00_00.unity3d	h_ai_12_00_165	あぁ、アソコ食べられてるぅっ……																0	0	4	17	0	sound/data/pcm/c12/h/00_00.unity3d	h_ai_12_02_165	どう？　あたしの女の子の味だよ……おいしい？																0	0	104	17	0	sound/data/pcm/c12/h/00_00.unity3d	h_ai_12_03_165	ぐちゅぐちゅマンコ、すっかり出来上がってるからぁ、いっぱい食べてえっ																0	0	204	17
167	0	sound/data/pcm/c12/h/00_00.unity3d	h_ai_12_00_166	うん、そこは舐めてくれた方が……安心するかも																0	0	4	17	0	sound/data/pcm/c12/h/00_00.unity3d	h_ai_12_00_166	うん、そこは舐めてくれた方が……安心するかも																0	0	4	17	0	sound/data/pcm/c12/h/00_00.unity3d	h_ai_12_02_166	お汁溢れちゃってるからぁ、全部舐めてぇっ																0	0	104	17	0	sound/data/pcm/c12/h/00_00.unity3d	h_ai_12_03_166	んふっ、ムレムレまんこのメスの匂い、いっぱい嗅いでぇっ																0	0	204	17
168	0	sound/data/pcm/c12/h/00_00.unity3d	h_ai_12_00_167	えっ、う、うそ……また舐めっ……き、汚いってぇっ！																0	0	4	17	0	sound/data/pcm/c12/h/00_00.unity3d	h_ai_12_00_167	えっ、う、うそ……また舐めっ……き、汚いってぇっ！																0	0	4	17	0	sound/data/pcm/c12/h/00_00.unity3d	h_ai_12_02_167	んぅ、舌気持ちいぃっ、お尻また弱くされちゃってるぅっ																0	0	104	17	0	sound/data/pcm/c12/h/00_00.unity3d	h_ai_12_03_167	もぅ、お尻我慢できなぃぃっ、もっとべろべろしてぇっ																0	0	204	17
169	0	sound/data/pcm/c12/h/00_00.unity3d	h_ai_12_00_168	んもぉー、汚いとこ舐めたがるのなんなんだよぉ……																0	0	4	17	0	sound/data/pcm/c12/h/00_00.unity3d	h_ai_12_00_168	んもぉー、汚いとこ舐めたがるのなんなんだよぉ……																0	0	4	17	0	sound/data/pcm/c12/h/00_00.unity3d	h_ai_12_02_168	あぁっ、お尻に熱い息かかると、なんかブルブルしちゃう																0	0	104	17	0	sound/data/pcm/c12/h/00_00.unity3d	h_ai_12_03_168	あぁっ、お尻でイキそう……ねぇ、またお尻でイカせてぇっ																0	0	204	17
170	0	sound/data/pcm/c12/h/00_00.unity3d	h_ai_12_00_169	あぁっ、なんか柔らかいのが……お尻の中、舌入ってるぅっ																0	0	4	17	0	sound/data/pcm/c12/h/00_00.unity3d	h_ai_12_00_169	あぁっ、なんか柔らかいのが……お尻の中、舌入ってるぅっ																0	0	4	17	0	sound/data/pcm/c12/h/00_00.unity3d	h_ai_12_02_169	んぁん♪　お尻の中もぉ～、舌でべちょべちょにしてぇっ♪																0	0	104	17	0	sound/data/pcm/c12/h/00_00.unity3d	h_ai_12_03_169	きひゃぁっ（来たぁ）アナルにディープキスぅっ、それ凄いぃぃっ																0	0	204	17
171	0	sound/data/pcm/c12/h/00_00.unity3d	h_ai_12_00_170	んぁっ、そんなとこ、汚いって言ってるのにぃっ																0	0	4	17	0	sound/data/pcm/c12/h/00_00.unity3d	h_ai_12_00_170	んぁっ、そんなとこ、汚いって言ってるのにぃっ																0	0	4	17	0	sound/data/pcm/c12/h/00_00.unity3d	h_ai_12_02_170	うん、イった後だからぁ、舌で優しくされるの丁度いいっ																0	0	104	17	0	sound/data/pcm/c12/h/00_00.unity3d	h_ai_12_03_170	頑張ってお尻広げるからぁ、もっと奥まで舐めてえぇっ！																0	0	204	17
172	0																					4	17	0	sound/data/pcm/c12/h/00_00.unity3d	h_ai_12_01_135	はぅぅ、まだちょっと怖いぃぃ……																0	0	4	17	0																					104	17	0																					204	17
173	0																					4	17	0	sound/data/pcm/c12/h/00_00.unity3d	h_ai_12_01_136	うぅ、それには優しさがないっ……																0	0	4	17	0																					104	17	0																					204	17
174	0	sound/data/pcm/c12/h/00_00.unity3d	h_ai_12_00_171	あぁ、また、あたしまた気持ちいいの来てるぅっ																0	0	7	17	0	sound/data/pcm/c12/h/00_00.unity3d	h_ai_12_00_171	あぁ、また、あたしまた気持ちいいの来てるぅっ																0	0	7	17	0	sound/data/pcm/c12/h/00_00.unity3d	h_ai_12_02_171	あっ、あっ……もっ、あたし……また、イッちゃう！																0	0	107	17	0	sound/data/pcm/c12/h/00_00.unity3d	h_ai_12_03_171	あぁいいっ、イクの、何回でもイイ！　意識飛ぶまでイカせてぇっ！																0	0	207	17
175	0	sound/data/pcm/c12/h/00_00.unity3d	h_ai_12_00_172	あぁ来るぅっ……もうこれわかるぅ……あたしイクぅっ！																0	0	7	17	0	sound/data/pcm/c12/h/00_00.unity3d	h_ai_12_00_172	あぁ来るぅっ……もうこれわかるぅ……あたしイクぅっ！																0	0	7	17	0	sound/data/pcm/c12/h/00_00.unity3d	h_ai_12_02_172	来てるぅ、さっきより凄いの奥から来るぅ……あたし飛んじゃうぅぅっ																0	0	107	17	0	sound/data/pcm/c12/h/00_00.unity3d	h_ai_12_03_172	あぁイク、あたしまたイク！　あたしのイクとこ、ちゃんと見てて！																0	0	207	17
176	0	sound/data/pcm/c12/h/00_00.unity3d	h_ai_12_00_173	あぁ……初めてなのに……またイカされちゃった																0	0	9	17	0	sound/data/pcm/c12/h/00_00.unity3d	h_ai_12_01_173	はぁっ、凄かった……さっきより気持ち良かったよ……																0	0	9	17	0	sound/data/pcm/c12/h/00_00.unity3d	h_ai_12_01_173	はぁっ、凄かった……さっきより気持ち良かったよ……																0	0	109	17	0	sound/data/pcm/c12/h/00_00.unity3d	h_ai_12_03_173	ありがと……何回も気持ちよくしてくれて、あたし、ほんと幸せ……																0	0	209	17
177	0	sound/data/pcm/c12/h/00_00.unity3d	h_ai_12_00_174	こんなに何回もイったの……あたし初めてかも……																0	0	9	17	0	sound/data/pcm/c12/h/00_00.unity3d	h_ai_12_01_174	なんかもう、気持ち良すぎて……頭フラフラしてきた……																0	0	9	17	0	sound/data/pcm/c12/h/00_00.unity3d	h_ai_12_01_174	なんかもう、気持ち良すぎて……頭フラフラしてきた……																0	0	109	17	0	sound/data/pcm/c12/h/00_00.unity3d	h_ai_12_03_174	あぁ、満ち足りてくぅ……ねぇ、今度はあたしがしてあげよっか？																0	0	209	17
178	0																			0	0	0	17	0																			0	0	0	17	0	sound/data/pcm/c12/h/00_00.unity3d	h_ai_12_02_175	（開始時台詞）先に謝っとく。声、出ちゃったらごめんな																0	0	100	17	0	sound/data/pcm/c12/h/00_00.unity3d	h_ai_12_02_175	（開始時台詞）先に謝っとく。声、出ちゃったらごめんな																0	0	200	17
179	0																			0	0	2	17	0																			0	0	2	17	0	sound/data/pcm/c12/h/00_00.unity3d	h_ai_12_02_176	んは……今のキス……すごくエロかった……																0	0	102	17	0	sound/data/pcm/c12/h/00_00.unity3d	h_ai_12_02_176	んは……今のキス……すごくエロかった……																0	0	202	17
180	0																			0	0	6	17	0																			0	0	6	17	0	sound/data/pcm/c12/h/00_00.unity3d	h_ai_12_02_177	……その……キスは違うだろ？																0	0	106	17	0	sound/data/pcm/c12/h/00_00.unity3d	h_ai_12_02_177	……その……キスは違うだろ？																0	0	206	17
181	0																			0	0	4	17	0																			0	0	4	17	0	sound/data/pcm/c12/h/00_00.unity3d	h_ai_12_02_178	んん……優しく、頼むな……？　ん、本当に、もれちゃうから……																0	0	104	17	0	sound/data/pcm/c12/h/00_00.unity3d	h_ai_12_02_178	んん……優しく、頼むな……？　ん、本当に、もれちゃうから……																0	0	204	17
182	0																			0	0	4	17	0																			0	0	4	17	0	sound/data/pcm/c12/h/00_00.unity3d	h_ai_12_02_179	んあっ……っ、一瞬たりとも……気がぬけないな……																0	0	104	17	0	sound/data/pcm/c12/h/00_00.unity3d	h_ai_12_02_179	んあっ……っ、一瞬たりとも……気がぬけないな……																0	0	204	17
183	0																			0	0	4	17	0																			0	0	4	17	0	sound/data/pcm/c12/h/00_00.unity3d	h_ai_12_02_180	ん、ん……頭が……ボーっとする……																0	0	104	17	0	sound/data/pcm/c12/h/00_00.unity3d	h_ai_12_02_180	ん、ん……頭が……ボーっとする……																0	0	204	17
184	0																			0	0	4	17	0																			0	0	4	17	0	sound/data/pcm/c12/h/00_00.unity3d	h_ai_12_02_181	ん……声出せないの……もどかしい……																0	0	104	17	0	sound/data/pcm/c12/h/00_00.unity3d	h_ai_12_02_181	ん……声出せないの……もどかしい……																0	0	204	17
185	0																			0	0	4	17	0																			0	0	4	17	0	sound/data/pcm/c12/h/00_00.unity3d	h_ai_12_02_182	ん、あっ……気持ち、いい……																0	0	104	17	0	sound/data/pcm/c12/h/00_00.unity3d	h_ai_12_02_182	ん、あっ……気持ち、いい……																0	0	204	17
186	0																			0	0	7	17	0																			0	0	7	17	0	sound/data/pcm/c12/h/00_00.unity3d	h_ai_12_02_183	もう……イク……																0	0	107	17	0	sound/data/pcm/c12/h/00_00.unity3d	h_ai_12_02_183	もう……イク……																0	0	207	17
187	0																			0	0	7	17	0																			0	0	7	17	0	sound/data/pcm/c12/h/00_00.unity3d	h_ai_12_02_184	あっ……奥から……来てる……																0	0	107	17	0	sound/data/pcm/c12/h/00_00.unity3d	h_ai_12_02_184	あっ……奥から……来てる……																0	0	207	17
188	0																			0	0	8	0	0																			0	0	8	0	0	sound/data/pcm/c12/h/00_00.unity3d	h_ai_12_02_185	んんん……っ（声を押し殺しながら絶頂）																0	0	108	0	0	sound/data/pcm/c12/h/00_00.unity3d	h_ai_12_02_185	んんん……っ（声を押し殺しながら絶頂）																0	0	208	0
189	0																			0	0	9	17	0																			0	0	9	17	0	sound/data/pcm/c12/h/00_00.unity3d	h_ai_12_02_186	はぁ……凄い、スリルがあったな……																0	0	109	17	0	sound/data/pcm/c12/h/00_00.unity3d	h_ai_12_02_186	はぁ……凄い、スリルがあったな……																0	0	209	17
190	0																			0	0	9	17	0																			0	0	9	17	0	sound/data/pcm/c12/h/00_00.unity3d	h_ai_12_02_187	ん……ぎりぎり……ぎりぎり、堪えられたぞ……																0	0	109	17	0	sound/data/pcm/c12/h/00_00.unity3d	h_ai_12_02_187	ん……ぎりぎり……ぎりぎり、堪えられたぞ……																0	0	209	17
191	0	sound/data/pcm/c12/h/00_00.unity3d	h_ai_12_01_188	（開始,勉強中）よしっ……残りもこの調子で……																0	0	0	17	0	sound/data/pcm/c12/h/00_00.unity3d	h_ai_12_01_188	（開始,勉強中）よしっ……残りもこの調子で……																0	0	0	17	0	sound/data/pcm/c12/h/00_00.unity3d	h_ai_12_01_188	（開始,勉強中）よしっ……残りもこの調子で……																0	0	100	17	0	sound/data/pcm/c12/h/00_00.unity3d	h_ai_12_01_188	（開始,勉強中）よしっ……残りもこの調子で……																0	0	200	17
192	0	sound/data/pcm/c12/h/00_00.unity3d	h_ai_12_01_189	ひゃっ！　ぇっ、なっ……何してるんだ……？																0	0	4	17	0	sound/data/pcm/c12/h/00_00.unity3d	h_ai_12_01_189	ひゃっ！　ぇっ、なっ……何してるんだ……？																0	0	4	17	0	sound/data/pcm/c12/h/00_00.unity3d	h_ai_12_02_189	んにゃっ……！　急になんだ……？																0	0	104	17	0	sound/data/pcm/c12/h/00_00.unity3d	h_ai_12_02_189	んにゃっ……！　急になんだ……？																0	0	204	17
193	0	sound/data/pcm/c12/h/00_00.unity3d	h_ai_12_01_190	ちょっ……んあっ……																0	0	4	17	0	sound/data/pcm/c12/h/00_00.unity3d	h_ai_12_01_190	ちょっ……んあっ……																0	0	4	17	0	sound/data/pcm/c12/h/00_00.unity3d	h_ai_12_02_190	そこは……んんぅ……																0	0	104	17	0	sound/data/pcm/c12/h/00_00.unity3d	h_ai_12_02_190	そこは……んんぅ……																0	0	204	17
194	0	sound/data/pcm/c12/h/00_00.unity3d	h_ai_12_01_191	んぁ……声……出ちゃうだろ……																0	0	4	17	0	sound/data/pcm/c12/h/00_00.unity3d	h_ai_12_01_191	んぁ……声……出ちゃうだろ……																0	0	4	17	0	sound/data/pcm/c12/h/00_00.unity3d	h_ai_12_02_191	んあっ……このヘンタイめ……感じちゃうだろ……																0	0	104	17	0	sound/data/pcm/c12/h/00_00.unity3d	h_ai_12_02_191	んあっ……このヘンタイめ……感じちゃうだろ……																0	0	204	17
195	0	sound/data/pcm/c12/h/00_00.unity3d	h_ai_12_01_192	あっ、ん……くすぐったいって……																0	0	4	17	0	sound/data/pcm/c12/h/00_00.unity3d	h_ai_12_01_192	あっ、ん……くすぐったいって……																0	0	4	17	0	sound/data/pcm/c12/h/00_00.unity3d	h_ai_12_02_192	ん……終わるまで、待てって……																0	0	104	17	0	sound/data/pcm/c12/h/00_00.unity3d	h_ai_12_02_192	ん……終わるまで、待てって……																0	0	204	17
196	0	sound/data/pcm/c12/h/00_00.unity3d	h_ai_12_01_193	んあっ、こ、こらぁ……やめっ……																0	0	4	17	0	sound/data/pcm/c12/h/00_00.unity3d	h_ai_12_01_193	んあっ、こ、こらぁ……やめっ……																0	0	4	17	0	sound/data/pcm/c12/h/00_00.unity3d	h_ai_12_02_193	ダメ……その気に、なっちゃうから……																0	0	104	17	0	sound/data/pcm/c12/h/00_00.unity3d	h_ai_12_02_193	ダメ……その気に、なっちゃうから……																0	0	204	17
197	0	sound/data/pcm/c12/h/00_00.unity3d	h_ai_12_01_194	今は……ダメだって……																0	0	4	17	0	sound/data/pcm/c12/h/00_00.unity3d	h_ai_12_01_194	今は……ダメだって……																0	0	4	17	0	sound/data/pcm/c12/h/00_00.unity3d	h_ai_12_02_194	あぁん……ヘンタイ、だなっ……																0	0	104	17	0	sound/data/pcm/c12/h/00_00.unity3d	h_ai_12_02_194	あぁん……ヘンタイ、だなっ……																0	0	204	17
198	0	sound/data/pcm/c12/h/00_00.unity3d	h_ai_12_01_195	（拒否して外される）いい加減にしろってっ																0	0	6	17	0	sound/data/pcm/c12/h/00_00.unity3d	h_ai_12_01_195	（拒否して外される）いい加減にしろってっ																0	0	6	17	0																			0	0	106	17	0																			0	0	206	17
199	0	sound/data/pcm/c12/h/00_00.unity3d	h_ai_12_01_196	ん、調子乗りすぎたぞ																0	0	6	17	0	sound/data/pcm/c12/h/00_00.unity3d	h_ai_12_01_196	ん、調子乗りすぎたぞ																0	0	6	17	0																			0	0	106	17	0																			0	0	206	17
200	0	sound/data/pcm/c12/h/00_00.unity3d	h_ai_12_01_197	あっ、ダメ……くる……																0	0	7	17	0	sound/data/pcm/c12/h/00_00.unity3d	h_ai_12_01_197	あっ、ダメ……くる……																0	0	7	17	0	sound/data/pcm/c12/h/00_00.unity3d	h_ai_12_02_197	あっ、もう……イッちゃう……																0	0	107	17	0	sound/data/pcm/c12/h/00_00.unity3d	h_ai_12_02_197	あっ、もう……イッちゃう……																0	0	207	17
201	0	sound/data/pcm/c12/h/00_00.unity3d	h_ai_12_01_198	んん……あたし、もう……																0	0	7	17	0	sound/data/pcm/c12/h/00_00.unity3d	h_ai_12_01_198	んん……あたし、もう……																0	0	7	17	0	sound/data/pcm/c12/h/00_00.unity3d	h_ai_12_02_198	んあ……すぐ、そこまで……きて……																0	0	107	17	0	sound/data/pcm/c12/h/00_00.unity3d	h_ai_12_02_198	んあ……すぐ、そこまで……きて……																0	0	207	17
202	0	sound/data/pcm/c12/h/00_00.unity3d	h_ai_12_02_185	※本棚対面愛撫（こそこそ）の絶頂と同じ																0	0	8	0	0	sound/data/pcm/c12/h/00_00.unity3d	h_ai_12_02_185	※本棚対面愛撫（こそこそ）の絶頂と同じ																0	0	8	0	0	sound/data/pcm/c12/h/00_00.unity3d	h_ai_12_02_185	※本棚対面愛撫（こそこそ）の絶頂と同じ																0	0	108	0	0	sound/data/pcm/c12/h/00_00.unity3d	h_ai_12_02_185	※本棚対面愛撫（こそこそ）の絶頂と同じ																0	0	208	0
203	0	sound/data/pcm/c12/h/00_00.unity3d	h_ai_12_01_199	うぅ～……男って奴は……まったく……																0	0	9	17	0	sound/data/pcm/c12/h/00_00.unity3d	h_ai_12_01_199	うぅ～……男って奴は……まったく……																0	0	9	17	0	sound/data/pcm/c12/h/00_00.unity3d	h_ai_12_02_199	まったく……こんなイタズラ、本当はよくないんだからな																0	0	109	17	0	sound/data/pcm/c12/h/00_00.unity3d	h_ai_12_02_199	まったく……こんなイタズラ、本当はよくないんだからな																0	0	209	17
204	0	sound/data/pcm/c12/h/00_00.unity3d	h_ai_12_01_200	ん、は……このぉ～……楽しげな顔しやがって……																0	0	9	17	0	sound/data/pcm/c12/h/00_00.unity3d	h_ai_12_01_200	ん、は……このぉ～……楽しげな顔しやがって……																0	0	9	17	0	sound/data/pcm/c12/h/00_00.unity3d	h_ai_12_02_200	ん……仕返しにイタズラしようと思ったが……ご褒美にしかならなそうだな……																0	0	109	17	0	sound/data/pcm/c12/h/00_00.unity3d	h_ai_12_02_200	ん……仕返しにイタズラしようと思ったが……ご褒美にしかならなそうだな……																0	0	209	17
