0	0	sound/data/pcm/c05/h/00_00.unity3d	h_hh_05_02_008	気持ちいいかな？																0	0	0	0	0	sound/data/pcm/c05/h/00_00.unity3d	h_hh_05_02_008	気持ちいいかな？																0	0	0	0	0	sound/data/pcm/c05/h/00_00.unity3d	h_hh_05_02_008	気持ちいいかな？																0	0	100	0	0	sound/data/pcm/c05/h/00_00.unity3d	h_hh_05_02_008	気持ちいいかな？																0	0	200	0
1	0	sound/data/pcm/c05/h/00_00.unity3d	h_hh_05_02_024	気持ちいいでしょ。ふふっ、ビクビクしてるのがわかるよ																0	0	0	0	0	sound/data/pcm/c05/h/00_00.unity3d	h_hh_05_02_024	気持ちいいでしょ。ふふっ、ビクビクしてるのがわかるよ																0	0	0	0	0	sound/data/pcm/c05/h/00_00.unity3d	h_hh_05_02_024	気持ちいいでしょ。ふふっ、ビクビクしてるのがわかるよ																0	0	100	0	0	sound/data/pcm/c05/h/00_00.unity3d	h_hh_05_02_024	気持ちいいでしょ。ふふっ、ビクビクしてるのがわかるよ																0	0	200	0
2	0	sound/data/pcm/c05/h/00_00.unity3d	h_hh_05_03_007	気持ちいい？　もっと強くしてあげようか？																0	0	0	0	0	sound/data/pcm/c05/h/00_00.unity3d	h_hh_05_03_007	気持ちいい？　もっと強くしてあげようか？																0	0	0	0	0	sound/data/pcm/c05/h/00_00.unity3d	h_hh_05_03_007	気持ちいい？　もっと強くしてあげようか？																0	0	100	0	0	sound/data/pcm/c05/h/00_00.unity3d	h_hh_05_03_007	気持ちいい？　もっと強くしてあげようか？																0	0	200	0
3	0	sound/data/pcm/c05/h/10_00.unity3d	h_hh_05_03_019	ふふっ、気持ちいいって顔してる★																0	0	0	0	0	sound/data/pcm/c05/h/10_00.unity3d	h_hh_05_03_019	ふふっ、気持ちいいって顔してる★																0	0	0	0	0	sound/data/pcm/c05/h/10_00.unity3d	h_hh_05_03_019	ふふっ、気持ちいいって顔してる★																0	0	100	0	0	sound/data/pcm/c05/h/10_00.unity3d	h_hh_05_03_019	ふふっ、気持ちいいって顔してる★																0	0	200	0
4	0	sound/data/pcm/c05/h/00_00.unity3d	h_hh_05_02_010	どう？　れろっ、気持ちいいでしょ？　ぴちゃ																0	0	1	0	0	sound/data/pcm/c05/h/00_00.unity3d	h_hh_05_02_010	どう？　れろっ、気持ちいいでしょ？　ぴちゃ																0	0	1	0	0	sound/data/pcm/c05/h/00_00.unity3d	h_hh_05_02_010	どう？　れろっ、気持ちいいでしょ？　ぴちゃ																0	0	101	0	0	sound/data/pcm/c05/h/00_00.unity3d	h_hh_05_02_010	どう？　れろっ、気持ちいいでしょ？　ぴちゃ																0	0	201	0
5	0	sound/data/pcm/c05/h/00_00.unity3d	h_hh_05_02_033	れろ…れろ…舐めるたびに揺れてるね、気持ちいい？																0	0	1	0	0	sound/data/pcm/c05/h/00_00.unity3d	h_hh_05_02_033	れろ…れろ…舐めるたびに揺れてるね、気持ちいい？																0	0	1	0	0	sound/data/pcm/c05/h/00_00.unity3d	h_hh_05_02_033	れろ…れろ…舐めるたびに揺れてるね、気持ちいい？																0	0	101	0	0	sound/data/pcm/c05/h/00_00.unity3d	h_hh_05_02_033	れろ…れろ…舐めるたびに揺れてるね、気持ちいい？																0	0	201	0
6	0	sound/data/pcm/c05/h/00_00.unity3d	h_hh_05_02_035	ぴちゃぴちゃ、れろれろ……気持ちよくできてるでしょ？																0	0	1	0	0	sound/data/pcm/c05/h/00_00.unity3d	h_hh_05_02_035	ぴちゃぴちゃ、れろれろ……気持ちよくできてるでしょ？																0	0	1	0	0	sound/data/pcm/c05/h/00_00.unity3d	h_hh_05_02_035	ぴちゃぴちゃ、れろれろ……気持ちよくできてるでしょ？																0	0	101	0	0	sound/data/pcm/c05/h/00_00.unity3d	h_hh_05_02_035	ぴちゃぴちゃ、れろれろ……気持ちよくできてるでしょ？																0	0	201	0
7	0	sound/data/pcm/c05/h/00_00.unity3d	h_hh_05_03_012	ぴちゃぴちゃ、私の舌でそんなに感じちゃうんだ？																0	0	1	0	0	sound/data/pcm/c05/h/00_00.unity3d	h_hh_05_03_012	ぴちゃぴちゃ、私の舌でそんなに感じちゃうんだ？																0	0	1	0	0	sound/data/pcm/c05/h/00_00.unity3d	h_hh_05_03_012	ぴちゃぴちゃ、私の舌でそんなに感じちゃうんだ？																0	0	101	0	0	sound/data/pcm/c05/h/00_00.unity3d	h_hh_05_03_012	ぴちゃぴちゃ、私の舌でそんなに感じちゃうんだ？																0	0	201	0
8	0	sound/data/pcm/c05/h/00_00.unity3d	h_ai_05_02_019	あっ感じちゃう……																0	0	2	0	0	sound/data/pcm/c05/h/00_00.unity3d	h_ai_05_02_019	あっ感じちゃう……																0	0	2	0	0	sound/data/pcm/c05/h/00_00.unity3d	h_ai_05_02_019	あっ感じちゃう……																0	0	102	0	0	sound/data/pcm/c05/h/00_00.unity3d	h_ai_05_02_019	あっ感じちゃう……																0	0	202	0
9	0	sound/data/pcm/c05/h/00_00.unity3d	h_ai_05_02_022	あっ、気持ちいい……																0	0	2	0	0	sound/data/pcm/c05/h/00_00.unity3d	h_ai_05_02_022	あっ、気持ちいい……																0	0	2	0	0	sound/data/pcm/c05/h/00_00.unity3d	h_ai_05_02_022	あっ、気持ちいい……																0	0	102	0	0	sound/data/pcm/c05/h/00_00.unity3d	h_ai_05_02_022	あっ、気持ちいい……																0	0	202	0
10	0	sound/data/pcm/c05/h/00_00.unity3d	h_ai_05_02_045	いいよぉ……																0	0	2	0	0	sound/data/pcm/c05/h/00_00.unity3d	h_ai_05_02_045	いいよぉ……																0	0	2	0	0	sound/data/pcm/c05/h/00_00.unity3d	h_ai_05_02_045	いいよぉ……																0	0	102	0	0	sound/data/pcm/c05/h/00_00.unity3d	h_ai_05_02_045	いいよぉ……																0	0	202	0
11	0	sound/data/pcm/c05/h/00_00.unity3d	h_ai_05_03_022	んん、そこぉ……																0	0	2	0	0	sound/data/pcm/c05/h/00_00.unity3d	h_ai_05_03_022	んん、そこぉ……																0	0	2	0	0	sound/data/pcm/c05/h/00_00.unity3d	h_ai_05_03_022	んん、そこぉ……																0	0	102	0	0	sound/data/pcm/c05/h/00_00.unity3d	h_ai_05_03_022	んん、そこぉ……																0	0	202	0
12	0	sound/data/pcm/c05/h/00_00.unity3d	h_ai_05_02_080	いっぱい私を舐めて……																0	0	2	0	0	sound/data/pcm/c05/h/00_00.unity3d	h_ai_05_02_080	いっぱい私を舐めて……																0	0	2	0	0	sound/data/pcm/c05/h/00_00.unity3d	h_ai_05_02_080	いっぱい私を舐めて……																0	0	102	0	0	sound/data/pcm/c05/h/00_00.unity3d	h_ai_05_02_080	いっぱい私を舐めて……																0	0	202	0
13	0	sound/data/pcm/c05/h/00_00.unity3d	h_ai_05_02_084	あぁんっ、舌でおまんこ……感じちゃうよぉ……																0	0	2	0	0	sound/data/pcm/c05/h/00_00.unity3d	h_ai_05_02_084	あぁんっ、舌でおまんこ……感じちゃうよぉ……																0	0	2	0	0	sound/data/pcm/c05/h/00_00.unity3d	h_ai_05_02_084	あぁんっ、舌でおまんこ……感じちゃうよぉ……																0	0	102	0	0	sound/data/pcm/c05/h/00_00.unity3d	h_ai_05_02_084	あぁんっ、舌でおまんこ……感じちゃうよぉ……																0	0	202	0
14	0	sound/data/pcm/c05/h/00_00.unity3d	h_ai_05_03_078	もっと、唾液でべとべとにしてぇ……！																0	0	2	0	0	sound/data/pcm/c05/h/00_00.unity3d	h_ai_05_03_078	もっと、唾液でべとべとにしてぇ……！																0	0	2	0	0	sound/data/pcm/c05/h/00_00.unity3d	h_ai_05_03_078	もっと、唾液でべとべとにしてぇ……！																0	0	102	0	0	sound/data/pcm/c05/h/00_00.unity3d	h_ai_05_03_078	もっと、唾液でべとべとにしてぇ……！																0	0	202	0
15	0	sound/data/pcm/c05/h/00_00.unity3d	h_ai_05_03_084	おまんこ舐められるの……気持ちいいよぉ……！																0	0	2	0	0	sound/data/pcm/c05/h/00_00.unity3d	h_ai_05_03_084	おまんこ舐められるの……気持ちいいよぉ……！																0	0	2	0	0	sound/data/pcm/c05/h/00_00.unity3d	h_ai_05_03_084	おまんこ舐められるの……気持ちいいよぉ……！																0	0	102	0	0	sound/data/pcm/c05/h/00_00.unity3d	h_ai_05_03_084	おまんこ舐められるの……気持ちいいよぉ……！																0	0	202	0
16	0	sound/data/pcm/c05/h/00_00.unity3d	h_hh_05_00_121	舐める度にビクビクしてるね。　もうすぐイキそう？																0	0	4	0	0	sound/data/pcm/c05/h/00_00.unity3d	h_hh_05_00_121	舐める度にビクビクしてるね。　もうすぐイキそう？																0	0	4	0	0	sound/data/pcm/c05/h/00_00.unity3d	h_hh_05_00_121	舐める度にビクビクしてるね。　もうすぐイキそう？																0	0	104	0	0	sound/data/pcm/c05/h/00_00.unity3d	h_hh_05_00_121	舐める度にビクビクしてるね。　もうすぐイキそう？																0	0	204	0
17	0	sound/data/pcm/c05/h/00_00.unity3d	h_hh_05_03_068	れろっ、ちゅるる……我慢は毒だよ……？　ちゅるる……																0	0	4	0	0	sound/data/pcm/c05/h/00_00.unity3d	h_hh_05_03_068	れろっ、ちゅるる……我慢は毒だよ……？　ちゅるる……																0	0	4	0	0	sound/data/pcm/c05/h/00_00.unity3d	h_hh_05_03_068	れろっ、ちゅるる……我慢は毒だよ……？　ちゅるる……																0	0	104	0	0	sound/data/pcm/c05/h/00_00.unity3d	h_hh_05_03_068	れろっ、ちゅるる……我慢は毒だよ……？　ちゅるる……																0	0	204	0
18	0	sound/data/pcm/c05/h/00_00.unity3d	h_so_05_02_220	やだぁ！　頭の中火花バチバチいってるぅ！																0	0	3	0	0	sound/data/pcm/c05/h/00_00.unity3d	h_so_05_02_220	やだぁ！　頭の中火花バチバチいってるぅ！																0	0	3	0	0	sound/data/pcm/c05/h/00_00.unity3d	h_so_05_02_220	やだぁ！　頭の中火花バチバチいってるぅ！																0	0	103	0	0	sound/data/pcm/c05/h/00_00.unity3d	h_so_05_02_220	やだぁ！　頭の中火花バチバチいってるぅ！																0	0	203	0
19	0	sound/data/pcm/c05/h/00_00.unity3d	h_so_05_02_228	よ、予感……感じるっ！　あなたと宇宙昇るっ！　予感ん！																0	0	3	0	0	sound/data/pcm/c05/h/00_00.unity3d	h_so_05_02_228	よ、予感……感じるっ！　あなたと宇宙昇るっ！　予感ん！																0	0	3	0	0	sound/data/pcm/c05/h/00_00.unity3d	h_so_05_02_228	よ、予感……感じるっ！　あなたと宇宙昇るっ！　予感ん！																0	0	103	0	0	sound/data/pcm/c05/h/00_00.unity3d	h_so_05_02_228	よ、予感……感じるっ！　あなたと宇宙昇るっ！　予感ん！																0	0	203	0
20	0	sound/data/pcm/c05/h/00_00.unity3d	h_so_05_00_245	イく？　イくのぉ？　一緒にイこうよぉ？																0	0	5	0	0	sound/data/pcm/c05/h/00_00.unity3d	h_so_05_00_245	イく？　イくのぉ？　一緒にイこうよぉ？																0	0	5	0	0	sound/data/pcm/c05/h/00_00.unity3d	h_so_05_00_245	イく？　イくのぉ？　一緒にイこうよぉ？																0	0	105	0	0	sound/data/pcm/c05/h/00_00.unity3d	h_so_05_00_245	イく？　イくのぉ？　一緒にイこうよぉ？																0	0	205	0
21	0	sound/data/pcm/c05/h/00_00.unity3d	h_so_05_02_105	あうっ！　あうっ！　ひゃううん！　もう、わたしダメぇ！　一緒にダメになってぇ！																0	0	5	0	0	sound/data/pcm/c05/h/00_00.unity3d	h_so_05_02_105	あうっ！　あうっ！　ひゃううん！　もう、わたしダメぇ！　一緒にダメになってぇ！																0	0	5	0	0	sound/data/pcm/c05/h/00_00.unity3d	h_so_05_02_105	あうっ！　あうっ！　ひゃううん！　もう、わたしダメぇ！　一緒にダメになってぇ！																0	0	105	0	0	sound/data/pcm/c05/h/00_00.unity3d	h_so_05_02_105	あうっ！　あうっ！　ひゃううん！　もう、わたしダメぇ！　一緒にダメになってぇ！																0	0	205	0
22	0	sound/data/pcm/c05/h/00_00.unity3d	h_ai_05_02_097	あんっ！　そろそろイキそう……！　イっちゃう！																0	0	5	0	0	sound/data/pcm/c05/h/00_00.unity3d	h_ai_05_02_097	あんっ！　そろそろイキそう……！　イっちゃう！																0	0	5	0	0	sound/data/pcm/c05/h/00_00.unity3d	h_ai_05_02_097	あんっ！　そろそろイキそう……！　イっちゃう！																0	0	105	0	0	sound/data/pcm/c05/h/00_00.unity3d	h_ai_05_02_097	あんっ！　そろそろイキそう……！　イっちゃう！																0	0	205	0
23	0	sound/data/pcm/c05/h/00_00.unity3d	h_ai_05_02_099	んっ、気持ちよすぎて……あっ、あぁん……あっ！																0	0	5	0	0	sound/data/pcm/c05/h/00_00.unity3d	h_ai_05_02_099	んっ、気持ちよすぎて……あっ、あぁん……あっ！																0	0	5	0	0	sound/data/pcm/c05/h/00_00.unity3d	h_ai_05_02_099	んっ、気持ちよすぎて……あっ、あぁん……あっ！																0	0	105	0	0	sound/data/pcm/c05/h/00_00.unity3d	h_ai_05_02_099	んっ、気持ちよすぎて……あっ、あぁん……あっ！																0	0	205	0
24	0	sound/data/pcm/c05/h/00_00.unity3d	h_on_05_02_013	0																0	0	6	0	0	sound/data/pcm/c05/h/00_00.unity3d	h_on_05_02_013	0																0	0	6	0	0	sound/data/pcm/c05/h/00_00.unity3d	h_on_05_02_013	0																0	0	106	0	0	sound/data/pcm/c05/h/00_00.unity3d	h_on_05_02_013	0																0	0	206	0
25	0	sound/data/pcm/c05/h/00_00.unity3d	h_on_05_03_013	0																0	0	6	0	0	sound/data/pcm/c05/h/00_00.unity3d	h_on_05_03_013	0																0	0	6	0	0	sound/data/pcm/c05/h/00_00.unity3d	h_on_05_03_013	0																0	0	106	0	0	sound/data/pcm/c05/h/00_00.unity3d	h_on_05_03_013	0																0	0	206	0
26	0	sound/data/pcm/c05/h/00_00.unity3d	h_so_05_00_128	0																0	0	6	0	0	sound/data/pcm/c05/h/00_00.unity3d	h_so_05_00_128	0																0	0	6	0	0	sound/data/pcm/c05/h/00_00.unity3d	h_so_05_00_128	0																0	0	106	0	0	sound/data/pcm/c05/h/00_00.unity3d	h_so_05_00_128	0																0	0	206	0
27	0	sound/data/pcm/c05/h/00_00.unity3d	h_so_05_00_269	0																0	0	6	0	0	sound/data/pcm/c05/h/00_00.unity3d	h_so_05_00_269	0																0	0	6	0	0	sound/data/pcm/c05/h/00_00.unity3d	h_so_05_00_269	0																0	0	106	0	0	sound/data/pcm/c05/h/00_00.unity3d	h_so_05_00_269	0																0	0	206	0
28	0	sound/data/pcm/c05/h/00_00.unity3d	h_so_05_02_131	ふううぅん……ふうっ……ふう……ふっ、二人の体、バッチリだよぉ……！																0	0	7	0	0	sound/data/pcm/c05/h/00_00.unity3d	h_so_05_02_131	ふううぅん……ふうっ……ふう……ふっ、二人の体、バッチリだよぉ……！																0	0	7	0	0	sound/data/pcm/c05/h/00_00.unity3d	h_so_05_02_131	ふううぅん……ふうっ……ふう……ふっ、二人の体、バッチリだよぉ……！																0	0	107	0	0	sound/data/pcm/c05/h/00_00.unity3d	h_so_05_02_131	ふううぅん……ふうっ……ふう……ふっ、二人の体、バッチリだよぉ……！																0	0	207	0
29	0	sound/data/pcm/c05/h/00_00.unity3d	h_so_05_02_134	わたしとあなた……今、最高の時間、共有できたね？　……ね？																0	0	7	0	0	sound/data/pcm/c05/h/00_00.unity3d	h_so_05_02_134	わたしとあなた……今、最高の時間、共有できたね？　……ね？																0	0	7	0	0	sound/data/pcm/c05/h/00_00.unity3d	h_so_05_02_134	わたしとあなた……今、最高の時間、共有できたね？　……ね？																0	0	107	0	0	sound/data/pcm/c05/h/00_00.unity3d	h_so_05_02_134	わたしとあなた……今、最高の時間、共有できたね？　……ね？																0	0	207	0
30	0	sound/data/pcm/c05/h/00_00.unity3d	h_ai_05_01_102	はぁ……はぁ……思いっきり、イっちゃった……																0	0	7	0	0	sound/data/pcm/c05/h/00_00.unity3d	h_ai_05_01_102	はぁ……はぁ……思いっきり、イっちゃった……																0	0	7	0	0	sound/data/pcm/c05/h/00_00.unity3d	h_ai_05_01_102	はぁ……はぁ……思いっきり、イっちゃった……																0	0	107	0	0	sound/data/pcm/c05/h/00_00.unity3d	h_ai_05_01_102	はぁ……はぁ……思いっきり、イっちゃった……																0	0	207	0
31	0	sound/data/pcm/c05/h/00_00.unity3d	h_ai_05_03_102	っはぁ……ありがとう……すごく、良かった……																0	0	7	0	0	sound/data/pcm/c05/h/00_00.unity3d	h_ai_05_03_102	っはぁ……ありがとう……すごく、良かった……																0	0	7	0	0	sound/data/pcm/c05/h/00_00.unity3d	h_ai_05_03_102	っはぁ……ありがとう……すごく、良かった……																0	0	107	0	0	sound/data/pcm/c05/h/00_00.unity3d	h_ai_05_03_102	っはぁ……ありがとう……すごく、良かった……																0	0	207	0
32	0	sound/data/pcm/c05/h/00_00.unity3d	h_so_05_02_182	また、したくなってる？　ふふ、いいよ																0	0	8	0	0	sound/data/pcm/c05/h/00_00.unity3d	h_so_05_02_182	また、したくなってる？　ふふ、いいよ																0	0	8	0	0	sound/data/pcm/c05/h/00_00.unity3d	h_so_05_02_182	また、したくなってる？　ふふ、いいよ																0	0	108	0	0	sound/data/pcm/c05/h/00_00.unity3d	h_so_05_02_182	また、したくなってる？　ふふ、いいよ																0	0	208	0
33	0	sound/data/pcm/c05/h/00_00.unity3d	h_so_05_00_158	え、えへへっ……気持ち、よかったみたいだね？　																0	0	8	0	0	sound/data/pcm/c05/h/00_00.unity3d	h_so_05_00_158	え、えへへっ……気持ち、よかったみたいだね？　																0	0	8	0	0	sound/data/pcm/c05/h/00_00.unity3d	h_so_05_00_158	え、えへへっ……気持ち、よかったみたいだね？　																0	0	108	0	0	sound/data/pcm/c05/h/00_00.unity3d	h_so_05_00_158	え、えへへっ……気持ち、よかったみたいだね？　																0	0	208	0
34	0	sound/data/pcm/c05/h/00_00.unity3d	h_so_05_02_183	あはっ、気持ちいいの、またしよ……？																0	0	8	0	0	sound/data/pcm/c05/h/00_00.unity3d	h_so_05_02_183	あはっ、気持ちいいの、またしよ……？																0	0	8	0	0	sound/data/pcm/c05/h/00_00.unity3d	h_so_05_02_183	あはっ、気持ちいいの、またしよ……？																0	0	108	0	0	sound/data/pcm/c05/h/00_00.unity3d	h_so_05_02_183	あはっ、気持ちいいの、またしよ……？																0	0	208	0
35	0	sound/data/pcm/c05/h/00_00.unity3d	h_so_05_03_182	あ……うぅ。まだ、火照ってるよ……																0	0	8	0	0	sound/data/pcm/c05/h/00_00.unity3d	h_so_05_03_182	あ……うぅ。まだ、火照ってるよ……																0	0	8	0	0	sound/data/pcm/c05/h/00_00.unity3d	h_so_05_03_182	あ……うぅ。まだ、火照ってるよ……																0	0	108	0	0	sound/data/pcm/c05/h/00_00.unity3d	h_so_05_03_182	あ……うぅ。まだ、火照ってるよ……																0	0	208	0
