0	0	sound/data/pcm/c13/h/00_00.unity3d	h_hh_13_01_004	これくらいで……うん、良さそうだね？																0	0	0	0	0	sound/data/pcm/c13/h/00_00.unity3d	h_hh_13_01_004	これくらいで……うん、良さそうだね？																0	0	0	0	0	sound/data/pcm/c13/h/00_00.unity3d	h_hh_13_01_004	これくらいで……うん、良さそうだね？																0	0	100	0	0	sound/data/pcm/c13/h/00_00.unity3d	h_hh_13_01_004	これくらいで……うん、良さそうだね？																0	0	200	0
1	0	sound/data/pcm/c13/h/00_00.unity3d	h_hh_13_00_007	早い方が好きなの？																0	0	0	0	0	sound/data/pcm/c13/h/00_00.unity3d	h_hh_13_00_007	早い方が好きなの？																0	0	0	0	0	sound/data/pcm/c13/h/00_00.unity3d	h_hh_13_00_007	早い方が好きなの？																0	0	100	0	0	sound/data/pcm/c13/h/00_00.unity3d	h_hh_13_00_007	早い方が好きなの？																0	0	200	0
2	0	sound/data/pcm/c13/h/10_00.unity3d	h_hh_13_01_021	んしょ……気持ちいいかな？★																0	0	0	0	0	sound/data/pcm/c13/h/10_00.unity3d	h_hh_13_01_021	んしょ……気持ちいいかな？★																0	0	0	0	0	sound/data/pcm/c13/h/10_00.unity3d	h_hh_13_01_021	んしょ……気持ちいいかな？★																0	0	100	0	0	sound/data/pcm/c13/h/10_00.unity3d	h_hh_13_01_021	んしょ……気持ちいいかな？★																0	0	200	0
3	0	sound/data/pcm/c13/h/00_00.unity3d	h_hh_13_02_006	どう？　んふふ～　気持ちいい？																0	0	0	0	0	sound/data/pcm/c13/h/00_00.unity3d	h_hh_13_02_006	どう？　んふふ～　気持ちいい？																0	0	0	0	0	sound/data/pcm/c13/h/00_00.unity3d	h_hh_13_02_006	どう？　んふふ～　気持ちいい？																0	0	100	0	0	sound/data/pcm/c13/h/00_00.unity3d	h_hh_13_02_006	どう？　んふふ～　気持ちいい？																0	0	200	0
4	0	sound/data/pcm/c13/h/00_00.unity3d	h_hh_13_02_009	れろれろ……いっ～ぱい舐めるからね																0	0	1	0	0	sound/data/pcm/c13/h/00_00.unity3d	h_hh_13_02_009	れろれろ……いっ～ぱい舐めるからね																0	0	1	0	0	sound/data/pcm/c13/h/00_00.unity3d	h_hh_13_02_009	れろれろ……いっ～ぱい舐めるからね																0	0	101	0	0	sound/data/pcm/c13/h/00_00.unity3d	h_hh_13_02_009	れろれろ……いっ～ぱい舐めるからね																0	0	201	0
5	0	sound/data/pcm/c13/h/00_00.unity3d	h_hh_13_02_026	れろっ……んちゅ、れろっ、……れろれろ……																0	0	1	0	0	sound/data/pcm/c13/h/00_00.unity3d	h_hh_13_02_026	れろっ……んちゅ、れろっ、……れろれろ……																0	0	1	0	0	sound/data/pcm/c13/h/00_00.unity3d	h_hh_13_02_026	れろっ……んちゅ、れろっ、……れろれろ……																0	0	101	0	0	sound/data/pcm/c13/h/00_00.unity3d	h_hh_13_02_026	れろっ……んちゅ、れろっ、……れろれろ……																0	0	201	0
6	0	sound/data/pcm/c13/h/00_00.unity3d	h_hh_13_03_009	あ……ちゅる……れろ、美味しいよぉ……																0	0	1	0	0	sound/data/pcm/c13/h/00_00.unity3d	h_hh_13_03_009	あ……ちゅる……れろ、美味しいよぉ……																0	0	1	0	0	sound/data/pcm/c13/h/00_00.unity3d	h_hh_13_03_009	あ……ちゅる……れろ、美味しいよぉ……																0	0	101	0	0	sound/data/pcm/c13/h/00_00.unity3d	h_hh_13_03_009	あ……ちゅる……れろ、美味しいよぉ……																0	0	201	0
7	0	sound/data/pcm/c13/h/10_00.unity3d	h_hh_13_03_036	んちゅ、じゅるる……んんっ、癖になる味……♪★																0	0	1	0	0	sound/data/pcm/c13/h/10_00.unity3d	h_hh_13_03_036	んちゅ、じゅるる……んんっ、癖になる味……♪★																0	0	1	0	0	sound/data/pcm/c13/h/10_00.unity3d	h_hh_13_03_036	んちゅ、じゅるる……んんっ、癖になる味……♪★																0	0	101	0	0	sound/data/pcm/c13/h/10_00.unity3d	h_hh_13_03_036	んちゅ、じゅるる……んんっ、癖になる味……♪★																0	0	201	0
8	0	sound/data/pcm/c13/h/00_00.unity3d	h_ai_13_02_020	んふふ～　アタシの身体、好きにしてぇ♪																0	0	2	0	0	sound/data/pcm/c13/h/00_00.unity3d	h_ai_13_02_020	んふふ～　アタシの身体、好きにしてぇ♪																0	0	2	0	0	sound/data/pcm/c13/h/00_00.unity3d	h_ai_13_02_020	んふふ～　アタシの身体、好きにしてぇ♪																0	0	102	0	0	sound/data/pcm/c13/h/00_00.unity3d	h_ai_13_02_020	んふふ～　アタシの身体、好きにしてぇ♪																0	0	202	0
9	0	sound/data/pcm/c13/h/00_00.unity3d	h_ai_13_02_021	どんどん、どんどん、昂ってきちゃってるぅ																0	0	2	0	0	sound/data/pcm/c13/h/00_00.unity3d	h_ai_13_02_021	どんどん、どんどん、昂ってきちゃってるぅ																0	0	2	0	0	sound/data/pcm/c13/h/00_00.unity3d	h_ai_13_02_021	どんどん、どんどん、昂ってきちゃってるぅ																0	0	102	0	0	sound/data/pcm/c13/h/00_00.unity3d	h_ai_13_02_021	どんどん、どんどん、昂ってきちゃってるぅ																0	0	202	0
10	0	sound/data/pcm/c13/h/00_00.unity3d	h_ai_13_02_022	ああんっ、どんどん感じてきちゃってるよぉ																0	0	2	0	0	sound/data/pcm/c13/h/00_00.unity3d	h_ai_13_02_022	ああんっ、どんどん感じてきちゃってるよぉ																0	0	2	0	0	sound/data/pcm/c13/h/00_00.unity3d	h_ai_13_02_022	ああんっ、どんどん感じてきちゃってるよぉ																0	0	102	0	0	sound/data/pcm/c13/h/00_00.unity3d	h_ai_13_02_022	ああんっ、どんどん感じてきちゃってるよぉ																0	0	202	0
11	0	sound/data/pcm/c13/h/00_00.unity3d	h_ai_13_02_025	あぁっ！　快感が止まらないのぉ！																0	0	2	0	0	sound/data/pcm/c13/h/00_00.unity3d	h_ai_13_02_025	あぁっ！　快感が止まらないのぉ！																0	0	2	0	0	sound/data/pcm/c13/h/00_00.unity3d	h_ai_13_02_025	あぁっ！　快感が止まらないのぉ！																0	0	102	0	0	sound/data/pcm/c13/h/00_00.unity3d	h_ai_13_02_025	あぁっ！　快感が止まらないのぉ！																0	0	202	0
12	0	sound/data/pcm/c13/h/00_00.unity3d	h_ai_13_02_165	ホントいぃ……マンコ、ぺろぺろされるのぉ、好きぃ……																0	0	2	0	0	sound/data/pcm/c13/h/00_00.unity3d	h_ai_13_02_165	ホントいぃ……マンコ、ぺろぺろされるのぉ、好きぃ……																0	0	2	0	0	sound/data/pcm/c13/h/00_00.unity3d	h_ai_13_02_165	ホントいぃ……マンコ、ぺろぺろされるのぉ、好きぃ……																0	0	102	0	0	sound/data/pcm/c13/h/00_00.unity3d	h_ai_13_02_165	ホントいぃ……マンコ、ぺろぺろされるのぉ、好きぃ……																0	0	202	0
13	0	sound/data/pcm/c13/h/00_00.unity3d	h_ai_13_03_084	ああっ！　マンコぉ……舐められるの、たまんな～い～																0	0	2	0	0	sound/data/pcm/c13/h/00_00.unity3d	h_ai_13_03_084	ああっ！　マンコぉ……舐められるの、たまんな～い～																0	0	2	0	0	sound/data/pcm/c13/h/00_00.unity3d	h_ai_13_03_084	ああっ！　マンコぉ……舐められるの、たまんな～い～																0	0	102	0	0	sound/data/pcm/c13/h/00_00.unity3d	h_ai_13_03_084	ああっ！　マンコぉ……舐められるの、たまんな～い～																0	0	202	0
14	0	sound/data/pcm/c13/h/00_00.unity3d	h_ai_13_03_162	もっとぉ、私をぉ……んっ・・・・・・っっ、舐め回してぇ……～																0	0	2	0	0	sound/data/pcm/c13/h/00_00.unity3d	h_ai_13_03_162	もっとぉ、私をぉ……んっ・・・・・・っっ、舐め回してぇ……～																0	0	2	0	0	sound/data/pcm/c13/h/00_00.unity3d	h_ai_13_03_162	もっとぉ、私をぉ……んっ・・・・・・っっ、舐め回してぇ……～																0	0	102	0	0	sound/data/pcm/c13/h/00_00.unity3d	h_ai_13_03_162	もっとぉ、私をぉ……んっ・・・・・・っっ、舐め回してぇ……～																0	0	202	0
15	0	sound/data/pcm/c13/h/00_00.unity3d	h_ai_13_03_165	ああんっ～　……お汁とぉ唾液でぇ……マンコぉ……ぐちょぐちょなのぉ……																0	0	2	0	0	sound/data/pcm/c13/h/00_00.unity3d	h_ai_13_03_165	ああんっ～　……お汁とぉ唾液でぇ……マンコぉ……ぐちょぐちょなのぉ……																0	0	2	0	0	sound/data/pcm/c13/h/00_00.unity3d	h_ai_13_03_165	ああんっ～　……お汁とぉ唾液でぇ……マンコぉ……ぐちょぐちょなのぉ……																0	0	102	0	0	sound/data/pcm/c13/h/00_00.unity3d	h_ai_13_03_165	ああんっ～　……お汁とぉ唾液でぇ……マンコぉ……ぐちょぐちょなのぉ……																0	0	202	0
16	0	sound/data/pcm/c13/h/00_00.unity3d	h_hh_13_00_069	れろ、ちゅる……れろれろ……んちゅ、すごく熱いよ～																0	0	4	0	0	sound/data/pcm/c13/h/00_00.unity3d	h_hh_13_00_069	れろ、ちゅる……れろれろ……んちゅ、すごく熱いよ～																0	0	4	0	0	sound/data/pcm/c13/h/00_00.unity3d	h_hh_13_00_069	れろ、ちゅる……れろれろ……んちゅ、すごく熱いよ～																0	0	104	0	0	sound/data/pcm/c13/h/00_00.unity3d	h_hh_13_00_069	れろ、ちゅる……れろれろ……んちゅ、すごく熱いよ～																0	0	204	0
17	0	sound/data/pcm/c13/h/00_00.unity3d	h_hh_13_02_070	我慢は……んちゅる……ちゅる……身体にぃ、毒だよ～　																0	0	4	0	0	sound/data/pcm/c13/h/00_00.unity3d	h_hh_13_02_070	我慢は……んちゅる……ちゅる……身体にぃ、毒だよ～　																0	0	4	0	0	sound/data/pcm/c13/h/00_00.unity3d	h_hh_13_02_070	我慢は……んちゅる……ちゅる……身体にぃ、毒だよ～　																0	0	104	0	0	sound/data/pcm/c13/h/00_00.unity3d	h_hh_13_02_070	我慢は……んちゅる……ちゅる……身体にぃ、毒だよ～　																0	0	204	0
18	0	sound/data/pcm/c13/h/00_00.unity3d	h_so_13_02_063	んぁっ……ぁんっ……は、激しい……激しすぎるかもぉ……！																0	0	3	0	0	sound/data/pcm/c13/h/00_00.unity3d	h_so_13_02_063	んぁっ……ぁんっ……は、激しい……激しすぎるかもぉ……！																0	0	3	0	0	sound/data/pcm/c13/h/00_00.unity3d	h_so_13_02_063	んぁっ……ぁんっ……は、激しい……激しすぎるかもぉ……！																0	0	103	0	0	sound/data/pcm/c13/h/00_00.unity3d	h_so_13_02_063	んぁっ……ぁんっ……は、激しい……激しすぎるかもぉ……！																0	0	203	0
19	0	sound/data/pcm/c13/h/00_00.unity3d	h_so_13_02_073	あぁっ……んぁっ……ら、らめぇ……キモチよすぎてぇ、いやらしい声がでちゃう																0	0	3	0	0	sound/data/pcm/c13/h/00_00.unity3d	h_so_13_02_073	あぁっ……んぁっ……ら、らめぇ……キモチよすぎてぇ、いやらしい声がでちゃう																0	0	3	0	0	sound/data/pcm/c13/h/00_00.unity3d	h_so_13_02_073	あぁっ……んぁっ……ら、らめぇ……キモチよすぎてぇ、いやらしい声がでちゃう																0	0	103	0	0	sound/data/pcm/c13/h/00_00.unity3d	h_so_13_02_073	あぁっ……んぁっ……ら、らめぇ……キモチよすぎてぇ、いやらしい声がでちゃう																0	0	203	0
20	0	sound/data/pcm/c13/h/00_00.unity3d	h_so_13_00_244	一緒にイケるの……アタシたち……ホント息がぴったり……！																0	0	5	0	0	sound/data/pcm/c13/h/00_00.unity3d	h_so_13_00_244	一緒にイケるの……アタシたち……ホント息がぴったり……！																0	0	5	0	0	sound/data/pcm/c13/h/00_00.unity3d	h_so_13_00_244	一緒にイケるの……アタシたち……ホント息がぴったり……！																0	0	105	0	0	sound/data/pcm/c13/h/00_00.unity3d	h_so_13_00_244	一緒にイケるの……アタシたち……ホント息がぴったり……！																0	0	205	0
21	0	sound/data/pcm/c13/h/00_00.unity3d	h_so_13_01_105	い、一緒に……！　あああっ！　イッちゃう！！																0	0	5	0	0	sound/data/pcm/c13/h/00_00.unity3d	h_so_13_01_105	い、一緒に……！　あああっ！　イッちゃう！！																0	0	5	0	0	sound/data/pcm/c13/h/00_00.unity3d	h_so_13_01_105	い、一緒に……！　あああっ！　イッちゃう！！																0	0	105	0	0	sound/data/pcm/c13/h/00_00.unity3d	h_so_13_01_105	い、一緒に……！　あああっ！　イッちゃう！！																0	0	205	0
22	0	sound/data/pcm/c13/h/00_00.unity3d	h_ai_13_02_099	あんっ……ああ……！　イイ……！　すっごいの来るぅ～																0	0	5	0	0	sound/data/pcm/c13/h/00_00.unity3d	h_ai_13_02_099	あんっ……ああ……！　イイ……！　すっごいの来るぅ～																0	0	5	0	0	sound/data/pcm/c13/h/00_00.unity3d	h_ai_13_02_099	あんっ……ああ……！　イイ……！　すっごいの来るぅ～																0	0	105	0	0	sound/data/pcm/c13/h/00_00.unity3d	h_ai_13_02_099	あんっ……ああ……！　イイ……！　すっごいの来るぅ～																0	0	205	0
23	0	sound/data/pcm/c13/h/00_00.unity3d	h_ai_13_03_098	あっ、あっ、あぁ……アタシ、イきそうなのぉ……																0	0	5	0	0	sound/data/pcm/c13/h/00_00.unity3d	h_ai_13_03_098	あっ、あっ、あぁ……アタシ、イきそうなのぉ……																0	0	5	0	0	sound/data/pcm/c13/h/00_00.unity3d	h_ai_13_03_098	あっ、あっ、あぁ……アタシ、イきそうなのぉ……																0	0	105	0	0	sound/data/pcm/c13/h/00_00.unity3d	h_ai_13_03_098	あっ、あっ、あぁ……アタシ、イきそうなのぉ……																0	0	205	0
24	0	sound/data/pcm/c13/h/00_00.unity3d	h_so_13_00_127	0																0	0	6	0	0	sound/data/pcm/c13/h/00_00.unity3d	h_so_13_00_127	0																0	0	6	0	0	sound/data/pcm/c13/h/00_00.unity3d	h_so_13_00_127	0																0	0	106	0	0	sound/data/pcm/c13/h/00_00.unity3d	h_so_13_00_127	0																0	0	206	0
25	0	sound/data/pcm/c13/h/00_00.unity3d	h_on_13_02_013	0																0	0	6	0	0	sound/data/pcm/c13/h/00_00.unity3d	h_on_13_02_013	0																0	0	6	0	0	sound/data/pcm/c13/h/00_00.unity3d	h_on_13_02_013	0																0	0	106	0	0	sound/data/pcm/c13/h/00_00.unity3d	h_on_13_02_013	0																0	0	206	0
26	0	sound/data/pcm/c13/h/00_00.unity3d	h_so_13_02_127	0																0	0	6	0	0	sound/data/pcm/c13/h/00_00.unity3d	h_so_13_02_127	0																0	0	6	0	0	sound/data/pcm/c13/h/00_00.unity3d	h_so_13_02_127	0																0	0	106	0	0	sound/data/pcm/c13/h/00_00.unity3d	h_so_13_02_127	0																0	0	206	0
27	0	sound/data/pcm/c13/h/00_00.unity3d	h_on_13_03_013	0																0	0	6	0	0	sound/data/pcm/c13/h/00_00.unity3d	h_on_13_03_013	0																0	0	6	0	0	sound/data/pcm/c13/h/00_00.unity3d	h_on_13_03_013	0																0	0	106	0	0	sound/data/pcm/c13/h/00_00.unity3d	h_on_13_03_013	0																0	0	206	0
28	0	sound/data/pcm/c13/h/00_00.unity3d	h_so_13_00_137	すごく満たされるし～																0	0	7	0	0	sound/data/pcm/c13/h/00_00.unity3d	h_so_13_00_137	すごく満たされるし～																0	0	7	0	0	sound/data/pcm/c13/h/00_00.unity3d	h_so_13_00_137	すごく満たされるし～																0	0	107	0	0	sound/data/pcm/c13/h/00_00.unity3d	h_so_13_00_137	すごく満たされるし～																0	0	207	0
29	0	sound/data/pcm/c13/h/00_00.unity3d	h_so_13_02_132	アタシたち、相性いいんだね、もっとしようねぇ～																0	0	7	0	0	sound/data/pcm/c13/h/00_00.unity3d	h_so_13_02_132	アタシたち、相性いいんだね、もっとしようねぇ～																0	0	7	0	0	sound/data/pcm/c13/h/00_00.unity3d	h_so_13_02_132	アタシたち、相性いいんだね、もっとしようねぇ～																0	0	107	0	0	sound/data/pcm/c13/h/00_00.unity3d	h_so_13_02_132	アタシたち、相性いいんだね、もっとしようねぇ～																0	0	207	0
30	0	sound/data/pcm/c13/h/00_00.unity3d	h_ai_13_03_102	はぁ……はぁ……はぁ……身体がふわふわするぅ～																0	0	7	0	0	sound/data/pcm/c13/h/00_00.unity3d	h_ai_13_03_102	はぁ……はぁ……はぁ……身体がふわふわするぅ～																0	0	7	0	0	sound/data/pcm/c13/h/00_00.unity3d	h_ai_13_03_102	はぁ……はぁ……はぁ……身体がふわふわするぅ～																0	0	107	0	0	sound/data/pcm/c13/h/00_00.unity3d	h_ai_13_03_102	はぁ……はぁ……はぁ……身体がふわふわするぅ～																0	0	207	0
31	0	sound/data/pcm/c13/h/00_00.unity3d	h_so_13_01_131	う……キモチよくて……頭がバカになりそう……																0	0	7	0	0	sound/data/pcm/c13/h/00_00.unity3d	h_so_13_01_131	う……キモチよくて……頭がバカになりそう……																0	0	7	0	0	sound/data/pcm/c13/h/00_00.unity3d	h_so_13_01_131	う……キモチよくて……頭がバカになりそう……																0	0	107	0	0	sound/data/pcm/c13/h/00_00.unity3d	h_so_13_01_131	う……キモチよくて……頭がバカになりそう……																0	0	207	0
32	0	sound/data/pcm/c13/h/00_00.unity3d	h_so_13_00_156	なんだか、アタシまでキモチよくなっちゃった……																0	0	8	0	0	sound/data/pcm/c13/h/00_00.unity3d	h_so_13_00_156	なんだか、アタシまでキモチよくなっちゃった……																0	0	8	0	0	sound/data/pcm/c13/h/00_00.unity3d	h_so_13_00_156	なんだか、アタシまでキモチよくなっちゃった……																0	0	108	0	0	sound/data/pcm/c13/h/00_00.unity3d	h_so_13_00_156	なんだか、アタシまでキモチよくなっちゃった……																0	0	208	0
33	0	sound/data/pcm/c13/h/00_00.unity3d	h_so_13_02_294	ふふふ、まだ元気みたいだね……																0	0	8	0	0	sound/data/pcm/c13/h/00_00.unity3d	h_so_13_02_294	ふふふ、まだ元気みたいだね……																0	0	8	0	0	sound/data/pcm/c13/h/00_00.unity3d	h_so_13_02_294	ふふふ、まだ元気みたいだね……																0	0	108	0	0	sound/data/pcm/c13/h/00_00.unity3d	h_so_13_02_294	ふふふ、まだ元気みたいだね……																0	0	208	0
34	0	sound/data/pcm/c13/h/00_00.unity3d	h_so_13_03_182	何回でもキモチよくしてほしいのぉ……アタシ、完全に変態だからぁ																0	0	8	0	0	sound/data/pcm/c13/h/00_00.unity3d	h_so_13_03_182	何回でもキモチよくしてほしいのぉ……アタシ、完全に変態だからぁ																0	0	8	0	0	sound/data/pcm/c13/h/00_00.unity3d	h_so_13_03_182	何回でもキモチよくしてほしいのぉ……アタシ、完全に変態だからぁ																0	0	108	0	0	sound/data/pcm/c13/h/00_00.unity3d	h_so_13_03_182	何回でもキモチよくしてほしいのぉ……アタシ、完全に変態だからぁ																0	0	208	0
35	0	sound/data/pcm/c13/h/00_00.unity3d	h_so_13_03_184	お願い、アタシを犯してぇ																0	0	8	0	0	sound/data/pcm/c13/h/00_00.unity3d	h_so_13_03_184	お願い、アタシを犯してぇ																0	0	8	0	0	sound/data/pcm/c13/h/00_00.unity3d	h_so_13_03_184	お願い、アタシを犯してぇ																0	0	108	0	0	sound/data/pcm/c13/h/00_00.unity3d	h_so_13_03_184	お願い、アタシを犯してぇ																0	0	208	0
