0	0	sound/data/pcm/c08/h/00_00.unity3d	h_hh_08_02_003	これ、気持ちいい？																0	0	0	0	0	sound/data/pcm/c08/h/00_00.unity3d	h_hh_08_02_003	これ、気持ちいい？																0	0	0	0	0	sound/data/pcm/c08/h/00_00.unity3d	h_hh_08_02_003	これ、気持ちいい？																0	0	100	0	0	sound/data/pcm/c08/h/00_00.unity3d	h_hh_08_02_003	これ、気持ちいい？																0	0	200	0
1	0	sound/data/pcm/c08/h/00_00.unity3d	h_hh_08_02_032	どう？　興奮する？																0	0	0	0	0	sound/data/pcm/c08/h/00_00.unity3d	h_hh_08_02_032	どう？　興奮する？																0	0	0	0	0	sound/data/pcm/c08/h/00_00.unity3d	h_hh_08_02_032	どう？　興奮する？																0	0	100	0	0	sound/data/pcm/c08/h/00_00.unity3d	h_hh_08_02_032	どう？　興奮する？																0	0	200	0
2	0	sound/data/pcm/c08/h/00_00.unity3d	h_hh_08_03_007	もっと気持ちよくなってね																0	0	0	0	0	sound/data/pcm/c08/h/00_00.unity3d	h_hh_08_03_007	もっと気持ちよくなってね																0	0	0	0	0	sound/data/pcm/c08/h/00_00.unity3d	h_hh_08_03_007	もっと気持ちよくなってね																0	0	100	0	0	sound/data/pcm/c08/h/00_00.unity3d	h_hh_08_03_007	もっと気持ちよくなってね																0	0	200	0
3	0	sound/data/pcm/c08/h/00_00.unity3d	h_hh_08_03_024	まだ、まだ気持ちよくしてあげるよ																0	0	0	0	0	sound/data/pcm/c08/h/00_00.unity3d	h_hh_08_03_024	まだ、まだ気持ちよくしてあげるよ																0	0	0	0	0	sound/data/pcm/c08/h/00_00.unity3d	h_hh_08_03_024	まだ、まだ気持ちよくしてあげるよ																0	0	100	0	0	sound/data/pcm/c08/h/00_00.unity3d	h_hh_08_03_024	まだ、まだ気持ちよくしてあげるよ																0	0	200	0
4	0	sound/data/pcm/c08/h/00_00.unity3d	h_hh_08_02_009	ぺろ……へへ、気持ちいい？																0	0	1	0	0	sound/data/pcm/c08/h/00_00.unity3d	h_hh_08_02_009	ぺろ……へへ、気持ちいい？																0	0	1	0	0	sound/data/pcm/c08/h/00_00.unity3d	h_hh_08_02_009	ぺろ……へへ、気持ちいい？																0	0	101	0	0	sound/data/pcm/c08/h/00_00.unity3d	h_hh_08_02_009	ぺろ……へへ、気持ちいい？																0	0	201	0
5	0	sound/data/pcm/c08/h/00_00.unity3d	h_hh_08_02_026	ぺろぺろ……もっと感じてね																0	0	1	0	0	sound/data/pcm/c08/h/00_00.unity3d	h_hh_08_02_026	ぺろぺろ……もっと感じてね																0	0	1	0	0	sound/data/pcm/c08/h/00_00.unity3d	h_hh_08_02_026	ぺろぺろ……もっと感じてね																0	0	101	0	0	sound/data/pcm/c08/h/00_00.unity3d	h_hh_08_02_026	ぺろぺろ……もっと感じてね																0	0	201	0
6	0	sound/data/pcm/c08/h/00_00.unity3d	h_hh_08_02_104	ぺろ……ぺろ……もっと、もっとしてあげるね																0	0	1	0	0	sound/data/pcm/c08/h/00_00.unity3d	h_hh_08_02_104	ぺろ……ぺろ……もっと、もっとしてあげるね																0	0	1	0	0	sound/data/pcm/c08/h/00_00.unity3d	h_hh_08_02_104	ぺろ……ぺろ……もっと、もっとしてあげるね																0	0	101	0	0	sound/data/pcm/c08/h/00_00.unity3d	h_hh_08_02_104	ぺろ……ぺろ……もっと、もっとしてあげるね																0	0	201	0
7	0	sound/data/pcm/c08/h/00_00.unity3d	h_hh_08_03_034	ちゅ、ちゅ……れろ、れろ……感じさせてあげるね																0	0	1	0	0	sound/data/pcm/c08/h/00_00.unity3d	h_hh_08_03_034	ちゅ、ちゅ……れろ、れろ……感じさせてあげるね																0	0	1	0	0	sound/data/pcm/c08/h/00_00.unity3d	h_hh_08_03_034	ちゅ、ちゅ……れろ、れろ……感じさせてあげるね																0	0	101	0	0	sound/data/pcm/c08/h/00_00.unity3d	h_hh_08_03_034	ちゅ、ちゅ……れろ、れろ……感じさせてあげるね																0	0	201	0
8	0	sound/data/pcm/c08/h/00_00.unity3d	h_ai_08_02_018	あん、感じちゃうよお																0	0	2	0	0	sound/data/pcm/c08/h/00_00.unity3d	h_ai_08_02_018	あん、感じちゃうよお																0	0	2	0	0	sound/data/pcm/c08/h/00_00.unity3d	h_ai_08_02_018	あん、感じちゃうよお																0	0	102	0	0	sound/data/pcm/c08/h/00_00.unity3d	h_ai_08_02_018	あん、感じちゃうよお																0	0	202	0
9	0	sound/data/pcm/c08/h/00_00.unity3d	h_ai_08_02_020	ん……気持ちいい……じんじんするよう																0	0	2	0	0	sound/data/pcm/c08/h/00_00.unity3d	h_ai_08_02_020	ん……気持ちいい……じんじんするよう																0	0	2	0	0	sound/data/pcm/c08/h/00_00.unity3d	h_ai_08_02_020	ん……気持ちいい……じんじんするよう																0	0	102	0	0	sound/data/pcm/c08/h/00_00.unity3d	h_ai_08_02_020	ん……気持ちいい……じんじんするよう																0	0	202	0
10	0	sound/data/pcm/c08/h/00_00.unity3d	h_ai_08_02_024	あああん、変になっちゃうよ																0	0	2	0	0	sound/data/pcm/c08/h/00_00.unity3d	h_ai_08_02_024	あああん、変になっちゃうよ																0	0	2	0	0	sound/data/pcm/c08/h/00_00.unity3d	h_ai_08_02_024	あああん、変になっちゃうよ																0	0	102	0	0	sound/data/pcm/c08/h/00_00.unity3d	h_ai_08_02_024	あああん、変になっちゃうよ																0	0	202	0
11	0	sound/data/pcm/c08/h/00_00.unity3d	h_ai_08_02_028	いいのお、凄くいいのお																0	0	2	0	0	sound/data/pcm/c08/h/00_00.unity3d	h_ai_08_02_028	いいのお、凄くいいのお																0	0	2	0	0	sound/data/pcm/c08/h/00_00.unity3d	h_ai_08_02_028	いいのお、凄くいいのお																0	0	102	0	0	sound/data/pcm/c08/h/00_00.unity3d	h_ai_08_02_028	いいのお、凄くいいのお																0	0	202	0
12	0	sound/data/pcm/c08/h/00_00.unity3d	h_ai_08_02_080	舌でなめられるの気持ちいいのお																0	0	2	0	0	sound/data/pcm/c08/h/00_00.unity3d	h_ai_08_02_080	舌でなめられるの気持ちいいのお																0	0	2	0	0	sound/data/pcm/c08/h/00_00.unity3d	h_ai_08_02_080	舌でなめられるの気持ちいいのお																0	0	102	0	0	sound/data/pcm/c08/h/00_00.unity3d	h_ai_08_02_080	舌でなめられるの気持ちいいのお																0	0	202	0
13	0	sound/data/pcm/c08/h/00_00.unity3d	h_ai_08_02_161	あ、ああん、もっと、もっと舐めてえ																0	0	2	0	0	sound/data/pcm/c08/h/00_00.unity3d	h_ai_08_02_161	あ、ああん、もっと、もっと舐めてえ																0	0	2	0	0	sound/data/pcm/c08/h/00_00.unity3d	h_ai_08_02_161	あ、ああん、もっと、もっと舐めてえ																0	0	102	0	0	sound/data/pcm/c08/h/00_00.unity3d	h_ai_08_02_161	あ、ああん、もっと、もっと舐めてえ																0	0	202	0
14	0	sound/data/pcm/c08/h/00_00.unity3d	h_ai_08_02_165	おまんこ舐められてるの、いい、いいのお																0	0	2	0	0	sound/data/pcm/c08/h/00_00.unity3d	h_ai_08_02_165	おまんこ舐められてるの、いい、いいのお																0	0	2	0	0	sound/data/pcm/c08/h/00_00.unity3d	h_ai_08_02_165	おまんこ舐められてるの、いい、いいのお																0	0	102	0	0	sound/data/pcm/c08/h/00_00.unity3d	h_ai_08_02_165	おまんこ舐められてるの、いい、いいのお																0	0	202	0
15	0	sound/data/pcm/c08/h/00_00.unity3d	h_ai_08_02_166	もっと、もっとオマンコ舐めてえ																0	0	2	0	0	sound/data/pcm/c08/h/00_00.unity3d	h_ai_08_02_166	もっと、もっとオマンコ舐めてえ																0	0	2	0	0	sound/data/pcm/c08/h/00_00.unity3d	h_ai_08_02_166	もっと、もっとオマンコ舐めてえ																0	0	102	0	0	sound/data/pcm/c08/h/00_00.unity3d	h_ai_08_02_166	もっと、もっとオマンコ舐めてえ																0	0	202	0
16	0	sound/data/pcm/c08/h/00_00.unity3d	h_hh_08_00_070	ちゅ……ちゅ……ぺろ……ぺろ……このまま……いきたいの？																0	0	4	0	0	sound/data/pcm/c08/h/00_00.unity3d	h_hh_08_00_070	ちゅ……ちゅ……ぺろ……ぺろ……このまま……いきたいの？																0	0	4	0	0	sound/data/pcm/c08/h/00_00.unity3d	h_hh_08_00_070	ちゅ……ちゅ……ぺろ……ぺろ……このまま……いきたいの？																0	0	104	0	0	sound/data/pcm/c08/h/00_00.unity3d	h_hh_08_00_070	ちゅ……ちゅ……ぺろ……ぺろ……このまま……いきたいの？																0	0	204	0
17	0	sound/data/pcm/c08/h/00_00.unity3d	h_hh_08_02_069	ちゅっ……ちゅっ……ぺろ……ぺろ……うふ、もう我慢できないんでしょ？																0	0	4	0	0	sound/data/pcm/c08/h/00_00.unity3d	h_hh_08_02_069	ちゅっ……ちゅっ……ぺろ……ぺろ……うふ、もう我慢できないんでしょ？																0	0	4	0	0	sound/data/pcm/c08/h/00_00.unity3d	h_hh_08_02_069	ちゅっ……ちゅっ……ぺろ……ぺろ……うふ、もう我慢できないんでしょ？																0	0	104	0	0	sound/data/pcm/c08/h/00_00.unity3d	h_hh_08_02_069	ちゅっ……ちゅっ……ぺろ……ぺろ……うふ、もう我慢できないんでしょ？																0	0	204	0
18	0	sound/data/pcm/c08/h/00_00.unity3d	h_ai_08_00_099	す、すごく気持ちいいの、おかしくなりそう																0	0	3	0	0	sound/data/pcm/c08/h/00_00.unity3d	h_ai_08_00_099	す、すごく気持ちいいの、おかしくなりそう																0	0	3	0	0	sound/data/pcm/c08/h/00_00.unity3d	h_ai_08_00_099	す、すごく気持ちいいの、おかしくなりそう																0	0	103	0	0	sound/data/pcm/c08/h/00_00.unity3d	h_ai_08_00_099	す、すごく気持ちいいの、おかしくなりそう																0	0	203	0
19	0	sound/data/pcm/c08/h/00_00.unity3d	h_ai_08_02_098	だめ、もうおかしくなっちゃう																0	0	3	0	0	sound/data/pcm/c08/h/00_00.unity3d	h_ai_08_02_098	だめ、もうおかしくなっちゃう																0	0	3	0	0	sound/data/pcm/c08/h/00_00.unity3d	h_ai_08_02_098	だめ、もうおかしくなっちゃう																0	0	103	0	0	sound/data/pcm/c08/h/00_00.unity3d	h_ai_08_02_098	だめ、もうおかしくなっちゃう																0	0	203	0
20	0	sound/data/pcm/c08/h/00_00.unity3d	h_so_08_01_105	い、一緒にっ、いっ……あっ、いっ、イッちゃっ……んんっ！　イッちゃうぅっ！																0	0	5	0	0	sound/data/pcm/c08/h/00_00.unity3d	h_so_08_01_105	い、一緒にっ、いっ……あっ、いっ、イッちゃっ……んんっ！　イッちゃうぅっ！																0	0	5	0	0	sound/data/pcm/c08/h/00_00.unity3d	h_so_08_01_105	い、一緒にっ、いっ……あっ、いっ、イッちゃっ……んんっ！　イッちゃうぅっ！																0	0	105	0	0	sound/data/pcm/c08/h/00_00.unity3d	h_so_08_01_105	い、一緒にっ、いっ……あっ、いっ、イッちゃっ……んんっ！　イッちゃうぅっ！																0	0	205	0
21	0	sound/data/pcm/c08/h/00_00.unity3d	h_so_08_02_245	ね、ねぇねぇっ……！　イクときは教えてぇっ！　ど、同時にイキたいのぉぉっ……！																0	0	5	0	0	sound/data/pcm/c08/h/00_00.unity3d	h_so_08_02_245	ね、ねぇねぇっ……！　イクときは教えてぇっ！　ど、同時にイキたいのぉぉっ……！																0	0	5	0	0	sound/data/pcm/c08/h/00_00.unity3d	h_so_08_02_245	ね、ねぇねぇっ……！　イクときは教えてぇっ！　ど、同時にイキたいのぉぉっ……！																0	0	105	0	0	sound/data/pcm/c08/h/00_00.unity3d	h_so_08_02_245	ね、ねぇねぇっ……！　イクときは教えてぇっ！　ど、同時にイキたいのぉぉっ……！																0	0	205	0
22	0	sound/data/pcm/c08/h/00_00.unity3d	h_ai_08_00_098	い、いいの、いいのぉ																0	0	5	0	0	sound/data/pcm/c08/h/00_00.unity3d	h_ai_08_00_098	い、いいの、いいのぉ																0	0	5	0	0	sound/data/pcm/c08/h/00_00.unity3d	h_ai_08_00_098	い、いいの、いいのぉ																0	0	105	0	0	sound/data/pcm/c08/h/00_00.unity3d	h_ai_08_00_098	い、いいの、いいのぉ																0	0	205	0
23	0	sound/data/pcm/c08/h/00_00.unity3d	h_ai_08_00_099	す、すごく気持ちいいの、おかしくなりそう																0	0	5	0	0	sound/data/pcm/c08/h/00_00.unity3d	h_ai_08_00_099	す、すごく気持ちいいの、おかしくなりそう																0	0	5	0	0	sound/data/pcm/c08/h/00_00.unity3d	h_ai_08_00_099	す、すごく気持ちいいの、おかしくなりそう																0	0	105	0	0	sound/data/pcm/c08/h/00_00.unity3d	h_ai_08_00_099	す、すごく気持ちいいの、おかしくなりそう																0	0	205	0
24	0	sound/data/pcm/c08/h/00_00.unity3d	h_so_08_00_127	0																0	0	6	0	0	sound/data/pcm/c08/h/00_00.unity3d	h_so_08_00_127	0																0	0	6	0	0	sound/data/pcm/c08/h/00_00.unity3d	h_so_08_00_127	0																0	0	106	0	0	sound/data/pcm/c08/h/00_00.unity3d	h_so_08_00_127	0																0	0	206	0
25	0	sound/data/pcm/c08/h/00_00.unity3d	h_on_08_02_013	0																0	0	6	0	0	sound/data/pcm/c08/h/00_00.unity3d	h_on_08_02_013	0																0	0	6	0	0	sound/data/pcm/c08/h/00_00.unity3d	h_on_08_02_013	0																0	0	106	0	0	sound/data/pcm/c08/h/00_00.unity3d	h_on_08_02_013	0																0	0	206	0
26	0	sound/data/pcm/c08/h/00_00.unity3d	h_so_08_00_128	0																0	0	6	0	0	sound/data/pcm/c08/h/00_00.unity3d	h_so_08_00_128	0																0	0	6	0	0	sound/data/pcm/c08/h/00_00.unity3d	h_so_08_00_128	0																0	0	106	0	0	sound/data/pcm/c08/h/00_00.unity3d	h_so_08_00_128	0																0	0	206	0
27	0	sound/data/pcm/c08/h/00_00.unity3d	h_on_08_03_013	0																0	0	6	0	0	sound/data/pcm/c08/h/00_00.unity3d	h_on_08_03_013	0																0	0	6	0	0	sound/data/pcm/c08/h/00_00.unity3d	h_on_08_03_013	0																0	0	106	0	0	sound/data/pcm/c08/h/00_00.unity3d	h_on_08_03_013	0																0	0	206	0
28	0	sound/data/pcm/c08/h/00_00.unity3d	h_so_08_00_134	二人で気持ち良くなっちゃったね……へへ、幸せ																0	0	7	0	0	sound/data/pcm/c08/h/00_00.unity3d	h_so_08_00_134	二人で気持ち良くなっちゃったね……へへ、幸せ																0	0	7	0	0	sound/data/pcm/c08/h/00_00.unity3d	h_so_08_00_134	二人で気持ち良くなっちゃったね……へへ、幸せ																0	0	107	0	0	sound/data/pcm/c08/h/00_00.unity3d	h_so_08_00_134	二人で気持ち良くなっちゃったね……へへ、幸せ																0	0	207	0
29	0	sound/data/pcm/c08/h/00_00.unity3d	h_so_08_01_133	ああん……よかった……一緒に……いっちゃった、へへへ																0	0	7	0	0	sound/data/pcm/c08/h/00_00.unity3d	h_so_08_01_133	ああん……よかった……一緒に……いっちゃった、へへへ																0	0	7	0	0	sound/data/pcm/c08/h/00_00.unity3d	h_so_08_01_133	ああん……よかった……一緒に……いっちゃった、へへへ																0	0	107	0	0	sound/data/pcm/c08/h/00_00.unity3d	h_so_08_01_133	ああん……よかった……一緒に……いっちゃった、へへへ																0	0	207	0
30	0	sound/data/pcm/c08/h/00_00.unity3d	h_ai_08_00_174	はぁ、はぁ、き、気持ちよかった、うふふ																0	0	7	0	0	sound/data/pcm/c08/h/00_00.unity3d	h_ai_08_00_174	はぁ、はぁ、き、気持ちよかった、うふふ																0	0	7	0	0	sound/data/pcm/c08/h/00_00.unity3d	h_ai_08_00_174	はぁ、はぁ、き、気持ちよかった、うふふ																0	0	107	0	0	sound/data/pcm/c08/h/00_00.unity3d	h_ai_08_00_174	はぁ、はぁ、き、気持ちよかった、うふふ																0	0	207	0
31	0	sound/data/pcm/c08/h/00_00.unity3d	h_ai_08_03_102	ああん、もう、これ、やみつきになっちゃうよお																0	0	7	0	0	sound/data/pcm/c08/h/00_00.unity3d	h_ai_08_03_102	ああん、もう、これ、やみつきになっちゃうよお																0	0	7	0	0	sound/data/pcm/c08/h/00_00.unity3d	h_ai_08_03_102	ああん、もう、これ、やみつきになっちゃうよお																0	0	107	0	0	sound/data/pcm/c08/h/00_00.unity3d	h_ai_08_03_102	ああん、もう、これ、やみつきになっちゃうよお																0	0	207	0
32	0	sound/data/pcm/c08/h/00_00.unity3d	h_hh_08_02_091	気持ちよかったの？　ふふ、嬉しい																0	0	8	0	0	sound/data/pcm/c08/h/00_00.unity3d	h_hh_08_02_091	気持ちよかったの？　ふふ、嬉しい																0	0	8	0	0	sound/data/pcm/c08/h/00_00.unity3d	h_hh_08_02_091	気持ちよかったの？　ふふ、嬉しい																0	0	108	0	0	sound/data/pcm/c08/h/00_00.unity3d	h_hh_08_02_091	気持ちよかったの？　ふふ、嬉しい																0	0	208	0
33	0	sound/data/pcm/c08/h/00_00.unity3d	h_so_08_01_156	はあ……はあ……気持ちよかった？　うふ、良かった																0	0	8	0	0	sound/data/pcm/c08/h/00_00.unity3d	h_so_08_01_156	はあ……はあ……気持ちよかった？　うふ、良かった																0	0	8	0	0	sound/data/pcm/c08/h/00_00.unity3d	h_so_08_01_156	はあ……はあ……気持ちよかった？　うふ、良かった																0	0	108	0	0	sound/data/pcm/c08/h/00_00.unity3d	h_so_08_01_156	はあ……はあ……気持ちよかった？　うふ、良かった																0	0	208	0
34	0	sound/data/pcm/c08/h/00_00.unity3d	h_so_08_02_181	もっと……したいな……																0	0	8	0	0	sound/data/pcm/c08/h/00_00.unity3d	h_so_08_02_181	もっと……したいな……																0	0	8	0	0	sound/data/pcm/c08/h/00_00.unity3d	h_so_08_02_181	もっと……したいな……																0	0	108	0	0	sound/data/pcm/c08/h/00_00.unity3d	h_so_08_02_181	もっと……したいな……																0	0	208	0
35	0	sound/data/pcm/c08/h/00_00.unity3d	h_so_08_02_182	もっといっぱい、ほしいな……																0	0	8	0	0	sound/data/pcm/c08/h/00_00.unity3d	h_so_08_02_182	もっといっぱい、ほしいな……																0	0	8	0	0	sound/data/pcm/c08/h/00_00.unity3d	h_so_08_02_182	もっといっぱい、ほしいな……																0	0	108	0	0	sound/data/pcm/c08/h/00_00.unity3d	h_so_08_02_182	もっといっぱい、ほしいな……																0	0	208	0
