0	0	sound/data/pcm/c00/h/00_00.unity3d	h_ai_00_00_000	そんなに見つめちゃやぁよ																0	0	0	17	0	sound/data/pcm/c00/h/00_00.unity3d	h_ai_00_01_000	なぁに？																0	0	0	17	0	sound/data/pcm/c00/h/00_00.unity3d	h_ai_00_02_000	焦らさないでよ、もう																0	0	100	17	0	sound/data/pcm/c00/h/00_00.unity3d	h_ai_00_03_000	ねぇ……早く触って……																0	0	200	17
1	0	sound/data/pcm/c00/h/00_00.unity3d	h_ai_00_00_001	まじまじと見ないで……																0	0	0	17	0	sound/data/pcm/c00/h/00_00.unity3d	h_ai_00_01_001	まだ……しないの？																0	0	0	17	0	sound/data/pcm/c00/h/00_00.unity3d	h_ai_00_02_001	見てるだけなの？																0	0	100	17	0	sound/data/pcm/c00/h/00_00.unity3d	h_ai_00_03_001	お願いよ……我慢できないの																0	0	200	17
2	0	sound/data/pcm/c00/h/00_00.unity3d	h_ai_00_00_002	視線が気になるわ……																0	0	0	17	0	sound/data/pcm/c00/h/00_00.unity3d	h_ai_00_01_002	ちょっと恥ずかしいわ……																0	0	0	17	0	sound/data/pcm/c00/h/00_00.unity3d	h_ai_00_02_002	もう、何とか言ってよ																0	0	100	17	0	sound/data/pcm/c00/h/00_00.unity3d	h_ai_00_03_002	早く手を出してきて……																0	0	200	17
3	0																					1	0	0	sound/data/pcm/c00/h/00_00.unity3d	h_ai_00_01_003	くちゅびる……やぁらかぃ……（唇、柔らかい）																0	0	1	0	0	sound/data/pcm/c00/h/00_00.unity3d	h_ai_00_02_003	もっと……ちょうらい……（もっとちょうだい）																0	0	101	0	0	sound/data/pcm/c00/h/00_00.unity3d	h_ai_00_03_009	もっろ、しら、かぁみて……（もっと舌絡めて）																0	0	201	0
4	0																					1	0	0	sound/data/pcm/c00/h/00_00.unity3d	h_ai_00_01_004	キフ……きもっちゅぃのぉ……（キス、気持ちいいの）																0	0	1	0	0	sound/data/pcm/c00/h/00_00.unity3d	h_ai_00_02_004	キフ……やめっんなぁい……（キス、やめらんない）																0	0	101	0	0	sound/data/pcm/c00/h/00_00.unity3d	h_ai_00_03_010	らえきも、ちょうらい……（唾液もちょうだい）																0	0	201	0
5	0	sound/data/pcm/c00/h/00_00.unity3d	h_ai_00_00_005	私のファーストキス、君にあげちゃった																1	0	2	17	0	sound/data/pcm/c00/h/00_00.unity3d	h_ai_00_01_005	キス……しちゃったわね……																0	0	2	17	0	sound/data/pcm/c00/h/00_00.unity3d	h_ai_00_02_005	君とのキスにとろけそうだわ																0	0	102	17	0	sound/data/pcm/c00/h/00_00.unity3d	h_ai_00_03_011	なんてエッチなキスなの……																0	0	202	17
6	1	sound/data/pcm/c00/h/00_00.unity3d	h_ai_00_00_006	ふふ……照れちゃうわね																0	0	2	17	0	sound/data/pcm/c00/h/00_00.unity3d	h_ai_00_01_006	私とのキス、良かった？																0	0	2	17	0	sound/data/pcm/c00/h/00_00.unity3d	h_ai_00_02_006	君とのキス、やみつきになりそうだわ																0	0	102	17	0	sound/data/pcm/c00/h/00_00.unity3d	h_ai_00_03_012	君の舌、すごくエッチだったわ……																0	0	202	17
7	0	sound/data/pcm/c00/h/00_00.unity3d	h_ai_00_00_007	はぅ……キスってこんなに気持ちいいのね																0	0	3	17	0	sound/data/pcm/c00/h/00_00.unity3d	h_ai_00_01_007	もっとキス……してもいい？																0	0	3	17	0	sound/data/pcm/c00/h/00_00.unity3d	h_ai_00_02_007	んっ……唇だけで、感じちゃう……																0	0	103	17	0	sound/data/pcm/c00/h/00_00.unity3d	h_ai_00_03_013	エッチなキスのせいで、すごく昂っちゃったわ																0	0	203	17
8	0	sound/data/pcm/c00/h/00_00.unity3d	h_ai_00_00_008	んっ……これがキスの魅力ね																0	0	3	17	0	sound/data/pcm/c00/h/00_00.unity3d	h_ai_00_01_008	ねぇ、もっと……キス、しましょ？																0	0	3	17	0	sound/data/pcm/c00/h/00_00.unity3d	h_ai_00_02_008	あん……キスだけで、もうこんなに……																0	0	103	17	0	sound/data/pcm/c00/h/00_00.unity3d	h_ai_00_03_014	キスだけでもイケちゃいそう……																0	0	203	17
9	0	sound/data/pcm/c00/h/00_00.unity3d	h_ai_00_00_015	キスはまだ早いかも……																0	0	6	17	0	sound/data/pcm/c00/h/00_00.unity3d	h_ai_00_00_015	キスはまだ早いかも……																0	0	6	17	0	sound/data/pcm/c00/h/00_00.unity3d	h_ai_00_00_015	キスはまだ早いかも……																0	0	106	17	0	sound/data/pcm/c00/h/00_00.unity3d	h_ai_00_00_015	キスはまだ早いかも……																0	0	206	17
10	0	sound/data/pcm/c00/h/00_00.unity3d	h_ai_-1_00_016	☆先生と生徒がすることじゃないわ……																0	0	6	17	0	sound/data/pcm/c00/h/00_00.unity3d	h_ai_-1_00_016	☆先生と生徒がすることじゃないわ……																0	0	6	17	0	sound/data/pcm/c00/h/00_00.unity3d	h_ai_-1_00_016	☆先生と生徒がすることじゃないわ……																0	0	106	17	0	sound/data/pcm/c00/h/00_00.unity3d	h_ai_-1_00_016	☆先生と生徒がすることじゃないわ……																0	0	206	17
11	0	sound/data/pcm/c00/h/00_00.unity3d	h_ai_00_00_017	キスはやめておかない？																0	0	6	17	0	sound/data/pcm/c00/h/00_00.unity3d	h_ai_00_00_017	キスはやめておかない？																0	0	6	17	0	sound/data/pcm/c00/h/00_00.unity3d	h_ai_00_00_017	キスはやめておかない？																0	0	106	17	0	sound/data/pcm/c00/h/00_00.unity3d	h_ai_00_00_017	キスはやめておかない？																0	0	206	17
12	0	sound/data/pcm/c00/h/00_00.unity3d	h_ai_00_00_018	やだ、くすぐったい																0	0	4	17	0	sound/data/pcm/c00/h/00_00.unity3d	h_ai_00_00_018	やだ、くすぐったい																0	0	4	17	0	sound/data/pcm/c00/h/00_00.unity3d	h_ai_00_02_018	気持ちいいわ																0	0	104	17	0	sound/data/pcm/c00/h/00_00.unity3d	h_ai_00_03_018	それもっとちょうだい……																0	0	204	17
13	0	sound/data/pcm/c00/h/00_00.unity3d	h_ai_00_00_019	変な感じよ……																0	0	4	17	0	sound/data/pcm/c00/h/00_00.unity3d	h_ai_00_00_019	変な感じよ……																0	0	4	17	0	sound/data/pcm/c00/h/00_00.unity3d	h_ai_00_02_019	ジンジンきてる																0	0	104	17	0	sound/data/pcm/c00/h/00_00.unity3d	h_ai_00_03_019	もっと気持ちよくなりたいの																0	0	204	17
14	0	sound/data/pcm/c00/h/00_00.unity3d	h_ai_00_00_020	ムズムズしちゃう																0	0	4	17	0	sound/data/pcm/c00/h/00_00.unity3d	h_ai_00_00_020	ムズムズしちゃう																0	0	4	17	0	sound/data/pcm/c00/h/00_00.unity3d	h_ai_00_02_020	もっと激しくして																0	0	104	17	0	sound/data/pcm/c00/h/00_00.unity3d	h_ai_00_03_020	続けてぇ																0	0	204	17
15	0	sound/data/pcm/c00/h/00_00.unity3d	h_ai_00_00_021	いいわ……																0	0	4	17	0	sound/data/pcm/c00/h/00_00.unity3d	h_ai_00_00_021	いいわ……																0	0	4	17	0	sound/data/pcm/c00/h/00_00.unity3d	h_ai_00_02_021	そう、もっとして																0	0	104	17	0	sound/data/pcm/c00/h/00_00.unity3d	h_ai_00_03_021	やめないで、もっと、もっとぉ																0	0	204	17
16	0	sound/data/pcm/c00/h/00_00.unity3d	h_ai_00_00_022	気持ちいい……																0	0	4	17	0	sound/data/pcm/c00/h/00_00.unity3d	h_ai_00_00_022	気持ちいい……																0	0	4	17	0	sound/data/pcm/c00/h/00_00.unity3d	h_ai_00_02_022	すごく感じるわ																0	0	104	17	0	sound/data/pcm/c00/h/00_00.unity3d	h_ai_00_03_022	もっと責めていいわ																0	0	204	17
17	0																					4	17	0	sound/data/pcm/c00/h/00_00.unity3d	h_ai_00_01_035	（少し慣れた感じ）んっ……平気になってきたかもしれないわ……																0	0	4	17	0																					104	17	0																					204	17
18	0																					4	17	0	sound/data/pcm/c00/h/00_00.unity3d	h_ai_00_01_036	強めもイイかも……																0	0	4	17	0																					104	17	0																					204	17
19	0																					4	17	0	sound/data/pcm/c00/h/00_00.unity3d	h_ai_00_01_037	もう痛くはないわ……																0	0	4	17	0																					104	17	0																					204	17
20	0																					4	17	0	sound/data/pcm/c00/h/00_00.unity3d	h_ai_00_01_038	あんっ……お尻なのに……感じちゃう……																0	0	4	17	0																					104	17	0																					204	17
21	0																					4	17	0	sound/data/pcm/c00/h/00_00.unity3d	h_ai_00_01_039	こんなの……初めて……																0	0	4	17	0																					104	17	0																					204	17
22	0																					4	17	0	sound/data/pcm/c00/h/00_00.unity3d	h_ai_00_01_040	そんなところまで……																0	0	4	17	0																					104	17	0																					204	17
23	0	sound/data/pcm/c00/h/00_00.unity3d	h_ai_00_00_023	あん、感じちゃう																0	0	5	17	0	sound/data/pcm/c00/h/00_00.unity3d	h_ai_00_00_023	あん、感じちゃう																0	0	5	17	0	sound/data/pcm/c00/h/00_00.unity3d	h_ai_00_02_023	そこ、すごくイイわ																0	0	105	17	0	sound/data/pcm/c00/h/00_00.unity3d	h_ai_00_03_023	あんっ！　ダメ、すごくイイッ																0	0	205	17
24	0	sound/data/pcm/c00/h/00_00.unity3d	h_ai_00_00_024	そこはダメぇ																0	0	5	17	0	sound/data/pcm/c00/h/00_00.unity3d	h_ai_00_00_024	そこはダメぇ																0	0	5	17	0	sound/data/pcm/c00/h/00_00.unity3d	h_ai_00_02_024	感じるの																0	0	105	17	0	sound/data/pcm/c00/h/00_00.unity3d	h_ai_00_03_024	快感！																0	0	205	17
25	0	sound/data/pcm/c00/h/00_00.unity3d	h_ai_00_00_025	弱いのよぉ																0	0	5	17	0	sound/data/pcm/c00/h/00_00.unity3d	h_ai_00_00_025	弱いのよぉ																0	0	5	17	0	sound/data/pcm/c00/h/00_00.unity3d	h_ai_00_02_025	我慢できなくなっちゃう																0	0	105	17	0	sound/data/pcm/c00/h/00_00.unity3d	h_ai_00_03_025	もっと強く……お願い																0	0	205	17
26	0	sound/data/pcm/c00/h/00_00.unity3d	h_ai_00_00_026	先っちょ……膨らんじゃう																0	0	5	17	0	sound/data/pcm/c00/h/00_00.unity3d	h_ai_00_00_026	先っちょ……膨らんじゃう																0	0	5	17	0	sound/data/pcm/c00/h/00_00.unity3d	h_ai_00_02_026	乳首もっと責めて																0	0	105	17	0	sound/data/pcm/c00/h/00_00.unity3d	h_ai_00_03_026	乳首、もうこんなになっちゃった……																0	0	205	17
27	0	sound/data/pcm/c00/h/00_00.unity3d	h_ai_00_00_027	先っぽ、いいの																0	0	5	17	0	sound/data/pcm/c00/h/00_00.unity3d	h_ai_00_00_027	先っぽ、いいの																0	0	5	17	0	sound/data/pcm/c00/h/00_00.unity3d	h_ai_00_02_027	もっとクリクリして																0	0	105	17	0	sound/data/pcm/c00/h/00_00.unity3d	h_ai_00_03_027	先っぽ、すごく固いでしょう？																0	0	205	17
28	0	sound/data/pcm/c00/h/00_00.unity3d	h_ai_00_00_028	クリクリして																0	0	5	17	0	sound/data/pcm/c00/h/00_00.unity3d	h_ai_00_00_028	クリクリして																0	0	5	17	0	sound/data/pcm/c00/h/00_00.unity3d	h_ai_00_02_028	乳首立っちゃう																0	0	105	17	0	sound/data/pcm/c00/h/00_00.unity3d	h_ai_00_03_028	おっぱい出ちゃいそうよ																0	0	205	17
29	0	sound/data/pcm/c00/h/00_00.unity3d	h_ai_00_00_029	そこ……敏感なの……																0	0	5	17	0	sound/data/pcm/c00/h/00_00.unity3d	h_ai_00_00_029	そこ……敏感なの……																0	0	5	17	0	sound/data/pcm/c00/h/00_00.unity3d	h_ai_00_02_029	オマンコ気持ちいいわ																0	0	105	17	0	sound/data/pcm/c00/h/00_00.unity3d	h_ai_00_03_029	オマンコ、もっといじって																0	0	205	17
30	0	sound/data/pcm/c00/h/00_00.unity3d	h_ai_00_00_030	触られたら……あっ																0	0	5	17	0	sound/data/pcm/c00/h/00_00.unity3d	h_ai_00_00_030	触られたら……あっ																0	0	5	17	0	sound/data/pcm/c00/h/00_00.unity3d	h_ai_00_02_030	クリトリスがヒクヒクしちゃう																0	0	105	17	0	sound/data/pcm/c00/h/00_00.unity3d	h_ai_00_03_030	もっと激しく、お願い																0	0	205	17
31	0	sound/data/pcm/c00/h/00_00.unity3d	h_ai_00_00_031	変な声出ちゃうわ																0	0	5	17	0	sound/data/pcm/c00/h/00_00.unity3d	h_ai_00_00_031	変な声出ちゃうわ																0	0	5	17	0	sound/data/pcm/c00/h/00_00.unity3d	h_ai_00_02_031	あぁっ……いいわぁ																0	0	105	17	0	sound/data/pcm/c00/h/00_00.unity3d	h_ai_00_03_031	潮吹いちゃう																0	0	205	17
32	0	sound/data/pcm/c00/h/00_00.unity3d	h_ai_00_00_032	あっ、やだ、おしり……																0	0	5	17	0	sound/data/pcm/c00/h/00_00.unity3d	h_ai_00_00_032	あっ、やだ、おしり……																0	0	5	17	0	sound/data/pcm/c00/h/00_00.unity3d	h_ai_00_02_032	お尻責めちゃダメ																0	0	105	17	0	sound/data/pcm/c00/h/00_00.unity3d	h_ai_00_03_032	お尻、もっとイジメて																0	0	205	17
33	0	sound/data/pcm/c00/h/00_00.unity3d	h_ai_00_00_033	なんでそこが弱いってわかったの？																0	0	5	17	0	sound/data/pcm/c00/h/00_00.unity3d	h_ai_00_00_033	なんでそこが弱いってわかったの？																0	0	5	17	0	sound/data/pcm/c00/h/00_00.unity3d	h_ai_00_02_033	お尻がいいの																0	0	105	17	0	sound/data/pcm/c00/h/00_00.unity3d	h_ai_00_03_033	もっとお尻で感じたいの																0	0	205	17
34	0	sound/data/pcm/c00/h/00_00.unity3d	h_ai_00_00_034	声が抑えられない																0	0	5	17	0	sound/data/pcm/c00/h/00_00.unity3d	h_ai_00_00_034	声が抑えられない																0	0	5	17	0	sound/data/pcm/c00/h/00_00.unity3d	h_ai_00_02_034	アナル好きぃ																0	0	105	17	0	sound/data/pcm/c00/h/00_00.unity3d	h_ai_00_03_034	アナル気持ち良くてたまんない																0	0	205	17
35	0	sound/data/pcm/c00/h/00_00.unity3d	h_ai_00_00_035	（拒否して外される）もう、こっちは初めてなのに																1	0	6	17	0																					6	17	0																					106	17	0																					206	17
36	1	sound/data/pcm/c00/h/00_00.unity3d	h_ai_00_00_036	激しくしちゃやーよ																0	0	6	17	0																					6	17	0																					106	17	0																					206	17
37	1	sound/data/pcm/c00/h/00_00.unity3d	h_ai_00_00_037	まだちょっと痛いの……																0	0	6	17	0																					6	17	0																					106	17	0																					206	17
38	0	sound/data/pcm/c00/h/00_00.unity3d	h_ai_00_00_038	（拒否して外される）お尻はダメ																0	0	6	17	0																					6	17	0																					106	17	0																					206	17
39	0	sound/data/pcm/c00/h/00_00.unity3d	h_ai_00_00_039	コラ、そこは違うでしょ																0	0	6	17	0																					6	17	0																					106	17	0																					206	17
40	0	sound/data/pcm/c00/h/00_00.unity3d	h_ai_00_00_040	お尻責めようとしちゃダメ																0	0	6	17	0																					6	17	0																					106	17	0																					206	17
41	0	sound/data/pcm/c00/h/00_00.unity3d	h_ai_00_00_041	（強すぎて拒否）ちょっ……ダメよ、それダメ																0	0	6	17	0																					6	17	0																					106	17	0																					206	17
42	0	sound/data/pcm/c00/h/00_00.unity3d	h_ai_00_00_042	いきなりは無理！																0	0	6	17	0																					6	17	0																					106	17	0																					206	17
43	0	sound/data/pcm/c00/h/00_00.unity3d	h_ai_00_00_043	もっと別ので慣らしてからね																0	0	6	17	0																					6	17	0																					106	17	0																					206	17
44	0	sound/data/pcm/c00/h/00_00.unity3d	h_ai_00_00_044	優しく触ってね……																0	0	4	17	0	sound/data/pcm/c00/h/00_00.unity3d	h_ai_00_01_044	君の手、あったかくて好きよ……																0	0	4	17	0	sound/data/pcm/c00/h/00_00.unity3d	h_ai_00_02_044	君の手で触られるの、すごくイイわ……																0	0	104	17	0																					204	17
45	0	sound/data/pcm/c00/h/00_00.unity3d	h_ai_00_00_045	あっ、今、触られてる……																0	0	4	17	0	sound/data/pcm/c00/h/00_00.unity3d	h_ai_00_00_045	あっ、今、触られてる……																0	0	4	17	0	sound/data/pcm/c00/h/00_00.unity3d	h_ai_00_02_045	もっと……手で触って……																0	0	104	17	0																					204	17
46	0	sound/data/pcm/c00/h/00_00.unity3d	h_ai_00_00_046	ぬくもりを感じるわ……																0	0	4	17	0	sound/data/pcm/c00/h/00_00.unity3d	h_ai_00_00_046	ぬくもりを感じるわ……																0	0	4	17	0	sound/data/pcm/c00/h/00_00.unity3d	h_ai_00_02_046	いいわ……もっとよ……																0	0	104	17	0																					204	17
47	0																					4	17	0																					4	17	0																					104	17	0	sound/data/pcm/c00/h/00_00.unity3d	h_ai_-1_03_047	☆先生のおっぱい、好きなんでしょう？ほぅら、もっと揉みなさいな																0	0	204	17
48	0																					4	17	0																					4	17	0																					104	17	0	sound/data/pcm/c00/h/00_00.unity3d	h_ai_00_03_048	おっぱい……好きにいじって……																0	0	204	17
49	0																					4	17	0																					4	17	0																					104	17	0	sound/data/pcm/c00/h/00_00.unity3d	h_ai_00_03_049	お尻を鷲掴みにして……																0	0	204	17
50	0																					4	17	0																					4	17	0																					104	17	0	sound/data/pcm/c00/h/00_00.unity3d	h_ai_00_03_050	お尻……触られてるの、好き……																0	0	204	17
51	0	sound/data/pcm/c00/h/00_00.unity3d	h_ai_00_00_051	やん！　勝手につついちゃダメ																0	0	4	17	0	sound/data/pcm/c00/h/00_00.unity3d	h_ai_00_01_051	そんなにつつかれたら……あぁっ																0	0	4	17	0	sound/data/pcm/c00/h/00_00.unity3d	h_ai_00_02_051	乳首、もっとつんつんして……																0	0	104	17	0	sound/data/pcm/c00/h/00_00.unity3d	h_ai_00_03_051	乳首がピクピクしちゃう																0	0	204	17
52	0	sound/data/pcm/c00/h/00_00.unity3d	h_ai_00_00_052	もう、びくりするでしょ																0	0	4	17	0	sound/data/pcm/c00/h/00_00.unity3d	h_ai_00_00_052	もう、びくりするでしょ																0	0	4	17	0	sound/data/pcm/c00/h/00_00.unity3d	h_ai_00_02_052	つんつん、好き……																0	0	104	17	0	sound/data/pcm/c00/h/00_00.unity3d	h_ai_00_03_052	もっと強くつついて																0	0	204	17
53	0	sound/data/pcm/c00/h/00_00.unity3d	h_ai_00_00_053	あんっ……もう、やったわね																0	0	4	17	0	sound/data/pcm/c00/h/00_00.unity3d	h_ai_00_00_053	あんっ……もう、やったわね																0	0	4	17	0	sound/data/pcm/c00/h/00_00.unity3d	h_ai_00_02_053	乳首スイッチよ……																0	0	104	17	0	sound/data/pcm/c00/h/00_00.unity3d	h_ai_00_03_053	乳首押して、強くっ																0	0	204	17
54	0	sound/data/pcm/c00/h/00_00.unity3d	h_ai_00_00_054	あ、引っ張っちゃ、や……																0	0	4	17	0	sound/data/pcm/c00/h/00_00.unity3d	h_ai_00_01_054	先っぽ、痛気持ちいい……																0	0	4	17	0	sound/data/pcm/c00/h/00_00.unity3d	h_ai_00_02_054	私の乳首、摘まれちゃってる……																0	0	104	17	0	sound/data/pcm/c00/h/00_00.unity3d	h_ai_00_03_054	いいからもっと、強く……																0	0	204	17
55	0	sound/data/pcm/c00/h/00_00.unity3d	h_ai_00_00_055	乳首が伸びちゃう……																0	0	4	17	0	sound/data/pcm/c00/h/00_00.unity3d	h_ai_00_00_055	乳首が伸びちゃう……																0	0	4	17	0	sound/data/pcm/c00/h/00_00.unity3d	h_ai_00_02_055	乳首、もっと引っ張って……																0	0	104	17	0	sound/data/pcm/c00/h/00_00.unity3d	h_ai_00_03_055	そのままねじって……																0	0	204	17
56	0	sound/data/pcm/c00/h/00_00.unity3d	h_ai_00_00_056	先っぽが痺れちゃう……																0	0	4	17	0	sound/data/pcm/c00/h/00_00.unity3d	h_ai_00_00_056	先っぽが痺れちゃう……																0	0	4	17	0	sound/data/pcm/c00/h/00_00.unity3d	h_ai_00_02_056	それ、いいわぁ……																0	0	104	17	0	sound/data/pcm/c00/h/00_00.unity3d	h_ai_00_03_056	乳首イジメて……																0	0	204	17
57	0	sound/data/pcm/c00/h/00_00.unity3d	h_ai_00_00_057	ダメ、そこ汚いわ……																0	0	4	17	0	sound/data/pcm/c00/h/00_00.unity3d	h_ai_00_01_057	ダメなものはダメなの																0	0	4	17	0	sound/data/pcm/c00/h/00_00.unity3d	h_ai_00_02_057	お尻で気持ちよくなっちゃう……																0	0	104	17	0	sound/data/pcm/c00/h/00_00.unity3d	h_ai_00_03_057	お尻……もっといじって																0	0	204	17
58	0	sound/data/pcm/c00/h/00_00.unity3d	h_ai_00_00_058	あん、そこ、違うっ……																0	0	4	17	0	sound/data/pcm/c00/h/00_00.unity3d	h_ai_00_00_058	あん、そこ、違うっ……																0	0	4	17	0	sound/data/pcm/c00/h/00_00.unity3d	h_ai_00_02_058	お尻、ダメなのにぃ……																0	0	104	17	0	sound/data/pcm/c00/h/00_00.unity3d	h_ai_00_03_058	お尻、いいの、お尻……																0	0	204	17
59	0	sound/data/pcm/c00/h/00_00.unity3d	h_ai_00_00_059	んっ……もう、やめてよぉ																0	0	4	17	0	sound/data/pcm/c00/h/00_00.unity3d	h_ai_00_00_059	んっ……もう、やめてよぉ																0	0	4	17	0	sound/data/pcm/c00/h/00_00.unity3d	h_ai_00_02_059	もっと開発されちゃう……																0	0	104	17	0	sound/data/pcm/c00/h/00_00.unity3d	h_ai_00_03_059	お尻……好きよぉ……																0	0	204	17
60	0	sound/data/pcm/c00/h/00_00.unity3d	h_ai_00_00_060	最初は優しくして……																1	0	4	17	0	sound/data/pcm/c00/h/00_00.unity3d	h_ai_00_01_060	君の手、気持ちいいわ……																0	0	4	17	0	sound/data/pcm/c00/h/00_00.unity3d	h_ai_00_02_060	オマンコ、いいわぁ……																0	0	104	17	0	sound/data/pcm/c00/h/00_00.unity3d	h_ai_00_03_060	愛液が溢れてきちゃう……																0	0	204	17
61	1	sound/data/pcm/c00/h/00_00.unity3d	h_ai_00_00_061	ゆっくりとね……																0	0	4	17	0	sound/data/pcm/c00/h/00_00.unity3d	h_ai_00_00_061	ゆっくりとね……																0	0	4	17	0	sound/data/pcm/c00/h/00_00.unity3d	h_ai_00_02_061	そこ、もっとこすって																0	0	104	17	0	sound/data/pcm/c00/h/00_00.unity3d	h_ai_00_03_061	オマンコ気持ちいいわぁ																0	0	204	17
62	1	sound/data/pcm/c00/h/00_00.unity3d	h_ai_00_00_062	まだ慣れてないから……																0	0	4	17	0	sound/data/pcm/c00/h/00_00.unity3d	h_ai_00_00_062	まだ慣れてないから……																0	0	4	17	0	sound/data/pcm/c00/h/00_00.unity3d	h_ai_00_02_062	やっぱり股間よぉ																0	0	104	17	0	sound/data/pcm/c00/h/00_00.unity3d	h_ai_00_03_062	もっと激しくこすってぇ																0	0	204	17
63	0	sound/data/pcm/c00/h/00_00.unity3d	h_ai_00_00_063	お尻ナデナデね……																0	0	4	17	0	sound/data/pcm/c00/h/00_00.unity3d	h_ai_00_01_063	お尻、可愛がって……																0	0	4	17	0	sound/data/pcm/c00/h/00_00.unity3d	h_ai_00_02_063	お尻で感じてきちゃう																0	0	104	17	0	sound/data/pcm/c00/h/00_00.unity3d	h_ai_00_03_063	強くこすって大丈夫だから																0	0	204	17
64	0	sound/data/pcm/c00/h/00_00.unity3d	h_ai_00_00_064	ん……お口部分は敏感なの……																0	0	4	17	0	sound/data/pcm/c00/h/00_00.unity3d	h_ai_00_00_064	ん……お口部分は敏感なの……																0	0	4	17	0	sound/data/pcm/c00/h/00_00.unity3d	h_ai_00_02_064	もっとお尻こすって																0	0	104	17	0	sound/data/pcm/c00/h/00_00.unity3d	h_ai_00_03_064	お尻もっとコスコスして																0	0	204	17
65	0	sound/data/pcm/c00/h/00_00.unity3d	h_ai_00_00_065	ゆっくり優しくね……																0	0	4	17	0	sound/data/pcm/c00/h/00_00.unity3d	h_ai_00_00_065	ゆっくり優しくね……																0	0	4	17	0	sound/data/pcm/c00/h/00_00.unity3d	h_ai_00_02_065	お尻、すごくいいわ																0	0	104	17	0	sound/data/pcm/c00/h/00_00.unity3d	h_ai_00_03_065	お尻気持ち良すぎるわぁ																0	0	204	17
66	0	sound/data/pcm/c00/h/00_00.unity3d	h_ai_00_00_066	あっ、指がアソコに……																0	0	4	17	0	sound/data/pcm/c00/h/00_00.unity3d	h_ai_00_01_066	んっ……大丈夫、慣れるわ……																0	0	4	17	0	sound/data/pcm/c00/h/00_00.unity3d	h_ai_00_02_066	君の指が中で動いてる……																0	0	104	17	0	sound/data/pcm/c00/h/00_00.unity3d	h_ai_00_03_066	あぁっ指が入ってる、入ってるぅ																0	0	204	17
67	0	sound/data/pcm/c00/h/00_00.unity3d	h_ai_00_00_067	いやらしい音がしてる……																0	0	4	17	0	sound/data/pcm/c00/h/00_00.unity3d	h_ai_00_00_067	いやらしい音がしてる……																0	0	4	17	0	sound/data/pcm/c00/h/00_00.unity3d	h_ai_00_02_067	もっと中で動かして																0	0	104	17	0	sound/data/pcm/c00/h/00_00.unity3d	h_ai_00_03_067	指チンポいい……																0	0	204	17
68	0	sound/data/pcm/c00/h/00_00.unity3d	h_ai_00_00_068	指が入っちゃった……																0	0	4	17	0	sound/data/pcm/c00/h/00_00.unity3d	h_ai_00_00_068	指が入っちゃった……																0	0	4	17	0	sound/data/pcm/c00/h/00_00.unity3d	h_ai_00_02_068	愛液が止まらないわ																0	0	104	17	0	sound/data/pcm/c00/h/00_00.unity3d	h_ai_00_03_068	もっとクチュクチュいわせて																0	0	204	17
69	0	sound/data/pcm/c00/h/00_00.unity3d	h_ai_00_00_069	んっ……お尻に指が……																0	0	4	17	0	sound/data/pcm/c00/h/00_00.unity3d	h_ai_00_01_069	まだ……少し違和感が……																0	0	4	17	0	sound/data/pcm/c00/h/00_00.unity3d	h_ai_00_02_069	君の指で……お尻を気持ちよくして																0	0	104	17	0	sound/data/pcm/c00/h/00_00.unity3d	h_ai_00_03_069	指、お尻にちょうどいいの																0	0	204	17
70	0	sound/data/pcm/c00/h/00_00.unity3d	h_ai_00_00_070	お尻に指が刺さってる……																0	0	4	17	0	sound/data/pcm/c00/h/00_00.unity3d	h_ai_00_00_070	お尻に指が刺さってる……																0	0	4	17	0	sound/data/pcm/c00/h/00_00.unity3d	h_ai_00_02_070	ズブズブ入っていくわ																0	0	104	17	0	sound/data/pcm/c00/h/00_00.unity3d	h_ai_00_03_070	指でアナルを犯されてる																0	0	204	17
71	0	sound/data/pcm/c00/h/00_00.unity3d	h_ai_00_00_071	キツくない……？																0	0	4	17	0	sound/data/pcm/c00/h/00_00.unity3d	h_ai_00_00_071	キツくない……？																0	0	4	17	0	sound/data/pcm/c00/h/00_00.unity3d	h_ai_00_02_071	指の形に拡げられちゃう																0	0	104	17	0	sound/data/pcm/c00/h/00_00.unity3d	h_ai_00_03_071	何度も抜き差ししてぇ																0	0	204	17
72	0	sound/data/pcm/c00/h/00_00.unity3d	h_ai_00_00_072	はじめは優しくお願い……																0	0	4	17	0	sound/data/pcm/c00/h/00_00.unity3d	h_ai_-1_01_072	☆あぁっ、大事なところが……かきまわされちゃってる！																0	0	4	17	0	sound/data/pcm/c00/h/00_00.unity3d	h_ai_00_02_072	君の指でかき回されてる																0	0	104	17	0	sound/data/pcm/c00/h/00_00.unity3d	h_ai_00_03_072	いいわ、もっとぐちゃぐちゃにして																0	0	204	17
73	0	sound/data/pcm/c00/h/00_00.unity3d	h_ai_00_00_073	乱暴なのはイヤよ……																0	0	4	17	0	sound/data/pcm/c00/h/00_00.unity3d	h_ai_00_00_073	乱暴なのはイヤよ……																0	0	4	17	0	sound/data/pcm/c00/h/00_00.unity3d	h_ai_00_02_073	ぐちゃぐちゃにしてぇ																0	0	104	17	0	sound/data/pcm/c00/h/00_00.unity3d	h_ai_00_03_073	クチュクチュ気持ちいいのぉ																0	0	204	17
74	0	sound/data/pcm/c00/h/00_00.unity3d	h_ai_00_00_074	ゆっくりがいいわ……																0	0	4	17	0	sound/data/pcm/c00/h/00_00.unity3d	h_ai_00_00_074	ゆっくりがいいわ……																0	0	4	17	0	sound/data/pcm/c00/h/00_00.unity3d	h_ai_00_02_074	激しいの、いい……																0	0	104	17	0	sound/data/pcm/c00/h/00_00.unity3d	h_ai_00_03_074	すごく動いてる、最高よ																0	0	204	17
75	0	sound/data/pcm/c00/h/00_00.unity3d	h_ai_00_00_075	慎重に、ゆっくりとお願い……																0	0	4	17	0	sound/data/pcm/c00/h/00_00.unity3d	h_ai_00_01_075	んぁっ……お尻、激しすぎ……																0	0	4	17	0	sound/data/pcm/c00/h/00_00.unity3d	h_ai_00_02_075	お尻の中、すごくかき回されてる																0	0	104	17	0	sound/data/pcm/c00/h/00_00.unity3d	h_ai_00_03_075	もっとお尻をかきまわして																0	0	204	17
76	0	sound/data/pcm/c00/h/00_00.unity3d	h_ai_00_00_076	お尻を壊さないで……																0	0	4	17	0	sound/data/pcm/c00/h/00_00.unity3d	h_ai_00_00_076	お尻を壊さないで……																0	0	4	17	0	sound/data/pcm/c00/h/00_00.unity3d	h_ai_00_02_076	激しいのもいいわ……																0	0	104	17	0	sound/data/pcm/c00/h/00_00.unity3d	h_ai_00_03_076	お尻の中、むちゃくちゃにして																0	0	204	17
77	0	sound/data/pcm/c00/h/00_00.unity3d	h_ai_00_00_077	徐々に強くするのよ……																0	0	4	17	0	sound/data/pcm/c00/h/00_00.unity3d	h_ai_00_00_077	徐々に強くするのよ……																0	0	4	17	0	sound/data/pcm/c00/h/00_00.unity3d	h_ai_00_02_077	あっ、わっ、私のお尻ぃ……																0	0	104	17	0	sound/data/pcm/c00/h/00_00.unity3d	h_ai_00_03_077	これ、好き、好きっ																0	0	204	17
78	0	sound/data/pcm/c00/h/00_00.unity3d	h_ai_00_00_078	君の舌、すごく優しいわ……																0	0	4	17	0	sound/data/pcm/c00/h/00_00.unity3d	h_ai_00_01_078	なんてエッチな動きなの……																0	0	4	17	0	sound/data/pcm/c00/h/00_00.unity3d	h_ai_00_02_078	君の唾液が糸を引いて……エロいわ																0	0	104	17	0	sound/data/pcm/c00/h/00_00.unity3d	h_ai_00_03_078	もっと激しく舐めて																0	0	204	17
79	0	sound/data/pcm/c00/h/00_00.unity3d	h_ai_00_00_079	そんなところ舐められちゃってる……																0	0	4	17	0	sound/data/pcm/c00/h/00_00.unity3d	h_ai_00_00_079	そんなところ舐められちゃってる……																0	0	4	17	0	sound/data/pcm/c00/h/00_00.unity3d	h_ai_00_02_079	いっぱい舐めてぇ																0	0	104	17	0	sound/data/pcm/c00/h/00_00.unity3d	h_ai_00_03_079	君の唾液でベトベトにして																0	0	204	17
80	0	sound/data/pcm/c00/h/00_00.unity3d	h_ai_00_00_080	一瞬で敏感になっちゃう……																0	0	4	17	0	sound/data/pcm/c00/h/00_00.unity3d	h_ai_00_00_080	一瞬で敏感になっちゃう……																0	0	4	17	0	sound/data/pcm/c00/h/00_00.unity3d	h_ai_00_02_080	いやらしい舌ね……好きよ																0	0	104	17	0	sound/data/pcm/c00/h/00_00.unity3d	h_ai_00_03_080	舐める時の音も好きぃ																0	0	204	17
81	0	sound/data/pcm/c00/h/00_00.unity3d	h_ai_00_00_081	乳首……優しく舐めて……																0	0	4	17	0	sound/data/pcm/c00/h/00_00.unity3d	h_ai_00_01_081	乳首でこんなにも感じちゃうなんて……																0	0	4	17	0	sound/data/pcm/c00/h/00_00.unity3d	h_ai_00_02_081	私の乳首……舌で可愛がって																0	0	104	17	0	sound/data/pcm/c00/h/00_00.unity3d	h_ai_00_03_081	乳首、もっと舌で責めて																0	0	204	17
82	0	sound/data/pcm/c00/h/00_00.unity3d	h_ai_00_00_082	乳首の先っぽをチロチロ舐めて																0	0	4	17	0	sound/data/pcm/c00/h/00_00.unity3d	h_ai_00_00_082	乳首の先っぽをチロチロ舐めて																0	0	4	17	0	sound/data/pcm/c00/h/00_00.unity3d	h_ai_00_02_082	乳首のまわりを舌でなぞるようにして……あっ、いい																0	0	104	17	0	sound/data/pcm/c00/h/00_00.unity3d	h_ai_00_03_082	乳首しゃぶって、唾液まみれにして																0	0	204	17
83	0	sound/data/pcm/c00/h/00_00.unity3d	h_ai_00_00_083	私のアソコ、ペロペロして……																0	0	4	17	0	sound/data/pcm/c00/h/00_00.unity3d	h_ai_00_01_083	私のアソコ、美味しい……？																0	0	4	17	0	sound/data/pcm/c00/h/00_00.unity3d	h_ai_00_02_083	オマンコ、舌で感じちゃってる……																0	0	104	17	0	sound/data/pcm/c00/h/00_00.unity3d	h_ai_00_03_083	あぁっ、オマンコにキスして、舌を這わせて																0	0	204	17
84	0	sound/data/pcm/c00/h/00_00.unity3d	h_ai_00_00_084	君の舌が……私のアソコに……っ																0	0	4	17	0	sound/data/pcm/c00/h/00_00.unity3d	h_ai_00_00_084	君の舌が……私のアソコに……っ																0	0	4	17	0	sound/data/pcm/c00/h/00_00.unity3d	h_ai_00_02_084	もっと私のアソコ、ペロペロして																0	0	104	17	0	sound/data/pcm/c00/h/00_00.unity3d	h_ai_00_03_084	オマンコ舐められて幸せ……																0	0	204	17
85	0	sound/data/pcm/c00/h/00_00.unity3d	h_ai_00_00_085	やっ……お尻なんて、舐めちゃダメ……！																0	0	4	17	0	sound/data/pcm/c00/h/00_00.unity3d	h_ai_00_01_085	そんな、君の舌がお尻に……																0	0	4	17	0	sound/data/pcm/c00/h/00_00.unity3d	h_ai_00_02_085	アナル舐め……いい……																0	0	104	17	0	sound/data/pcm/c00/h/00_00.unity3d	h_ai_00_03_085	あぁ、お尻の穴が解れてきちゃった																0	0	204	17
86	0	sound/data/pcm/c00/h/00_00.unity3d	h_ai_00_00_086	待って、お尻は汚いから……！																0	0	4	17	0	sound/data/pcm/c00/h/00_00.unity3d	h_ai_00_00_086	待って、お尻は汚いから……！																0	0	4	17	0	sound/data/pcm/c00/h/00_00.unity3d	h_ai_00_02_086	私のアナル、君の唾液で濡れてるわ																0	0	104	17	0	sound/data/pcm/c00/h/00_00.unity3d	h_ai_00_03_086	君の舌のせいで……お尻が敏感にっ																0	0	204	17
87	0	sound/data/pcm/c00/h/00_00.unity3d	h_ai_00_00_087	あっ……待って、舌がお尻に……！																0	0	4	17	0	sound/data/pcm/c00/h/00_00.unity3d	h_ai_00_01_087	んぁっ……お尻の穴がぬるぬるするわ……																0	0	4	17	0	sound/data/pcm/c00/h/00_00.unity3d	h_ai_00_02_087	お尻のお口にディープキスされてる……																0	0	104	17	0	sound/data/pcm/c00/h/00_00.unity3d	h_ai_00_03_087	お尻の穴、舌でもっと責めて																0	0	204	17
88	0	sound/data/pcm/c00/h/00_00.unity3d	h_ai_00_00_088	お尻に、舌、入れちゃったの！？																0	0	4	17	0	sound/data/pcm/c00/h/00_00.unity3d	h_ai_00_00_088	お尻に、舌、入れちゃったの！？																0	0	4	17	0	sound/data/pcm/c00/h/00_00.unity3d	h_ai_00_02_088	私のアナル、舌でどんどん拡がってゆくわ																0	0	104	17	0	sound/data/pcm/c00/h/00_00.unity3d	h_ai_00_03_088	ケツマンコがヒクヒクしてきちゃう																0	0	204	17
89	0	sound/data/pcm/c00/h/00_00.unity3d	h_ai_00_00_089	ダメよ、奥の方はもっと汚いからぁ																0	0	4	17	0	sound/data/pcm/c00/h/00_00.unity3d	h_ai_00_00_089	ダメよ、奥の方はもっと汚いからぁ																0	0	4	17	0	sound/data/pcm/c00/h/00_00.unity3d	h_ai_00_02_089	舌でアナルがとろけちゃいそう																0	0	104	17	0	sound/data/pcm/c00/h/00_00.unity3d	h_ai_00_03_089	お尻の奥にもっと舌をねじこんで																0	0	204	17
90	0	sound/data/pcm/c00/h/00_00.unity3d	h_ai_00_00_090	そんなので気持ちよくなんて……あっ																0	0	4	17	0	sound/data/pcm/c00/h/00_00.unity3d	h_ai_00_01_090	ぶるぶるがクセになりそう……																0	0	4	17	0	sound/data/pcm/c00/h/00_00.unity3d	h_ai_00_02_090	おもちゃだっていいかも……																0	0	104	17	0	sound/data/pcm/c00/h/00_00.unity3d	h_ai_00_03_090	もっと強く……まだまだいけるわ																0	0	204	17
91	0	sound/data/pcm/c00/h/00_00.unity3d	h_ai_00_00_091	おもちゃなんて……んぅっ																0	0	4	17	0	sound/data/pcm/c00/h/00_00.unity3d	h_ai_00_00_091	おもちゃなんて……んぅっ																0	0	4	17	0	sound/data/pcm/c00/h/00_00.unity3d	h_ai_00_02_091	もっとそれ使ってみて……																0	0	104	17	0	sound/data/pcm/c00/h/00_00.unity3d	h_ai_00_03_091	私もそれ欲しくなっちゃう……																0	0	204	17
92	0	sound/data/pcm/c00/h/00_00.unity3d	h_ai_00_00_092	振動がすごいの……																0	0	4	17	0	sound/data/pcm/c00/h/00_00.unity3d	h_ai_00_00_092	振動がすごいの……																0	0	4	17	0	sound/data/pcm/c00/h/00_00.unity3d	h_ai_00_02_092	だんだん激しくしてみて……																0	0	104	17	0	sound/data/pcm/c00/h/00_00.unity3d	h_ai_00_03_092	もっとそれで遊んでぇ……																0	0	204	17
93	0																					4	17	0	sound/data/pcm/c00/h/00_00.unity3d	h_ai_00_01_041	あぁん……やだ、勝手に変な声が出ちゃう……																0	0	4	17	0																					104	17	0																					204	17
94	0																					4	17	0	sound/data/pcm/c00/h/00_00.unity3d	h_ai_00_01_042	こんな……おもちゃなのに……																0	0	4	17	0																					104	17	0																					204	17
95	0																					4	17	0	sound/data/pcm/c00/h/00_00.unity3d	h_ai_00_01_043	すごい……こんな激しい振動……																0	0	4	17	0																					104	17	0																					204	17
96	0	sound/data/pcm/c00/h/00_00.unity3d	h_ai_00_00_093	乳首がこすれるぅ……ゆっくりお願い……																0	0	4	17	0	sound/data/pcm/c00/h/00_00.unity3d	h_ai_00_01_093	振動で……乳首が立っちゃう																0	0	4	17	0	sound/data/pcm/c00/h/00_00.unity3d	h_ai_00_02_093	乳首の先っぽだけ、ピンポイントですごいっ																0	0	104	17	0	sound/data/pcm/c00/h/00_00.unity3d	h_ai_00_03_093	その乳首責め、すごくいいわ																0	0	204	17
97	0	sound/data/pcm/c00/h/00_00.unity3d	h_ai_00_00_094	あっ、そんなに乳首に強く当てたら……んんっ																0	0	4	17	0	sound/data/pcm/c00/h/00_00.unity3d	h_ai_00_00_094	あっ、そんなに乳首に強く当てたら……んんっ																0	0	4	17	0	sound/data/pcm/c00/h/00_00.unity3d	h_ai_00_02_094	もっと乳首に当てて																0	0	104	17	0	sound/data/pcm/c00/h/00_00.unity3d	h_ai_00_03_094	乳首が激しくコスられて……ひぁんっ																0	0	204	17
98	0	sound/data/pcm/c00/h/00_00.unity3d	h_ai_00_00_095	あんっ……振動が……アソコが変な感じ																0	0	4	17	0	sound/data/pcm/c00/h/00_00.unity3d	h_ai_00_01_095	股間がぶるぶるしてるぅ……																0	0	4	17	0	sound/data/pcm/c00/h/00_00.unity3d	h_ai_00_02_095	私のオマンコ、おもちゃで感じてる																0	0	104	17	0	sound/data/pcm/c00/h/00_00.unity3d	h_ai_00_03_095	パワー最強で私のオマンコにそれ押し当ててぇ																0	0	204	17
99	0	sound/data/pcm/c00/h/00_00.unity3d	h_ai_00_00_096	ダメ、アソコで遊ばないでぇ																0	0	4	17	0	sound/data/pcm/c00/h/00_00.unity3d	h_ai_00_00_096	ダメ、アソコで遊ばないでぇ																0	0	4	17	0	sound/data/pcm/c00/h/00_00.unity3d	h_ai_00_02_096	振動がすごくいいの……もっとオマンコにちょうだい																0	0	104	17	0	sound/data/pcm/c00/h/00_00.unity3d	h_ai_00_03_096	おもちゃでオマンコ喜ばされてるぅ																0	0	204	17
100	0	sound/data/pcm/c00/h/00_00.unity3d	h_ai_00_00_097	初めてなのに……イッちゃいそうよぉ																1	0	7	17	0	sound/data/pcm/c00/h/00_00.unity3d	h_ai_00_01_097	気持ち良すぎて……おかしくなりそう																0	0	7	17	0	sound/data/pcm/c00/h/00_00.unity3d	h_ai_00_02_097	あぁっ……いい……おかしくなっちゃう																0	0	107	17	0	sound/data/pcm/c00/h/00_00.unity3d	h_ai_00_03_097	あ、あぁっ……くる、イキそうっ																0	0	207	17
101	1	sound/data/pcm/c00/h/00_00.unity3d	h_ai_00_00_098	身体の感覚が……ふわふわしてきてるぅ																0	0	7	17	0	sound/data/pcm/c00/h/00_00.unity3d	h_ai_00_00_098	身体の感覚が……ふわふわしてきてるぅ																0	0	7	17	0	sound/data/pcm/c00/h/00_00.unity3d	h_ai_00_02_098	あぁっ、いいのぉ……もうイキそうよぉ																0	0	107	17	0	sound/data/pcm/c00/h/00_00.unity3d	h_ai_00_03_098	ダメ……もう少しで……きちゃうっ																0	0	207	17
102	1	sound/data/pcm/c00/h/00_00.unity3d	h_ai_00_00_099	あぁっ、気持ちいいの……！																0	0	7	17	0	sound/data/pcm/c00/h/00_00.unity3d	h_ai_00_00_099	あぁっ、気持ちいいの……！																0	0	7	17	0	sound/data/pcm/c00/h/00_00.unity3d	h_ai_00_02_099	あんっ……ダメ、気持ち良すぎるぅ																0	0	107	17	0	sound/data/pcm/c00/h/00_00.unity3d	h_ai_00_03_099	あ、あっ……早く……イカせてぇ																0	0	207	17
103	0	sound/data/pcm/c00/h/00_00.unity3d	h_ai_00_00_100	はぁぁぁぁんっ！																0	0	8	0	0	sound/data/pcm/c00/h/00_00.unity3d	h_ai_00_00_100	はぁぁぁぁんっ！																0	0	8	0	0	sound/data/pcm/c00/h/00_00.unity3d	h_ai_00_02_100	あっ……イクッ……！																0	0	108	0	0	sound/data/pcm/c00/h/00_00.unity3d	h_ai_00_03_100	イクわ、イッちゃうぅぅ！																0	0	208	0
104	0	sound/data/pcm/c00/h/00_00.unity3d	h_ai_00_00_101	これが……絶頂なのね……																0	0	9	17	0	sound/data/pcm/c00/h/00_00.unity3d	h_ai_00_01_101	はぁ、はぁ……イッちゃった……																0	0	9	17	0	sound/data/pcm/c00/h/00_00.unity3d	h_ai_00_01_101	はぁ、はぁ……イッちゃった……																0	0	109	17	0	sound/data/pcm/c00/h/00_00.unity3d	h_ai_00_03_101	気持ちよくしてくれて、ありがとう……																0	0	209	17
105	0	sound/data/pcm/c00/h/00_00.unity3d	h_ai_00_00_102	とっても気持ち良かったわ……																0	0	9	17	0	sound/data/pcm/c00/h/00_00.unity3d	h_ai_00_01_102	なんて気持ち良さなの……																0	0	9	17	0	sound/data/pcm/c00/h/00_00.unity3d	h_ai_00_01_102	なんて気持ち良さなの……																0	0	109	17	0	sound/data/pcm/c00/h/00_00.unity3d	h_ai_00_03_102	君ってすごいのね……♪																0	0	209	17
106	0	sound/data/pcm/c00/h/00_00.unity3d	h_ai_00_00_103	最高の気分よ……																0	0	9	17	0	sound/data/pcm/c00/h/00_00.unity3d	h_ai_00_01_103	ふふ……すごく良かったわ……																0	0	9	17	0	sound/data/pcm/c00/h/00_00.unity3d	h_ai_00_01_103	ふふ……すごく良かったわ……																0	0	109	17	0	sound/data/pcm/c00/h/00_00.unity3d	h_ai_00_03_103	またお願いしてもいいかな……？																0	0	209	17
107	0	sound/data/pcm/c00/h/00_00.unity3d	h_ai_00_00_104	じっと見てばっかりはダメよ																0	0	0	17	0	sound/data/pcm/c00/h/00_00.unity3d	h_ai_00_00_104	じっと見てばっかりはダメよ																0	0	0	17	0	sound/data/pcm/c00/h/00_00.unity3d	h_ai_00_02_104	ねぇ、また触ってよ……																0	0	100	17	0	sound/data/pcm/c00/h/00_00.unity3d	h_ai_00_03_104	お預けなんて我慢できないの……																0	0	200	17
108	0	sound/data/pcm/c00/h/00_00.unity3d	h_ai_00_00_105	そろそろ始めない……？																0	0	0	17	0	sound/data/pcm/c00/h/00_00.unity3d	h_ai_00_00_105	そろそろ始めない……？																0	0	0	17	0	sound/data/pcm/c00/h/00_00.unity3d	h_ai_00_02_105	見るのはもう充分よね？																0	0	100	17	0	sound/data/pcm/c00/h/00_00.unity3d	h_ai_00_03_105	お願い、また気持ちよくして																0	0	200	17
109	0																					1	0	0	sound/data/pcm/c00/h/00_00.unity3d	h_ai_00_01_106	きしゅ……しゅきなのぉ……（キス、好きなの）																0	0	1	0	0	sound/data/pcm/c00/h/00_00.unity3d	h_ai_00_02_106	もっろ、ちゅっちゅ、しれぇ……（もっとチュッチュして）																0	0	101	0	0	sound/data/pcm/c00/h/00_00.unity3d	h_ai_00_03_112	もっろ……したぁ、れろれろしれ……（もっと、舌レロレロして）																0	0	201	0
110	0																					1	0	0	sound/data/pcm/c00/h/00_00.unity3d	h_ai_00_01_107	もっろ、きしゅしたい……（もっとキスしたい）																0	0	1	0	0	sound/data/pcm/c00/h/00_00.unity3d	h_ai_00_02_107	まらぁ、もうちょっろ（まだ、もうちょっと）																0	0	101	0	0	sound/data/pcm/c00/h/00_00.unity3d	h_ai_00_03_113	くちのなぁ……なれまぁしれ……（口の中舐めまわして）																0	0	201	0
111	0	sound/data/pcm/c00/h/00_00.unity3d	h_ai_00_00_108	また、キスしちゃったわね……																0	0	2	17	0	sound/data/pcm/c00/h/00_00.unity3d	h_ai_00_01_108	何回やってもキスはいいわね……♪																0	0	2	17	0	sound/data/pcm/c00/h/00_00.unity3d	h_ai_00_02_108	またすぐキスしたくなっちゃうわね……																0	0	102	17	0	sound/data/pcm/c00/h/00_00.unity3d	h_ai_00_03_114	お口から唾液があふれてくるわ……																0	0	202	17
112	0	sound/data/pcm/c00/h/00_00.unity3d	h_ai_00_00_109	少し慣れてきたかも……																0	0	2	17	0	sound/data/pcm/c00/h/00_00.unity3d	h_ai_00_01_109	私の唇、好きになってくれた？																0	0	2	17	0	sound/data/pcm/c00/h/00_00.unity3d	h_ai_00_02_109	永遠に君とキスしていたいわ……																0	0	102	17	0	sound/data/pcm/c00/h/00_00.unity3d	h_ai_00_03_115	もっとエッチなキスしちゃったわね……																0	0	202	17
113	0	sound/data/pcm/c00/h/00_00.unity3d	h_ai_00_00_110	キスでメロメロになっちゃう……																0	0	3	17	0	sound/data/pcm/c00/h/00_00.unity3d	h_ai_00_01_110	キス……すごく上手よ……																0	0	3	17	0	sound/data/pcm/c00/h/00_00.unity3d	h_ai_00_02_110	キスだけでもうイキそうよ……																0	0	103	17	0	sound/data/pcm/c00/h/00_00.unity3d	h_ai_00_03_116	エッチすぎるキスで……もう私、濡れ濡れよぉ																0	0	203	17
114	0	sound/data/pcm/c00/h/00_00.unity3d	h_ai_00_00_111	もうキスの虜よ……																0	0	3	17	0	sound/data/pcm/c00/h/00_00.unity3d	h_ai_00_01_111	君の唇の感触が忘れられないの……																0	0	3	17	0	sound/data/pcm/c00/h/00_00.unity3d	h_ai_-1_02_111	☆先生……すっかりキミのキスの虜よ																0	0	103	17	0	sound/data/pcm/c00/h/00_00.unity3d	h_ai_00_03_117	お口まですごく感じちゃったわ……																0	0	203	17
115	0	sound/data/pcm/c00/h/00_00.unity3d	h_ai_00_00_118	だからね、そういうのはまだよしましょ																0	0	6	17	0	sound/data/pcm/c00/h/00_00.unity3d	h_ai_00_00_118	だからね、そういうのはまだよしましょ																0	0	6	17	0	sound/data/pcm/c00/h/00_00.unity3d	h_ai_00_00_118	だからね、そういうのはまだよしましょ																0	0	106	17	0	sound/data/pcm/c00/h/00_00.unity3d	h_ai_00_00_118	だからね、そういうのはまだよしましょ																0	0	206	17
116	0	sound/data/pcm/c00/h/00_00.unity3d	h_ai_00_00_119	言ったでしょ、キスはダメだって																0	0	6	17	0	sound/data/pcm/c00/h/00_00.unity3d	h_ai_00_00_119	言ったでしょ、キスはダメだって																0	0	6	17	0	sound/data/pcm/c00/h/00_00.unity3d	h_ai_00_00_119	言ったでしょ、キスはダメだって																0	0	106	17	0	sound/data/pcm/c00/h/00_00.unity3d	h_ai_00_00_119	言ったでしょ、キスはダメだって																0	0	206	17
117	0	sound/data/pcm/c00/h/00_00.unity3d	h_ai_00_00_120	さっきより……すごいわ……																0	0	4	17	0	sound/data/pcm/c00/h/00_00.unity3d	h_ai_00_00_120	さっきより……すごいわ……																0	0	4	17	0	sound/data/pcm/c00/h/00_00.unity3d	h_ai_00_02_120	あっ、すごい……いいっ																0	0	104	17	0	sound/data/pcm/c00/h/00_00.unity3d	h_ai_00_03_120	そこそこ、そこよぉ																0	0	204	17
118	0	sound/data/pcm/c00/h/00_00.unity3d	h_ai_00_00_121	私の感度、上がってる……？																0	0	4	17	0	sound/data/pcm/c00/h/00_00.unity3d	h_ai_00_00_121	私の感度、上がってる……？																0	0	4	17	0	sound/data/pcm/c00/h/00_00.unity3d	h_ai_00_02_121	ビンビンきてる……																0	0	104	17	0	sound/data/pcm/c00/h/00_00.unity3d	h_ai_00_03_121	もっともっと責めて																0	0	204	17
119	0	sound/data/pcm/c00/h/00_00.unity3d	h_ai_00_00_122	すぐ……気持ちいいってわかるわ……																0	0	4	17	0	sound/data/pcm/c00/h/00_00.unity3d	h_ai_00_00_122	すぐ……気持ちいいってわかるわ……																0	0	4	17	0	sound/data/pcm/c00/h/00_00.unity3d	h_ai_00_02_122	たまんない……																0	0	104	17	0	sound/data/pcm/c00/h/00_00.unity3d	h_ai_00_03_122	何度でもいいのぉ																0	0	204	17
120	0																					4	17	0	sound/data/pcm/c00/h/00_00.unity3d	h_ai_00_01_131	あっ、激しいのもっ……悪くないわっ……																0	0	4	17	0																					104	17	0																					204	17
121	0																					4	17	0	sound/data/pcm/c00/h/00_00.unity3d	h_ai_00_01_132	なんだかゾクゾクしてきたわ……																0	0	4	17	0																					104	17	0																					204	17
122	0																					4	17	0	sound/data/pcm/c00/h/00_00.unity3d	h_ai_00_01_133	んもぅ、また、そんなところ汚いのに……																0	0	4	17	0																					104	17	0																					204	17
123	0																					4	17	0	sound/data/pcm/c00/h/00_00.unity3d	h_ai_00_01_134	す……少しだけよ……																0	0	4	17	0																					104	17	0																					204	17
124	0	sound/data/pcm/c00/h/00_00.unity3d	h_ai_00_00_123	もう、弱いところばっかり……																0	0	5	17	0	sound/data/pcm/c00/h/00_00.unity3d	h_ai_00_00_123	もう、弱いところばっかり……																0	0	5	17	0	sound/data/pcm/c00/h/00_00.unity3d	h_ai_00_02_123	あんっ……いいわ、もっとして……																0	0	105	17	0	sound/data/pcm/c00/h/00_00.unity3d	h_ai_00_03_123	いっぱい責めて																0	0	205	17
125	0	sound/data/pcm/c00/h/00_00.unity3d	h_ai_00_00_124	あんっ……私の弱点、すっかり覚えられちゃった……																0	0	5	17	0	sound/data/pcm/c00/h/00_00.unity3d	h_ai_00_00_124	あんっ……私の弱点、すっかり覚えられちゃった……																0	0	5	17	0	sound/data/pcm/c00/h/00_00.unity3d	h_ai_00_02_124	当たりよ、もっと責めて……																0	0	105	17	0	sound/data/pcm/c00/h/00_00.unity3d	h_ai_00_03_124	まだまだ、もっと強く																0	0	205	17
126	0	sound/data/pcm/c00/h/00_00.unity3d	h_ai_00_00_125	乳首……また固くなっちゃう																0	0	5	17	0	sound/data/pcm/c00/h/00_00.unity3d	h_ai_00_00_125	乳首……また固くなっちゃう																0	0	5	17	0	sound/data/pcm/c00/h/00_00.unity3d	h_ai_00_02_125	乳首責め、きたぁっ																0	0	105	17	0	sound/data/pcm/c00/h/00_00.unity3d	h_ai_00_03_125	どんどん乳首責めていいわよぉ																0	0	205	17
127	0	sound/data/pcm/c00/h/00_00.unity3d	h_ai_00_00_126	いいわ、乳首いいわぁ……																0	0	5	17	0	sound/data/pcm/c00/h/00_00.unity3d	h_ai_00_00_126	いいわ、乳首いいわぁ……																0	0	5	17	0	sound/data/pcm/c00/h/00_00.unity3d	h_ai_00_02_126	またクリクリして																0	0	105	17	0	sound/data/pcm/c00/h/00_00.unity3d	h_ai_00_03_126	もう固いの、乳首感じてるの																0	0	205	17
128	0	sound/data/pcm/c00/h/00_00.unity3d	h_ai_00_00_127	あんっ……そこ、まだまだ敏感なんだからぁ……																0	0	5	17	0	sound/data/pcm/c00/h/00_00.unity3d	h_ai_00_00_127	あんっ……そこ、まだまだ敏感なんだからぁ……																0	0	5	17	0	sound/data/pcm/c00/h/00_00.unity3d	h_ai_00_02_127	オマンコ……さっきよりもすごい																0	0	105	17	0	sound/data/pcm/c00/h/00_00.unity3d	h_ai_00_03_127	あんっ、ああっ……オマンコでヨガっちゃう																0	0	205	17
129	0	sound/data/pcm/c00/h/00_00.unity3d	h_ai_00_00_128	何度でも……気持ちよくなれちゃう																0	0	5	17	0	sound/data/pcm/c00/h/00_00.unity3d	h_ai_00_00_128	何度でも……気持ちよくなれちゃう																0	0	5	17	0	sound/data/pcm/c00/h/00_00.unity3d	h_ai_00_02_128	クリちゃんビンビンになってるぅ																0	0	105	17	0	sound/data/pcm/c00/h/00_00.unity3d	h_ai_00_03_128	最初から強く責めて、そう……！																0	0	205	17
130	0	sound/data/pcm/c00/h/00_00.unity3d	h_ai_00_00_129	お尻弱いの……知ってるでしょ……																0	0	5	17	0	sound/data/pcm/c00/h/00_00.unity3d	h_ai_00_00_129	お尻弱いの……知ってるでしょ……																0	0	5	17	0	sound/data/pcm/c00/h/00_00.unity3d	h_ai_00_02_129	お尻でまた感じちゃうのぉ																0	0	105	17	0	sound/data/pcm/c00/h/00_00.unity3d	h_ai_00_03_129	あぁっ、お尻、いいっ……																0	0	205	17
131	0	sound/data/pcm/c00/h/00_00.unity3d	h_ai_00_00_130	もう……また責めるの……																0	0	5	17	0	sound/data/pcm/c00/h/00_00.unity3d	h_ai_00_00_130	もう……また責めるの……																0	0	5	17	0	sound/data/pcm/c00/h/00_00.unity3d	h_ai_00_02_130	アナル好きすぎて変になっちゃう																0	0	105	17	0	sound/data/pcm/c00/h/00_00.unity3d	h_ai_00_03_130	お尻で感じまくってるぅ																0	0	205	17
132	0	sound/data/pcm/c00/h/00_00.unity3d	h_ai_00_00_131	（拒否）激しいのはっ……ナシだってば……！																0	0	6	17	0																					6	17	0																					106	17	0																					206	17
133	0	sound/data/pcm/c00/h/00_00.unity3d	h_ai_00_00_132	（拒否）痛いのは……まだ無理よっ																0	0	6	17	0																					6	17	0																					106	17	0																					206	17
134	0	sound/data/pcm/c00/h/00_00.unity3d	h_ai_00_00_133	（拒否）お尻はダメだって言ってるでしょ！																0	0	6	17	0																					6	17	0																					106	17	0																					206	17
135	0	sound/data/pcm/c00/h/00_00.unity3d	h_ai_00_00_134	（拒否）お尻はまだお預けよ																0	0	6	17	0																					6	17	0																					106	17	0																					206	17
136	0	sound/data/pcm/c00/h/00_00.unity3d	h_ai_00_00_135	（拒否）いきなりそれは強すぎよ																0	0	6	17	0																					6	17	0																					106	17	0																					206	17
137	0	sound/data/pcm/c00/h/00_00.unity3d	h_ai_00_00_136	（拒否）別のことで気持ち良くならない？																0	0	6	17	0																					6	17	0																					106	17	0																					206	17
138	0	sound/data/pcm/c00/h/00_00.unity3d	h_ai_00_00_137	あんっ……こんなに早く……感じちゃう……																0	0	4	17	0	sound/data/pcm/c00/h/00_00.unity3d	h_ai_00_00_137	あんっ……こんなに早く……感じちゃう……																0	0	4	17	0	sound/data/pcm/c00/h/00_00.unity3d	h_ai_00_02_137	ねぇもっと触ってよぉ……																0	0	104	17	0	sound/data/pcm/c00/h/00_00.unity3d	h_ai_00_03_137	イヤラシイ手つきね……♪																0	0	204	17
139	0	sound/data/pcm/c00/h/00_00.unity3d	h_ai_00_00_138	ダメ、すぐにイカされちゃうわ……																0	0	4	17	0	sound/data/pcm/c00/h/00_00.unity3d	h_ai_00_00_138	ダメ、すぐにイカされちゃうわ……																0	0	4	17	0	sound/data/pcm/c00/h/00_00.unity3d	h_ai_00_02_138	君の手が好きなのぉ……																0	0	104	17	0	sound/data/pcm/c00/h/00_00.unity3d	h_ai_00_03_138	手の使い方が、すごい……っ																0	0	204	17
140	0																					4	17	0																					4	17	0	sound/data/pcm/c00/h/00_00.unity3d	h_ai_00_02_139	おっぱいが好きなのね……いいわ……																0	0	104	17	0	sound/data/pcm/c00/h/00_00.unity3d	h_ai_00_03_139	おっぱい、好きなだけ揉みしだいてちょうだい……																0	0	204	17
141	0																					4	17	0																					4	17	0	sound/data/pcm/c00/h/00_00.unity3d	h_ai_00_02_140	君に揉まれるの、大好きぃ……																0	0	104	17	0	sound/data/pcm/c00/h/00_00.unity3d	h_ai_00_03_140	あん、揉まれてるだけで、イッちゃいそう																0	0	204	17
142	0																					4	17	0																					4	17	0	sound/data/pcm/c00/h/00_00.unity3d	h_ai_00_02_141	揉みごたえのあるお尻でしょ？																0	0	104	17	0	sound/data/pcm/c00/h/00_00.unity3d	h_ai_00_03_141	お尻から快感が広がるぅ																0	0	204	17
143	0																					4	17	0																					4	17	0	sound/data/pcm/c00/h/00_00.unity3d	h_ai_00_02_142	いいわ……お尻もっと揉んで……																0	0	104	17	0	sound/data/pcm/c00/h/00_00.unity3d	h_ai_00_03_142	もっとお尻を揉み解してぇ																0	0	204	17
144	0	sound/data/pcm/c00/h/00_00.unity3d	h_ai_00_00_143	もう、乳首ばっかりつついちゃ……やぁんっ																0	0	4	17	0	sound/data/pcm/c00/h/00_00.unity3d	h_ai_00_00_143	もう、乳首ばっかりつついちゃ……やぁんっ																0	0	4	17	0	sound/data/pcm/c00/h/00_00.unity3d	h_ai_00_02_143	乳首スイッチいっぱい押してぇ																0	0	104	17	0	sound/data/pcm/c00/h/00_00.unity3d	h_ai_00_03_143	あっ、もっと、乳首強くつついて……そうっ																0	0	204	17
145	0	sound/data/pcm/c00/h/00_00.unity3d	h_ai_00_00_144	あっ、もうっ、また乳首に……！																0	0	4	17	0	sound/data/pcm/c00/h/00_00.unity3d	h_ai_00_00_144	あっ、もうっ、また乳首に……！																0	0	4	17	0	sound/data/pcm/c00/h/00_00.unity3d	h_ai_00_02_144	乳首つつくの好き？　もっとつんつんしていいわよぉ																0	0	104	17	0	sound/data/pcm/c00/h/00_00.unity3d	h_ai_00_03_144	陥没するぐらいつついてぇ																0	0	204	17
146	0	sound/data/pcm/c00/h/00_00.unity3d	h_ai_00_00_145	乳首また伸びちゃう、ダメぇ																0	0	4	17	0	sound/data/pcm/c00/h/00_00.unity3d	h_ai_00_00_145	乳首また伸びちゃう、ダメぇ																0	0	4	17	0	sound/data/pcm/c00/h/00_00.unity3d	h_ai_00_02_145	もっと強く摘まんで、引っ張ってぇ																0	0	104	17	0	sound/data/pcm/c00/h/00_00.unity3d	h_ai_00_03_145	また乳首にビリビリきてるぅ																0	0	204	17
147	0	sound/data/pcm/c00/h/00_00.unity3d	h_ai_00_00_146	先っぽ強く握らないでぇ																0	0	4	17	0	sound/data/pcm/c00/h/00_00.unity3d	h_ai_00_00_146	先っぽ強く握らないでぇ																0	0	4	17	0	sound/data/pcm/c00/h/00_00.unity3d	h_ai_00_02_146	それいいの、もっとやってぇ																0	0	104	17	0	sound/data/pcm/c00/h/00_00.unity3d	h_ai_00_03_146	そのままねじりあげてぇ																0	0	204	17
148	0	sound/data/pcm/c00/h/00_00.unity3d	h_ai_00_00_147	ひゃっ！？　あのね、だからそこ汚いのよ……？																0	0	4	17	0	sound/data/pcm/c00/h/00_00.unity3d	h_ai_00_00_147	ひゃっ！？　あのね、だからそこ汚いのよ……？																0	0	4	17	0	sound/data/pcm/c00/h/00_00.unity3d	h_ai_00_02_147	またお尻ばっかり……好きねぇ																0	0	104	17	0	sound/data/pcm/c00/h/00_00.unity3d	h_ai_00_03_147	んあっ……それ以上いじられたら……																0	0	204	17
149	0	sound/data/pcm/c00/h/00_00.unity3d	h_ai_00_00_148	もうっ……そこ、そんなに好きなの？																0	0	4	17	0	sound/data/pcm/c00/h/00_00.unity3d	h_ai_00_00_148	もうっ……そこ、そんなに好きなの？																0	0	4	17	0	sound/data/pcm/c00/h/00_00.unity3d	h_ai_00_02_148	アナル触ってると幸せなのね……																0	0	104	17	0	sound/data/pcm/c00/h/00_00.unity3d	h_ai_00_03_148	お尻……良すぎるわぁ……																0	0	204	17
150	0	sound/data/pcm/c00/h/00_00.unity3d	h_ai_00_00_149	こすられると……ダメっ、また感じる……																0	0	4	17	0	sound/data/pcm/c00/h/00_00.unity3d	h_ai_00_00_149	こすられると……ダメっ、また感じる……																0	0	4	17	0	sound/data/pcm/c00/h/00_00.unity3d	h_ai_00_02_149	オマンコ、もっともっとこすってぇ																0	0	104	17	0	sound/data/pcm/c00/h/00_00.unity3d	h_ai_00_03_149	愛液が吹き出しちゃうからぁ																0	0	204	17
151	0	sound/data/pcm/c00/h/00_00.unity3d	h_ai_00_00_150	もう、すぐ変になりそうなのよぉっ																0	0	4	17	0	sound/data/pcm/c00/h/00_00.unity3d	h_ai_00_00_150	もう、すぐ変になりそうなのよぉっ																0	0	4	17	0	sound/data/pcm/c00/h/00_00.unity3d	h_ai_00_02_150	速いのが好きなのぉ																0	0	104	17	0	sound/data/pcm/c00/h/00_00.unity3d	h_ai_00_03_150	オマンコ、もっと気持ちよくしてぇ																0	0	204	17
152	0	sound/data/pcm/c00/h/00_00.unity3d	h_ai_00_00_151	お尻、また変になっちゃう……																0	0	4	17	0	sound/data/pcm/c00/h/00_00.unity3d	h_ai_00_00_151	お尻、また変になっちゃう……																0	0	4	17	0	sound/data/pcm/c00/h/00_00.unity3d	h_ai_00_02_151	あぁっ、こすられて……アナル喜んでる																0	0	104	17	0	sound/data/pcm/c00/h/00_00.unity3d	h_ai_00_03_151	もっと強く、アナルこすってぇ																0	0	204	17
153	0	sound/data/pcm/c00/h/00_00.unity3d	h_ai_00_00_152	さっきよりも敏感になってるの……																0	0	4	17	0	sound/data/pcm/c00/h/00_00.unity3d	h_ai_00_00_152	さっきよりも敏感になってるの……																0	0	4	17	0	sound/data/pcm/c00/h/00_00.unity3d	h_ai_00_02_152	好きなだけいじってぇ																0	0	104	17	0	sound/data/pcm/c00/h/00_00.unity3d	h_ai_00_03_152	全然痛くないから、もっと強く																0	0	204	17
154	0	sound/data/pcm/c00/h/00_00.unity3d	h_ai_00_00_153	またっ……指が入ってきたぁ……																0	0	4	17	0	sound/data/pcm/c00/h/00_00.unity3d	h_ai_00_00_153	またっ……指が入ってきたぁ……																0	0	4	17	0	sound/data/pcm/c00/h/00_00.unity3d	h_ai_00_02_153	君の指、すごく感じるわ……																0	0	104	17	0	sound/data/pcm/c00/h/00_00.unity3d	h_ai_00_03_153	指チンコで気持ちよくしてぇ																0	0	204	17
155	0	sound/data/pcm/c00/h/00_00.unity3d	h_ai_00_00_154	あっ、またクチュッて……♪																0	0	4	17	0	sound/data/pcm/c00/h/00_00.unity3d	h_ai_00_00_154	あっ、またクチュッて……♪																0	0	4	17	0	sound/data/pcm/c00/h/00_00.unity3d	h_ai_00_02_154	指をズボズボして、さっきより激しく																0	0	104	17	0	sound/data/pcm/c00/h/00_00.unity3d	h_ai_00_03_154	君の指、おかえりなさい																0	0	204	17
156	0	sound/data/pcm/c00/h/00_00.unity3d	h_ai_00_00_155	今度はすぐ入っちゃった……																0	0	4	17	0	sound/data/pcm/c00/h/00_00.unity3d	h_ai_00_00_155	今度はすぐ入っちゃった……																0	0	4	17	0	sound/data/pcm/c00/h/00_00.unity3d	h_ai_00_02_155	あぁっ、またお尻にズブリときたぁ……																0	0	104	17	0	sound/data/pcm/c00/h/00_00.unity3d	h_ai_00_03_155	お尻、さっきよりも敏感に……いいっ																0	0	204	17
157	0	sound/data/pcm/c00/h/00_00.unity3d	h_ai_00_00_156	もう……お尻の穴がまた拡がっちゃう																0	0	4	17	0	sound/data/pcm/c00/h/00_00.unity3d	h_ai_00_00_156	もう……お尻の穴がまた拡がっちゃう																0	0	4	17	0	sound/data/pcm/c00/h/00_00.unity3d	h_ai_00_02_156	お尻に指突っ込まれて……いいのぉ																0	0	104	17	0	sound/data/pcm/c00/h/00_00.unity3d	h_ai_00_03_156	あっあ、もっと早く指を抜き差ししてぇ																0	0	204	17
158	0	sound/data/pcm/c00/h/00_00.unity3d	h_ai_00_00_157	やっぱりまだ……最初は優しくして……																0	0	4	17	0	sound/data/pcm/c00/h/00_00.unity3d	h_ai_00_00_157	やっぱりまだ……最初は優しくして……																0	0	4	17	0	sound/data/pcm/c00/h/00_00.unity3d	h_ai_00_02_157	君の指、暴れすぎよぉ																0	0	104	17	0	sound/data/pcm/c00/h/00_00.unity3d	h_ai_00_03_157	君の指を愛液まみれにしてごめんなさい																0	0	204	17
159	0	sound/data/pcm/c00/h/00_00.unity3d	h_ai_00_00_158	徐々になら……大丈夫だから……																0	0	4	17	0	sound/data/pcm/c00/h/00_00.unity3d	h_ai_00_00_158	徐々になら……大丈夫だから……																0	0	4	17	0	sound/data/pcm/c00/h/00_00.unity3d	h_ai_00_02_158	さっきよりも激しく……していいわっ																0	0	104	17	0	sound/data/pcm/c00/h/00_00.unity3d	h_ai_00_03_158	もうぐちゅぐちゅなの、私のアソコが大洪水なの																0	0	204	17
160	0	sound/data/pcm/c00/h/00_00.unity3d	h_ai_00_00_159	んっ、んぁぁっ……まだ慣れないわ……																0	0	4	17	0	sound/data/pcm/c00/h/00_00.unity3d	h_ai_00_00_159	んっ、んぁぁっ……まだ慣れないわ……																0	0	4	17	0	sound/data/pcm/c00/h/00_00.unity3d	h_ai_00_02_159	あんっ……お尻、さっきよりもガバガバになって……																0	0	104	17	0	sound/data/pcm/c00/h/00_00.unity3d	h_ai_00_03_159	お願い、さっきより激しくして……																0	0	204	17
161	0	sound/data/pcm/c00/h/00_00.unity3d	h_ai_00_00_160	激しく動かすのはやめてね……																0	0	4	17	0	sound/data/pcm/c00/h/00_00.unity3d	h_ai_00_00_160	激しく動かすのはやめてね……																0	0	4	17	0	sound/data/pcm/c00/h/00_00.unity3d	h_ai_00_02_160	お尻でどうしてこんなに感じちゃうのぉ																0	0	104	17	0	sound/data/pcm/c00/h/00_00.unity3d	h_ai_00_03_160	君の指でお尻をいじめ抜いて……																0	0	204	17
162	0	sound/data/pcm/c00/h/00_00.unity3d	h_ai_00_00_161	せっかく乾いたところなのに、もうベトベト																0	0	4	17	0	sound/data/pcm/c00/h/00_00.unity3d	h_ai_00_00_161	せっかく乾いたところなのに、もうベトベト																0	0	4	17	0	sound/data/pcm/c00/h/00_00.unity3d	h_ai_00_02_161	君の舌がエッチな音を奏でてる……																0	0	104	17	0	sound/data/pcm/c00/h/00_00.unity3d	h_ai_00_03_161	君の舌が這うとゾクゾクするのぉ																0	0	204	17
163	0	sound/data/pcm/c00/h/00_00.unity3d	h_ai_00_00_162	唾液の量、増えてない……？																0	0	4	17	0	sound/data/pcm/c00/h/00_00.unity3d	h_ai_00_00_162	唾液の量、増えてない……？																0	0	4	17	0	sound/data/pcm/c00/h/00_00.unity3d	h_ai_00_02_162	もっと舐めまわしてちょうだい																0	0	104	17	0	sound/data/pcm/c00/h/00_00.unity3d	h_ai_00_03_162	もっと君の唾液にまみれたいのぉ																0	0	204	17
164	0	sound/data/pcm/c00/h/00_00.unity3d	h_ai_00_00_163	あんっ……乳首、好きね……																0	0	4	17	0	sound/data/pcm/c00/h/00_00.unity3d	h_ai_00_00_163	あんっ……乳首、好きね……																0	0	4	17	0	sound/data/pcm/c00/h/00_00.unity3d	h_ai_00_02_163	乳首が唾液でテラテラしてるぅ																0	0	104	17	0	sound/data/pcm/c00/h/00_00.unity3d	h_ai_00_03_163	その固い先っぽ、もっと強く吸って																0	0	204	17
165	0	sound/data/pcm/c00/h/00_00.unity3d	h_ai_00_00_164	いい……そう……先っぽよ……																0	0	4	17	0	sound/data/pcm/c00/h/00_00.unity3d	h_ai_00_00_164	いい……そう……先っぽよ……																0	0	4	17	0	sound/data/pcm/c00/h/00_00.unity3d	h_ai_00_02_164	赤ちゃんみたいにちゅーちゅーしてぇ																0	0	104	17	0	sound/data/pcm/c00/h/00_00.unity3d	h_ai_00_03_164	乳首を舌の上でコロコロするの、いぃっ																0	0	204	17
166	0	sound/data/pcm/c00/h/00_00.unity3d	h_ai_00_00_165	舌でも愛撫してくれるのね……																0	0	4	17	0	sound/data/pcm/c00/h/00_00.unity3d	h_ai_00_00_165	舌でも愛撫してくれるのね……																0	0	4	17	0	sound/data/pcm/c00/h/00_00.unity3d	h_ai_00_02_165	アソコ舐められるの好きになっちゃった……																0	0	104	17	0	sound/data/pcm/c00/h/00_00.unity3d	h_ai_00_03_165	愛液と唾液、どっちかわかんなくなっちゃった																0	0	204	17
167	0	sound/data/pcm/c00/h/00_00.unity3d	h_ai_00_00_166	あんっ……そうよ、そこ、舐めて……																0	0	4	17	0	sound/data/pcm/c00/h/00_00.unity3d	h_ai_00_00_166	あんっ……そうよ、そこ、舐めて……																0	0	4	17	0	sound/data/pcm/c00/h/00_00.unity3d	h_ai_00_02_166	オマンコもっとペロペロジュルジュルしてぇ																0	0	104	17	0	sound/data/pcm/c00/h/00_00.unity3d	h_ai_00_03_166	どんどんぐちょぐちょになってくのぉ																0	0	204	17
168	0	sound/data/pcm/c00/h/00_00.unity3d	h_ai_00_00_167	えっ、また舐めるの……！？																0	0	4	17	0	sound/data/pcm/c00/h/00_00.unity3d	h_ai_00_00_167	えっ、また舐めるの……！？																0	0	4	17	0	sound/data/pcm/c00/h/00_00.unity3d	h_ai_00_02_167	あぁっ、やっぱりお尻舐められるの好きぃ																0	0	104	17	0	sound/data/pcm/c00/h/00_00.unity3d	h_ai_00_03_167	敏感ケツマンコ、もっとビンビンにしてぇ																0	0	204	17
169	0	sound/data/pcm/c00/h/00_00.unity3d	h_ai_00_00_168	少しだけにしましょうね……																0	0	4	17	0	sound/data/pcm/c00/h/00_00.unity3d	h_ai_00_00_168	少しだけにしましょうね……																0	0	4	17	0	sound/data/pcm/c00/h/00_00.unity3d	h_ai_00_02_168	ダメ、少しでやめないで……もっと続けてぇ																0	0	104	17	0	sound/data/pcm/c00/h/00_00.unity3d	h_ai_00_03_168	変態でもいいの、アナル気持ちいいからぁ																0	0	204	17
170	0	sound/data/pcm/c00/h/00_00.unity3d	h_ai_00_00_169	もっと奥の方まで舌を……！？																0	0	4	17	0	sound/data/pcm/c00/h/00_00.unity3d	h_ai_00_00_169	もっと奥の方まで舌を……！？																0	0	4	17	0	sound/data/pcm/c00/h/00_00.unity3d	h_ai_00_02_169	またぁ……お尻の深いところにキスされてるぅ																0	0	104	17	0	sound/data/pcm/c00/h/00_00.unity3d	h_ai_00_03_169	ホントは綺麗にしてるから……もっと舌でアナルをほじって																0	0	204	17
171	0	sound/data/pcm/c00/h/00_00.unity3d	h_ai_00_00_170	無理しないでね……																0	0	4	17	0	sound/data/pcm/c00/h/00_00.unity3d	h_ai_00_00_170	無理しないでね……																0	0	4	17	0	sound/data/pcm/c00/h/00_00.unity3d	h_ai_00_02_170	お尻のお口がだらしなくなっちゃうぅ																0	0	104	17	0	sound/data/pcm/c00/h/00_00.unity3d	h_ai_00_03_170	さっきよりもすごく拡がってるわ、もっと奥までいけるわよぉ																0	0	204	17
172	0																					4	17	0	sound/data/pcm/c00/h/00_00.unity3d	h_ai_00_01_135	あぁっ……うくっ……そのうち慣れる……かな																0	0	4	17	0																					104	17	0																					204	17
173	0																					4	17	0	sound/data/pcm/c00/h/00_00.unity3d	h_ai_00_01_136	あんっ……これはただの……おもちゃよ……																0	0	4	17	0																					104	17	0																					204	17
174	0	sound/data/pcm/c00/h/00_00.unity3d	h_ai_00_00_171	あぁ……また……この感覚……っ																0	0	7	17	0	sound/data/pcm/c00/h/00_00.unity3d	h_ai_00_00_171	あぁ……また……この感覚……っ																0	0	7	17	0	sound/data/pcm/c00/h/00_00.unity3d	h_ai_00_02_171	イクわ、またイクわぁ……！																0	0	107	17	0	sound/data/pcm/c00/h/00_00.unity3d	h_ai_00_03_171	もうダメ、我慢できない……もうそこまできてる！																0	0	207	17
175	0	sound/data/pcm/c00/h/00_00.unity3d	h_ai_00_00_172	自分を見失っちゃいそう……！																0	0	7	17	0	sound/data/pcm/c00/h/00_00.unity3d	h_ai_00_00_172	自分を見失っちゃいそう……！																0	0	7	17	0	sound/data/pcm/c00/h/00_00.unity3d	h_ai_00_02_172	ダメ、止められないぃ……っ！																0	0	107	17	0	sound/data/pcm/c00/h/00_00.unity3d	h_ai_00_03_172	気持ちいい波、おっきいのがきて……のまれちゃうっ！																0	0	207	17
176	0	sound/data/pcm/c00/h/00_00.unity3d	h_ai_00_00_173	初めてなのに、こんなに何度も……																0	0	9	17	0	sound/data/pcm/c00/h/00_00.unity3d	h_ai_00_01_173	信じられないくらい……すごくイッちゃったわ……																0	0	9	17	0	sound/data/pcm/c00/h/00_00.unity3d	h_ai_00_01_173	信じられないくらい……すごくイッちゃったわ……																0	0	109	17	0	sound/data/pcm/c00/h/00_00.unity3d	h_ai_00_03_173	またひとつ君のこと見直しちゃったわ……																0	0	209	17
177	0	sound/data/pcm/c00/h/00_00.unity3d	h_ai_00_00_174	またこんなにも感じちゃった……																0	0	9	17	0	sound/data/pcm/c00/h/00_00.unity3d	h_ai_00_01_174	今度もとっても良かったわ……ありがとう♪																0	0	9	17	0	sound/data/pcm/c00/h/00_00.unity3d	h_ai_00_01_174	今度もとっても良かったわ……ありがとう♪																0	0	109	17	0	sound/data/pcm/c00/h/00_00.unity3d	h_ai_00_03_174	ねぇ、次はいつしてくれる……？																0	0	209	17
178	0																			0	0	0	17	0																			0	0	0	17	0	sound/data/pcm/c00/h/00_00.unity3d	h_ai_00_02_175	（開始時台詞）見つからないようにするのね……																0	0	100	17	0	sound/data/pcm/c00/h/00_00.unity3d	h_ai_00_02_175	（開始時台詞）見つからないようにするのね……																0	0	200	17
179	0																			0	0	2	17	0																			0	0	2	17	0	sound/data/pcm/c00/h/00_00.unity3d	h_ai_00_02_176	キスだけで、すごく感じちゃったわ																0	0	102	17	0	sound/data/pcm/c00/h/00_00.unity3d	h_ai_00_02_176	キスだけで、すごく感じちゃったわ																0	0	202	17
180	0																			0	0	6	17	0																			0	0	6	17	0	sound/data/pcm/c00/h/00_00.unity3d	h_ai_00_02_177	……やめておきましょう？																0	0	106	17	0	sound/data/pcm/c00/h/00_00.unity3d	h_ai_00_02_177	……やめておきましょう？																0	0	206	17
181	0																			0	0	4	17	0																			0	0	4	17	0	sound/data/pcm/c00/h/00_00.unity3d	h_ai_00_02_178	んあっ、こんなに感じちゃうのは、シチュエーションのせいね……																0	0	104	17	0	sound/data/pcm/c00/h/00_00.unity3d	h_ai_00_02_178	んあっ、こんなに感じちゃうのは、シチュエーションのせいね……																0	0	204	17
182	0																			0	0	4	17	0																			0	0	4	17	0	sound/data/pcm/c00/h/00_00.unity3d	h_ai_00_02_179	ん、本当は大きな声で……喘ぎたいわ……																0	0	104	17	0	sound/data/pcm/c00/h/00_00.unity3d	h_ai_00_02_179	ん、本当は大きな声で……喘ぎたいわ……																0	0	204	17
183	0																			0	0	4	17	0																			0	0	4	17	0	sound/data/pcm/c00/h/00_00.unity3d	h_ai_00_02_180	気を抜くと……んっ……すぐ声が出ちゃいそう……																0	0	104	17	0	sound/data/pcm/c00/h/00_00.unity3d	h_ai_00_02_180	気を抜くと……んっ……すぐ声が出ちゃいそう……																0	0	204	17
184	0																			0	0	4	17	0																			0	0	4	17	0	sound/data/pcm/c00/h/00_00.unity3d	h_ai_00_02_181	っ……ん、危なかったわ……																0	0	104	17	0	sound/data/pcm/c00/h/00_00.unity3d	h_ai_00_02_181	っ……ん、危なかったわ……																0	0	204	17
185	0																			0	0	4	17	0																			0	0	4	17	0	sound/data/pcm/c00/h/00_00.unity3d	h_ai_00_02_182	んんっ……我慢は身体に毒だっていうの、本当ね……																0	0	104	17	0	sound/data/pcm/c00/h/00_00.unity3d	h_ai_00_02_182	んんっ……我慢は身体に毒だっていうの、本当ね……																0	0	204	17
186	0																			0	0	7	17	0																			0	0	7	17	0	sound/data/pcm/c00/h/00_00.unity3d	h_ai_00_02_183	これ以上、堪えられない……																0	0	107	17	0	sound/data/pcm/c00/h/00_00.unity3d	h_ai_00_02_183	これ以上、堪えられない……																0	0	207	17
187	0																			0	0	7	17	0																			0	0	7	17	0	sound/data/pcm/c00/h/00_00.unity3d	h_ai_00_02_184	もう……ダメ……																0	0	107	17	0	sound/data/pcm/c00/h/00_00.unity3d	h_ai_00_02_184	もう……ダメ……																0	0	207	17
188	0																			0	0	8	0	0																			0	0	8	0	0	sound/data/pcm/c00/h/00_00.unity3d	h_ai_00_02_185	んんん……っ（声を押し殺しながら絶頂）																0	0	108	0	0	sound/data/pcm/c00/h/00_00.unity3d	h_ai_00_02_185	んんん……っ（声を押し殺しながら絶頂）																0	0	208	0
189	0																			0	0	9	17	0																			0	0	9	17	0	sound/data/pcm/c00/h/00_00.unity3d	h_ai_00_02_186	はぁん……君のテクニックを前に我慢するのって、すごく難しいわ																0	0	109	17	0	sound/data/pcm/c00/h/00_00.unity3d	h_ai_00_02_186	はぁん……君のテクニックを前に我慢するのって、すごく難しいわ																0	0	209	17
190	0																			0	0	9	17	0																			0	0	9	17	0	sound/data/pcm/c00/h/00_00.unity3d	h_ai_00_02_187	ふぅ、思っていた以上に、ドキドキしてたみたい……																0	0	109	17	0	sound/data/pcm/c00/h/00_00.unity3d	h_ai_00_02_187	ふぅ、思っていた以上に、ドキドキしてたみたい……																0	0	209	17
191	0	sound/data/pcm/c00/h/00_00.unity3d	h_ai_00_01_188	（開始,勉強中）確か……この単語の意味は……																0	0	0	17	0	sound/data/pcm/c00/h/00_00.unity3d	h_ai_00_01_188	（開始,勉強中）確か……この単語の意味は……																0	0	0	17	0	sound/data/pcm/c00/h/00_00.unity3d	h_ai_00_01_188	（開始,勉強中）確か……この単語の意味は……																0	0	100	17	0	sound/data/pcm/c00/h/00_00.unity3d	h_ai_00_01_188	（開始,勉強中）確か……この単語の意味は……																0	0	200	17
192	0	sound/data/pcm/c00/h/00_00.unity3d	h_ai_00_01_189	あんっ……何！？																0	0	4	17	0	sound/data/pcm/c00/h/00_00.unity3d	h_ai_00_01_189	あんっ……何！？																0	0	4	17	0	sound/data/pcm/c00/h/00_00.unity3d	h_ai_00_02_189	んっ……！　なぁに……？																0	0	104	17	0	sound/data/pcm/c00/h/00_00.unity3d	h_ai_00_02_189	んっ……！　なぁに……？																0	0	204	17
193	0	sound/data/pcm/c00/h/00_00.unity3d	h_ai_00_01_190	んはぁ、ちょっとぉ……																0	0	4	17	0	sound/data/pcm/c00/h/00_00.unity3d	h_ai_00_01_190	んはぁ、ちょっとぉ……																0	0	4	17	0	sound/data/pcm/c00/h/00_00.unity3d	h_ai_00_02_190	ん……今は保険の時間じゃないわ……																0	0	104	17	0	sound/data/pcm/c00/h/00_00.unity3d	h_ai_00_02_190	ん……今は保険の時間じゃないわ……																0	0	204	17
194	0	sound/data/pcm/c00/h/00_00.unity3d	h_ai_00_01_191	ま、待って……んんぅ……																0	0	4	17	0	sound/data/pcm/c00/h/00_00.unity3d	h_ai_00_01_191	ま、待って……んんぅ……																0	0	4	17	0	sound/data/pcm/c00/h/00_00.unity3d	h_ai_00_02_191	ダメ……その気に、なっちゃう……																0	0	104	17	0	sound/data/pcm/c00/h/00_00.unity3d	h_ai_00_02_191	ダメ……その気に、なっちゃう……																0	0	204	17
195	0	sound/data/pcm/c00/h/00_00.unity3d	h_ai_00_01_192	んんっ、集中……してるの																0	0	4	17	0	sound/data/pcm/c00/h/00_00.unity3d	h_ai_00_01_192	んんっ、集中……してるの																0	0	4	17	0	sound/data/pcm/c00/h/00_00.unity3d	h_ai_00_02_192	んあっ……濡れちゃってる……																0	0	104	17	0	sound/data/pcm/c00/h/00_00.unity3d	h_ai_00_02_192	んあっ……濡れちゃってる……																0	0	204	17
196	0	sound/data/pcm/c00/h/00_00.unity3d	h_ai_00_01_193	あっ、ん……声……出ちゃう……																0	0	4	17	0	sound/data/pcm/c00/h/00_00.unity3d	h_ai_00_01_193	あっ、ん……声……出ちゃう……																0	0	4	17	0	sound/data/pcm/c00/h/00_00.unity3d	h_ai_00_02_193	んぅ……エッチな声、漏れちゃうわ……																0	0	104	17	0	sound/data/pcm/c00/h/00_00.unity3d	h_ai_00_02_193	んぅ……エッチな声、漏れちゃうわ……																0	0	204	17
197	0	sound/data/pcm/c00/h/00_00.unity3d	h_ai_00_01_194	んあっ……我慢、してぇ……																0	0	4	17	0	sound/data/pcm/c00/h/00_00.unity3d	h_ai_00_01_194	んあっ……我慢、してぇ……																0	0	4	17	0	sound/data/pcm/c00/h/00_00.unity3d	h_ai_00_02_194	あっ、もっと感じさせ……じゃなくて……んんぅ																0	0	104	17	0	sound/data/pcm/c00/h/00_00.unity3d	h_ai_00_02_194	あっ、もっと感じさせ……じゃなくて……んんぅ																0	0	204	17
198	0	sound/data/pcm/c00/h/00_00.unity3d	h_ai_00_01_195	（拒否して外される）これ以上はダメよっ																0	0	6	17	0	sound/data/pcm/c00/h/00_00.unity3d	h_ai_00_01_195	（拒否して外される）これ以上はダメよっ																0	0	6	17	0																			0	0	106	17	0																			0	0	206	17
199	0	sound/data/pcm/c00/h/00_00.unity3d	h_ai_00_01_196	度が過ぎてるわっ																0	0	6	17	0	sound/data/pcm/c00/h/00_00.unity3d	h_ai_00_01_196	度が過ぎてるわっ																0	0	6	17	0																			0	0	106	17	0																			0	0	206	17
200	0	sound/data/pcm/c00/h/00_00.unity3d	h_ai_00_01_197	うそぉ……イキそうになってる……																0	0	7	17	0	sound/data/pcm/c00/h/00_00.unity3d	h_ai_00_01_197	うそぉ……イキそうになってる……																0	0	7	17	0	sound/data/pcm/c00/h/00_00.unity3d	h_ai_00_02_197	我慢、できなくなって……ん																0	0	107	17	0	sound/data/pcm/c00/h/00_00.unity3d	h_ai_00_02_197	我慢、できなくなって……ん																0	0	207	17
201	0	sound/data/pcm/c00/h/00_00.unity3d	h_ai_00_01_198	あっ……ダメ……途切れちゃう……																0	0	7	17	0	sound/data/pcm/c00/h/00_00.unity3d	h_ai_00_01_198	あっ……ダメ……途切れちゃう……																0	0	7	17	0	sound/data/pcm/c00/h/00_00.unity3d	h_ai_00_02_198	あっ……ダメ……限界、きちゃう……																0	0	107	17	0	sound/data/pcm/c00/h/00_00.unity3d	h_ai_00_02_198	あっ……ダメ……限界、きちゃう……																0	0	207	17
202	0	sound/data/pcm/c00/h/00_00.unity3d	h_ai_00_02_185	※本棚対面愛撫（こそこそ）の絶頂と同じ																0	0	8	0	0	sound/data/pcm/c00/h/00_00.unity3d	h_ai_00_02_185	※本棚対面愛撫（こそこそ）の絶頂と同じ																0	0	8	0	0	sound/data/pcm/c00/h/00_00.unity3d	h_ai_00_02_185	※本棚対面愛撫（こそこそ）の絶頂と同じ																0	0	108	0	0	sound/data/pcm/c00/h/00_00.unity3d	h_ai_00_02_185	※本棚対面愛撫（こそこそ）の絶頂と同じ																0	0	208	0
203	0	sound/data/pcm/c00/h/00_00.unity3d	h_ai_00_01_199	はぁ……ん……まったくもう……こういうイタズラしちゃダメよ？																0	0	9	17	0	sound/data/pcm/c00/h/00_00.unity3d	h_ai_00_01_199	はぁ……ん……まったくもう……こういうイタズラしちゃダメよ？																0	0	9	17	0	sound/data/pcm/c00/h/00_00.unity3d	h_ai_00_02_199	勉強モードだったのに、どんどんエッチしたくなってきちゃってる……よくないわ																0	0	109	17	0	sound/data/pcm/c00/h/00_00.unity3d	h_ai_00_02_199	勉強モードだったのに、どんどんエッチしたくなってきちゃってる……よくないわ																0	0	209	17
204	0	sound/data/pcm/c00/h/00_00.unity3d	h_ai_00_01_200	あはぁ……君のテクすごいわ……って私はなに感心してるのよ……																0	0	9	17	0	sound/data/pcm/c00/h/00_00.unity3d	h_ai_00_01_200	あはぁ……君のテクすごいわ……って私はなに感心してるのよ……																0	0	9	17	0	sound/data/pcm/c00/h/00_00.unity3d	h_ai_00_02_200	ん……保健の実技は終わりにしましょう？　続きは後で、ね？																0	0	109	17	0	sound/data/pcm/c00/h/00_00.unity3d	h_ai_00_02_200	ん……保健の実技は終わりにしましょう？　続きは後で、ね？																0	0	209	17
