0	1	sound/data/pcm/c08/h/00_00.unity3d	h_on_08_02_000	んぅ……家まで……我慢しないと、いけないのに……																0	0	0	9	1	sound/data/pcm/c08/h/00_00.unity3d	h_on_08_02_000	んぅ……家まで……我慢しないと、いけないのに……																0	0	0	9	1	sound/data/pcm/c08/h/00_00.unity3d	h_on_08_02_000	んぅ……家まで……我慢しないと、いけないのに……																0	0	100	9	1	sound/data/pcm/c08/h/00_00.unity3d	h_on_08_03_000	んんぅ……疼いちゃって……我慢できない……																0	0	200	9
1	0	sound/data/pcm/c08/h/00_00.unity3d	h_on_08_03_001	んぅ……見たいの……？　いいよぉ……私のオナニーで、んっ、興奮してくれたら……嬉しいなぁ……																0	0	1	17	0	sound/data/pcm/c08/h/00_00.unity3d	h_on_08_03_001	んぅ……見たいの……？　いいよぉ……私のオナニーで、んっ、興奮してくれたら……嬉しいなぁ……																0	0	1	17	0	sound/data/pcm/c08/h/00_00.unity3d	h_on_08_03_001	んぅ……見たいの……？　いいよぉ……私のオナニーで、んっ、興奮してくれたら……嬉しいなぁ……																0	0	101	17	0	sound/data/pcm/c08/h/00_00.unity3d	h_on_08_03_001	んぅ……見たいの……？　いいよぉ……私のオナニーで、んっ、興奮してくれたら……嬉しいなぁ……																0	0	201	17
2	1	sound/data/pcm/c08/h/00_00.unity3d	h_on_08_02_002	んはぁ……もうちょっとだけ……いいよね……																0	0	2	9	1	sound/data/pcm/c08/h/00_00.unity3d	h_on_08_02_002	んはぁ……もうちょっとだけ……いいよね……																0	0	2	9	1	sound/data/pcm/c08/h/00_00.unity3d	h_on_08_02_002	んはぁ……もうちょっとだけ……いいよね……																0	0	102	9	1	sound/data/pcm/c08/h/00_00.unity3d	h_on_08_03_002	ん……まだ……物足りない……																0	0	202	9
3	1	sound/data/pcm/c08/h/00_00.unity3d	h_on_08_02_003	んあっ、気持ちいいの……																0	0	3	9	1	sound/data/pcm/c08/h/00_00.unity3d	h_on_08_02_003	んあっ、気持ちいいの……																0	0	3	9	1	sound/data/pcm/c08/h/00_00.unity3d	h_on_08_02_003	んあっ、気持ちいいの……																0	0	103	9	1	sound/data/pcm/c08/h/00_00.unity3d	h_on_08_03_003	んぁ、いい感じ……なの……んあっ、あっん……																0	0	203	9
4	1	sound/data/pcm/c08/h/00_00.unity3d	h_on_08_02_004	はぁん……ドキドキしてるのに……止められないよぉ……																0	0	3	9	1	sound/data/pcm/c08/h/00_00.unity3d	h_on_08_02_004	はぁん……ドキドキしてるのに……止められないよぉ……																0	0	3	9	1	sound/data/pcm/c08/h/00_00.unity3d	h_on_08_02_004	はぁん……ドキドキしてるのに……止められないよぉ……																0	0	103	9	1	sound/data/pcm/c08/h/00_00.unity3d	h_on_08_03_004	はぁ、ん……身体……ずっとぽかぽかして……いい、気持ちぃ……																0	0	203	9
5	1	sound/data/pcm/c08/h/00_00.unity3d	h_on_08_02_005	んあっ、あっ……身体……どんどん熱くなって……んぁん……！																0	0	4	9	1	sound/data/pcm/c08/h/00_00.unity3d	h_on_08_02_005	んあっ、あっ……身体……どんどん熱くなって……んぁん……！																0	0	4	9	1	sound/data/pcm/c08/h/00_00.unity3d	h_on_08_02_005	んあっ、あっ……身体……どんどん熱くなって……んぁん……！																0	0	104	9	1	sound/data/pcm/c08/h/00_00.unity3d	h_on_08_03_005	んあ、はぁっ、愛液……ぐちゅぐちゅ……んあっ、いやらしいよぉ……！																0	0	204	9
6	1	sound/data/pcm/c08/h/00_00.unity3d	h_on_08_02_006	あんっ、ん……私……エッチな声、出しちゃってる……！																0	0	4	9	1	sound/data/pcm/c08/h/00_00.unity3d	h_on_08_02_006	あんっ、ん……私……エッチな声、出しちゃってる……！																0	0	4	9	1	sound/data/pcm/c08/h/00_00.unity3d	h_on_08_02_006	あんっ、ん……私……エッチな声、出しちゃってる……！																0	0	104	9	1	sound/data/pcm/c08/h/00_00.unity3d	h_on_08_03_006	はぁ、んぁ……オナニーに、嵌って……んあんっ……やめられないの……！																0	0	204	9
7	1	sound/data/pcm/c08/h/00_00.unity3d	h_on_08_02_007	んあっ、あっあっ……イッちゃう、オナニーで……私……んあっ、はぁ…………イクぅぅ！																0	0	5	9	1	sound/data/pcm/c08/h/00_00.unity3d	h_on_08_02_007	んあっ、あっあっ……イッちゃう、オナニーで……私……んあっ、はぁ…………イクぅぅ！																0	0	5	9	1	sound/data/pcm/c08/h/00_00.unity3d	h_on_08_02_007	んあっ、あっあっ……イッちゃう、オナニーで……私……んあっ、はぁ…………イクぅぅ！																0	0	105	9	1	sound/data/pcm/c08/h/00_00.unity3d	h_on_08_03_007	んはっ、私……イッちゃう、イッちゃう……んあっ、あっ…………はぁぁぁん！																0	0	205	9
8	1	sound/data/pcm/c08/h/00_00.unity3d	h_on_08_02_008	あんっ、あっんっ……気持ちいいの、止まらなくて……んあっ、あっ…………イクぅぅ！																0	0	5	9	1	sound/data/pcm/c08/h/00_00.unity3d	h_on_08_02_008	あんっ、あっんっ……気持ちいいの、止まらなくて……んあっ、あっ…………イクぅぅ！																0	0	5	9	1	sound/data/pcm/c08/h/00_00.unity3d	h_on_08_02_008	あんっ、あっんっ……気持ちいいの、止まらなくて……んあっ、あっ…………イクぅぅ！																0	0	105	9	1	sound/data/pcm/c08/h/00_00.unity3d	h_on_08_03_008	んは、オナニーいい……オナニーいいのぉ……イキ、そう……ああ、んあ、あっ…………イックぅぅ！																0	0	205	9
9	0	sound/data/pcm/c08/h/00_00.unity3d	h_on_08_03_009	あっあっ、イク……私……んあっ、見てて、オナニーでイクところ……あっ、んあっ、あっ…………イックぅぅぅ！																0	0	6	17	0	sound/data/pcm/c08/h/00_00.unity3d	h_on_08_03_009	あっあっ、イク……私……んあっ、見てて、オナニーでイクところ……あっ、んあっ、あっ…………イックぅぅぅ！																0	0	6	17	0	sound/data/pcm/c08/h/00_00.unity3d	h_on_08_03_009	あっあっ、イク……私……んあっ、見てて、オナニーでイクところ……あっ、んあっ、あっ…………イックぅぅぅ！																0	0	106	17	0	sound/data/pcm/c08/h/00_00.unity3d	h_on_08_03_009	あっあっ、イク……私……んあっ、見てて、オナニーでイクところ……あっ、んあっ、あっ…………イックぅぅぅ！																0	0	206	17
10	1	sound/data/pcm/c08/h/00_00.unity3d	h_on_08_02_010	ん……、はぁ……最後まで……しちゃった……																0	0	7	9	1	sound/data/pcm/c08/h/00_00.unity3d	h_on_08_02_010	ん……、はぁ……最後まで……しちゃった……																0	0	7	9	1	sound/data/pcm/c08/h/00_00.unity3d	h_on_08_02_010	ん……、はぁ……最後まで……しちゃった……																0	0	107	9	1	sound/data/pcm/c08/h/00_00.unity3d	h_on_08_03_010	はぁ……オナニー……気持ちよかった……																0	0	207	9
11	1	sound/data/pcm/c08/h/00_00.unity3d	h_on_08_02_011	はぁ……オナニー……感じやすくなった気がする……																0	0	7	9	1	sound/data/pcm/c08/h/00_00.unity3d	h_on_08_02_011	はぁ……オナニー……感じやすくなった気がする……																0	0	7	9	1	sound/data/pcm/c08/h/00_00.unity3d	h_on_08_02_011	はぁ……オナニー……感じやすくなった気がする……																0	0	107	9	1	sound/data/pcm/c08/h/00_00.unity3d	h_on_08_03_011	ん……上手にオナニー……できたみたい……																0	0	207	9
12	0	sound/data/pcm/c08/h/00_00.unity3d	h_on_08_03_012	んはぁ……恥ずかしいけど……すっごく興奮しちゃったぁ……																0	0	8	17	0	sound/data/pcm/c08/h/00_00.unity3d	h_on_08_03_012	んはぁ……恥ずかしいけど……すっごく興奮しちゃったぁ……																0	0	8	17	0	sound/data/pcm/c08/h/00_00.unity3d	h_on_08_03_012	んはぁ……恥ずかしいけど……すっごく興奮しちゃったぁ……																0	0	108	17	0	sound/data/pcm/c08/h/00_00.unity3d	h_on_08_03_012	んはぁ……恥ずかしいけど……すっごく興奮しちゃったぁ……																0	0	208	17
13	1	sound/data/pcm/c08/h/00_00.unity3d	h_on_08_02_013	いっくぅぅ！																0	0	9	9	1	sound/data/pcm/c08/h/00_00.unity3d	h_on_08_02_013	いっくぅぅ！																0	0	9	9	1	sound/data/pcm/c08/h/00_00.unity3d	h_on_08_02_013	いっくぅぅ！																0	0	109	9	1	sound/data/pcm/c08/h/00_00.unity3d	h_on_08_03_013	イックぅぅ！！																0	0	209	9
