0	0			……ねぇ。エッチに興味ある？　よかったらアタシと…‥‥する？																0	1	0	17	0	sound/data/pcm/c13/h/00_00.unity3d	h_ka_13_01_000	んんっ……やっぱりまだ恥ずかしい～																0	1	0	17	0	sound/data/pcm/c13/h/00_00.unity3d	h_ka_13_02_000	やば～い～　キミに、アタシの身体、弄ばれちゃうんだぁ～♪																0	1	100	17	0	sound/data/pcm/c13/h/00_00.unity3d	h_ka_13_03_000	いっ～ぱい気持ちよくしてくれなきゃ嫌いになっちゃうから♪																0	1	200	17
1	0	sound/data/pcm/c13/h/00_00.unity3d	h_ka_13_00_039	やばいよ～、触れられたことなから緊張しちゃうし……																0	1	0	17	0			ちょっと～、くすぐったいってばぁ～																0	1	0	17	0	sound/data/pcm/c13/h/00_00.unity3d	h_ka_13_02_001	んふふ～　アタシ、キミの愛撫、だぁ～い好き♪																0	1	100	17	0	sound/data/pcm/c13/h/00_00.unity3d	h_ka_13_03_001	キミに触れられるって想像だけで……股間が疼いちゃう♪																0	1	200	17
2	0																			0	0	0	17	0	sound/data/pcm/c13/h/00_00.unity3d	h_ka_13_01_002	照れちゃうけど、キミとなら……いいよ																0	1	0	17	0	sound/data/pcm/c13/h/00_00.unity3d	h_ka_13_02_002	ほれほれ～、アタシの身体だよぉ～																0	1	100	17	0	sound/data/pcm/c13/h/00_00.unity3d	h_ka_13_03_002	アタシの身体、早く……弄ってぇ～																0	1	200	17
3	0	sound/data/pcm/c13/h/00_00.unity3d	h_ka_13_00_003	え～っと、気持ち良かった……ってことだよね？　すっごい嬉しいっ！																0	1	1	52	0	sound/data/pcm/c13/h/00_00.unity3d	h_ka_13_00_003	え～っと、気持ち良かった……ってことだよね？　すっごい嬉しいっ！																0	1	1	52	0	sound/data/pcm/c13/h/00_00.unity3d	h_ka_13_02_003	アタシの奉仕、そんなに気に入ってくれたのぉ？　もぉ……この欲張りさん～																0	1	101	52	0	sound/data/pcm/c13/h/00_00.unity3d	h_ka_13_03_003	キミに求められるなら、何度でも気持ちよくしてあげるぅ～																0	1	201	52
4	0	sound/data/pcm/c13/h/00_00.unity3d	h_ka_13_00_004	マジで？　もしかして、アタシの奉仕にハマっちゃった……？																0	1	1	52	0	sound/data/pcm/c13/h/00_00.unity3d	h_ka_13_00_004	マジで？　もしかして、アタシの奉仕にハマっちゃった……？																0	1	1	52	0	sound/data/pcm/c13/h/00_00.unity3d	h_ka_13_02_004	あはっ、キミの蕩けた表情……たまんない……																0	1	101	52	0	sound/data/pcm/c13/h/00_00.unity3d	h_ka_13_03_004	もうオナニーじゃイけなくなるくらい、アタシの奉仕にメロメロにしちゃう！																0	1	201	52
5	0	sound/data/pcm/c13/h/00_00.unity3d	h_ka_13_00_005	え～、もう一回！？　しょうがないなぁ……まっ、き、気持ち良かったなら……悪くない気分だしっ！																0	1	2	52	0	sound/data/pcm/c13/h/00_00.unity3d	h_ka_13_00_005	え～、もう一回！？　しょうがないなぁ……まっ、き、気持ち良かったなら……悪くない気分だしっ！																0	1	2	52	0	sound/data/pcm/c13/h/00_00.unity3d	h_ka_13_02_005	やば～い、まだおっき～い～																0	1	102	52	0	sound/data/pcm/c13/h/00_00.unity3d	h_ka_13_03_005	キミが満足するまで、いくらでもアタシの身体、味わってね♪																0	1	202	52
6	0	sound/data/pcm/c13/h/00_00.unity3d	h_ka_13_00_006	その、キミの暴れん坊おちんちん、鎮めてあげるの、アタシしかいないじゃん……																0	1	2	52	0	sound/data/pcm/c13/h/00_00.unity3d	h_ka_13_00_006	その、キミの暴れん坊おちんちん、鎮めてあげるの、アタシしかいないじゃん……																0	1	2	52	0	sound/data/pcm/c13/h/00_00.unity3d	h_ka_13_02_006	こんなに勃起オチンポ見せられて、断れるわけないじゃん♪																0	1	102	52	0	sound/data/pcm/c13/h/00_00.unity3d	h_ka_13_03_006	んふふ、キミのザーメン絞り尽くしちゃうんだから～																0	1	202	52
7	0	sound/data/pcm/c13/h/00_00.unity3d	h_ka_13_00_007	……その……触るなら優しくしてほしいな																0	1	3	52	0	sound/data/pcm/c13/h/00_00.unity3d	h_ka_13_01_007	んんっ、……その、あんまり激しくはしないでよ～？																0	1	3	52	0	sound/data/pcm/c13/h/00_00.unity3d	h_ka_13_02_007	キミに触られると、アタシ……気持ちよくなっちゃうのにぃ～																0	1	103	52	0	sound/data/pcm/c13/h/00_00.unity3d	h_ka_13_03_007	ほれほれ～♪　どこでも触っていいよぉ～♪																0	1	203	52
8	0	sound/data/pcm/c13/h/00_00.unity3d	h_ka_13_00_008	まだアタシの身体を触り足りないの……？　キミは欲求不満だね～																0	1	3	52	0	sound/data/pcm/c13/h/00_00.unity3d	h_ka_13_00_008	まだアタシの身体を触り足りないの……？　キミは欲求不満だね～																0	1	3	52	0	sound/data/pcm/c13/h/00_00.unity3d	h_ka_13_02_008	いいよぉ、もっとアタシの身体、もっと気持ちよくしてぇ～																0	1	103	52	0	sound/data/pcm/c13/h/00_00.unity3d	h_ka_13_03_008	アタシをイかせてくれるなら、いいよぉ～																0	1	203	52
9	0	sound/data/pcm/c13/h/00_00.unity3d	h_ka_13_00_009	……その……感じ易くなってるから、優しく触って欲しいな……																0	1	3	52	0	sound/data/pcm/c13/h/00_00.unity3d	h_ka_13_00_009	……その……感じ易くなってるから、優しく触って欲しいな……																0	1	3	52	0	sound/data/pcm/c13/h/00_00.unity3d	h_ka_13_02_009	刺激的な愛撫でもいいよぉ～																0	1	103	52	0	sound/data/pcm/c13/h/00_00.unity3d	h_ka_13_03_009	モチロンだよぉ♪ アタシを天国に連れてってぇ～♪																0	1	203	52
10	0	sound/data/pcm/c13/h/00_00.unity3d	h_ka_13_00_010	キミの気持ちいいとこ……教えてくれる？																0	1	4	52	0	sound/data/pcm/c13/h/00_00.unity3d	h_ka_13_01_010	ぎこちなくても、絶対キミを感じさせちゃうよ～																0	1	4	52	0	sound/data/pcm/c13/h/00_00.unity3d	h_ka_13_02_010	はぁ～い、頼まれましたぁ～																0	1	104	52	0	sound/data/pcm/c13/h/00_00.unity3d	h_ka_13_03_010	ほれほれ～、どんな奉仕をしてほしいの？																0	1	204	52
11	0	sound/data/pcm/c13/h/00_00.unity3d	h_ka_13_00_011	仕方ないな～もう～……でもキミにも気持ち良くなってほしいしね……																0	1	4	52	0	sound/data/pcm/c13/h/00_00.unity3d	h_ka_13_00_011	仕方ないな～もう～……でもキミにも気持ち良くなってほしいしね……																0	1	4	52	0	sound/data/pcm/c13/h/00_00.unity3d	h_ka_13_02_011	あはっ、モチロンだよぉ♪　																0	1	104	52	0	sound/data/pcm/c13/h/00_00.unity3d	h_ka_13_03_011	キミを快楽しか考えられないようにしてあげるんだから♪																0	1	204	52
12	0	sound/data/pcm/c13/h/00_00.unity3d	h_ka_13_00_012	ご奉仕刺させて頂きますご主人様……って、アタシ何言ってんだろ、恥ずかし～																0	1	4	52	0	sound/data/pcm/c13/h/00_00.unity3d	h_ka_13_00_012	ご奉仕刺させて頂きますご主人様……って、アタシ何言ってんだろ、恥ずかし～																0	1	4	52	0	sound/data/pcm/c13/h/00_00.unity3d	h_ka_13_02_012	キミのためなら、アタシ、いくらでも奉仕しちゃう♪																0	1	104	52	0	sound/data/pcm/c13/h/00_00.unity3d	h_ka_13_03_012	いいよ～　アタシのテクニックの虜にしてあげるねっ♪																0	1	204	52
13	0	sound/data/pcm/c13/h/00_00.unity3d	h_ka_13_00_013	正直なキミ……嫌いじゃないよ～																0	1	5	52	0	sound/data/pcm/c13/h/00_00.unity3d	h_ka_13_01_013	気が合うね、アタシのおまんこも良い具合なんだよ～																0	1	5	52	0	sound/data/pcm/c13/h/00_00.unity3d	h_ka_13_02_013	いいよぉ、たぁ～くさんパコパコして、一緒に気持ちよくなろう？																0	1	105	52	0	sound/data/pcm/c13/h/00_00.unity3d	h_ka_13_03_013	アタシのぐしょ濡れマンコに来てぇ♪																0	1	205	52
14	0	sound/data/pcm/c13/h/00_00.unity3d	h_ka_13_00_014	挿れてほしいな……ってアタシも思ってたから～、いいよ～																0	1	5	52	0	sound/data/pcm/c13/h/00_00.unity3d	h_ka_13_00_014	挿れてほしいな……ってアタシも思ってたから～、いいよ～																0	1	5	52	0	sound/data/pcm/c13/h/00_00.unity3d	h_ka_13_02_014	２人でい～っぱい、気持ち良～くなろうね♪																0	1	105	52	0	sound/data/pcm/c13/h/00_00.unity3d	h_ka_13_03_014	その言葉を待ってたのぉ～、アヘらせるまで突いてぇ～																0	1	205	52
15	0	sound/data/pcm/c13/h/00_00.unity3d	h_ka_13_00_015	いいよ……もっとアタシも、キミのこと、感じたいし……																0	1	5	52	0	sound/data/pcm/c13/h/00_00.unity3d	h_ka_13_00_015	いいよ……もっとアタシも、キミのこと、感じたいし……																0	1	5	52	0	sound/data/pcm/c13/h/00_00.unity3d	h_ka_13_02_015	チンポとマンコでいっぱいチューしようね♪																0	1	105	52	0	sound/data/pcm/c13/h/00_00.unity3d	h_ka_13_03_015	キミ専用オマンコに、早くオチンポ挿れてぇ♪																0	1	205	52
16	0	sound/data/pcm/c13/h/00_00.unity3d	h_ka_13_00_016	ねぇ……、する時ってゴム、つけるでしょ……？																0	1	6	52	0	sound/data/pcm/c13/h/00_00.unity3d	h_ka_13_01_016	ちゃんとゴム……しなきゃ、だよね～？																0	1	6	52	0	sound/data/pcm/c13/h/00_00.unity3d	h_ka_13_02_016	ハメハメしていいけどぉ～、ゴム有りで我慢してねっ？																0	1	106	52	0	sound/data/pcm/c13/h/00_00.unity3d	h_ka_13_03_016	生でシたいの？　んふふ……やっぱり、だーめ♪																0	1	206	52
17	0	sound/data/pcm/c13/h/00_00.unity3d	h_ka_13_00_017	その……アタシ危険日なの……、だから……付けてくれるでしょ？																0	1	7	52	0	sound/data/pcm/c13/h/00_00.unity3d	h_ka_13_01_017	危険日だし……つけてくれなきゃダメだよ？																0	1	7	52	0	sound/data/pcm/c13/h/00_00.unity3d	h_ka_13_02_017	アタシ、今日は……危ない日だから、ゴムは必須だよねぇ～？																0	1	107	52	0	sound/data/pcm/c13/h/00_00.unity3d	h_ka_13_03_017	んふふ～　危険日だから、避妊は、しっかりしなくちゃね♪																0	1	207	52
18	0	sound/data/pcm/c13/h/00_00.unity3d	h_ka_13_00_018	初めてだけど、今日は安全日で……だから、直接……しちゃおっか？				1												0	1	8	52	0	sound/data/pcm/c13/h/00_00.unity3d	h_ka_13_01_018	ねぇ～、今日は付けなくてもいいよ？……安全日だし																0	1	8	52	0	sound/data/pcm/c13/h/00_00.unity3d	h_ka_13_02_018	大丈夫な日だから……ゴムなしで……生で、キミを感じたいのぉ																0	1	108	52	0	sound/data/pcm/c13/h/00_00.unity3d	h_ka_13_03_018	キミの生チンポで、アタシのマンコ、ぐちょぐちょにしてぇ～！																0	1	208	52
19	0																			0	0	9	52	0																			0	0	9	52	0																			0	0	109	52	0	sound/data/pcm/c13/h/00_00.unity3d	h_ka_13_03_019	ザーメンで子宮アクメさせて！　孕ませてぇ～♪																0	1	209	52
20	0	sound/data/pcm/c13/h/00_00.unity3d	h_ka_13_00_020	……いいよ、気持ち良いコト、しよ？																0	1	10	52	0	sound/data/pcm/c13/h/00_00.unity3d	h_ka_13_01_020	キミお待ちかねの体勢になっちゃうよ～																0	1	10	52	0	sound/data/pcm/c13/h/00_00.unity3d	h_ka_13_02_020	んふふ、いいよ～																0	1	110	52	0	sound/data/pcm/c13/h/00_00.unity3d	h_ka_13_03_020	どうしようかなぁ～、なぁ～んて冗談～																0	1	210	52
21	0	sound/data/pcm/c13/h/00_00.unity3d	h_ka_13_00_021	……キミに、アタシの身体、預けるからね～																0	1	10	52	0	sound/data/pcm/c13/h/00_00.unity3d	h_ka_13_00_021	……キミに、アタシの身体、預けるからね～																0	1	10	52	0	sound/data/pcm/c13/h/00_00.unity3d	h_ka_13_02_021	もう仕方ないんだからぁ～　えいっ！　																0	1	110	52	0	sound/data/pcm/c13/h/00_00.unity3d	h_ka_13_03_021	キミに臨まれたらぁ、断れないじゃん～　ズルいよぉ～																0	1	210	52
22	0	sound/data/pcm/c13/h/00_00.unity3d	h_ka_13_00_022	う、うん……下手かもだけど、いっぱい頑張るから！　見ててよ～！																0	1	11	52	0	sound/data/pcm/c13/h/00_00.unity3d	h_ka_13_00_022	う、うん……下手かもだけど、いっぱい頑張るから！　見ててよ～！																0	1	11	52	0	sound/data/pcm/c13/h/00_00.unity3d	h_ka_13_02_022	んふふ～　もちろんだよぉ～																0	1	111	52	0	sound/data/pcm/c13/h/00_00.unity3d	h_ka_13_03_022	アタシが動いて、気持ちよくしてある♪																0	1	211	52
23	0	sound/data/pcm/c13/h/00_00.unity3d	h_ka_13_00_023	アタシから、キミにアタッックかけちゃうよ～																0	1	11	52	0	sound/data/pcm/c13/h/00_00.unity3d	h_ka_13_00_023	アタシから、キミにアタッックかけちゃうよ～																0	1	11	52	0	sound/data/pcm/c13/h/00_00.unity3d	h_ka_13_02_023	頼まれた以上、手加減なんてしてあげないからぁ～♪																0	1	111	52	0	sound/data/pcm/c13/h/00_00.unity3d	h_ka_13_03_023	アタシで骨抜きにして……あ・げ・る～																0	1	211	52
24	0	sound/data/pcm/c13/h/00_00.unity3d	h_ka_13_00_024	もう、アタシに、そんなこと頼めるのはキミだけだし！																0	1	11	52	0	sound/data/pcm/c13/h/00_00.unity3d	h_ka_13_00_024	もう、アタシに、そんなこと頼めるのはキミだけだし！																0	1	11	52	0	sound/data/pcm/c13/h/00_00.unity3d	h_ka_13_02_024	もぉ……キミの……欲張りさん～																0	1	111	52	0	sound/data/pcm/c13/h/00_00.unity3d	h_ka_13_03_024	えへへ、キミがイっても、止めてあげないよぉ？																0	1	211	52
25	0	sound/data/pcm/c13/h/00_00.unity3d	h_ka_13_00_025	アタシの火照った身体で楽しんで……																0	1	12	17	0	sound/data/pcm/c13/h/00_00.unity3d	h_ka_13_01_025	期待しちゃうよ～																0	1	12	17	0	sound/data/pcm/c13/h/00_00.unity3d	h_ka_13_02_025	もぉ～、注文の多い変態さんなんだからぁ～♪																0	1	112	17	0	sound/data/pcm/c13/h/00_00.unity3d	h_ka_13_03_025	アタシの身体……じっくりと堪能して～																0	1	212	17
26	0	sound/data/pcm/c13/h/00_00.unity3d	h_ka_13_00_026	……いいよ、気持ち良いコト、してほしいな～																0	1	12	17	0	sound/data/pcm/c13/h/00_00.unity3d	h_ka_13_00_026	……いいよ、気持ち良いコト、してほしいな～																0	1	12	17	0	sound/data/pcm/c13/h/00_00.unity3d	h_ka_13_02_026	何をされるのか、アタシ興奮しちゃってるぅ……																0	1	112	17	0	sound/data/pcm/c13/h/00_00.unity3d	h_ka_13_03_026	うん、いいよ♪　絶対に気持ちよくしてね？																0	1	212	17
27	0	sound/data/pcm/c13/h/00_00.unity3d	h_ka_13_00_027	……！　そんな恰好をしないといけないのっ！？																0	1	13	17	0	sound/data/pcm/c13/h/00_00.unity3d	h_ka_13_01_027	ねえ、やっぱり恥ずかしいんだけど……																0	1	13	17	0	sound/data/pcm/c13/h/00_00.unity3d	h_ka_13_02_027	恥ずかしいのに……身体の芯が疼いちゃってるぅ……																0	1	113	17	0	sound/data/pcm/c13/h/00_00.unity3d	h_ka_13_03_027	やば～い～　でも、キミのお願いなら、どんな恰好にでもなってあげる♪																0	1	213	17
28	0	sound/data/pcm/c13/h/00_00.unity3d	h_ka_13_00_028	アタシ、恥ずかしいんだから……ホントに、もうっ！																0	1	13	17	0	sound/data/pcm/c13/h/00_00.unity3d	h_ka_13_00_028	アタシ、恥ずかしいんだから……ホントに、もうっ！																0	1	13	17	0	sound/data/pcm/c13/h/00_00.unity3d	h_ka_13_02_028	一方的にキミに見られちゃうじゃん～　でも、いいよぉ♪																0	1	113	17	0	sound/data/pcm/c13/h/00_00.unity3d	h_ka_13_03_028	何をされるのか……想像するだけで濡れちゃう～																0	1	213	17
29	0	sound/data/pcm/c13/h/00_00.unity3d	h_ka_13_00_029	手で気持ちよくすればいいんだね？																0	1	14	52	0	sound/data/pcm/c13/h/00_00.unity3d	h_ka_13_01_029	アタシの手をそんな性的に見てたなんて、やらしい～																0	1	14	52	0	sound/data/pcm/c13/h/00_00.unity3d	h_ka_13_02_029	アタシの手の感覚、たぁ～っぷりと堪能させてあげるぅ♪																0	1	114	52	0	sound/data/pcm/c13/h/00_00.unity3d	h_ka_13_03_029	アタシの手で、キミの精液搾り取ってあげる♪																0	1	214	52
30	0	sound/data/pcm/c13/h/00_00.unity3d	h_ka_13_00_030	手でも気持ち良くなりたいなんて、キミの性癖にはビックリしちゃう																0	1	14	52	0	sound/data/pcm/c13/h/00_00.unity3d	h_ka_13_00_030	手でも気持ち良くなりたいなんて、キミの性癖にはビックリしちゃう																0	1	14	52	0	sound/data/pcm/c13/h/00_00.unity3d	h_ka_13_02_030	アタシの手で昇天させちゃうんだからぁ～覚悟してね♪																0	1	114	52	0	sound/data/pcm/c13/h/00_00.unity3d	h_ka_13_03_030	オナホみたいに、手でシコシコ抜いちゃうんだから～																0	1	214	52
31	0			これを……？　おちんちんって、結構グロいんだね～																0	1	15	52	0	sound/data/pcm/c13/h/00_00.unity3d	h_ka_13_01_031	アタシの口で、そんな想像してたんだぁ～？																0	1	15	52	0	sound/data/pcm/c13/h/00_00.unity3d	h_ka_13_02_031	いいよぉ、キミのオチンポ、……お口で気持ちよくしてあげる♪																0	1	115	52	0	sound/data/pcm/c13/h/00_00.unity3d	h_ka_13_03_031	アタシの口内でキミのオチンポ、レロレロしてほしいのぉ？			1													0	1	215	52
32	0	sound/data/pcm/c13/h/00_00.unity3d	h_ka_13_00_032	これを口に……？　アタシの口に入りきるかな……			1													0	1	15	52	0	sound/data/pcm/c13/h/00_00.unity3d	h_ka_13_00_032	これを口に……？　アタシの口に入りきるかな……			1													1	1	15	52	0	sound/data/pcm/c13/h/00_00.unity3d	h_ka_13_02_032	アタシのお口で悦ばしちゃうんだからぁ～																0	1	115	52	0	sound/data/pcm/c13/h/00_00.unity3d	h_ka_13_03_032	鬼頭も裏筋もタマタマも、ぜ～んぶ気持ちよくしてあげる		1														0	1	215	52
33	0	sound/data/pcm/c13/h/00_00.unity3d	h_ka_13_00_033	ふ～ん、キミはアタシの胸にも興味があるんだ？																0	1	16	52	0	sound/data/pcm/c13/h/00_00.unity3d	h_ka_13_01_033	胸を使って奉仕するのって、やっぱり恥ずかしい……																0	1	16	52	0	sound/data/pcm/c13/h/00_00.unity3d	h_ka_13_02_033	うんうん、さっきからおっぱい見てたもんねぇ～♪																0	1	116	52	0	sound/data/pcm/c13/h/00_00.unity3d	h_ka_13_03_033	アタシのおっぱいで～ぱふぱふしちゃう♪																0	1	216	52
34	0	sound/data/pcm/c13/h/00_00.unity3d	h_ka_13_00_034	胸ではさむの？　私も変な気持ちになっちゃいそうだし……でも……いいよ……																0	1	16	52	0	sound/data/pcm/c13/h/00_00.unity3d	h_ka_13_00_034	胸ではさむの？　私も変な気持ちになっちゃいそうだし……でも……いいよ……																0	1	16	52	0	sound/data/pcm/c13/h/00_00.unity3d	h_ka_13_02_034	もぉ～……おっぱいで、なんて赤ちゃんみたい♪																0	1	116	52	0	sound/data/pcm/c13/h/00_00.unity3d	h_ka_13_03_034	おっぱいで、どぴゅどぴゅ、出してぇ～																0	1	216	52
35	0	sound/data/pcm/c13/h/00_00.unity3d	h_ka_13_00_035	えっと……こんな感じでい～い？																0	1	17	52	0	sound/data/pcm/c13/h/00_00.unity3d	h_ka_13_01_035	ほらほら、キミお待ちかねの体勢だよ～																0	1	17	52	0	sound/data/pcm/c13/h/00_00.unity3d	h_ka_13_02_035	どぉ～こんな感じでいい？																0	1	117	52	0	sound/data/pcm/c13/h/00_00.unity3d	h_ka_13_03_035	キミの血走った目、ドキドキしちゃうじゃん♪																0	1	217	52
36	0	sound/data/pcm/c13/h/00_00.unity3d	h_ka_13_00_036	キミお待ちかねの体勢になれてる～？　いい感じかな～？　どう～？																0	1	17	52	0	sound/data/pcm/c13/h/00_00.unity3d	h_ka_13_00_036	キミお待ちかねの体勢になれてる～？　いい感じかな～？　どう～？																0	1	17	52	0	sound/data/pcm/c13/h/00_00.unity3d	h_ka_13_02_036	次はどうやって、気持ちよくしてくれるぅ～？																0	1	117	52	0	sound/data/pcm/c13/h/00_00.unity3d	h_ka_13_03_036	キミの思うがままにして……いいんだよぉ？																0	1	217	52
37	0			こんな、感じ？　気持ち……いい？　																0	1	18	52	0	sound/data/pcm/c13/h/00_00.unity3d	h_ka_13_01_037	んっ……これで、アタシが動けばいいんだね？																0	1	18	52	0	sound/data/pcm/c13/h/00_00.unity3d	h_ka_13_02_037	すぐに、アタシの虜にしちゃうんだから♪																0	1	118	52	0	sound/data/pcm/c13/h/00_00.unity3d	h_ka_13_03_037	やば～い！　コレ、まるでアタシが犯すみたいじゃん♪																0	1	218	52
38	0	sound/data/pcm/c13/h/00_00.unity3d	h_ka_13_00_038	これっアタシからエッチなことしちゃってみたいじゃん……																0	1	18	52	0	sound/data/pcm/c13/h/00_00.unity3d	h_ka_13_00_038	これっアタシからエッチなことしちゃってみたいじゃん……																0	1	18	52	0	sound/data/pcm/c13/h/00_00.unity3d	h_ka_13_02_038	キミを可愛がって気持ちよ～くしてあげる																0	1	118	52	0	sound/data/pcm/c13/h/00_00.unity3d	h_ka_13_03_038	ほら見てぇ～、アタシのオマンコが、キミのオチンポ食べちゃうところ♪																0	1	218	52
39	0			やばいよ～、触れられたことなから緊張しちゃうし……																0	1	19	17	0	sound/data/pcm/c13/h/00_00.unity3d	h_ka_13_01_039	えっと……、これで合ってるよね？																0	1	19	17	0	sound/data/pcm/c13/h/00_00.unity3d	h_ka_13_02_039	興奮してくれてる？　こんな感じでいい？																0	1	119	17	0	sound/data/pcm/c13/h/00_00.unity3d	h_ka_13_03_039	キミのエッチな要求、堪んな～い♪																0	1	219	17
40	0	sound/data/pcm/c13/h/00_00.unity3d	h_ka_13_00_040	んんっ、……アタシの姿勢を変えてまでしたいことって……なぁ～に？																0	1	19	17	0	sound/data/pcm/c13/h/00_00.unity3d	h_ka_13_00_040	んんっ、……アタシの姿勢を変えてまでしたいことって……なぁ～に？																0	1	19	17	0	sound/data/pcm/c13/h/00_00.unity3d	h_ka_13_02_040	んふふ～　キミが興奮してくれてるのがわかる～																0	1	119	17	0	sound/data/pcm/c13/h/00_00.unity3d	h_ka_13_03_040	は～や～くぅ～、エロいことしよ～よ～																0	1	219	17
41	1	sound/data/pcm/c13/h/00_00.unity3d	h_ka_13_00_041	この恰好、恥ずかし過ぎるじゃん……																0	1	20	17	1	sound/data/pcm/c13/h/00_00.unity3d	h_ka_13_01_041	おまんこも、おケツもみられちゃってるよ～																0	1	20	17	0	sound/data/pcm/c13/h/00_00.unity3d	h_ka_13_02_041	女豹のポーズだよ～ほらほらぁ～																0	1	120	17	0	sound/data/pcm/c13/h/00_00.unity3d	h_ka_13_03_041	ああんっ、見えない分、敏感になっちゃってるぅ																0	1	220	17
42	0	sound/data/pcm/c13/h/00_00.unity3d	h_ka_13_00_042	その……最初は、ゆっくりしよ……？　慣れたら、早くしていいから……																1	1	20	17	0	sound/data/pcm/c13/h/00_00.unity3d	h_ka_13_00_042	その……最初は、ゆっくりしよ……？　慣れたら、早くしていいから……																1	1	20	17	0	sound/data/pcm/c13/h/00_00.unity3d	h_ka_13_02_042	恥ずかしいけど、アタシ、興奮しちゃってるぅ♪																0	1	120	17	0	sound/data/pcm/c13/h/00_00.unity3d	h_ka_13_03_042	……キミの前でなら、どんな恥ずかしい恰好も出来ちゃうのぉ～																0	1	220	17
43	0	sound/data/pcm/c13/h/00_00.unity3d	h_ka_13_00_043	マジ恥ずかしいから、顔は見ちゃダメだから……！																0	1	21	52	1	sound/data/pcm/c13/h/00_00.unity3d	h_ka_13_01_043	顔は見ちゃダメ……緩んだ表情だったら恥ずかしい																0	1	21	52	0	sound/data/pcm/c13/h/00_00.unity3d	h_ka_13_02_043	キミの感じてる顔、よーく見せてね♪																0	1	121	52	0	sound/data/pcm/c13/h/00_00.unity3d	h_ka_13_03_043	キミの感じる顔……キュンキュンするよ～																0	1	221	52
44	0	sound/data/pcm/c13/h/00_00.unity3d	h_ka_13_00_044	その……最初は、ゆっくりしよ……？　慣れたら、早くしていいから……				1												1	1	21	52	0	sound/data/pcm/c13/h/00_00.unity3d	h_ka_13_00_044	その……最初は、ゆっくりしよ……？　慣れたら、早くしていいから……				1												1	1	21	52	0	sound/data/pcm/c13/h/00_00.unity3d	h_ka_13_02_044	アタシの感じる顔、じっくり見られちゃうじゃん♪																0	1	121	52	0	sound/data/pcm/c13/h/00_00.unity3d	h_ka_13_03_044	アタシの蕩けた顔、見られちゃってるぅ～																0	1	221	52
45	0	sound/data/pcm/c13/h/00_00.unity3d	h_ka_13_00_045	ねぇ、この体勢、マジで恥ずかしぃ……																0	1	22	52	0	sound/data/pcm/c13/h/00_00.unity3d	h_ka_13_01_045	んんっ、慣れるまでは……激しくしないでよ……																0	1	22	52	0	sound/data/pcm/c13/h/00_00.unity3d	h_ka_13_02_045	キミのやらし～視線、後ろからビンビンに感じるぅ～																0	1	122	52	0	sound/data/pcm/c13/h/00_00.unity3d	h_ka_13_03_045	バックから激しく突いてほしいな♪																0	1	222	52
46	0	sound/data/pcm/c13/h/00_00.unity3d	h_ka_13_00_046	うわっ、この体勢……思ってたよりも恥ずかしぃんですけどぉ……																0	1	22	52	0	sound/data/pcm/c13/h/00_00.unity3d	h_ka_13_00_046	うわっ、この体勢……思ってたよりも恥ずかしぃんですけどぉ……																0	1	22	52	0	sound/data/pcm/c13/h/00_00.unity3d	h_ka_13_02_046	後ろからなんて、盛りの付いた猫みたいじゃん～																0	1	122	52	0	sound/data/pcm/c13/h/00_00.unity3d	h_ka_13_03_046	後ろからなんて……アタシのオマンコ、興奮しちゃう～																0	1	222	52
47	0	sound/data/pcm/c13/h/00_00.unity3d	h_ka_13_00_047	きゃっ！　マジでこの体位でするの……？																0	1	23	52	0	sound/data/pcm/c13/h/00_00.unity3d	h_ka_13_01_047	だから、この恰好は恥ずかしいんだってばぁ……！																0	1	23	52	0	sound/data/pcm/c13/h/00_00.unity3d	h_ka_13_02_047	マジで恥ずかしいんだからね……でもぉ～気持ち良ぃ～♪																0	1	123	52	0	sound/data/pcm/c13/h/00_00.unity3d	h_ka_13_03_047	あん～　もう……ほんとにエッチな恰好しちゃってるぅ～																0	1	223	52
48	0	sound/data/pcm/c13/h/00_00.unity3d	h_ka_13_00_048	ちょっ……！　だから、恥ずかしいって言ってるじゃん……																0	1	23	52	0	sound/data/pcm/c13/h/00_00.unity3d	h_ka_13_00_048	ちょっ……！　だから、恥ずかしいって言ってるじゃん……																0	1	23	52	0	sound/data/pcm/c13/h/00_00.unity3d	h_ka_13_02_048	アタシに恥ずかしい恰好させるなんて……ホント変態さん♪																0	1	123	52	0	sound/data/pcm/c13/h/00_00.unity3d	h_ka_13_03_048	……アタシ、こんな恰好なのに……興奮しちゃってるぅ～																0	1	223	52
