0	1	sound/data/pcm/c16/h/00_00.unity3d	h_on_16_02_000	んぅ、ちょっとだけなら……しても……																0	0	0	9	1	sound/data/pcm/c16/h/00_00.unity3d	h_on_16_02_000	んぅ、ちょっとだけなら……しても……																0	0	0	9	1	sound/data/pcm/c16/h/00_00.unity3d	h_on_16_02_000	んぅ、ちょっとだけなら……しても……																0	0	100	9	1	sound/data/pcm/c16/h/00_00.unity3d	h_on_16_03_000	んぁ……したくなったら……すぐオナニーしちゃうなんて……んはぁ……																0	0	200	9
1	0	sound/data/pcm/c16/h/00_00.unity3d	h_on_16_03_001	んぅ、女の子のオナニーの仕方、知りたいの……？　いいわ……見せてあげる																0	0	1	17	0	sound/data/pcm/c16/h/00_00.unity3d	h_on_16_03_001	んぅ、女の子のオナニーの仕方、知りたいの……？　いいわ……見せてあげる																0	0	1	17	0	sound/data/pcm/c16/h/00_00.unity3d	h_on_16_03_001	んぅ、女の子のオナニーの仕方、知りたいの……？　いいわ……見せてあげる																0	0	101	17	0	sound/data/pcm/c16/h/00_00.unity3d	h_on_16_03_001	んぅ、女の子のオナニーの仕方、知りたいの……？　いいわ……見せてあげる																0	0	201	17
2	1	sound/data/pcm/c16/h/00_00.unity3d	h_on_16_02_002	んぅ……もうちょっとだけ……																0	0	2	9	1	sound/data/pcm/c16/h/00_00.unity3d	h_on_16_02_002	んぅ……もうちょっとだけ……																0	0	2	9	1	sound/data/pcm/c16/h/00_00.unity3d	h_on_16_02_002	んぅ……もうちょっとだけ……																0	0	102	9	1	sound/data/pcm/c16/h/00_00.unity3d	h_on_16_03_002	んぁ……私の身体……もっと、気持ちよくなりたいって言ってる……																0	0	202	9
3	1	sound/data/pcm/c16/h/00_00.unity3d	h_on_16_02_003	ああ……いい感じ……																0	0	3	9	1	sound/data/pcm/c16/h/00_00.unity3d	h_on_16_02_003	ああ……いい感じ……																0	0	3	9	1	sound/data/pcm/c16/h/00_00.unity3d	h_on_16_02_003	ああ……いい感じ……																0	0	103	9	1	sound/data/pcm/c16/h/00_00.unity3d	h_on_16_03_003	んぁ……身体の奥……じんじんする……																0	0	203	9
4	1	sound/data/pcm/c16/h/00_00.unity3d	h_on_16_02_004	んあっ、きもちいい……																0	0	3	9	1	sound/data/pcm/c16/h/00_00.unity3d	h_on_16_02_004	んあっ、きもちいい……																0	0	3	9	1	sound/data/pcm/c16/h/00_00.unity3d	h_on_16_02_004	んあっ、きもちいい……																0	0	103	9	1	sound/data/pcm/c16/h/00_00.unity3d	h_on_16_03_004	んはぁ……蕩ける気持ちよさを……もっと……んんぅ……																0	0	203	9
5	1	sound/data/pcm/c16/h/00_00.unity3d	h_on_16_02_005	んっ、あっ……止められない……！																0	0	4	9	1	sound/data/pcm/c16/h/00_00.unity3d	h_on_16_02_005	んっ、あっ……止められない……！																0	0	4	9	1	sound/data/pcm/c16/h/00_00.unity3d	h_on_16_02_005	んっ、あっ……止められない……！																0	0	104	9	1	sound/data/pcm/c16/h/00_00.unity3d	h_on_16_03_005	あっ、んぁ……オナニー、いい……じゅぷじゅぷ、愛液ぃ、溢れてるぅ……！																0	0	204	9
6	1	sound/data/pcm/c16/h/00_00.unity3d	h_on_16_02_006	んぅ、このまま、きちゃうかも……！																0	0	4	9	1	sound/data/pcm/c16/h/00_00.unity3d	h_on_16_02_006	んぅ、このまま、きちゃうかも……！																0	0	4	9	1	sound/data/pcm/c16/h/00_00.unity3d	h_on_16_02_006	んぅ、このまま、きちゃうかも……！																0	0	104	9	1	sound/data/pcm/c16/h/00_00.unity3d	h_on_16_03_006	んはぁ、いい、いい……もう止まらない……んあっ、あっ……！																0	0	204	9
7	1	sound/data/pcm/c16/h/00_00.unity3d	h_on_16_02_007	んあっ、オナニーでイッちゃうっ……あっ、あっ…………いくぅぅぅ！																0	0	5	9	1	sound/data/pcm/c16/h/00_00.unity3d	h_on_16_02_007	んあっ、オナニーでイッちゃうっ……あっ、あっ…………いくぅぅぅ！																0	0	5	9	1	sound/data/pcm/c16/h/00_00.unity3d	h_on_16_02_007	んあっ、オナニーでイッちゃうっ……あっ、あっ…………いくぅぅぅ！																0	0	105	9	1	sound/data/pcm/c16/h/00_00.unity3d	h_on_16_03_007	んあぁぁっ、イク、イク……オナニーで、んあっ、私、んあっ、あっ…………はぁぁぁん！																0	0	205	9
8	1	sound/data/pcm/c16/h/00_00.unity3d	h_on_16_02_008	あっあっ、くる、来てる、んあっ、はあっ…………いっくぅぅ！																0	0	5	9	1	sound/data/pcm/c16/h/00_00.unity3d	h_on_16_02_008	あっあっ、くる、来てる、んあっ、はあっ…………いっくぅぅ！																0	0	5	9	1	sound/data/pcm/c16/h/00_00.unity3d	h_on_16_02_008	あっあっ、くる、来てる、んあっ、はあっ…………いっくぅぅ！																0	0	105	9	1	sound/data/pcm/c16/h/00_00.unity3d	h_on_16_03_008	んあっ、あっあっ、オナニー夢中で……んあっ、いいのぉ、あっあっ、んはぁ…………あぁぁぁん！																0	0	205	9
9	0	sound/data/pcm/c16/h/00_00.unity3d	h_on_16_03_009	んあっ、あんっ、んぅ……よーく見て、んんぁ、オナニーでイク瞬間……んあっ、とても淫靡だから、んぁっ、あっ…………はぁぁぁん！																0	0	6	17	0	sound/data/pcm/c16/h/00_00.unity3d	h_on_16_03_009	んあっ、あんっ、んぅ……よーく見て、んんぁ、オナニーでイク瞬間……んあっ、とても淫靡だから、んぁっ、あっ…………はぁぁぁん！																0	0	6	17	0	sound/data/pcm/c16/h/00_00.unity3d	h_on_16_03_009	んあっ、あんっ、んぅ……よーく見て、んんぁ、オナニーでイク瞬間……んあっ、とても淫靡だから、んぁっ、あっ…………はぁぁぁん！																0	0	106	17	0	sound/data/pcm/c16/h/00_00.unity3d	h_on_16_03_009	んあっ、あんっ、んぅ……よーく見て、んんぁ、オナニーでイク瞬間……んあっ、とても淫靡だから、んぁっ、あっ…………はぁぁぁん！																0	0	206	17
10	1	sound/data/pcm/c16/h/00_00.unity3d	h_on_16_02_010	あはぁ……オナニーで、イッちゃった……																0	0	7	9	1	sound/data/pcm/c16/h/00_00.unity3d	h_on_16_02_010	あはぁ……オナニーで、イッちゃった……																0	0	7	9	1	sound/data/pcm/c16/h/00_00.unity3d	h_on_16_02_010	あはぁ……オナニーで、イッちゃった……																0	0	107	9	1	sound/data/pcm/c16/h/00_00.unity3d	h_on_16_03_010	んはぁ……腰が抜けるほど……オナニー……気持ちよかったわ……																0	0	207	9
11	1	sound/data/pcm/c16/h/00_00.unity3d	h_on_16_02_011	んんぅ、はぁ……オナニーで、びしょ濡れになっちゃった……																0	0	7	9	1	sound/data/pcm/c16/h/00_00.unity3d	h_on_16_02_011	んんぅ、はぁ……オナニーで、びしょ濡れになっちゃった……																0	0	7	9	1	sound/data/pcm/c16/h/00_00.unity3d	h_on_16_02_011	んんぅ、はぁ……オナニーで、びしょ濡れになっちゃった……																0	0	107	9	1	sound/data/pcm/c16/h/00_00.unity3d	h_on_16_03_011	んぅ……快楽に溺れて、我を見失っていたけど……そういうのもいいわね																0	0	207	9
12	0	sound/data/pcm/c16/h/00_00.unity3d	h_on_16_03_012	はぁ……見られているから、いつもより張り切りすぎてしまったわ……ん																0	0	8	17	0	sound/data/pcm/c16/h/00_00.unity3d	h_on_16_03_012	はぁ……見られているから、いつもより張り切りすぎてしまったわ……ん																0	0	8	17	0	sound/data/pcm/c16/h/00_00.unity3d	h_on_16_03_012	はぁ……見られているから、いつもより張り切りすぎてしまったわ……ん																0	0	108	17	0	sound/data/pcm/c16/h/00_00.unity3d	h_on_16_03_012	はぁ……見られているから、いつもより張り切りすぎてしまったわ……ん																0	0	208	17
13	1	sound/data/pcm/c16/h/00_00.unity3d	h_on_16_02_013	いっくぅぅ！																0	0	9	9	1	sound/data/pcm/c16/h/00_00.unity3d	h_on_16_02_013	いっくぅぅ！																0	0	9	9	1	sound/data/pcm/c16/h/00_00.unity3d	h_on_16_02_013	いっくぅぅ！																0	0	109	9	1	sound/data/pcm/c16/h/00_00.unity3d	h_on_16_03_013	イックぅぅ！！																0	0	209	9
