0	0	sound/data/pcm/c15/h/00_00.unity3d	h_ka_15_00_000	へへ。恥ずかしいけど……よろしくな♪																0	1	0	17	0	sound/data/pcm/c15/h/00_00.unity3d	h_ka_15_01_000	が、頑張るぞ																0	1	0	17	0	sound/data/pcm/c15/h/00_00.unity3d	h_ka_15_02_000	一緒に一杯気持ちよくなろうな♪																0	1	100	17	0	sound/data/pcm/c15/h/00_00.unity3d	h_ka_15_03_000	一杯いーっぱいキミを気持ちよくしてやるからな♪																0	1	200	17
1	0																			0	0	0	17	0	sound/data/pcm/c15/h/00_00.unity3d	h_ka_15_01_001	アタシのこと気持ちよくしてくれよな♪																0	1	0	17	0	sound/data/pcm/c15/h/00_00.unity3d	h_ka_15_02_001	好きだぞ……へへ、さ、やろ！																0	1	100	17	0	sound/data/pcm/c15/h/00_00.unity3d	h_ka_15_03_001	へへっ、ぐちゃぐちゃになるまでしような♪																0	1	200	17
2	0																			0	0	0	17	0	sound/data/pcm/c15/h/00_00.unity3d	h_ka_15_01_002	一杯気持ちよくしてやるからな																0	1	0	17	0	sound/data/pcm/c15/h/00_00.unity3d	h_ka_15_02_002	へへ……さ、やろ♪																0	1	100	17	0	sound/data/pcm/c15/h/00_00.unity3d	h_ka_15_03_002	もう待ちきれないぞ♪　早くやろうな																0	1	200	17
3	0	sound/data/pcm/c15/h/00_00.unity3d	h_ka_15_00_003	もう一回だな？　よし、頑張るぞ																0	1	1	52	0	sound/data/pcm/c15/h/00_00.unity3d	h_ka_15_00_003	もう一回だな？　よし、頑張るぞ																0	1	1	52	0	sound/data/pcm/c15/h/00_00.unity3d	h_ka_15_02_003	へへ……気持ちよかったみたいだな																0	1	101	52	0	sound/data/pcm/c15/h/00_00.unity3d	h_ka_15_03_003	気持ちよかったか？　へへっ、もう一回よくしてやるぞ																0	1	201	52
4	0	sound/data/pcm/c15/h/00_00.unity3d	h_ka_15_00_004	わかったぞ。次はもっと気持ちよくしてやるからな																0	1	1	52	0	sound/data/pcm/c15/h/00_00.unity3d	h_ka_15_00_004	わかったぞ。次はもっと気持ちよくしてやるからな																0	1	1	52	0	sound/data/pcm/c15/h/00_00.unity3d	h_ka_15_02_004	アタシの奉仕もなかなかのものだろ♪																0	1	101	52	0	sound/data/pcm/c15/h/00_00.unity3d	h_ka_15_03_004	アタシに任せてくれよな♪																0	1	201	52
5	0	sound/data/pcm/c15/h/00_00.unity3d	h_ka_15_00_005	このまま、か？　い、いいぞ！																0	1	2	52	0	sound/data/pcm/c15/h/00_00.unity3d	h_ka_15_00_005	このまま、か？　い、いいぞ！																0	1	2	52	0	sound/data/pcm/c15/h/00_00.unity3d	h_ka_15_02_005	いいぞ、もう一回気持ちよくしてくれよな																0	1	102	52	0	sound/data/pcm/c15/h/00_00.unity3d	h_ka_15_03_005	ああ、もっともっとしような♪																0	1	202	52
6	0	sound/data/pcm/c15/h/00_00.unity3d	h_ka_15_00_006	アタシは大丈夫、だぞ																0	1	2	52	0	sound/data/pcm/c15/h/00_00.unity3d	h_ka_15_00_006	アタシは大丈夫、だぞ																0	1	2	52	0	sound/data/pcm/c15/h/00_00.unity3d	h_ka_15_02_006	もっとキミでアタシの中を満たしてくれよな																0	1	102	52	0	sound/data/pcm/c15/h/00_00.unity3d	h_ka_15_03_006	アタシもしたいな、もっと気持ちよくなりたいし																0	1	202	52
7	0	sound/data/pcm/c15/h/00_00.unity3d	h_ka_15_00_007	優しく触ってくれよな																0	1	3	52	0	sound/data/pcm/c15/h/00_00.unity3d	h_ka_15_01_007	気持ちよくしてくれよな♪																0	1	3	52	0	sound/data/pcm/c15/h/00_00.unity3d	h_ka_15_02_007	いいぞー、キミの好きなように																0	1	103	52	0	sound/data/pcm/c15/h/00_00.unity3d	h_ka_15_03_007	アタシの体の隅から隅まで触ってくれよな																0	1	203	52
8	0	sound/data/pcm/c15/h/00_00.unity3d	h_ka_15_00_008	いいぞ、気持ちよくしてくれよな																0	1	3	52	0	sound/data/pcm/c15/h/00_00.unity3d	h_ka_15_00_008	いいぞ、気持ちよくしてくれよな																0	1	3	52	0	sound/data/pcm/c15/h/00_00.unity3d	h_ka_15_02_008	キミに触られるのは好きだぞ																0	1	103	52	0	sound/data/pcm/c15/h/00_00.unity3d	h_ka_15_03_008	激しくしてもアタシはいいからな																0	1	203	52
9	0	sound/data/pcm/c15/h/00_00.unity3d	h_ka_15_00_009	どこ触るんだ？																0	1	3	52	0	sound/data/pcm/c15/h/00_00.unity3d	h_ka_15_00_009	どこ触るんだ？																0	1	3	52	0	sound/data/pcm/c15/h/00_00.unity3d	h_ka_15_02_009	たっくさん触ってくれよ																0	1	103	52	0	sound/data/pcm/c15/h/00_00.unity3d	h_ka_15_03_009	一杯気持ちよくしてくれよな♪																0	1	203	52
10	0	sound/data/pcm/c15/h/00_00.unity3d	h_ka_15_00_010	いいぞ、それでどうすればいいんだ？	1															0	1	4	52	0	sound/data/pcm/c15/h/00_00.unity3d	h_ka_15_01_010	ああ、わかったぞ！																0	1	4	52	0	sound/data/pcm/c15/h/00_00.unity3d	h_ka_15_02_010	キミのこと沢山気持ちよくするからな																0	1	104	52	0	sound/data/pcm/c15/h/00_00.unity3d	h_ka_15_03_010	アタシにメロメロにしてやるからな																0	1	204	52
11	0	sound/data/pcm/c15/h/00_00.unity3d	h_ka_15_00_011	上手くなかったらごめんな																0	1	4	52	0	sound/data/pcm/c15/h/00_00.unity3d	h_ka_15_00_011	上手くなかったらごめんな																0	1	4	52	0	sound/data/pcm/c15/h/00_00.unity3d	h_ka_15_02_011	へへっ、じゃあ何しようかな																0	1	104	52	0	sound/data/pcm/c15/h/00_00.unity3d	h_ka_15_03_011	キミの可愛い姿が見れるんだな♪																0	1	204	52
12	0	sound/data/pcm/c15/h/00_00.unity3d	h_ka_15_00_012	できるだけ頑張るぞ！																0	1	4	52	0	sound/data/pcm/c15/h/00_00.unity3d	h_ka_15_00_012	できるだけ頑張るぞ！																0	1	4	52	0	sound/data/pcm/c15/h/00_00.unity3d	h_ka_15_02_012	ああ、頑張ってみるぞ																0	1	104	52	0	sound/data/pcm/c15/h/00_00.unity3d	h_ka_15_03_012	沢山搾り取ってやるぞ																0	1	204	52
13	0	sound/data/pcm/c15/h/00_00.unity3d	h_ka_15_00_013	ん、いいぞ。……緊張するな！																0	1	5	52	0	sound/data/pcm/c15/h/00_00.unity3d	h_ka_15_01_013	キミのおちんちん……入れてほしいな																0	1	5	52	0	sound/data/pcm/c15/h/00_00.unity3d	h_ka_15_02_013	キミのおちんちん、アタシの中にいれるんだな。いいぞ																0	1	105	52	0	sound/data/pcm/c15/h/00_00.unity3d	h_ka_15_03_013	キミのおちんちんでアタシのおまんこ沢山ついてくれよな♪																0	1	205	52
14	0	sound/data/pcm/c15/h/00_00.unity3d	h_ka_15_00_014	キミでアタシの中一杯にしてよな♪																0	1	5	52	0	sound/data/pcm/c15/h/00_00.unity3d	h_ka_15_00_014	キミでアタシの中一杯にしてよな♪																0	1	5	52	0	sound/data/pcm/c15/h/00_00.unity3d	h_ka_15_02_014	いいぞー、ほら早く♪																0	1	105	52	0	sound/data/pcm/c15/h/00_00.unity3d	h_ka_15_03_014	おまんこの中、ずぽずぽしてくれよな																0	1	205	52
15	0	sound/data/pcm/c15/h/00_00.unity3d	h_ka_15_00_015	アタシは大丈夫だから……ほら、来て、な																0	1	5	52	0	sound/data/pcm/c15/h/00_00.unity3d	h_ka_15_00_015	アタシは大丈夫だから……ほら、来て、な																0	1	5	52	0	sound/data/pcm/c15/h/00_00.unity3d	h_ka_15_02_015	アタシのおまんこもひくひくしてるぞ																0	1	105	52	0	sound/data/pcm/c15/h/00_00.unity3d	h_ka_15_03_015	一杯気持ちいい事しような♪																0	1	205	52
16	0	sound/data/pcm/c15/h/00_00.unity3d	h_ka_15_00_016	こういう時はゴムを付けるんだよなー？																0	1	6	52	0	sound/data/pcm/c15/h/00_00.unity3d	h_ka_15_01_016	ゴムは大切だぞ																0	1	6	52	0	sound/data/pcm/c15/h/00_00.unity3d	h_ka_15_02_016	うー、今日はゴム付けてなー																0	1	106	52	0	sound/data/pcm/c15/h/00_00.unity3d	h_ka_15_03_016	生の方がいいけど、今日はだめだぞー																0	1	206	52
17	0	sound/data/pcm/c15/h/00_00.unity3d	h_ka_15_00_017	危ない日だからゴム、付けてほしいぞ																0	1	7	52	0	sound/data/pcm/c15/h/00_00.unity3d	h_ka_15_01_017	今日は危ないからなー、はい、ゴム！																0	1	7	52	0	sound/data/pcm/c15/h/00_00.unity3d	h_ka_15_02_017	危ない日だからなー……今日はぶー																0	1	107	52	0	sound/data/pcm/c15/h/00_00.unity3d	h_ka_15_03_017	避妊はしないといけないしなー、むー																0	1	207	52
18	0	sound/data/pcm/c15/h/00_00.unity3d	h_ka_15_00_018	今日は安全日……だぞ																0	1	8	52	0	sound/data/pcm/c15/h/00_00.unity3d	h_ka_15_01_018	今日は中にだしても大丈夫だぞ																0	1	8	52	0	sound/data/pcm/c15/h/00_00.unity3d	h_ka_15_02_018	今日は大丈夫な日だからな、中に出してくれよな♪																0	1	108	52	0	sound/data/pcm/c15/h/00_00.unity3d	h_ka_15_03_018	今日は大丈夫だから、たぷたぷになるまでいれてくれよな♪																0	1	208	52
19	0																			0	0	9	52	0																			0	0	9	52	0																			0	0	109	52	0	sound/data/pcm/c15/h/00_00.unity3d	h_ka_15_03_019	キミとなら無くてもいいよな♪																0	1	209	52
20	0	sound/data/pcm/c15/h/00_00.unity3d	h_ka_15_00_020	この体勢だな、大丈夫だぞ																0	1	10	52	0	sound/data/pcm/c15/h/00_00.unity3d	h_ka_15_01_020	うん、いいぞ																0	1	10	52	0	sound/data/pcm/c15/h/00_00.unity3d	h_ka_15_02_020	こうだな。わかったぞ																0	1	110	52	0	sound/data/pcm/c15/h/00_00.unity3d	h_ka_15_03_020	わかったぞ！　ほら！																0	1	210	52
21	0	sound/data/pcm/c15/h/00_00.unity3d	h_ka_15_00_021	キミの好きなようにすればいいぞ♪																0	1	10	52	0	sound/data/pcm/c15/h/00_00.unity3d	h_ka_15_00_021	キミの好きなようにすればいいぞ♪																0	1	10	52	0	sound/data/pcm/c15/h/00_00.unity3d	h_ka_15_02_021	わかったぞー																0	1	110	52	0	sound/data/pcm/c15/h/00_00.unity3d	h_ka_15_03_021	キミも中々だね																0	1	210	52
22	0			こうかー？　																0	1	11	52	0			こうかー？　																0	1	11	52	0	sound/data/pcm/c15/h/00_00.unity3d	h_ka_15_02_022	へへっ私が上だな																0	1	111	52	0	sound/data/pcm/c15/h/00_00.unity3d	h_ka_15_03_022	へへっ、ぐちゃぐちゃにしてやるからな♪																0	1	211	52
23	0	sound/data/pcm/c15/h/00_00.unity3d	h_ka_15_00_023	わかったぞー。じゃあやってみよう																0	1	11	52	0	sound/data/pcm/c15/h/00_00.unity3d	h_ka_15_00_023	わかったぞー。じゃあやってみよう																0	1	11	52	0	sound/data/pcm/c15/h/00_00.unity3d	h_ka_15_02_023	私が上でいいんだなー？																0	1	111	52	0	sound/data/pcm/c15/h/00_00.unity3d	h_ka_15_03_023	激しくするけど大丈夫だよなー？																0	1	211	52
24	0	sound/data/pcm/c15/h/00_00.unity3d	h_ka_15_00_024	なるほど、やってみるぞ																0	1	11	52	0	sound/data/pcm/c15/h/00_00.unity3d	h_ka_15_00_024	なるほど、やってみるぞ																0	1	11	52	0			一杯奉仕するからな																0	1	111	52	0	sound/data/pcm/c15/h/00_00.unity3d	h_ka_15_03_024	上に乗ったら色々するからな																0	1	211	52
25	0			わかった。こうだな																0	1	12	17	0			うん、いいぞー。こうだな																0	1	12	17	0	sound/data/pcm/c15/h/00_00.unity3d	h_ka_15_02_025	キミの言うとおりにするぞ																0	1	112	17	0	sound/data/pcm/c15/h/00_00.unity3d	h_ka_15_03_025	キミはアタシにどんな体勢にさせるのか																0	1	212	17
26	0			わかったぞ。はい……どうかな？																0	1	12	17	0			わかったぞ。はい……どうかな？																0	1	12	17	0	sound/data/pcm/c15/h/00_00.unity3d	h_ka_15_02_026	ふんふん。わかったぞ																0	1	112	17	0	sound/data/pcm/c15/h/00_00.unity3d	h_ka_15_03_026	わかったぞ！　だから……一杯きもちよくしてな																0	1	212	17
27	0	sound/data/pcm/c15/h/00_00.unity3d	h_ka_15_00_027	こ、こんな恥ずかしい恰好するのか！？　わ、わかったけど																0	1	13	17	0	sound/data/pcm/c15/h/00_00.unity3d	h_ka_15_01_027	うぅ、恥ずかしいぞ……																0	1	13	17	0	sound/data/pcm/c15/h/00_00.unity3d	h_ka_15_02_027	その体勢だな……ぞくぞくするな																0	1	113	17	0	sound/data/pcm/c15/h/00_00.unity3d	h_ka_15_03_027	そんな恰好にさせるんだな、キミは																0	1	213	17
28	0	sound/data/pcm/c15/h/00_00.unity3d	h_ka_15_00_028	その体勢……すごく恥ずかしいぞ																0	1	13	17	0	sound/data/pcm/c15/h/00_00.unity3d	h_ka_15_00_028	その体勢……すごく恥ずかしいぞ																0	1	13	17	0	sound/data/pcm/c15/h/00_00.unity3d	h_ka_15_02_028	恥ずかしい体勢だな……へへっ、キミの言う通りにはするぞ																0	1	113	17	0	sound/data/pcm/c15/h/00_00.unity3d	h_ka_15_03_028	エッチな格好だー♪　わかったぞ♪																0	1	213	17
29	0	sound/data/pcm/c15/h/00_00.unity3d	h_ka_15_00_029	手で触ればいいんだな？　ん、こうだな																0	1	14	52	0	sound/data/pcm/c15/h/00_00.unity3d	h_ka_15_01_029	手でするんだな、わかったぞー																0	1	14	52	0	sound/data/pcm/c15/h/00_00.unity3d	h_ka_15_02_029	手でおちんちんしこしこするんだな♪																0	1	114	52	0	sound/data/pcm/c15/h/00_00.unity3d	h_ka_15_03_029	おちんちんしこしこすればいいんだな？																0	1	214	52
30	0	sound/data/pcm/c15/h/00_00.unity3d	h_ka_15_00_030	手で奉仕すればいいんだなー																0	1	14	52	0	sound/data/pcm/c15/h/00_00.unity3d	h_ka_15_00_030	手で奉仕すればいいんだなー																0	1	14	52	0	sound/data/pcm/c15/h/00_00.unity3d	h_ka_15_02_030	手で奉仕するんだな。わかったぞ																0	1	114	52	0	sound/data/pcm/c15/h/00_00.unity3d	h_ka_15_03_030	手で奉仕するぞー																0	1	214	52
31	0	sound/data/pcm/c15/h/00_00.unity3d	h_ka_15_00_031	口で？　ほ、ほうほう。わかったぞ																0	1	15	52	0	sound/data/pcm/c15/h/00_00.unity3d	h_ka_15_01_031	口でするんだな……任せておけ																0	1	15	52	0	sound/data/pcm/c15/h/00_00.unity3d	h_ka_15_02_031	口で……いいぞー																0	1	115	52	0	sound/data/pcm/c15/h/00_00.unity3d	h_ka_15_03_031	おちんちんから沢山搾り取るからな																0	1	215	52
32	0	sound/data/pcm/c15/h/00_00.unity3d	h_ka_15_00_032	口ですればいいのか……じゃあやってみるぞ																0	1	15	52	0	sound/data/pcm/c15/h/00_00.unity3d	h_ka_15_00_032	口ですればいいのか……じゃあやってみるぞ																1	1	15	52	0	sound/data/pcm/c15/h/00_00.unity3d	h_ka_15_02_032	口で奉仕すればいいんだな、一杯気持ちよくしてあげるからな																0	1	115	52	0			咥えるか、それとも舐めるか																0	1	215	52
33	0	sound/data/pcm/c15/h/00_00.unity3d	h_ka_15_00_033	胸で挟む？　気持ちいいのか？　まあやってみるぞ																0	1	16	52	0	sound/data/pcm/c15/h/00_00.unity3d	h_ka_15_01_033	アタシのおっぱいで包んでやるからな																0	1	16	52	0	sound/data/pcm/c15/h/00_00.unity3d	h_ka_15_02_033	おっぱいで挟むんだな♪																0	1	116	52	0	sound/data/pcm/c15/h/00_00.unity3d	h_ka_15_03_033	おっぱいでもみくちゃにしてやるからな																0	1	216	52
34	0	sound/data/pcm/c15/h/00_00.unity3d	h_ka_15_00_034	胸で挟むんだな、わかったぞー																0	1	16	52	0	sound/data/pcm/c15/h/00_00.unity3d	h_ka_15_00_034	胸で挟むんだな、わかったぞー																0	1	16	52	0	sound/data/pcm/c15/h/00_00.unity3d	h_ka_15_02_034	おっぱいでほれ																0	1	116	52	0	sound/data/pcm/c15/h/00_00.unity3d	h_ka_15_03_034	アタシの胸で気持ちよくなるといいぞ																0	1	216	52
35	0	sound/data/pcm/c15/h/00_00.unity3d	h_ka_15_00_035	これで……いいか？																0	1	17	52	0	sound/data/pcm/c15/h/00_00.unity3d	h_ka_15_01_035	こうだよな？　あってるかー？																0	1	17	52	0	sound/data/pcm/c15/h/00_00.unity3d	h_ka_15_02_035	これでいいんだよな																0	1	117	52	0	sound/data/pcm/c15/h/00_00.unity3d	h_ka_15_03_035	ほら、できたぞ、だから早く早く♪																0	1	217	52
36	0	sound/data/pcm/c15/h/00_00.unity3d	h_ka_15_00_036	こうであってるか？																0	1	17	52	0	sound/data/pcm/c15/h/00_00.unity3d	h_ka_15_00_036	こうであってるか？																0	1	17	52	0	sound/data/pcm/c15/h/00_00.unity3d	h_ka_15_02_036	できたぞー																0	1	117	52	0	sound/data/pcm/c15/h/00_00.unity3d	h_ka_15_03_036	よし、やったぞ。だから……ね？																0	1	217	52
37	0	sound/data/pcm/c15/h/00_00.unity3d	h_ka_15_00_037	こう……で、あってるよな？																0	1	18	52	0	sound/data/pcm/c15/h/00_00.unity3d	h_ka_15_01_037	この体勢でまちがってないかー？																0	1	18	52	0	sound/data/pcm/c15/h/00_00.unity3d	h_ka_15_02_037	へへっ、アタシの方が上か																0	1	118	52	0	sound/data/pcm/c15/h/00_00.unity3d	h_ka_15_03_037	へへっ、一杯気持ちよくしてやるからなー																0	1	218	52
38	0	sound/data/pcm/c15/h/00_00.unity3d	h_ka_15_00_038	この体勢かぁ、よし、大丈夫だぞ																0	1	18	52	0	sound/data/pcm/c15/h/00_00.unity3d	h_ka_15_00_038	この体勢かぁ、よし、大丈夫だぞ																0	1	18	52	0	sound/data/pcm/c15/h/00_00.unity3d	h_ka_15_02_038	キミを征服してる感があるな																0	1	118	52	0	sound/data/pcm/c15/h/00_00.unity3d	h_ka_15_03_038	激しくするけど問題ないよな♪																0	1	218	52
39	0	sound/data/pcm/c15/h/00_00.unity3d	h_ka_15_00_039	この体勢だよな？																0	1	19	17	0	sound/data/pcm/c15/h/00_00.unity3d	h_ka_15_01_039	こうであってるよな																0	1	19	17	0	sound/data/pcm/c15/h/00_00.unity3d	h_ka_15_02_039	へへっ、気持ちよくしてくれるんだよな♪																0	1	119	17	0	sound/data/pcm/c15/h/00_00.unity3d	h_ka_15_03_039	さ、どうやってくれるんだ																0	1	219	17
40	0	sound/data/pcm/c15/h/00_00.unity3d	h_ka_15_00_040	よし、できたぞー																0	1	19	17	0	sound/data/pcm/c15/h/00_00.unity3d	h_ka_15_00_040	よし、できたぞー																0	1	19	17	0	sound/data/pcm/c15/h/00_00.unity3d	h_ka_15_02_040	この体勢で何をしてくれるなかな																0	1	119	17	0	sound/data/pcm/c15/h/00_00.unity3d	h_ka_15_03_040	お望みどおりの体勢になったぞ																0	1	219	17
41	0	sound/data/pcm/c15/h/00_00.unity3d	h_ka_15_00_041	うぅ、この格好恥ずかしいぞ																0	1	20	17	0	sound/data/pcm/c15/h/00_00.unity3d	h_ka_15_01_041	できたけど……恥ずかしいな																0	1	20	17	0	sound/data/pcm/c15/h/00_00.unity3d	h_ka_15_02_041	何回してもこの格好は恥ずかしいな																0	1	120	17	0	sound/data/pcm/c15/h/00_00.unity3d	h_ka_15_03_041	恥ずかしいけど……この感覚が溜まらないな																0	1	220	17
42	0	sound/data/pcm/c15/h/00_00.unity3d	h_ka_15_00_042	す、すごく恥ずかしい格好だな……																0	1	20	17	0	sound/data/pcm/c15/h/00_00.unity3d	h_ka_15_00_042	す、すごく恥ずかしい格好だな……																0	1	20	17	0	sound/data/pcm/c15/h/00_00.unity3d	h_ka_15_02_042	恥ずかしいけどちょっとぞくぞくするな																0	1	120	17	0	sound/data/pcm/c15/h/00_00.unity3d	h_ka_15_03_042	恥ずかしくて……それがなんか気持ちいいな																0	1	220	17
43	0	sound/data/pcm/c15/h/00_00.unity3d	h_ka_15_00_043	キミの顔が凄く近いな																0	1	21	52	0	sound/data/pcm/c15/h/00_00.unity3d	h_ka_15_01_043	キミの顔が良く見えるな♪																0	1	21	52	0	sound/data/pcm/c15/h/00_00.unity3d	h_ka_15_02_043	この格好だと……キミとアタシの顔が近くにあるな																0	1	121	52	0	sound/data/pcm/c15/h/00_00.unity3d	h_ka_15_03_043	アタシの感じてる顔……見られちゃうな♪																0	1	221	52
44	0	sound/data/pcm/c15/h/00_00.unity3d	h_ka_15_00_044	ゆっくりと……お互いの顔見ながら楽しもうな																0	1	21	52	0	sound/data/pcm/c15/h/00_00.unity3d	h_ka_15_00_044	ゆっくりと……お互いの顔見ながら楽しもうな																0	1	21	52	0	sound/data/pcm/c15/h/00_00.unity3d	h_ka_15_02_044	キミの顔を見ながらしたいな																0	1	121	52	0	sound/data/pcm/c15/h/00_00.unity3d	h_ka_15_03_044	キミの感じてる顔をみながらしたいな																0	1	221	52
45	0	sound/data/pcm/c15/h/00_00.unity3d	h_ka_15_00_045	後ろからだな……恥ずかしいけど大丈夫だぞ！																0	1	22	52	0	sound/data/pcm/c15/h/00_00.unity3d	h_ka_15_01_045	なんか征服されちゃいそうだ																0	1	22	52	0	sound/data/pcm/c15/h/00_00.unity3d	h_ka_15_02_045	この体勢になるたびにぞくぞくって感じがするな																0	1	122	52	0	sound/data/pcm/c15/h/00_00.unity3d	h_ka_15_03_045	キミでアタシを征服してくれよ、な♪																0	1	222	52
46	0	sound/data/pcm/c15/h/00_00.unity3d	h_ka_15_00_046	後ろからか……主導権がすっごい握られてるな																0	1	22	52	0	sound/data/pcm/c15/h/00_00.unity3d	h_ka_15_00_046	後ろからか……主導権がすっごい握られてるな																0	1	22	52	0	sound/data/pcm/c15/h/00_00.unity3d	h_ka_15_02_046	キミはこの体勢好きなのか？																0	1	122	52	0	sound/data/pcm/c15/h/00_00.unity3d	h_ka_15_03_046	この体勢……いつもぞくぞくするな																0	1	222	52
47	0	sound/data/pcm/c15/h/00_00.unity3d	h_ka_15_00_047	こ、こんな恥ずかしい恰好でするのか！？　う、ぅぅぅ……																0	1	23	52	0	sound/data/pcm/c15/h/00_00.unity3d	h_ka_15_01_047	キミはこの体勢恥ずかしくないのか？　アタシは凄く恥ずかしいぞ																0	1	23	52	0	sound/data/pcm/c15/h/00_00.unity3d	h_ka_15_02_047	うう、まだ恥ずかしい……けど、ちょっとドキドキするな																0	1	123	52	0	sound/data/pcm/c15/h/00_00.unity3d	h_ka_15_03_047	この体勢にさせられるだけで、ドキドキしちゃうな																0	1	223	52
48	0	sound/data/pcm/c15/h/00_00.unity3d	h_ka_15_00_048	恥ずかしいけどこの体勢でやるんだよな……																0	1	23	52	0	sound/data/pcm/c15/h/00_00.unity3d	h_ka_15_00_048	恥ずかしいけどこの体勢でやるんだよな……																0	1	23	52	0	sound/data/pcm/c15/h/00_00.unity3d	h_ka_15_02_048	キミとなら恥ずかしくても……																0	1	123	52	0	sound/data/pcm/c15/h/00_00.unity3d	h_ka_15_03_048	キミの言うとおり恥ずかしい体制になったぞ。だから……アタシのこと気持ちよくしてくれよな																0	1	223	52
