0	0	sound/data/pcm/c07/h/00_00.unity3d	h_ai_07_00_000	あ、あまりジロジロ見るな……																0	0	0	17	0	sound/data/pcm/c07/h/00_00.unity3d	h_ai_07_01_000	はやくしろ……																0	0	0	17	0	sound/data/pcm/c07/h/00_00.unity3d	h_ai_07_02_000	どうした？　好きにしてもいいんだぞ？																0	0	100	17	0	sound/data/pcm/c07/h/00_00.unity3d	h_ai_07_03_000	はぁはぁ…・・・お前のソレを……はやく……																0	0	200	17
1	0	sound/data/pcm/c07/h/00_00.unity3d	h_ai_07_00_001	お、おい……あまり見るな……																0	0	0	17	0	sound/data/pcm/c07/h/00_00.unity3d	h_ai_07_01_001	うぅ……お前の目、いやらしいんだが																0	0	0	17	0	sound/data/pcm/c07/h/00_00.unity3d	h_ai_07_02_001	見ているだけなんて、勿体ないだろ？																0	0	100	17	0	sound/data/pcm/c07/h/00_00.unity3d	h_ai_07_03_001	我慢できない……触れてくれ……																0	0	200	17
2	0	sound/data/pcm/c07/h/00_00.unity3d	h_ai_07_00_002	恥ずかしすぎて、死んじゃう……																0	0	0	17	0	sound/data/pcm/c07/h/00_00.unity3d	h_ai_07_01_002	な、なんだよ……見ているだけなのか？																0	0	0	17	0	sound/data/pcm/c07/h/00_00.unity3d	h_ai_07_02_002	触ってくれないのか？																0	0	100	17	0	sound/data/pcm/c07/h/00_00.unity3d	h_ai_07_03_002	ん……お前に見られると、アソコが疼くな……																0	0	200	17
3	0																					1	0	0	sound/data/pcm/c07/h/00_00.unity3d	h_ai_07_01_003	んっ……これ、んっ……すごす……はむっ																0	0	1	0	0	sound/data/pcm/c07/h/00_00.unity3d	h_ai_07_02_003	あぁん……んっんっ……もう少し……くちゅ……																0	0	101	0	0	sound/data/pcm/c07/h/00_00.unity3d	h_ai_07_03_009	じゅる……あん、んっ……もっと、そう……あぁん																0	0	201	0
4	0																					1	0	0	sound/data/pcm/c07/h/00_00.unity3d	h_ai_07_01_004	ふぁ……あっ、んっ……だ、だめ……んっ																0	0	1	0	0	sound/data/pcm/c07/h/00_00.unity3d	h_ai_07_02_004	あむ、んっ……ふぁ……しらが……くちゅはむ……あぁん																0	0	101	0	0	sound/data/pcm/c07/h/00_00.unity3d	h_ai_07_03_010	んっ、んっんっ……ふぁ……しらを、そう……いいぞ……んっ																0	0	201	0
5	0	sound/data/pcm/c07/h/00_00.unity3d	h_ai_07_00_005	キスって、こんなに甘いものなんだな……																1	0	2	17	0	sound/data/pcm/c07/h/00_00.unity3d	h_ai_07_01_005	す、少しは優しくしてくれ……																0	0	2	17	0	sound/data/pcm/c07/h/00_00.unity3d	h_ai_07_02_005	もう少しだけ、続けるのか？　私は、いつでも大丈夫だ																0	0	102	17	0	sound/data/pcm/c07/h/00_00.unity3d	h_ai_07_03_011	はぁはぁ……もっと、お前で感じさせてくれ……																0	0	202	17
6	1	sound/data/pcm/c07/h/00_00.unity3d	h_ai_07_00_006	んっ……まだ続けるのか？																0	0	2	17	0	sound/data/pcm/c07/h/00_00.unity3d	h_ai_07_01_006	ふふっ……最高だったよ																0	0	2	17	0	sound/data/pcm/c07/h/00_00.unity3d	h_ai_07_02_006	んっん……感じてしまうな																0	0	102	17	0	sound/data/pcm/c07/h/00_00.unity3d	h_ai_07_03_012	ふふっ、まるで犯されているようだな……																0	0	202	17
7	0	sound/data/pcm/c07/h/00_00.unity3d	h_ai_07_00_007	……これは、癖になりそうだ																0	0	3	17	0	sound/data/pcm/c07/h/00_00.unity3d	h_ai_07_01_007	ふぁ……どうした？　続けないのか？																0	0	3	17	0	sound/data/pcm/c07/h/00_00.unity3d	h_ai_07_02_007	んっ……まだ、あと少しだけ……																0	0	103	17	0	sound/data/pcm/c07/h/00_00.unity3d	h_ai_07_03_013	お前のキスで、もう体が疼いちまったよ……																0	0	203	17
8	0	sound/data/pcm/c07/h/00_00.unity3d	h_ai_07_00_008	だめ、感じちゃう……																0	0	3	17	0	sound/data/pcm/c07/h/00_00.unity3d	h_ai_07_01_008	キスだけで興奮してしまうなんて……																0	0	3	17	0	sound/data/pcm/c07/h/00_00.unity3d	h_ai_07_02_008	あぁん……どうしたんだ？　続けてくれないのか？																0	0	103	17	0	sound/data/pcm/c07/h/00_00.unity3d	h_ai_07_03_014	もっと……もっと、してくれないか																0	0	203	17
9	0	sound/data/pcm/c07/h/00_00.unity3d	h_ai_07_00_015	す、すまねぇけど……それは、ちょっと……																0	0	6	17	0	sound/data/pcm/c07/h/00_00.unity3d	h_ai_07_00_015	す、すまねぇけど……それは、ちょっと……																0	0	6	17	0	sound/data/pcm/c07/h/00_00.unity3d	h_ai_07_00_015	す、すまねぇけど……それは、ちょっと……																0	0	106	17	0	sound/data/pcm/c07/h/00_00.unity3d	h_ai_07_00_015	す、すまねぇけど……それは、ちょっと……																0	0	206	17
10	0	sound/data/pcm/c07/h/00_00.unity3d	h_ai_07_00_016	キスは、もう少し後な……																0	0	6	17	0	sound/data/pcm/c07/h/00_00.unity3d	h_ai_07_00_016	キスは、もう少し後な……																0	0	6	17	0	sound/data/pcm/c07/h/00_00.unity3d	h_ai_07_00_016	キスは、もう少し後な……																0	0	106	17	0	sound/data/pcm/c07/h/00_00.unity3d	h_ai_07_00_016	キスは、もう少し後な……																0	0	206	17
11	0	sound/data/pcm/c07/h/00_00.unity3d	h_ai_07_00_017	それだけは、まだ……そういう間柄じゃねぇし																0	0	6	17	0	sound/data/pcm/c07/h/00_00.unity3d	h_ai_07_00_017	それだけは、まだ……そういう間柄じゃねぇし																0	0	6	17	0	sound/data/pcm/c07/h/00_00.unity3d	h_ai_07_00_017	それだけは、まだ……そういう間柄じゃねぇし																0	0	106	17	0	sound/data/pcm/c07/h/00_00.unity3d	h_ai_07_00_017	それだけは、まだ……そういう間柄じゃねぇし																0	0	206	17
12	0	sound/data/pcm/c07/h/00_00.unity3d	h_ai_07_00_018	ひゃ……だ、大丈夫だ																0	0	4	17	0	sound/data/pcm/c07/h/00_00.unity3d	h_ai_07_00_018	ひゃ……だ、大丈夫だ																0	0	4	17	0	sound/data/pcm/c07/h/00_00.unity3d	h_ai_07_02_018	そこ……ん、だめ……																0	0	104	17	0			もっと……触れてくれ……																0	0	204	17
13	0	sound/data/pcm/c07/h/00_00.unity3d	h_ai_07_00_019	んんっ……へ、変な感じ……																0	0	4	17	0	sound/data/pcm/c07/h/00_00.unity3d	h_ai_07_00_019	んんっ……へ、変な感じ……																0	0	4	17	0			くっ……もっと、触ってもいいんだ…・・よ																0	0	104	17	0	sound/data/pcm/c07/h/00_00.unity3d	h_ai_07_03_019	感じさせてくれ……																0	0	204	17
14	0	sound/data/pcm/c07/h/00_00.unity3d	h_ai_07_00_020	うわっ、ちょ……ひゃ！																0	0	4	17	0	sound/data/pcm/c07/h/00_00.unity3d	h_ai_07_00_020	うわっ、ちょ……ひゃ！																0	0	4	17	0	sound/data/pcm/c07/h/00_00.unity3d	h_ai_07_02_020	んっ……そう、そこ……																0	0	104	17	0	sound/data/pcm/c07/h/00_00.unity3d	h_ai_07_03_020	はぁん……気持ちいい																0	0	204	17
15	0			うぅ・・…そこ触るのかよ……																0	0	4	17	0			うぅ・・…そこ触るのかよ……																0	0	4	17	0	sound/data/pcm/c07/h/00_00.unity3d	h_ai_07_02_021	んっ……どうした？　もう終わりか？																0	0	104	17	0	sound/data/pcm/c07/h/00_00.unity3d	h_ai_07_03_021	だめ……我慢、できない																0	0	204	17
16	0			あまり、ん……触るんじゃ……																0	0	4	17	0			あまり、ん……触るんじゃ……																0	0	4	17	0	sound/data/pcm/c07/h/00_00.unity3d	h_ai_07_02_022	んんっ……はぁん……声がでちゃう……																0	0	104	17	0			手がやらしいな……ふふっ																0	0	204	17
17	0																					4	17	0	sound/data/pcm/c07/h/00_00.unity3d	h_ai_07_01_035	だ、駄目だ……ちょ、ホントに……																0	0	4	17	0																					104	17	0																					204	17
18	0																					4	17	0	sound/data/pcm/c07/h/00_00.unity3d	h_ai_07_01_036	あまり、激しくすんなよ……																0	0	4	17	0																					104	17	0																					204	17
19	0																					4	17	0	sound/data/pcm/c07/h/00_00.unity3d	h_ai_07_01_037	そこは……あぁ、もう……																0	0	4	17	0																					104	17	0																					204	17
20	0																					4	17	0	sound/data/pcm/c07/h/00_00.unity3d	h_ai_07_01_038	そ、そこまでして尻を触りたいのかよ……																0	0	4	17	0																					104	17	0																					204	17
21	0																					4	17	0	sound/data/pcm/c07/h/00_00.unity3d	h_ai_07_01_039	あぁもう……変態……																0	0	4	17	0																					104	17	0																					204	17
22	0																					4	17	0	sound/data/pcm/c07/h/00_00.unity3d	h_ai_07_01_040	あ、あまり尻を……汚ねぇからよ……																0	0	4	17	0																					104	17	0																					204	17
23	0			ひゃぁあ……どこ、触ってんだ……																0	0	5	17	0			ひゃぁあ……どこ、触ってんだ……																0	0	5	17	0			そこ……そう、もっと触ってくれないか																0	0	105	17	0	sound/data/pcm/c07/h/00_00.unity3d	h_ai_07_03_023	止めないでくれないか・……んっんっ……あぁん																0	0	205	17
24	0	sound/data/pcm/c07/h/00_00.unity3d	h_ai_07_00_024	んんっ……なんだ、いまの感じは……																0	0	5	17	0	sound/data/pcm/c07/h/00_00.unity3d	h_ai_07_00_024	んんっ……なんだ、いまの感じは……																0	0	5	17	0	sound/data/pcm/c07/h/00_00.unity3d	h_ai_07_02_024	はぁん……んっんっ……気持ちいい																0	0	105	17	0	sound/data/pcm/c07/h/00_00.unity3d	h_ai_07_03_024	もっと激しくしてくれ……そう、あぁん																0	0	205	17
25	0	sound/data/pcm/c07/h/00_00.unity3d	h_ai_07_00_025	ひゃあ、そこ……い、嫌なんでも……																0	0	5	17	0	sound/data/pcm/c07/h/00_00.unity3d	h_ai_07_00_025	ひゃあ、そこ……い、嫌なんでも……																0	0	5	17	0	sound/data/pcm/c07/h/00_00.unity3d	h_ai_07_02_025	だめ…・・・感じちゃ……んっ																0	0	105	17	0	sound/data/pcm/c07/h/00_00.unity3d	h_ai_07_03_025	そこ、あん……もっと、ぐちょぐちょにして……																0	0	205	17
26	0	sound/data/pcm/c07/h/00_00.unity3d	h_ai_07_00_026	くっ……む、胸はやめてくれ……																0	0	5	17	0	sound/data/pcm/c07/h/00_00.unity3d	h_ai_07_00_026	くっ……む、胸はやめてくれ……																0	0	5	17	0	sound/data/pcm/c07/h/00_00.unity3d	h_ai_07_02_026	ち、乳首は感じてしまうからよ……あぁん……																0	0	105	17	0	sound/data/pcm/c07/h/00_00.unity3d	h_ai_07_03_026	ん……もっと、乳首を弄ってくれ……																0	0	205	17
27	0	sound/data/pcm/c07/h/00_00.unity3d	h_ai_07_00_027	はぁん……んっ、だめ……																0	0	5	17	0	sound/data/pcm/c07/h/00_00.unity3d	h_ai_07_00_027	はぁん……んっ、だめ……																0	0	5	17	0	sound/data/pcm/c07/h/00_00.unity3d	h_ai_07_02_027	はぁん、あっ…・…乳首をそんな……																0	0	105	17	0	sound/data/pcm/c07/h/00_00.unity3d	h_ai_07_03_027	頼む、もっと……感じさせてくれ……																0	0	205	17
28	0			さ、先をつまむな……あぁん、だめ……																0	0	5	17	0			さ、先をつまむな……あぁん、だめ……																0	0	5	17	0	sound/data/pcm/c07/h/00_00.unity3d	h_ai_07_02_028	す、すごい……乳首弄られると、身体がビクンて……																0	0	105	17	0	sound/data/pcm/c07/h/00_00.unity3d	h_ai_07_03_028	んん……ひゃあ……乳首が、おかしくなっちゃう……																0	0	205	17
29	0	sound/data/pcm/c07/h/00_00.unity3d	h_ai_07_00_029	そこだけは……んっ！　だめだめ、身体が勝手に……はぁ……・んっ……																0	0	5	17	0	sound/data/pcm/c07/h/00_00.unity3d	h_ai_07_00_029	そこだけは……んっ！　だめだめ、身体が勝手に……はぁ……・んっ……																0	0	5	17	0	sound/data/pcm/c07/h/00_00.unity3d	h_ai_07_02_029	お、おまんこが……・そこ、そこがいいんだ……																0	0	105	17	0	sound/data/pcm/c07/h/00_00.unity3d	h_ai_07_03_029	触ってくれ……もう、ぐちょぐちょなんだ……																0	0	205	17
30	0	sound/data/pcm/c07/h/00_00.unity3d	h_ai_07_00_030	ど、どうしてそんなに触るん……だ……はぁん……																0	0	5	17	0	sound/data/pcm/c07/h/00_00.unity3d	h_ai_07_00_030	ど、どうしてそんなに触るん……だ……はぁん……																0	0	5	17	0	sound/data/pcm/c07/h/00_00.unity3d	h_ai_07_02_030	そこばっか弄るなんて……あぁん、んっ……																0	0	105	17	0	sound/data/pcm/c07/h/00_00.unity3d	h_ai_07_03_030	遠慮しないで……んっ、そう…・…もっと……																0	0	205	17
31	0	sound/data/pcm/c07/h/00_00.unity3d	h_ai_07_00_031	あぁん……だめ、気持ちよすぎ……る……																0	0	5	17	0	sound/data/pcm/c07/h/00_00.unity3d	h_ai_07_00_031	あぁん……だめ、気持ちよすぎ……る……																0	0	5	17	0	sound/data/pcm/c07/h/00_00.unity3d	h_ai_07_02_031	んっ、やば……おまんこが……お前ので……んっ……																0	0	105	17	0	sound/data/pcm/c07/h/00_00.unity3d	h_ai_07_03_031	私のおまんこを、もっと虐めてくれ……																0	0	205	17
32	0	sound/data/pcm/c07/h/00_00.unity3d	h_ai_07_00_032	そ、そこは……んっ、なんだ……体が疼いて……んっんっ……																0	0	5	17	0	sound/data/pcm/c07/h/00_00.unity3d	h_ai_07_00_032	そ、そこは……んっ、なんだ……体が疼いて……んっんっ……																0	0	5	17	0	sound/data/pcm/c07/h/00_00.unity3d	h_ai_07_02_032	うん……もっと、おしりを弄ってくれ……																0	0	105	17	0	sound/data/pcm/c07/h/00_00.unity3d	h_ai_07_03_032	あぁん、もっとおしりを犯してくれ……																0	0	205	17
33	0	sound/data/pcm/c07/h/00_00.unity3d	h_ai_07_00_033	お、おしりが熱い……																0	0	5	17	0	sound/data/pcm/c07/h/00_00.unity3d	h_ai_07_00_033	お、おしりが熱い……																0	0	5	17	0	sound/data/pcm/c07/h/00_00.unity3d	h_ai_07_02_033	あぁん……ち、力が入らない……																0	0	105	17	0	sound/data/pcm/c07/h/00_00.unity3d	h_ai_07_03_033	これ……そう、もっとおしりを弄って……																0	0	205	17
34	0	sound/data/pcm/c07/h/00_00.unity3d	h_ai_07_00_034	ひゃああ……おしりが、変になる……																0	0	5	17	0	sound/data/pcm/c07/h/00_00.unity3d	h_ai_07_00_034	ひゃああ……おしりが、変になる……																0	0	5	17	0	sound/data/pcm/c07/h/00_00.unity3d	h_ai_07_02_034	あっ……だめ、もう……おしりが、くっ……																0	0	105	17	0	sound/data/pcm/c07/h/00_00.unity3d	h_ai_07_03_034	はぁはぁ……もう、イッちゃいそうだ……おしりで感じさせて																0	0	205	17
35	0	sound/data/pcm/c07/h/00_00.unity3d	h_ai_07_00_035	ば、馬鹿ッ！　これ以上は、駄目だ！																0	0	6	17	0																					6	17	0																					106	17	0																					206	17
36	0	sound/data/pcm/c07/h/00_00.unity3d	h_ai_07_00_036	おい、いい加減にしてくれないか？																0	0	6	17	0																					6	17	0																					106	17	0																					206	17
37	0	sound/data/pcm/c07/h/00_00.unity3d	h_ai_07_00_037	私にだって、限度があるんだからな																0	0	6	17	0																					6	17	0																					106	17	0																					206	17
38	0	sound/data/pcm/c07/h/00_00.unity3d	h_ai_07_00_038	変態っ！　なんで、尻を触るんだ！？																0	0	6	17	0																					6	17	0																					106	17	0																					206	17
39	0	sound/data/pcm/c07/h/00_00.unity3d	h_ai_07_00_039	尻を触ろうとすんじゃねぇ																0	0	6	17	0																					6	17	0																					106	17	0																					206	17
40	0	sound/data/pcm/c07/h/00_00.unity3d	h_ai_07_00_040	次、尻を触ろうとしたら、ただじゃおかねぇからな																0	0	6	17	0																					6	17	0																					106	17	0																					206	17
41	0	sound/data/pcm/c07/h/00_00.unity3d	h_ai_07_00_041	あぁん！　ばっ、強すぎだ！																0	0	6	17	0																					6	17	0																					106	17	0																					206	17
42	0	sound/data/pcm/c07/h/00_00.unity3d	h_ai_07_00_042	んっ、だめ、やめろ！																0	0	6	17	0																					6	17	0																					106	17	0																					206	17
43	0	sound/data/pcm/c07/h/00_00.unity3d	h_ai_07_00_043	馬鹿ッ……やめろ……強いんだよ……																0	0	6	17	0																					6	17	0																					106	17	0																					206	17
44	0	sound/data/pcm/c07/h/00_00.unity3d	h_ai_07_00_044	そこが、揉まれると……体が……																0	0	4	17	0	sound/data/pcm/c07/h/00_00.unity3d	h_ai_07_01_044	あまり揉まれるのは、慣れてないんだけどよ……																0	0	4	17	0	sound/data/pcm/c07/h/00_00.unity3d	h_ai_07_02_044	いい……もっと、揉んでくれよ……																0	0	104	17	0																					204	17
45	0	sound/data/pcm/c07/h/00_00.unity3d	h_ai_07_00_045	これ……いいかもな……																0	0	4	17	0	sound/data/pcm/c07/h/00_00.unity3d	h_ai_07_00_045	これ……いいかもな……																0	0	4	17	0	sound/data/pcm/c07/h/00_00.unity3d	h_ai_07_02_045	はぁん……可笑しな気分になるな……																0	0	104	17	0																					204	17
46	0	sound/data/pcm/c07/h/00_00.unity3d	h_ai_07_00_046	んっ……お前に触られると、気持ちいな……																0	0	4	17	0	sound/data/pcm/c07/h/00_00.unity3d	h_ai_07_00_046	んっ……お前に触られると、気持ちいな……																0	0	4	17	0	sound/data/pcm/c07/h/00_00.unity3d	h_ai_07_02_046	そう、んっ……気分が良くなるな……																0	0	104	17	0																					204	17
47	0																					4	17	0																					4	17	0																					104	17	0	sound/data/pcm/c07/h/00_00.unity3d	h_ai_07_03_047	あぁん……胸、感じてしまうな……																0	0	204	17
48	0																					4	17	0																					4	17	0																					104	17	0	sound/data/pcm/c07/h/00_00.unity3d	h_ai_07_03_048	あぁ……胸、胸をもっと……																0	0	204	17
49	0																					4	17	0																					4	17	0																					104	17	0	sound/data/pcm/c07/h/00_00.unity3d	h_ai_07_03_049	もっと尻を強く揉んでくれ……																0	0	204	17
50	0																					4	17	0																					4	17	0																					104	17	0	sound/data/pcm/c07/h/00_00.unity3d	h_ai_07_03_050	はぁん……尻が……そ、そこをもっと……																0	0	204	17
51	0	sound/data/pcm/c07/h/00_00.unity3d	h_ai_07_00_051	うわっ！？　あ、あまり乳首をつつくな……																0	0	4	17	0	sound/data/pcm/c07/h/00_00.unity3d	h_ai_07_01_051	乳首つつかれると、ビクンてなるな……																0	0	4	17	0	sound/data/pcm/c07/h/00_00.unity3d	h_ai_07_02_051	お前につつかれると、気持ちいいな……																0	0	104	17	0	sound/data/pcm/c07/h/00_00.unity3d	h_ai_07_03_051	ひゃあん……う、上手いんだな……																0	0	204	17
52	0	sound/data/pcm/c07/h/00_00.unity3d	h_ai_07_00_052	んっ……乳首を虐めるなよ……																0	0	4	17	0	sound/data/pcm/c07/h/00_00.unity3d	h_ai_07_00_052	んっ……乳首を虐めるなよ……																0	0	4	17	0	sound/data/pcm/c07/h/00_00.unity3d	h_ai_07_02_052	乳首は、感じちゃうから……																0	0	104	17	0	sound/data/pcm/c07/h/00_00.unity3d	h_ai_07_03_052	あぁん……もっと乳首つついてくれ……																0	0	204	17
53	0	sound/data/pcm/c07/h/00_00.unity3d	h_ai_07_00_053	あぁん、んっ……																0	0	4	17	0	sound/data/pcm/c07/h/00_00.unity3d	h_ai_07_00_053	あぁん、んっ……																0	0	4	17	0	sound/data/pcm/c07/h/00_00.unity3d	h_ai_07_02_053	ひゃあ……乳首、気持ちいい……																0	0	104	17	0	sound/data/pcm/c07/h/00_00.unity3d	h_ai_07_03_053	いじめてくれ……私の乳首を……																0	0	204	17
54	0	sound/data/pcm/c07/h/00_00.unity3d	h_ai_07_00_054	ひゃあ、引っ張るな……																0	0	4	17	0	sound/data/pcm/c07/h/00_00.unity3d	h_ai_07_01_054	乳首を、引っ張られると……感じる……																0	0	4	17	0	sound/data/pcm/c07/h/00_00.unity3d	h_ai_07_02_054	引っ張られると、感じるんだよな……																0	0	104	17	0	sound/data/pcm/c07/h/00_00.unity3d	h_ai_07_03_054	乳首を、好き勝手にしてくれ……																0	0	204	17
55	0	sound/data/pcm/c07/h/00_00.unity3d	h_ai_07_00_055	はぁん……乳首が……																0	0	4	17	0	sound/data/pcm/c07/h/00_00.unity3d	h_ai_07_00_055	はぁん……乳首が……																0	0	4	17	0	sound/data/pcm/c07/h/00_00.unity3d	h_ai_07_02_055	乳首……ひっぱると……あぁん……																0	0	104	17	0	sound/data/pcm/c07/h/00_00.unity3d	h_ai_07_03_055	お前の手で、私の乳首を……																0	0	204	17
56	0	sound/data/pcm/c07/h/00_00.unity3d	h_ai_07_00_056	んっんっ……お前、楽しんでないか？																0	0	4	17	0	sound/data/pcm/c07/h/00_00.unity3d	h_ai_07_00_056	んっんっ……お前、楽しんでないか？																0	0	4	17	0	sound/data/pcm/c07/h/00_00.unity3d	h_ai_07_02_056	つ、つままれるの気持ちいな……																0	0	104	17	0	sound/data/pcm/c07/h/00_00.unity3d	h_ai_07_03_056	つままれて……あぁん、そこそこ……																0	0	204	17
57	0	sound/data/pcm/c07/h/00_00.unity3d	h_ai_07_00_057	し、尻かよ……																0	0	4	17	0	sound/data/pcm/c07/h/00_00.unity3d	h_ai_07_01_057	お、お前だから触らせているんだからよ																0	0	4	17	0	sound/data/pcm/c07/h/00_00.unity3d	h_ai_07_02_057	はぁん……尻が熱くなってくる……																0	0	104	17	0	sound/data/pcm/c07/h/00_00.unity3d	h_ai_07_03_057	はぁん……あっあっ……んっ……																0	0	204	17
58	0	sound/data/pcm/c07/h/00_00.unity3d	h_ai_07_00_058	あまり、し、尻でこう……弄ったら……可笑しくなるから																0	0	4	17	0	sound/data/pcm/c07/h/00_00.unity3d	h_ai_07_00_058	あまり、し、尻でこう……弄ったら……可笑しくなるから																0	0	4	17	0	sound/data/pcm/c07/h/00_00.unity3d	h_ai_07_02_058	そこは……んっ……																0	0	104	17	0	sound/data/pcm/c07/h/00_00.unity3d	h_ai_07_03_058	お前……んっ……遠慮するな……																0	0	204	17
59	0	sound/data/pcm/c07/h/00_00.unity3d	h_ai_07_00_059	んっ、お前の手が……ひゃぁん……																0	0	4	17	0	sound/data/pcm/c07/h/00_00.unity3d	h_ai_07_00_059	んっ、お前の手が……ひゃぁん……																0	0	4	17	0	sound/data/pcm/c07/h/00_00.unity3d	h_ai_07_02_059	お前なら……いいからよ……																0	0	104	17	0	sound/data/pcm/c07/h/00_00.unity3d	h_ai_07_03_059	ここ触って、私を気持ちよくさせてくれないか……																0	0	204	17
60	0	sound/data/pcm/c07/h/00_00.unity3d	h_ai_07_00_060	あぁん……お前、遠慮なさすぎるんじゃないのか……																0	0	4	17	0	sound/data/pcm/c07/h/00_00.unity3d	h_ai_07_01_060	おまんこ、こすられると熱くなる……																0	0	4	17	0	sound/data/pcm/c07/h/00_00.unity3d	h_ai_07_02_060	おまんこ、いいよ……																0	0	104	17	0	sound/data/pcm/c07/h/00_00.unity3d	h_ai_07_03_060	おまんこ、もっと……																0	0	204	17
61	0	sound/data/pcm/c07/h/00_00.unity3d	h_ai_07_00_061	ひゃああ！　おまんこが、おまんこが……																0	0	4	17	0	sound/data/pcm/c07/h/00_00.unity3d	h_ai_07_00_061	ひゃああ！　おまんこが、おまんこが……																0	0	4	17	0	sound/data/pcm/c07/h/00_00.unity3d	h_ai_07_02_061	おまんこ虐められてる……んっ……																0	0	104	17	0	sound/data/pcm/c07/h/00_00.unity3d	h_ai_07_03_061	もっと、おまんこ虐めて……強くしてくれ……																0	0	204	17
62	0	sound/data/pcm/c07/h/00_00.unity3d	h_ai_07_00_062	こすられると、疼いてしょうがねぇ……																0	0	4	17	0	sound/data/pcm/c07/h/00_00.unity3d	h_ai_07_00_062	こすられると、疼いてしょうがねぇ……																0	0	4	17	0	sound/data/pcm/c07/h/00_00.unity3d	h_ai_07_02_062	あぁん……いいよぉ……																0	0	104	17	0	sound/data/pcm/c07/h/00_00.unity3d	h_ai_07_03_062	やばい、頭がボーッとする……																0	0	204	17
63	0	sound/data/pcm/c07/h/00_00.unity3d	h_ai_07_00_063	ひゃあ……この、だめ……																0	0	4	17	0	sound/data/pcm/c07/h/00_00.unity3d	h_ai_07_01_063	……尻、触っていいよ																0	0	4	17	0	sound/data/pcm/c07/h/00_00.unity3d	h_ai_07_02_063	気持ちいい……																0	0	104	17	0	sound/data/pcm/c07/h/00_00.unity3d	h_ai_07_03_063	尻で感じちゃってる……																0	0	204	17
64	0	sound/data/pcm/c07/h/00_00.unity3d	h_ai_07_00_064	あまり調子に乗るなよ……んっ、はぁん……																0	0	4	17	0	sound/data/pcm/c07/h/00_00.unity3d	h_ai_07_00_064	あまり調子に乗るなよ……んっ、はぁん……																0	0	4	17	0	sound/data/pcm/c07/h/00_00.unity3d	h_ai_07_02_064	尻が、ぐちょぐちょになるぅ……																0	0	104	17	0	sound/data/pcm/c07/h/00_00.unity3d	h_ai_07_03_064	お前の手で、尻を滅茶苦茶にしてくれ……																0	0	204	17
65	0	sound/data/pcm/c07/h/00_00.unity3d	h_ai_07_00_065	くっ……あぁん、それ以上こすられたら私……																0	0	4	17	0	sound/data/pcm/c07/h/00_00.unity3d	h_ai_07_00_065	くっ……あぁん、それ以上こすられたら私……																0	0	4	17	0	sound/data/pcm/c07/h/00_00.unity3d	h_ai_07_02_065	あぁ……んっ、そこ弄るの？																0	0	104	17	0	sound/data/pcm/c07/h/00_00.unity3d	h_ai_07_03_065	ふぁ……んっ、尻が……お前の手で……																0	0	204	17
66	0	sound/data/pcm/c07/h/00_00.unity3d	h_ai_07_00_066	それはっ……そこ、入れやがって……																0	0	4	17	0	sound/data/pcm/c07/h/00_00.unity3d	h_ai_07_01_066	あまり慣れないものだな……んっ……																0	0	4	17	0	sound/data/pcm/c07/h/00_00.unity3d	h_ai_07_02_066	ひゃん……おまんこに、指が入ってる……																0	0	104	17	0	sound/data/pcm/c07/h/00_00.unity3d	h_ai_07_03_066	おまんこが、疼いてしょうがねぇ……																0	0	204	17
67	0	sound/data/pcm/c07/h/00_00.unity3d	h_ai_07_00_067	入っちゃったな……はぁん……あっ……																0	0	4	17	0	sound/data/pcm/c07/h/00_00.unity3d	h_ai_07_00_067	入っちゃったな……はぁん……あっ……																0	0	4	17	0	sound/data/pcm/c07/h/00_00.unity3d	h_ai_07_02_067	どうだ……私のなかは……熱いだろ？																0	0	104	17	0	sound/data/pcm/c07/h/00_00.unity3d	h_ai_07_03_067	あぁ……ひゃあ……んっ、おまんこ気持ちいい……																0	0	204	17
68	0	sound/data/pcm/c07/h/00_00.unity3d	h_ai_07_00_068	指、私のおまんこに入れちゃったな……んっ……																0	0	4	17	0	sound/data/pcm/c07/h/00_00.unity3d	h_ai_07_00_068	指、私のおまんこに入れちゃったな……んっ……																0	0	4	17	0	sound/data/pcm/c07/h/00_00.unity3d	h_ai_07_02_068	それ以上奥には……あっ……んっ……																0	0	104	17	0	sound/data/pcm/c07/h/00_00.unity3d	h_ai_07_03_068	だめだ、もうおまんこが壊れそうだ……																0	0	204	17
69	0	sound/data/pcm/c07/h/00_00.unity3d	h_ai_07_00_069	あっあっ……だめ、入れるな……																0	0	4	17	0	sound/data/pcm/c07/h/00_00.unity3d	h_ai_07_01_069	なんでそう、変なところを……あっ……																0	0	4	17	0	sound/data/pcm/c07/h/00_00.unity3d	h_ai_07_02_069	感じさせてくれ……																0	0	104	17	0	sound/data/pcm/c07/h/00_00.unity3d	h_ai_07_03_069	指いられるの、気落ち良いよ……																0	0	204	17
70	0	sound/data/pcm/c07/h/00_00.unity3d	h_ai_07_00_070	弄りたきゃ、いいよ……お前が、気持ちよくさせてくれるならな……																0	0	4	17	0	sound/data/pcm/c07/h/00_00.unity3d	h_ai_07_00_070	弄りたきゃ、いいよ……お前が、気持ちよくさせてくれるならな……																0	0	4	17	0	sound/data/pcm/c07/h/00_00.unity3d	h_ai_07_02_070	そこを触れていいのは、お前だけだから……																0	0	104	17	0	sound/data/pcm/c07/h/00_00.unity3d	h_ai_07_03_070	ひゃああ……尻弄られて、感じちゃってるよ……																0	0	204	17
71	0	sound/data/pcm/c07/h/00_00.unity3d	h_ai_07_00_071	んっ！　尻触るのは……やっ、あん……																0	0	4	17	0	sound/data/pcm/c07/h/00_00.unity3d	h_ai_07_00_071	んっ！　尻触るのは……やっ、あん……																0	0	4	17	0	sound/data/pcm/c07/h/00_00.unity3d	h_ai_07_02_071	汚いのに……んっ……物好きだな……																0	0	104	17	0	sound/data/pcm/c07/h/00_00.unity3d	h_ai_07_03_071	もっと、尻を虐めてもいいからな……あぁ……																0	0	204	17
72	0	sound/data/pcm/c07/h/00_00.unity3d	h_ai_07_00_072	おまんこ、かきまわされてる……																0	0	4	17	0	sound/data/pcm/c07/h/00_00.unity3d	h_ai_07_01_072	あぁん、おまんこが……																0	0	4	17	0	sound/data/pcm/c07/h/00_00.unity3d	h_ai_07_02_072	お前の指で、感じちゃってるよ……																0	0	104	17	0	sound/data/pcm/c07/h/00_00.unity3d	h_ai_07_03_072	そこをもっと、かきまわしてくれ……																0	0	204	17
73	0	sound/data/pcm/c07/h/00_00.unity3d	h_ai_07_00_073	お前の指が、私のおまんこをこんなに……だめっ、気持ちいい……																0	0	4	17	0	sound/data/pcm/c07/h/00_00.unity3d	h_ai_07_00_073	お前の指が、私のおまんこをこんなに……だめっ、気持ちいい……																0	0	4	17	0	sound/data/pcm/c07/h/00_00.unity3d	h_ai_07_02_073	そこ、そこを………																0	0	104	17	0	sound/data/pcm/c07/h/00_00.unity3d	h_ai_07_03_073	お前の指、私のでいっぱいだな……																0	0	204	17
74	0	sound/data/pcm/c07/h/00_00.unity3d	h_ai_07_00_074	くっ……ん……こんな、かきまわしやがって……																0	0	4	17	0	sound/data/pcm/c07/h/00_00.unity3d	h_ai_07_00_074	くっ……ん……こんな、かきまわしやがって……																0	0	4	17	0	sound/data/pcm/c07/h/00_00.unity3d	h_ai_07_02_074	くぅう……あっあっ……おまんこだめになる……																0	0	104	17	0	sound/data/pcm/c07/h/00_00.unity3d	h_ai_07_03_074	あっあっ……んぅ……しゅごい																0	0	204	17
75	0	sound/data/pcm/c07/h/00_00.unity3d	h_ai_07_00_075	そこかきまわすなんて……尻が壊れる……																0	0	4	17	0	sound/data/pcm/c07/h/00_00.unity3d	h_ai_07_01_075	よく平気だよな……んっ！																0	0	4	17	0	sound/data/pcm/c07/h/00_00.unity3d	h_ai_07_02_075	あっん……尻が……																0	0	104	17	0	sound/data/pcm/c07/h/00_00.unity3d	h_ai_07_03_075	尻で、かんじひゃってる……あぁ……んっ……																0	0	204	17
76	0	sound/data/pcm/c07/h/00_00.unity3d	h_ai_07_00_076	あぁん、はぁはぁ……お前の指が、くっきりと尻で感じられるよ……																0	0	4	17	0	sound/data/pcm/c07/h/00_00.unity3d	h_ai_07_00_076	あぁん、はぁはぁ……お前の指が、くっきりと尻で感じられるよ……																0	0	4	17	0	sound/data/pcm/c07/h/00_00.unity3d	h_ai_07_02_076	き、気持ちいよ……あぁん																0	0	104	17	0	sound/data/pcm/c07/h/00_00.unity3d	h_ai_07_03_076	はぁはぁ、もっとかきまわしてくれ……																0	0	204	17
77	0	sound/data/pcm/c07/h/00_00.unity3d	h_ai_07_00_077	かきまわすのは、あまり……でも、お前なら……																0	0	4	17	0	sound/data/pcm/c07/h/00_00.unity3d	h_ai_07_00_077	かきまわすのは、あまり……でも、お前なら……																0	0	4	17	0	sound/data/pcm/c07/h/00_00.unity3d	h_ai_07_02_077	お前の指、はげしすぎ……ひゃあ																0	0	104	17	0	sound/data/pcm/c07/h/00_00.unity3d	h_ai_07_03_077	尻が……あぁん、んっんっ……はぁん……																0	0	204	17
78	0	sound/data/pcm/c07/h/00_00.unity3d	h_ai_07_00_078	私の体は、美味しくないけど……																0	0	4	17	0	sound/data/pcm/c07/h/00_00.unity3d	h_ai_07_01_078	ひゃあん、犬みたいになめるな……																0	0	4	17	0	sound/data/pcm/c07/h/00_00.unity3d	h_ai_07_02_078	なめていいよ……																0	0	104	17	0	sound/data/pcm/c07/h/00_00.unity3d	h_ai_07_03_078	んあ！　もっと、なめまわしてくれ																0	0	204	17
79	0	sound/data/pcm/c07/h/00_00.unity3d	h_ai_07_00_079	お前の舌で感じるなんて……																0	0	4	17	0	sound/data/pcm/c07/h/00_00.unity3d	h_ai_07_00_079	お前の舌で感じるなんて……																0	0	4	17	0	sound/data/pcm/c07/h/00_00.unity3d	h_ai_07_02_079	もっと、なめて……																0	0	104	17	0	sound/data/pcm/c07/h/00_00.unity3d	h_ai_07_03_079	お前の舌が熱くて、興奮しちゃってるよ……あっ……																0	0	204	17
80	0	sound/data/pcm/c07/h/00_00.unity3d	h_ai_07_00_080	なめるときのお前は……なんだが、可愛いな……ひゃん！？																0	0	4	17	0	sound/data/pcm/c07/h/00_00.unity3d	h_ai_07_00_080	なめるときのお前は……なんだが、可愛いな……ひゃん！？																0	0	4	17	0	sound/data/pcm/c07/h/00_00.unity3d	h_ai_07_02_080	お前の舌、気持ちよすぎるんだよ……あぁ……																0	0	104	17	0	sound/data/pcm/c07/h/00_00.unity3d	h_ai_07_03_080	んんっ、そこもっとなめて……																0	0	204	17
81	0	sound/data/pcm/c07/h/00_00.unity3d	h_ai_07_00_081	お前の舌が、乳首で感じるぅ……																0	0	4	17	0	sound/data/pcm/c07/h/00_00.unity3d	h_ai_07_01_081	乳首の先っぽ、なめらいで……																0	0	4	17	0	sound/data/pcm/c07/h/00_00.unity3d	h_ai_07_02_081	はぁん、そこ乳首……																0	0	104	17	0	sound/data/pcm/c07/h/00_00.unity3d	h_ai_07_03_081	いいよ、もっと乳首をなめて……																0	0	204	17
82	0	sound/data/pcm/c07/h/00_00.unity3d	h_ai_07_00_082	はぁはぁ……まだ母乳は出ないんだけどよ……乳首なめやがって……																0	0	4	17	0	sound/data/pcm/c07/h/00_00.unity3d	h_ai_07_00_082	はぁはぁ……まだ母乳は出ないんだけどよ……乳首なめやがって……																0	0	4	17	0	sound/data/pcm/c07/h/00_00.unity3d	h_ai_07_02_082	乳首なめられると、あぁあ……んん……																0	0	104	17	0	sound/data/pcm/c07/h/00_00.unity3d	h_ai_07_03_082	ひゃあ、んっ……乳首がべとべとになるよ……																0	0	204	17
83	0	sound/data/pcm/c07/h/00_00.unity3d	h_ai_07_00_083	おまんこなめるなんて……																0	0	4	17	0	sound/data/pcm/c07/h/00_00.unity3d	h_ai_07_01_083	ひゃあ、おまんこ、気持ちいいよ……																0	0	4	17	0	sound/data/pcm/c07/h/00_00.unity3d	h_ai_07_02_083	あぁん……おまんこ、もっとなめて……																0	0	104	17	0	sound/data/pcm/c07/h/00_00.unity3d	h_ai_07_03_083	んんあ！　おまんこ、お前の舌でべとべとになる……！																0	0	204	17
84	0	sound/data/pcm/c07/h/00_00.unity3d	h_ai_07_00_084	だめ、アソコが気持ちよくてとろけそうだよ……																0	0	4	17	0	sound/data/pcm/c07/h/00_00.unity3d	h_ai_07_00_084	だめ、アソコが気持ちよくてとろけそうだよ……																0	0	4	17	0	sound/data/pcm/c07/h/00_00.unity3d	h_ai_07_02_084	舌でおまんこ、なめまわされて……感じちゃうよ……																0	0	104	17	0	sound/data/pcm/c07/h/00_00.unity3d	h_ai_07_03_084	おまんこなめられるの、すごい気持ちいい……																0	0	204	17
85	0	sound/data/pcm/c07/h/00_00.unity3d	h_ai_07_00_085	そこは、汚いからなめるのは……あぁん……																0	0	4	17	0	sound/data/pcm/c07/h/00_00.unity3d	h_ai_07_01_085	うぅ、尻なめられてるよ……																0	0	4	17	0	sound/data/pcm/c07/h/00_00.unity3d	h_ai_07_02_085	尻なめられて、気持ちいいなんて……																0	0	104	17	0	sound/data/pcm/c07/h/00_00.unity3d	h_ai_07_03_085	あぁん、んっ、あああ……尻が、気持ちいよ……																0	0	204	17
86	0	sound/data/pcm/c07/h/00_00.unity3d	h_ai_07_00_086	なんでそこなめるのは平気そうなんだよ……ひゃあん、んっ……																0	0	4	17	0	sound/data/pcm/c07/h/00_00.unity3d	h_ai_07_00_086	なんでそこなめるのは平気そうなんだよ……ひゃあん、んっ……																0	0	4	17	0	sound/data/pcm/c07/h/00_00.unity3d	h_ai_07_02_086	そこ、尻なのに……舌が熱くて、感じちゃう……																0	0	104	17	0	sound/data/pcm/c07/h/00_00.unity3d	h_ai_07_03_086	なめてくれ、お前のその舌で、私の尻を……ああああ！																0	0	204	17
87	0	sound/data/pcm/c07/h/00_00.unity3d	h_ai_07_00_087	尻に、なに舌をいれて……ひゃああ！																0	0	4	17	0	sound/data/pcm/c07/h/00_00.unity3d	h_ai_07_01_087	汚いのに、汚いのに……なんで尻に舌をいれるんだ……んあああ！																0	0	4	17	0	sound/data/pcm/c07/h/00_00.unity3d	h_ai_07_02_087	いれられるなんて……																0	0	104	17	0	sound/data/pcm/c07/h/00_00.unity3d	h_ai_07_03_087	き、きもちよすぎ……らめぇ、尻がこわれりゅ……																0	0	204	17
88	0	sound/data/pcm/c07/h/00_00.unity3d	h_ai_07_00_088	舌を入れられて、気持ちいい……ん																0	0	4	17	0	sound/data/pcm/c07/h/00_00.unity3d	h_ai_07_00_088	舌を入れられて、気持ちいい……ん																0	0	4	17	0	sound/data/pcm/c07/h/00_00.unity3d	h_ai_07_02_088	くうぅ、んっ……あ、あつい……だめ、そこは……																0	0	104	17	0	sound/data/pcm/c07/h/00_00.unity3d	h_ai_07_03_088	尻穴に舌がはいって、感じる……																0	0	204	17
89	0	sound/data/pcm/c07/h/00_00.unity3d	h_ai_07_00_089	だめ、いれるのは……んっんっ……尻が、変になる……																0	0	4	17	0	sound/data/pcm/c07/h/00_00.unity3d	h_ai_07_00_089	だめ、いれるのは……んっんっ……尻が、変になる……																0	0	4	17	0	sound/data/pcm/c07/h/00_00.unity3d	h_ai_07_02_089	尻に舌がはいっちゃってる……んん、もっと……																0	0	104	17	0	sound/data/pcm/c07/h/00_00.unity3d	h_ai_07_03_089	舌をもっと、深くまでいれても……んっ……																0	0	204	17
90	0	sound/data/pcm/c07/h/00_00.unity3d	h_ai_07_00_090	それでやるのかよ……んっ、あぁあ！																0	0	4	17	0	sound/data/pcm/c07/h/00_00.unity3d	h_ai_07_01_090	これ、気持ちいい……かもな……																0	0	4	17	0	sound/data/pcm/c07/h/00_00.unity3d	h_ai_07_02_090	だめ、気持ちいいよ……																0	0	104	17	0	sound/data/pcm/c07/h/00_00.unity3d	h_ai_07_03_090	あぁああ！　もっと、強くして……！																0	0	204	17
91	0	sound/data/pcm/c07/h/00_00.unity3d	h_ai_07_00_091	これ、想像以上にやばい……あっあっ……！																0	0	4	17	0	sound/data/pcm/c07/h/00_00.unity3d	h_ai_07_00_091	これ、想像以上にやばい……あっあっ……！																0	0	4	17	0	sound/data/pcm/c07/h/00_00.unity3d	h_ai_07_02_091	もっとやっても、いいよ……？																0	0	104	17	0	sound/data/pcm/c07/h/00_00.unity3d	h_ai_07_03_091	んんっ、……おもちゃなのに、気持ちいいよ																0	0	204	17
92	0	sound/data/pcm/c07/h/00_00.unity3d	h_ai_07_00_092	身体が可笑しくなる……																0	0	4	17	0	sound/data/pcm/c07/h/00_00.unity3d	h_ai_07_00_092	身体が可笑しくなる……																0	0	4	17	0	sound/data/pcm/c07/h/00_00.unity3d	h_ai_07_02_092	んっ……ひゃあ、急に……																0	0	104	17	0	sound/data/pcm/c07/h/00_00.unity3d	h_ai_07_03_092	んああっ、これしゅごしゅぎ……																0	0	204	17
93	0																					4	17	0	sound/data/pcm/c07/h/00_00.unity3d	h_ai_07_01_041	はぁん……なにこれ、おかしくなる……																0	0	4	17	0																					104	17	0																					204	17
94	0																					4	17	0	sound/data/pcm/c07/h/00_00.unity3d	h_ai_07_01_042	ひゃあ……んっ、ちょ……まっ……あぁん……																0	0	4	17	0																					104	17	0																					204	17
95	0																					4	17	0	sound/data/pcm/c07/h/00_00.unity3d	h_ai_07_01_043	これ……やばい、感じちゃう……																0	0	4	17	0																					104	17	0																					204	17
96	0	sound/data/pcm/c07/h/00_00.unity3d	h_ai_07_00_093	乳首に当てられてる……んっ……																0	0	4	17	0	sound/data/pcm/c07/h/00_00.unity3d	h_ai_07_01_093	振動で、乳首が……ッン！																0	0	4	17	0	sound/data/pcm/c07/h/00_00.unity3d	h_ai_07_02_093	乳首、ぶるぶるって……すごい……																0	0	104	17	0	sound/data/pcm/c07/h/00_00.unity3d	h_ai_07_03_093	これ、やばい…もっと乳首感じさせて……																0	0	204	17
97	0	sound/data/pcm/c07/h/00_00.unity3d	h_ai_07_00_094	そんなおもちゃで、乳首が気持ちいいなんて……ひゃあ！																0	0	4	17	0	sound/data/pcm/c07/h/00_00.unity3d	h_ai_07_00_094	そんなおもちゃで、乳首が気持ちいいなんて……ひゃあ！																0	0	4	17	0	sound/data/pcm/c07/h/00_00.unity3d	h_ai_07_02_094	すごすぎて、声が……																0	0	104	17	0	sound/data/pcm/c07/h/00_00.unity3d	h_ai_07_03_094	おもちゃで乳首虐められて……はあぁん……																0	0	204	17
98	0	sound/data/pcm/c07/h/00_00.unity3d	h_ai_07_00_095	おまんこに、振動が……ひゃあ！																0	0	4	17	0	sound/data/pcm/c07/h/00_00.unity3d	h_ai_07_01_095	これ、ちょっといいかも……																0	0	4	17	0	sound/data/pcm/c07/h/00_00.unity3d	h_ai_07_02_095	も、もう……おまんこ感じすぎて、力が……																0	0	104	17	0	sound/data/pcm/c07/h/00_00.unity3d	h_ai_07_03_095	ああぁん、おまんこ、こわれりゅ……																0	0	204	17
99	0	sound/data/pcm/c07/h/00_00.unity3d	h_ai_07_00_096	振動がすごすぎて、おまんこが……んんっ……																0	0	4	17	0	sound/data/pcm/c07/h/00_00.unity3d	h_ai_07_00_096	振動がすごすぎて、おまんこが……んんっ……																0	0	4	17	0	sound/data/pcm/c07/h/00_00.unity3d	h_ai_07_02_096	そのおもちゃで、もっとおまんこを気持ちよくしてくれないか……																0	0	104	17	0	sound/data/pcm/c07/h/00_00.unity3d	h_ai_07_03_096	そのおもちゃで、おまんここわれちゃうよ……																0	0	204	17
100	0	sound/data/pcm/c07/h/00_00.unity3d	h_ai_07_00_097	ああぁん……んっ、なにこれ……あそこが……！																0	0	7	17	0	sound/data/pcm/c07/h/00_00.unity3d	h_ai_07_01_097	すごい……もう、我慢できない……																0	0	7	17	0	sound/data/pcm/c07/h/00_00.unity3d	h_ai_07_02_097	そこ、そこ……もっと、もっとしてくれ……！																0	0	107	17	0	sound/data/pcm/c07/h/00_00.unity3d	h_ai_07_03_097	いっちゃう……いっちゃうから……！																0	0	207	17
101	0	sound/data/pcm/c07/h/00_00.unity3d	h_ai_07_00_098	んっ、んん……これは、もう少しで……あん……！																0	0	7	17	0	sound/data/pcm/c07/h/00_00.unity3d	h_ai_07_00_098	んっ、んん……これは、もう少しで……あん……！																0	0	7	17	0	sound/data/pcm/c07/h/00_00.unity3d	h_ai_07_02_098	もすぐで……い、いかせてくれ……																0	0	107	17	0	sound/data/pcm/c07/h/00_00.unity3d	h_ai_07_03_098	あっ、あっ、あっ……や、やばい……！																0	0	207	17
102	0	sound/data/pcm/c07/h/00_00.unity3d	h_ai_07_00_099	だめだめ、身体が熱くなって……！																0	0	7	17	0	sound/data/pcm/c07/h/00_00.unity3d	h_ai_07_00_099	だめだめ、身体が熱くなって……！																0	0	7	17	0	sound/data/pcm/c07/h/00_00.unity3d	h_ai_07_02_099	もう何も考えられな、い……あっあっ……！																0	0	107	17	0	sound/data/pcm/c07/h/00_00.unity3d	h_ai_07_03_099	これ以上はもう、私でも耐えられ……んっんっ……！																0	0	207	17
103	0	sound/data/pcm/c07/h/00_00.unity3d	h_ai_07_00_100	あぁああああああ！！！　んっ……あぁ……																0	0	8	0	0	sound/data/pcm/c07/h/00_00.unity3d	h_ai_07_00_100	あぁああああああ！！！　んっ……あぁ……																0	0	8	0	0	sound/data/pcm/c07/h/00_00.unity3d	h_ai_07_02_100	ひゃああああ……！！　																0	0	108	0	0	sound/data/pcm/c07/h/00_00.unity3d	h_ai_07_03_100	んあああああっ！！　……はぁはぁ……																0	0	208	0
104	0	sound/data/pcm/c07/h/00_00.unity3d	h_ai_07_00_101	お前……ったく……																0	0	9	17	0	sound/data/pcm/c07/h/00_00.unity3d	h_ai_07_01_101	いかされちゃった……よ……																0	0	9	17	0	sound/data/pcm/c07/h/00_00.unity3d	h_ai_07_01_101	いかされちゃった……よ……																0	0	109	17	0	sound/data/pcm/c07/h/00_00.unity3d	h_ai_07_03_101	んんっ……気持ちよかったよ。																0	0	209	17
105	0	sound/data/pcm/c07/h/00_00.unity3d	h_ai_07_00_102	馬鹿、やり過ぎだよ……																0	0	9	17	0	sound/data/pcm/c07/h/00_00.unity3d	h_ai_07_01_102	お前にいかされるなんて……気持ちよすぎるよ……																0	0	9	17	0	sound/data/pcm/c07/h/00_00.unity3d	h_ai_07_01_102	お前にいかされるなんて……気持ちよすぎるよ……																0	0	109	17	0	sound/data/pcm/c07/h/00_00.unity3d	h_ai_07_03_102	はぁ…・・・ありがとよ、おかげで、いい気分だ……																0	0	209	17
106	0	sound/data/pcm/c07/h/00_00.unity3d	h_ai_07_00_103	お前、すごくうまかったな……																0	0	9	17	0	sound/data/pcm/c07/h/00_00.unity3d	h_ai_07_01_103	はぁはぁ……下手したら、癖になる……な……																0	0	9	17	0	sound/data/pcm/c07/h/00_00.unity3d	h_ai_07_01_103	はぁはぁ……下手したら、癖になる……な……																0	0	109	17	0	sound/data/pcm/c07/h/00_00.unity3d	h_ai_07_03_103	凄かった……あんなに、激しいなんて……																0	0	209	17
107	0	sound/data/pcm/c07/h/00_00.unity3d	h_ai_07_00_104	そ、そんなに見つめるなよ……																0	0	0	17	0	sound/data/pcm/c07/h/00_00.unity3d	h_ai_07_00_104	そ、そんなに見つめるなよ……																0	0	0	17	0	sound/data/pcm/c07/h/00_00.unity3d	h_ai_07_02_104	よ、よし……いつでもいいぞ……																0	0	100	17	0	sound/data/pcm/c07/h/00_00.unity3d	h_ai_07_03_104	なぁ、触ったらどうだ……私はもう、こんなになってるぞ……																0	0	200	17
108	0	sound/data/pcm/c07/h/00_00.unity3d	h_ai_07_00_105	うぅ・・…お前の顔がまともに見れないな……																0	0	0	17	0	sound/data/pcm/c07/h/00_00.unity3d	h_ai_07_00_105	うぅ・・…お前の顔がまともに見れないな……																0	0	0	17	0	sound/data/pcm/c07/h/00_00.unity3d	h_ai_07_02_105	どうした、触れてもいいんだからな……																0	0	100	17	0	sound/data/pcm/c07/h/00_00.unity3d	h_ai_07_03_105	触れてくれよ……なぁ……																0	0	200	17
109	0																					1	0	0	sound/data/pcm/c07/h/00_00.unity3d	h_ai_07_01_106	また……か……んっ……																0	0	1	0	0	sound/data/pcm/c07/h/00_00.unity3d	h_ai_07_02_106	あっ、んっ……ふぁあ……しゅご……ふぁあ……																0	0	101	0	0	sound/data/pcm/c07/h/00_00.unity3d	h_ai_07_03_112	じゅる、んっ……あぁん……舌が……からまって……																0	0	201	0
110	0																					1	0	0	sound/data/pcm/c07/h/00_00.unity3d	h_ai_07_01_107	んんっ、そこ……																0	0	1	0	0	sound/data/pcm/c07/h/00_00.unity3d	h_ai_07_02_107	あ、あつい・・…・お前を、感じられるな……																0	0	101	0	0	sound/data/pcm/c07/h/00_00.unity3d	h_ai_07_03_113	ん、はぁん……は、激しい……																0	0	201	0
111	0	sound/data/pcm/c07/h/00_00.unity3d	h_ai_07_00_108	もう少し、丁寧に……																0	0	2	17	0	sound/data/pcm/c07/h/00_00.unity3d	h_ai_07_01_108	どこか、切なくなるな……																0	0	2	17	0	sound/data/pcm/c07/h/00_00.unity3d	h_ai_07_02_108	んっ……名残惜しくなるな……																0	0	102	17	0	sound/data/pcm/c07/h/00_00.unity3d	h_ai_07_03_114	はぁはぁ……気持ちよかったよ……																0	0	202	17
112	0	sound/data/pcm/c07/h/00_00.unity3d	h_ai_07_00_109	うん……お前の味がするな……																0	0	2	17	0	sound/data/pcm/c07/h/00_00.unity3d	h_ai_07_01_109	んっんっ……ふぅ……・																0	0	2	17	0	sound/data/pcm/c07/h/00_00.unity3d	h_ai_07_02_109	……キスだけで、満足なのかよ？																0	0	102	17	0	sound/data/pcm/c07/h/00_00.unity3d	h_ai_07_03_115	もっと欲張っても、よかったんだぜ……？																0	0	202	17
113	0	sound/data/pcm/c07/h/00_00.unity3d	h_ai_07_00_110	んっんっ……やはり、いいもんだよな……キスって……																0	0	3	17	0	sound/data/pcm/c07/h/00_00.unity3d	h_ai_07_01_110	これ、好き……もっとしてくれよ……																0	0	3	17	0	sound/data/pcm/c07/h/00_00.unity3d	h_ai_07_02_110	もっと、キスしてくれ……																0	0	103	17	0	sound/data/pcm/c07/h/00_00.unity3d	h_ai_07_03_116	んん、あぁ……舌、もっとからませてくれよ……																0	0	203	17
114	0	sound/data/pcm/c07/h/00_00.unity3d	h_ai_07_00_111	もっと、キス……してくれないか……																0	0	3	17	0	sound/data/pcm/c07/h/00_00.unity3d	h_ai_07_01_111	お前とのキスは、興奮しちまうな……																0	0	3	17	0	sound/data/pcm/c07/h/00_00.unity3d	h_ai_07_02_111	私が壊れるほど、キスしてくれよ……																0	0	103	17	0	sound/data/pcm/c07/h/00_00.unity3d	h_ai_07_03_117	まだ、まだ……これぐらいじゃ、足りないな……																0	0	203	17
115	0	sound/data/pcm/c07/h/00_00.unity3d	h_ai_07_00_118	だから、そういうのは無理だから																0	0	6	17	0	sound/data/pcm/c07/h/00_00.unity3d	h_ai_07_00_118	だから、そういうのは無理だから																0	0	6	17	0	sound/data/pcm/c07/h/00_00.unity3d	h_ai_07_00_118	だから、そういうのは無理だから																0	0	106	17	0	sound/data/pcm/c07/h/00_00.unity3d	h_ai_07_00_118	だから、そういうのは無理だから																0	0	206	17
116	0	sound/data/pcm/c07/h/00_00.unity3d	h_ai_07_00_119	お前もしつこいな……キスは、無理だ																0	0	6	17	0	sound/data/pcm/c07/h/00_00.unity3d	h_ai_07_00_119	お前もしつこいな……キスは、無理だ																0	0	6	17	0	sound/data/pcm/c07/h/00_00.unity3d	h_ai_07_00_119	お前もしつこいな……キスは、無理だ																0	0	106	17	0	sound/data/pcm/c07/h/00_00.unity3d	h_ai_07_00_119	お前もしつこいな……キスは、無理だ																0	0	206	17
117	0	sound/data/pcm/c07/h/00_00.unity3d	h_ai_07_00_120	また……か……はぁん																0	0	4	17	0	sound/data/pcm/c07/h/00_00.unity3d	h_ai_07_00_120	また……か……はぁん																0	0	4	17	0	sound/data/pcm/c07/h/00_00.unity3d	h_ai_07_02_120	私の体、硬いだろ……んっ……はぁん……																0	0	104	17	0			はあぁん……もっと、触って……																0	0	204	17
118	0			どれだけ触れば、気が済むんだよ……んっ、ひゃあ！																0	0	4	17	0			どれだけ触れば、気が済むんだよ……んっ、ひゃあ！																0	0	4	17	0	sound/data/pcm/c07/h/00_00.unity3d	h_ai_07_02_121	いやらしいな……																0	0	104	17	0			手つきがやらしいな……興奮するよ・……																0	0	204	17
119	0			お前だけだからな……触らせるのは……																0	0	4	17	0			お前だけだからな……触らせるのは……																0	0	4	17	0	sound/data/pcm/c07/h/00_00.unity3d	h_ai_07_02_122	あぁん……んっ、はぁ……感じちゃうな……																0	0	104	17	0	sound/data/pcm/c07/h/00_00.unity3d	h_ai_07_03_122	お前の体温を感じるよ……んっ、……																0	0	204	17
120	0																					4	17	0	sound/data/pcm/c07/h/00_00.unity3d	h_ai_07_01_131	は、激しくするのは……うぅ……																0	0	4	17	0																					104	17	0																					204	17
121	0																					4	17	0	sound/data/pcm/c07/h/00_00.unity3d	h_ai_07_01_132	まだ慣れてないのによ……																0	0	4	17	0																					104	17	0																					204	17
122	0																					4	17	0	sound/data/pcm/c07/h/00_00.unity3d	h_ai_07_01_133	あぁん、もぅ……またかよ……																0	0	4	17	0																					104	17	0																					204	17
123	0																					4	17	0	sound/data/pcm/c07/h/00_00.unity3d	h_ai_07_01_134	これ、何回すれば気が済むんだ……あぁん……																0	0	4	17	0																					104	17	0																					204	17
124	0	sound/data/pcm/c07/h/00_00.unity3d	h_ai_07_00_123	ひゃああ！？　そ、そこは……																0	0	5	17	0	sound/data/pcm/c07/h/00_00.unity3d	h_ai_07_00_123	ひゃああ！？　そ、そこは……																0	0	5	17	0	sound/data/pcm/c07/h/00_00.unity3d	h_ai_07_02_123	あぁ…・・んっんっ、そこ、そこが……																0	0	105	17	0	sound/data/pcm/c07/h/00_00.unity3d	h_ai_07_03_123	あぁあん！　そこ、そこがいいんだ・・・…																0	0	205	17
125	0			うぅ……わかってて、触っているだろ？																0	0	5	17	0			うぅ……わかってて、触っているだろ？																0	0	5	17	0			お前に触られると、興奮する……																0	0	105	17	0			かまわねぇよ、もっとさわってくれ……																0	0	205	17
126	0	sound/data/pcm/c07/h/00_00.unity3d	h_ai_07_00_125	ち、乳首は……弱いんだよ……																0	0	5	17	0	sound/data/pcm/c07/h/00_00.unity3d	h_ai_07_00_125	ち、乳首は……弱いんだよ……																0	0	5	17	0	sound/data/pcm/c07/h/00_00.unity3d	h_ai_07_02_125	乳首気持ちいい……																0	0	105	17	0	sound/data/pcm/c07/h/00_00.unity3d	h_ai_07_03_125	んん、はぁ……乳首、乳首感じちゃってる……																0	0	205	17
127	0	sound/data/pcm/c07/h/00_00.unity3d	h_ai_07_00_126	また乳首ばっか……																0	0	5	17	0	sound/data/pcm/c07/h/00_00.unity3d	h_ai_07_00_126	また乳首ばっか……																0	0	5	17	0	sound/data/pcm/c07/h/00_00.unity3d	h_ai_07_02_126	もっと、乳首触ってくれ……																0	0	105	17	0	sound/data/pcm/c07/h/00_00.unity3d	h_ai_07_03_126	乳首気持ちよすぎ、る……																0	0	205	17
128	0	sound/data/pcm/c07/h/00_00.unity3d	h_ai_07_00_127	おまんこ弄るの、そんなにいいもんなのか……																0	0	5	17	0	sound/data/pcm/c07/h/00_00.unity3d	h_ai_07_00_127	おまんこ弄るの、そんなにいいもんなのか……																0	0	5	17	0	sound/data/pcm/c07/h/00_00.unity3d	h_ai_07_02_127	おまんこ触られると、背筋がピクンてなる……な……																0	0	105	17	0	sound/data/pcm/c07/h/00_00.unity3d	h_ai_07_03_127	あん、あぁ……おまんこ、もっと……																0	0	205	17
129	0	sound/data/pcm/c07/h/00_00.unity3d	h_ai_07_00_128	あまり、おまんこはげしくするなよ…・・・　																0	0	5	17	0	sound/data/pcm/c07/h/00_00.unity3d	h_ai_07_00_128	あまり、おまんこはげしくするなよ…・・・　																0	0	5	17	0	sound/data/pcm/c07/h/00_00.unity3d	h_ai_07_02_128	なにこれ、自分で触るのと大違いだな……																0	0	105	17	0	sound/data/pcm/c07/h/00_00.unity3d	h_ai_07_03_128	おまんこ、もっと虐めて……																0	0	205	17
130	0	sound/data/pcm/c07/h/00_00.unity3d	h_ai_07_00_129	尻ばっか……んんっ……																0	0	5	17	0	sound/data/pcm/c07/h/00_00.unity3d	h_ai_07_00_129	尻ばっか……んんっ……																0	0	5	17	0	sound/data/pcm/c07/h/00_00.unity3d	h_ai_07_02_129	そこ、気持ちいい……尻をもっと……																0	0	105	17	0	sound/data/pcm/c07/h/00_00.unity3d	h_ai_07_03_129	お前の好きなように、尻を……はあぁん……																0	0	205	17
131	0	sound/data/pcm/c07/h/00_00.unity3d	h_ai_07_00_130	もう、そんな尻ばっかで……んっ、だめ……																0	0	5	17	0	sound/data/pcm/c07/h/00_00.unity3d	h_ai_07_00_130	もう、そんな尻ばっかで……んっ、だめ……																0	0	5	17	0	sound/data/pcm/c07/h/00_00.unity3d	h_ai_07_02_130	これ、感じる。尻弄られて、私感じちゃってるよ……																0	0	105	17	0	sound/data/pcm/c07/h/00_00.unity3d	h_ai_07_03_130	んっんっあっ、尻、尻がいいよぉ……																0	0	205	17
132	0	sound/data/pcm/c07/h/00_00.unity3d	h_ai_07_00_131	激しいのは、だめだってば……																0	0	6	17	0																					6	17	0																					106	17	0																					206	17
133	0	sound/data/pcm/c07/h/00_00.unity3d	h_ai_07_00_132	何かい言われようが、そういうのはだめだ																0	0	6	17	0																					6	17	0																					106	17	0																					206	17
134	0	sound/data/pcm/c07/h/00_00.unity3d	h_ai_07_00_133	尻だけは、恥ずかしすぎてだめだ！																0	0	6	17	0																					6	17	0																					106	17	0																					206	17
135	0	sound/data/pcm/c07/h/00_00.unity3d	h_ai_07_00_134	言っても融通きかないやつだな……																0	0	6	17	0																					6	17	0																					106	17	0																					206	17
136	0	sound/data/pcm/c07/h/00_00.unity3d	h_ai_07_00_135	む、無理！　無理だからな！																0	0	6	17	0																					6	17	0																					106	17	0																					206	17
137	0	sound/data/pcm/c07/h/00_00.unity3d	h_ai_07_00_136	お前絶対、強くするんだから無理だ！																0	0	6	17	0																					6	17	0																					106	17	0																					206	17
138	0	sound/data/pcm/c07/h/00_00.unity3d	h_ai_07_00_137	そんなに私の体がいいのか……																0	0	4	17	0	sound/data/pcm/c07/h/00_00.unity3d	h_ai_07_00_137	そんなに私の体がいいのか……																0	0	4	17	0	sound/data/pcm/c07/h/00_00.unity3d	h_ai_07_02_137	いいよ、もっとしてくれても……																0	0	104	17	0	sound/data/pcm/c07/h/00_00.unity3d	h_ai_07_03_137	さっきより、いいかもな……																0	0	204	17
139	0	sound/data/pcm/c07/h/00_00.unity3d	h_ai_07_00_138	お前にもまれるのは、まだ慣れないない……																0	0	4	17	0	sound/data/pcm/c07/h/00_00.unity3d	h_ai_07_00_138	お前にもまれるのは、まだ慣れないない……																0	0	4	17	0	sound/data/pcm/c07/h/00_00.unity3d	h_ai_07_02_138	あぁん……気が済むまでやってくれ……																0	0	104	17	0	sound/data/pcm/c07/h/00_00.unity3d	h_ai_07_03_138	そう、もっと強く……																0	0	204	17
140	0																					4	17	0																					4	17	0	sound/data/pcm/c07/h/00_00.unity3d	h_ai_07_02_139	胸……胸がいいのかよ……																0	0	104	17	0	sound/data/pcm/c07/h/00_00.unity3d	h_ai_07_03_139	うん、強い……でも、いい…・・・　																0	0	204	17
141	0																					4	17	0																					4	17	0	sound/data/pcm/c07/h/00_00.unity3d	h_ai_07_02_140	どうだ、私の胸は……？																0	0	104	17	0	sound/data/pcm/c07/h/00_00.unity3d	h_ai_07_03_140	はぁん、そこ、もっと……胸いいよぉ……																0	0	204	17
142	0																					4	17	0																					4	17	0	sound/data/pcm/c07/h/00_00.unity3d	h_ai_07_02_141	んっあっ……尻が好きなんだな、お前……																0	0	104	17	0	sound/data/pcm/c07/h/00_00.unity3d	h_ai_07_03_141	だめぇ、もう尻で感じちゃってる……																0	0	204	17
143	0																					4	17	0																					4	17	0	sound/data/pcm/c07/h/00_00.unity3d	h_ai_07_02_142	さっきより、尻をもむの強くないか……？																0	0	104	17	0	sound/data/pcm/c07/h/00_00.unity3d	h_ai_07_03_142	これ……んっ……尻がもまれて……感じちゃってる、よぉ……																0	0	204	17
144	0	sound/data/pcm/c07/h/00_00.unity3d	h_ai_07_00_143	んんっ、そんない乳首つついて……																0	0	4	17	0	sound/data/pcm/c07/h/00_00.unity3d	h_ai_07_00_143	んんっ、そんない乳首つついて……																0	0	4	17	0	sound/data/pcm/c07/h/00_00.unity3d	h_ai_07_02_143	これ以上つつかれると……乳首が……																0	0	104	17	0	sound/data/pcm/c07/h/00_00.unity3d	h_ai_07_03_143	乳首いい、さっきよりいいよぉ……																0	0	204	17
145	0	sound/data/pcm/c07/h/00_00.unity3d	h_ai_07_00_144	さっきより、乳首気持ちいよ……																0	0	4	17	0	sound/data/pcm/c07/h/00_00.unity3d	h_ai_07_00_144	さっきより、乳首気持ちいよ……																0	0	4	17	0	sound/data/pcm/c07/h/00_00.unity3d	h_ai_07_02_144	もっと突いてもいいんだけど……																0	0	104	17	0	sound/data/pcm/c07/h/00_00.unity3d	h_ai_07_03_144	乳首だけで、気持ちいい……																0	0	204	17
146	0	sound/data/pcm/c07/h/00_00.unity3d	h_ai_07_00_145	あぁん……また乳首ひっぱって……																0	0	4	17	0	sound/data/pcm/c07/h/00_00.unity3d	h_ai_07_00_145	あぁん……また乳首ひっぱって……																0	0	4	17	0	sound/data/pcm/c07/h/00_00.unity3d	h_ai_07_02_145	あぁん……強くひっぱっていいよ……																0	0	104	17	0	sound/data/pcm/c07/h/00_00.unity3d	h_ai_07_03_145	また乳首で、感じてるよぉ……																0	0	204	17
147	0	sound/data/pcm/c07/h/00_00.unity3d	h_ai_07_00_146	ひゃぁん……どれだけひっぱるんだ……																0	0	4	17	0	sound/data/pcm/c07/h/00_00.unity3d	h_ai_07_00_146	ひゃぁん……どれだけひっぱるんだ……																0	0	4	17	0	sound/data/pcm/c07/h/00_00.unity3d	h_ai_07_02_146	遠慮しなくていいから、もう一度……乳首虐めて……																0	0	104	17	0	sound/data/pcm/c07/h/00_00.unity3d	h_ai_07_03_146	んんっ！　乳首ひっぱられると、きちゃうよ…・・・　																0	0	204	17
148	0	sound/data/pcm/c07/h/00_00.unity3d	h_ai_07_00_147	尻好きだね……んっ……																0	0	4	17	0	sound/data/pcm/c07/h/00_00.unity3d	h_ai_07_00_147	尻好きだね……んっ……																0	0	4	17	0	sound/data/pcm/c07/h/00_00.unity3d	h_ai_07_02_147	もっと尻いじって……																0	0	104	17	0	sound/data/pcm/c07/h/00_00.unity3d	h_ai_07_03_147	んおぉぉっ、だめ、尻しゅごい……また……感じるぅ……																0	0	204	17
149	0	sound/data/pcm/c07/h/00_00.unity3d	h_ai_07_00_148	また尻触るの……んん……																0	0	4	17	0	sound/data/pcm/c07/h/00_00.unity3d	h_ai_07_00_148	また尻触るの……んん……																0	0	4	17	0	sound/data/pcm/c07/h/00_00.unity3d	h_ai_07_02_148	はげしく、尻の穴いじって……																0	0	104	17	0	sound/data/pcm/c07/h/00_00.unity3d	h_ai_07_03_148	いい、いいよぉ……めちゃくちゃにして……尻をもっと……																0	0	204	17
150	0	sound/data/pcm/c07/h/00_00.unity3d	h_ai_07_00_149	アソコ、こするの……また、熱くなっちゃうな……																0	0	4	17	0	sound/data/pcm/c07/h/00_00.unity3d	h_ai_07_00_149	アソコ、こするの……また、熱くなっちゃうな……																0	0	4	17	0	sound/data/pcm/c07/h/00_00.unity3d	h_ai_07_02_149	はぁん、おまんこまたこすられて……																0	0	104	17	0	sound/data/pcm/c07/h/00_00.unity3d	h_ai_07_03_149	気持ちいいよぉ……こんなにこすって……だめになる…・・・　																0	0	204	17
151	0	sound/data/pcm/c07/h/00_00.unity3d	h_ai_07_00_150	そう、今度はもっとお前の手を感じさせてくれ……																0	0	4	17	0	sound/data/pcm/c07/h/00_00.unity3d	h_ai_07_00_150	そう、今度はもっとお前の手を感じさせてくれ……																0	0	4	17	0	sound/data/pcm/c07/h/00_00.unity3d	h_ai_07_02_150	んんっ……おまんこ、また汁が出ちゃう、な……																0	0	104	17	0	sound/data/pcm/c07/h/00_00.unity3d	h_ai_07_03_150	だめ、またお前の指で汁があふれるぅ・・…																0	0	204	17
152	0	sound/data/pcm/c07/h/00_00.unity3d	h_ai_07_00_151	……私の尻、そんなにいいのかよ……																0	0	4	17	0	sound/data/pcm/c07/h/00_00.unity3d	h_ai_07_00_151	……私の尻、そんなにいいのかよ……																0	0	4	17	0	sound/data/pcm/c07/h/00_00.unity3d	h_ai_07_02_151	私の尻、気に入ったようだな……んんぅ……																0	0	104	17	0	sound/data/pcm/c07/h/00_00.unity3d	h_ai_07_03_151	尻こするの、あぁん……そこいい……																0	0	204	17
153	0	sound/data/pcm/c07/h/00_00.unity3d	h_ai_07_00_152	んっ……まぁ、悪い気分じゃないな……																0	0	4	17	0	sound/data/pcm/c07/h/00_00.unity3d	h_ai_07_00_152	んっ……まぁ、悪い気分じゃないな……																0	0	4	17	0	sound/data/pcm/c07/h/00_00.unity3d	h_ai_07_02_152	もっと、すりすりしてもいいからな……																0	0	104	17	0	sound/data/pcm/c07/h/00_00.unity3d	h_ai_07_03_152	こう尻を無造作にされるなんて……んん、ゾクゾクするぅ……																0	0	204	17
154	0	sound/data/pcm/c07/h/00_00.unity3d	h_ai_07_00_153	も、もう一度アソコに指いれるのか……？																0	0	4	17	0	sound/data/pcm/c07/h/00_00.unity3d	h_ai_07_00_153	も、もう一度アソコに指いれるのか……？																0	0	4	17	0	sound/data/pcm/c07/h/00_00.unity3d	h_ai_07_02_153	ひゃあ・……おまんこに、またきた……																0	0	104	17	0	sound/data/pcm/c07/h/00_00.unity3d	h_ai_07_03_153	おまんこから、お前の指が伝わってくるよ……																0	0	204	17
155	0	sound/data/pcm/c07/h/00_00.unity3d	h_ai_07_00_154	ひゃん……そこ、まだ弱いのに……																0	0	4	17	0	sound/data/pcm/c07/h/00_00.unity3d	h_ai_07_00_154	ひゃん……そこ、まだ弱いのに……																0	0	4	17	0	sound/data/pcm/c07/h/00_00.unity3d	h_ai_07_02_154	また、おまんこ気持ちよくしてくれるのか……？																0	0	104	17	0	sound/data/pcm/c07/h/00_00.unity3d	h_ai_07_03_154	んっあっ、んっん……おまんこ、またしゅごいことになってる……・																0	0	204	17
156	0	sound/data/pcm/c07/h/00_00.unity3d	h_ai_07_00_155	汚いっていってるのに……																0	0	4	17	0	sound/data/pcm/c07/h/00_00.unity3d	h_ai_07_00_155	汚いっていってるのに……																0	0	4	17	0	sound/data/pcm/c07/h/00_00.unity3d	h_ai_07_02_155	尻に、また入れるの……？																0	0	104	17	0	sound/data/pcm/c07/h/00_00.unity3d	h_ai_07_03_155	あ、あつい……また、尻があつくなるよぉ……・																0	0	204	17
157	0	sound/data/pcm/c07/h/00_00.unity3d	h_ai_07_00_156	どうして、そこまで尻にいれたがるんだよ……																0	0	4	17	0	sound/data/pcm/c07/h/00_00.unity3d	h_ai_07_00_156	どうして、そこまで尻にいれたがるんだよ……																0	0	4	17	0	sound/data/pcm/c07/h/00_00.unity3d	h_ai_07_02_156	んん……そう、今度は深くまでいいよ……																0	0	104	17	0	sound/data/pcm/c07/h/00_00.unity3d	h_ai_07_03_156	もう、だめ……お前の指が、また入ってる……はぁん……																0	0	204	17
158	0	sound/data/pcm/c07/h/00_00.unity3d	h_ai_07_00_157	ちょ……なにもう一回しようと……																0	0	4	17	0	sound/data/pcm/c07/h/00_00.unity3d	h_ai_07_00_157	ちょ……なにもう一回しようと……																0	0	4	17	0	sound/data/pcm/c07/h/00_00.unity3d	h_ai_07_02_157	お前の好きなように、私のおまんこをかきまわしてくれ……																0	0	104	17	0	sound/data/pcm/c07/h/00_00.unity3d	h_ai_07_03_157	しゅごい、気持ちいいぉ……																0	0	204	17
159	0	sound/data/pcm/c07/h/00_00.unity3d	h_ai_07_00_158	うぅ……ぁん……あそこ激しくされちゃう……																0	0	4	17	0	sound/data/pcm/c07/h/00_00.unity3d	h_ai_07_00_158	うぅ……ぁん……あそこ激しくされちゃう……																0	0	4	17	0	sound/data/pcm/c07/h/00_00.unity3d	h_ai_07_02_158	あぁん……また、激しくしてくれ……																0	0	104	17	0	sound/data/pcm/c07/h/00_00.unity3d	h_ai_07_03_158	お前の指、また私のなかかきまわしてる……んっ……																0	0	204	17
160	0	sound/data/pcm/c07/h/00_00.unity3d	h_ai_07_00_159	……こ、今度はもうちょっと優しく……																0	0	4	17	0	sound/data/pcm/c07/h/00_00.unity3d	h_ai_07_00_159	……こ、今度はもうちょっと優しく……																0	0	4	17	0	sound/data/pcm/c07/h/00_00.unity3d	h_ai_07_02_159	この感じ……尻を指でかきまわされるの、好き……																0	0	104	17	0	sound/data/pcm/c07/h/00_00.unity3d	h_ai_07_03_159	今度は、もっと激しくしよう……																0	0	204	17
161	0	sound/data/pcm/c07/h/00_00.unity3d	h_ai_07_00_160	こ、これ以上はげしくするのか……																0	0	4	17	0	sound/data/pcm/c07/h/00_00.unity3d	h_ai_07_00_160	こ、これ以上はげしくするのか……																0	0	4	17	0	sound/data/pcm/c07/h/00_00.unity3d	h_ai_07_02_160	はぁん、んっんっ……かきまわすの、好きなんだな……																0	0	104	17	0	sound/data/pcm/c07/h/00_00.unity3d	h_ai_07_03_160	私の尻壊してもいいから、もう一度だけ……																0	0	204	17
162	0	sound/data/pcm/c07/h/00_00.unity3d	h_ai_07_00_161	はぁはぁ……またなめるのか……？																0	0	4	17	0	sound/data/pcm/c07/h/00_00.unity3d	h_ai_07_00_161	はぁはぁ……またなめるのか……？																0	0	4	17	0	sound/data/pcm/c07/h/00_00.unity3d	h_ai_07_02_161	はぁんっ……すごすぎるよ……																0	0	104	17	0	sound/data/pcm/c07/h/00_00.unity3d	h_ai_07_03_161	べたべたするの、いいよぉ……																0	0	204	17
163	0	sound/data/pcm/c07/h/00_00.unity3d	h_ai_07_00_162	舌熱い……力が入らない……																0	0	4	17	0	sound/data/pcm/c07/h/00_00.unity3d	h_ai_07_00_162	舌熱い……力が入らない……																0	0	4	17	0	sound/data/pcm/c07/h/00_00.unity3d	h_ai_07_02_162	舐めているお前……どこか可愛らしいな……																0	0	104	17	0	sound/data/pcm/c07/h/00_00.unity3d	h_ai_07_03_162	お前の唾液、気持ちいいな……																0	0	204	17
164	0	sound/data/pcm/c07/h/00_00.unity3d	h_ai_07_00_163	乳首がもう、べたべたしてるよ……・																0	0	4	17	0	sound/data/pcm/c07/h/00_00.unity3d	h_ai_07_00_163	乳首がもう、べたべたしてるよ……・																0	0	4	17	0	sound/data/pcm/c07/h/00_00.unity3d	h_ai_07_02_163	どれだけ舐めようが、まだ何も出ないからよ……																0	0	104	17	0	sound/data/pcm/c07/h/00_00.unity3d	h_ai_07_03_163	んああ……乳首、乳首なめて……																0	0	204	17
165	0	sound/data/pcm/c07/h/00_00.unity3d	h_ai_07_00_164	なんもでないよ……・																0	0	4	17	0	sound/data/pcm/c07/h/00_00.unity3d	h_ai_07_00_164	なんもでないよ……・																0	0	4	17	0	sound/data/pcm/c07/h/00_00.unity3d	h_ai_07_02_164	乳首、はげしいよぉ……																0	0	104	17	0	sound/data/pcm/c07/h/00_00.unity3d	h_ai_07_03_164	ひゅあ、んっ……乳首が、熱くて気持ちいい……																0	0	204	17
166	0	sound/data/pcm/c07/h/00_00.unity3d	h_ai_07_00_165	汁があふれちゃう……																0	0	4	17	0	sound/data/pcm/c07/h/00_00.unity3d	h_ai_07_00_165	汁があふれちゃう……																0	0	4	17	0	sound/data/pcm/c07/h/00_00.unity3d	h_ai_07_02_165	汁が、またあふれちゃう……																0	0	104	17	0	sound/data/pcm/c07/h/00_00.unity3d	h_ai_07_03_165	もっとなめて……私のおまんこの汁、もっと……																0	0	204	17
167	0	sound/data/pcm/c07/h/00_00.unity3d	h_ai_07_00_166	ひゃう……またなのか……？																0	0	4	17	0	sound/data/pcm/c07/h/00_00.unity3d	h_ai_07_00_166	ひゃう……またなのか……？																0	0	4	17	0	sound/data/pcm/c07/h/00_00.unity3d	h_ai_07_02_166	おまんこ、また感じさせて……																0	0	104	17	0	sound/data/pcm/c07/h/00_00.unity3d	h_ai_07_03_166	んんっ、お前の舌でおまんこ感じる……																0	0	204	17
168	0	sound/data/pcm/c07/h/00_00.unity3d	h_ai_07_00_167	どれだけ言っても、やめないんだな……																0	0	4	17	0	sound/data/pcm/c07/h/00_00.unity3d	h_ai_07_00_167	どれだけ言っても、やめないんだな……																0	0	4	17	0	sound/data/pcm/c07/h/00_00.unity3d	h_ai_07_02_167	くぅう、んっ……尻なめるの、好きだよな……																0	0	104	17	0	sound/data/pcm/c07/h/00_00.unity3d	h_ai_07_03_167	はぁん、また尻に……はげしく、もっとはげしくしてくれ……																0	0	204	17
169	0	sound/data/pcm/c07/h/00_00.unity3d	h_ai_07_00_168	また尻にきたぁ……・																0	0	4	17	0	sound/data/pcm/c07/h/00_00.unity3d	h_ai_07_00_168	また尻にきたぁ……・																0	0	4	17	0	sound/data/pcm/c07/h/00_00.unity3d	h_ai_07_02_168	来ちゃう……かも……																0	0	104	17	0	sound/data/pcm/c07/h/00_00.unity3d	h_ai_07_03_168	尻の穴なめられてる……もっと、きてくれ……																0	0	204	17
170	0	sound/data/pcm/c07/h/00_00.unity3d	h_ai_07_00_169	た、体力が持ちそうにないよ……																0	0	4	17	0	sound/data/pcm/c07/h/00_00.unity3d	h_ai_07_00_169	た、体力が持ちそうにないよ……																0	0	4	17	0	sound/data/pcm/c07/h/00_00.unity3d	h_ai_07_02_169	舌が、また尻の中にはいるぅ……																0	0	104	17	0	sound/data/pcm/c07/h/00_00.unity3d	h_ai_07_03_169	何も気にせず、奥までいれてくれ……あぁん、んっ……																0	0	204	17
171	0	sound/data/pcm/c07/h/00_00.unity3d	h_ai_07_00_170	だ、大丈夫かな……お前のせいで、尻の穴が大きくなってないかな……																0	0	4	17	0	sound/data/pcm/c07/h/00_00.unity3d	h_ai_07_00_170	だ、大丈夫かな……お前のせいで、尻の穴が大きくなってないかな……																0	0	4	17	0	sound/data/pcm/c07/h/00_00.unity3d	h_ai_07_02_170	そ、そこだめ……中で感じる……																0	0	104	17	0	sound/data/pcm/c07/h/00_00.unity3d	h_ai_07_03_170	んぁああ、そうそれがいいのぉ……																0	0	204	17
172	0																					4	17	0	sound/data/pcm/c07/h/00_00.unity3d	h_ai_07_01_135	強くしないれくれよ・・・…																0	0	4	17	0																					104	17	0																					204	17
173	0																					4	17	0	sound/data/pcm/c07/h/00_00.unity3d	h_ai_07_01_136	んっ……しょ、しょうがないな……																0	0	4	17	0																					104	17	0																					204	17
174	0	sound/data/pcm/c07/h/00_00.unity3d	h_ai_07_00_171	あ、頭がまた……きちゃう、またきちゃうから……																0	0	7	17	0	sound/data/pcm/c07/h/00_00.unity3d	h_ai_07_00_171	あ、頭がまた……きちゃう、またきちゃうから……																0	0	7	17	0	sound/data/pcm/c07/h/00_00.unity3d	h_ai_07_02_171	はぁはぁ……っ、お前のせいで、またいってしまう……！																0	0	107	17	0	sound/data/pcm/c07/h/00_00.unity3d	h_ai_07_03_171	だめなの、またいきそうなの……はぁあん……！																0	0	207	17
175	0	sound/data/pcm/c07/h/00_00.unity3d	h_ai_07_00_172	くぅ……これ、もういきそうだ……頼む、またいかせてくれ……！																0	0	7	17	0	sound/data/pcm/c07/h/00_00.unity3d	h_ai_07_00_172	くぅ……これ、もういきそうだ……頼む、またいかせてくれ……！																0	0	7	17	0	sound/data/pcm/c07/h/00_00.unity3d	h_ai_07_02_172	んああっ……げ、限界……ボーぅとする、よ……																0	0	107	17	0	sound/data/pcm/c07/h/00_00.unity3d	h_ai_07_03_172	か、からだがあつい……んんっ……はやく、はやく……！																0	0	207	17
176	0	sound/data/pcm/c07/h/00_00.unity3d	h_ai_07_00_173	はぁ……はぁ……この感じ、まだ慣れないな……																0	0	9	17	0	sound/data/pcm/c07/h/00_00.unity3d	h_ai_07_01_173	また、いかされちゃった……気持ちよかったよ……																0	0	9	17	0	sound/data/pcm/c07/h/00_00.unity3d	h_ai_07_01_173	また、いかされちゃった……気持ちよかったよ……																0	0	109	17	0	sound/data/pcm/c07/h/00_00.unity3d	h_ai_07_03_173	んっ……はぁ……最高だったよ……																0	0	209	17
177	0	sound/data/pcm/c07/h/00_00.unity3d	h_ai_07_00_174	す、すごすぎて……言葉がでない……																0	0	9	17	0	sound/data/pcm/c07/h/00_00.unity3d	h_ai_07_01_174	お前と私は……相性いいかもしれないな……																0	0	9	17	0	sound/data/pcm/c07/h/00_00.unity3d	h_ai_07_01_174	お前と私は……相性いいかもしれないな……																0	0	109	17	0	sound/data/pcm/c07/h/00_00.unity3d	h_ai_07_03_174	はぁはぁ……また、激しかったな……でも、気持ちよかった……																0	0	209	17
178	0																			0	0	0	17	0																			0	0	0	17	0	sound/data/pcm/c07/h/00_00.unity3d	h_ai_07_02_175	（開始時台詞）声を抑えるの、難しそうだな……																0	0	100	17	0	sound/data/pcm/c07/h/00_00.unity3d	h_ai_07_02_175	（開始時台詞）声を抑えるの、難しそうだな……																0	0	200	17
179	0																			0	0	2	17	0																			0	0	2	17	0	sound/data/pcm/c07/h/00_00.unity3d	h_ai_07_02_176	っ……何だかエロいキスだった……																0	0	102	17	0	sound/data/pcm/c07/h/00_00.unity3d	h_ai_07_02_176	っ……何だかエロいキスだった……																0	0	202	17
180	0																			0	0	6	17	0																			0	0	6	17	0	sound/data/pcm/c07/h/00_00.unity3d	h_ai_07_02_177	……それは……違うだろ？																0	0	106	17	0	sound/data/pcm/c07/h/00_00.unity3d	h_ai_07_02_177	……それは……違うだろ？																0	0	206	17
181	0																			0	0	4	17	0																			0	0	4	17	0	sound/data/pcm/c07/h/00_00.unity3d	h_ai_07_02_178	んん……やっぱ、むずい……																0	0	104	17	0	sound/data/pcm/c07/h/00_00.unity3d	h_ai_07_02_178	んん……やっぱ、むずい……																0	0	204	17
182	0																			0	0	4	17	0																			0	0	4	17	0	sound/data/pcm/c07/h/00_00.unity3d	h_ai_07_02_179	ああ……声、だしたい……																0	0	104	17	0	sound/data/pcm/c07/h/00_00.unity3d	h_ai_07_02_179	ああ……声、だしたい……																0	0	204	17
183	0																			0	0	4	17	0																			0	0	4	17	0	sound/data/pcm/c07/h/00_00.unity3d	h_ai_07_02_180	ん……我慢、してるせいか……頭がぼーっとしてきてる……																0	0	104	17	0	sound/data/pcm/c07/h/00_00.unity3d	h_ai_07_02_180	ん……我慢、してるせいか……頭がぼーっとしてきてる……																0	0	204	17
184	0																			0	0	4	17	0																			0	0	4	17	0	sound/data/pcm/c07/h/00_00.unity3d	h_ai_07_02_181	んあっ……涼しい顔しやがって……																0	0	104	17	0	sound/data/pcm/c07/h/00_00.unity3d	h_ai_07_02_181	んあっ……涼しい顔しやがって……																0	0	204	17
185	0																			0	0	4	17	0																			0	0	4	17	0	sound/data/pcm/c07/h/00_00.unity3d	h_ai_07_02_182	ちょっとくらいなら、声上げても……いやダメだ…																0	0	104	17	0	sound/data/pcm/c07/h/00_00.unity3d	h_ai_07_02_182	ちょっとくらいなら、声上げても……いやダメだ…																0	0	204	17
186	0																			0	0	7	17	0																			0	0	7	17	0	sound/data/pcm/c07/h/00_00.unity3d	h_ai_07_02_183	あっ……きちゃってる……																0	0	107	17	0	sound/data/pcm/c07/h/00_00.unity3d	h_ai_07_02_183	あっ……きちゃってる……																0	0	207	17
187	0																			0	0	7	17	0																			0	0	7	17	0	sound/data/pcm/c07/h/00_00.unity3d	h_ai_07_02_184	もう……限界が……																0	0	107	17	0	sound/data/pcm/c07/h/00_00.unity3d	h_ai_07_02_184	もう……限界が……																0	0	207	17
188	0																			0	0	8	0	0																			0	0	8	0	0	sound/data/pcm/c07/h/00_00.unity3d	h_ai_07_02_185	んんん……っ（声を押し殺しながら絶頂）																0	0	108	0	0	sound/data/pcm/c07/h/00_00.unity3d	h_ai_07_02_185	んんん……っ（声を押し殺しながら絶頂）																0	0	208	0
189	0																			0	0	9	17	0																			0	0	9	17	0	sound/data/pcm/c07/h/00_00.unity3d	h_ai_07_02_186	下……めちゃくちゃ濡れちゃってる……																0	0	109	17	0	sound/data/pcm/c07/h/00_00.unity3d	h_ai_07_02_186	下……めちゃくちゃ濡れちゃってる……																0	0	209	17
190	0																			0	0	9	17	0																			0	0	9	17	0	sound/data/pcm/c07/h/00_00.unity3d	h_ai_07_02_187	ん……スリル……凄いな……ドキドキがおさまらない……																0	0	109	17	0	sound/data/pcm/c07/h/00_00.unity3d	h_ai_07_02_187	ん……スリル……凄いな……ドキドキがおさまらない……																0	0	209	17
191	0	sound/data/pcm/c07/h/00_00.unity3d	h_ai_07_01_188	（開始,勉強中）んあっ？　どっかで計算間違えてるな……																0	0	0	17	0	sound/data/pcm/c07/h/00_00.unity3d	h_ai_07_01_188	（開始,勉強中）んあっ？　どっかで計算間違えてるな……																0	0	0	17	0	sound/data/pcm/c07/h/00_00.unity3d	h_ai_07_01_188	（開始,勉強中）んあっ？　どっかで計算間違えてるな……																0	0	100	17	0	sound/data/pcm/c07/h/00_00.unity3d	h_ai_07_01_188	（開始,勉強中）んあっ？　どっかで計算間違えてるな……																0	0	200	17
192	0	sound/data/pcm/c07/h/00_00.unity3d	h_ai_07_01_189	うわっ、な、何だ……？																0	0	4	17	0	sound/data/pcm/c07/h/00_00.unity3d	h_ai_07_01_189	うわっ、な、何だ……？																0	0	4	17	0	sound/data/pcm/c07/h/00_00.unity3d	h_ai_07_02_189	んなっ……！　どうしたんだ……？																0	0	104	17	0	sound/data/pcm/c07/h/00_00.unity3d	h_ai_07_02_189	んなっ……！　どうしたんだ……？																0	0	204	17
193	0	sound/data/pcm/c07/h/00_00.unity3d	h_ai_07_01_190	んあっ、待て……待てって……！																0	0	4	17	0	sound/data/pcm/c07/h/00_00.unity3d	h_ai_07_01_190	んあっ、待て……待てって……！																0	0	4	17	0	sound/data/pcm/c07/h/00_00.unity3d	h_ai_07_02_190	んあっ……ちょ、エロ過ぎだって……																0	0	104	17	0	sound/data/pcm/c07/h/00_00.unity3d	h_ai_07_02_190	んあっ……ちょ、エロ過ぎだって……																0	0	204	17
194	0	sound/data/pcm/c07/h/00_00.unity3d	h_ai_07_01_191	んぅ……こらぁ……やめろって……																0	0	4	17	0	sound/data/pcm/c07/h/00_00.unity3d	h_ai_07_01_191	んぅ……こらぁ……やめろって……																0	0	4	17	0	sound/data/pcm/c07/h/00_00.unity3d	h_ai_07_02_191	あぁ……エッチな勉強は……後に……してくれ……																0	0	104	17	0	sound/data/pcm/c07/h/00_00.unity3d	h_ai_07_02_191	あぁ……エッチな勉強は……後に……してくれ……																0	0	204	17
195	0	sound/data/pcm/c07/h/00_00.unity3d	h_ai_07_01_192	んあっ、ん……声……出ちゃうだろ……																0	0	4	17	0	sound/data/pcm/c07/h/00_00.unity3d	h_ai_07_01_192	んあっ、ん……声……出ちゃうだろ……																0	0	4	17	0	sound/data/pcm/c07/h/00_00.unity3d	h_ai_07_02_192	ダメ、だ……良過ぎる……																0	0	104	17	0	sound/data/pcm/c07/h/00_00.unity3d	h_ai_07_02_192	ダメ、だ……良過ぎる……																0	0	204	17
196	0	sound/data/pcm/c07/h/00_00.unity3d	h_ai_07_01_193	ん……よくされたら……集中力、切れちゃうだろ……																0	0	4	17	0	sound/data/pcm/c07/h/00_00.unity3d	h_ai_07_01_193	ん……よくされたら……集中力、切れちゃうだろ……																0	0	4	17	0	sound/data/pcm/c07/h/00_00.unity3d	h_ai_07_02_193	あ……我慢、してくれよ……																0	0	104	17	0	sound/data/pcm/c07/h/00_00.unity3d	h_ai_07_02_193	あ……我慢、してくれよ……																0	0	204	17
197	0	sound/data/pcm/c07/h/00_00.unity3d	h_ai_07_01_194	んっ、そうだ……お前も……勉強しろ……な？																0	0	4	17	0	sound/data/pcm/c07/h/00_00.unity3d	h_ai_07_01_194	んっ、そうだ……お前も……勉強しろ……な？																0	0	4	17	0	sound/data/pcm/c07/h/00_00.unity3d	h_ai_07_02_194	ん……気持ちいいけど、今じゃ、ないんだって……																0	0	104	17	0	sound/data/pcm/c07/h/00_00.unity3d	h_ai_07_02_194	ん……気持ちいいけど、今じゃ、ないんだって……																0	0	204	17
198	0	sound/data/pcm/c07/h/00_00.unity3d	h_ai_07_01_195	（拒否して外される）ちょっと、やりすぎだっ																0	0	6	17	0	sound/data/pcm/c07/h/00_00.unity3d	h_ai_07_01_195	（拒否して外される）ちょっと、やりすぎだっ																0	0	6	17	0																			0	0	106	17	0																			0	0	206	17
199	0	sound/data/pcm/c07/h/00_00.unity3d	h_ai_07_01_196	そういうの、よくないぞ																0	0	6	17	0	sound/data/pcm/c07/h/00_00.unity3d	h_ai_07_01_196	そういうの、よくないぞ																0	0	6	17	0																			0	0	106	17	0																			0	0	206	17
200	0	sound/data/pcm/c07/h/00_00.unity3d	h_ai_07_01_197	っ、ダメ……イッて、しま……																0	0	7	17	0	sound/data/pcm/c07/h/00_00.unity3d	h_ai_07_01_197	っ、ダメ……イッて、しま……																0	0	7	17	0	sound/data/pcm/c07/h/00_00.unity3d	h_ai_07_02_197	んあっ……私、イクっ……																0	0	107	17	0	sound/data/pcm/c07/h/00_00.unity3d	h_ai_07_02_197	んあっ……私、イクっ……																0	0	207	17
201	0	sound/data/pcm/c07/h/00_00.unity3d	h_ai_07_01_198	うっ、あ……もう堪えられない……																0	0	7	17	0	sound/data/pcm/c07/h/00_00.unity3d	h_ai_07_01_198	うっ、あ……もう堪えられない……																0	0	7	17	0	sound/data/pcm/c07/h/00_00.unity3d	h_ai_07_02_198	あ……もう、無理……イク……																0	0	107	17	0	sound/data/pcm/c07/h/00_00.unity3d	h_ai_07_02_198	あ……もう、無理……イク……																0	0	207	17
202	0	sound/data/pcm/c07/h/00_00.unity3d	h_ai_07_02_185	※本棚対面愛撫（こそこそ）の絶頂と同じ																0	0	8	0	0	sound/data/pcm/c07/h/00_00.unity3d	h_ai_07_02_185	※本棚対面愛撫（こそこそ）の絶頂と同じ																0	0	8	0	0	sound/data/pcm/c07/h/00_00.unity3d	h_ai_07_02_185	※本棚対面愛撫（こそこそ）の絶頂と同じ																0	0	108	0	0	sound/data/pcm/c07/h/00_00.unity3d	h_ai_07_02_185	※本棚対面愛撫（こそこそ）の絶頂と同じ																0	0	208	0
203	0	sound/data/pcm/c07/h/00_00.unity3d	h_ai_07_01_199	っは……こういうの……本当はよくないことなんだからな？																0	0	9	17	0	sound/data/pcm/c07/h/00_00.unity3d	h_ai_07_01_199	っは……こういうの……本当はよくないことなんだからな？																0	0	9	17	0	sound/data/pcm/c07/h/00_00.unity3d	h_ai_07_02_199	あ、危ない……完全にスイッチが入るところだった……																0	0	109	17	0	sound/data/pcm/c07/h/00_00.unity3d	h_ai_07_02_199	あ、危ない……完全にスイッチが入るところだった……																0	0	209	17
204	0	sound/data/pcm/c07/h/00_00.unity3d	h_ai_07_01_200	ん……息抜きは……ここまで、だから……																0	0	9	17	0	sound/data/pcm/c07/h/00_00.unity3d	h_ai_07_01_200	ん……息抜きは……ここまで、だから……																0	0	9	17	0	sound/data/pcm/c07/h/00_00.unity3d	h_ai_07_02_200	ん……今は勉強の時間、勉強の時間……																0	0	109	17	0	sound/data/pcm/c07/h/00_00.unity3d	h_ai_07_02_200	ん……今は勉強の時間、勉強の時間……																0	0	209	17
