0	0	sound/data/pcm/c18/h/00_00.unity3d	h_hh_18_00_000	上手くできなかったら、ごめんなさい	1															0	0	0	52	1	sound/data/pcm/c18/h/00_00.unity3d	h_hh_18_01_000	あなたを、気持ちよくしてあげます																0	0	0	52	0	sound/data/pcm/c18/h/00_00.unity3d	h_hh_18_02_000	おちんちんに、ご奉仕しちゃいます																0	0	100	52	0	sound/data/pcm/c18/h/00_00.unity3d	h_hh_18_03_000	気持ちよくても、あんまり速いのは、いやですよ？																0	0	200	52
1	1	sound/data/pcm/c18/h/00_00.unity3d	h_hh_18_00_001	出来るだけ……がんばってみます																0	0	0	52	1	sound/data/pcm/c18/h/00_00.unity3d	h_hh_18_01_001	気持ちよぉく、しちゃいます																0	0	0	52	0	sound/data/pcm/c18/h/00_00.unity3d	h_hh_18_02_001	おちんちん、たくさんえっちにしてあげます																0	0	100	52	0	sound/data/pcm/c18/h/00_00.unity3d	h_hh_18_03_001	何回でもイッて、いいんですよ																0	0	200	52
2	1	sound/data/pcm/c18/h/00_00.unity3d	h_hh_18_00_002	気持ちよく……なって欲しいです																0	0	0	52	0	sound/data/pcm/c18/h/00_00.unity3d	h_hh_18_01_002	あなたにご奉仕、楽しみです	1															0	0	0	52	0	sound/data/pcm/c18/h/00_00.unity3d	h_hh_18_02_002	おちんちん……イカせてあげますっ																0	0	100	52	0	sound/data/pcm/c18/h/00_00.unity3d	h_hh_18_03_002	おちんぽにたくさん、感じて欲しいの……																0	0	200	52
3	0	sound/data/pcm/c18/h/00_00.unity3d	h_hh_18_00_003	これくらいで……気持ちいいですか？																0	0	1	52	0	sound/data/pcm/c18/h/00_00.unity3d	h_hh_18_01_003	どうですか……？　良くなってくれてますか？																0	0	1	52	0	sound/data/pcm/c18/h/00_00.unity3d	h_hh_18_02_003	気持ちよく……なれてますか？																0	0	101	52	0	sound/data/pcm/c18/h/00_00.unity3d	h_hh_18_03_003	ゆっくりでも、もどかしくて、いいですよね？																0	0	201	52
4	0	sound/data/pcm/c18/h/00_00.unity3d	h_hh_18_00_004	力加減、わかりません……あんまり強くすると、痛そうですし																0	0	1	52	0	sound/data/pcm/c18/h/00_00.unity3d	h_hh_18_01_004	ゆっくり、してあげます																0	0	1	52	0	sound/data/pcm/c18/h/00_00.unity3d	h_hh_18_02_004	このくらいの速さでも……いいですか？																0	0	101	52	0	sound/data/pcm/c18/h/00_00.unity3d	h_hh_18_03_004	あなたはこうやって、くりくりされるのほんと好きですね																0	0	201	52
5	0	sound/data/pcm/c18/h/00_00.unity3d	h_hh_18_00_005	ゆっくりでも、気持ちいいですか？																0	0	1	52	0	sound/data/pcm/c18/h/00_00.unity3d	h_hh_18_00_005	ゆっくりでも、気持ちいいですか？																0	0	1	52	0	sound/data/pcm/c18/h/00_00.unity3d	h_hh_18_02_005	早くしなくても、気持ちいい……ですよね？																0	0	101	52	0	sound/data/pcm/c18/h/00_00.unity3d	h_hh_18_03_005	早くするのは、まだお預けです																0	0	201	52
6	0	sound/data/pcm/c18/h/00_00.unity3d	h_hh_18_00_006	少し……激しくしますね																0	0	1	52	0	sound/data/pcm/c18/h/00_00.unity3d	h_hh_18_01_006	早いと、感じちゃいますか？																0	0	1	52	0	sound/data/pcm/c18/h/00_00.unity3d	h_hh_18_02_006	あなたが一番感じるのは、このくらいの早さですよね？																0	0	101	52	0	sound/data/pcm/c18/h/00_00.unity3d	h_hh_18_03_006	あなたのおちんぽ、激しいのが好きですもんね																0	0	201	52
7	0	sound/data/pcm/c18/h/00_00.unity3d	h_hh_18_00_007	激しい方が、感じるんですね																0	0	1	52	0	sound/data/pcm/c18/h/00_00.unity3d	h_hh_18_01_007	一番感じる早さで、してあげたいの……																0	0	1	52	0	sound/data/pcm/c18/h/00_00.unity3d	h_hh_18_02_007	激しくして、いっぱい感じさせてあげます																0	0	101	52	0	sound/data/pcm/c18/h/00_00.unity3d	h_hh_18_03_007	えへっ、これが、いいんですよね？　																0	0	201	52
8	0	sound/data/pcm/c18/h/00_00.unity3d	h_hh_18_00_008	ちょっとだけ、速くしてみますね																0	0	1	52	0	sound/data/pcm/c18/h/00_00.unity3d	h_hh_18_00_008	ちょっとだけ、速くしてみますね																0	0	1	52	0	sound/data/pcm/c18/h/00_00.unity3d	h_hh_18_02_008	もしかして……これでもまだ、遅かったり……しますか？																0	0	101	52	0	sound/data/pcm/c18/h/00_00.unity3d	h_hh_18_03_008	何度も何度もイッちゃうくらい、感じてください																0	0	201	52
9	0	sound/data/pcm/c18/h/00_00.unity3d	h_hh_18_00_009	れる……少し、照れますね																0	0	3	2	0	sound/data/pcm/c18/h/00_00.unity3d	h_hh_18_01_009	ん……ちゅっ　おちんちんにキス、しちゃいました																0	0	3	2	0	sound/data/pcm/c18/h/00_00.unity3d	h_hh_18_02_009	ちゅっ、ちゅっ、ちゅっ、おちんちんにいっぱいキス、してあげます																0	0	103	2	0	sound/data/pcm/c18/h/00_00.unity3d	h_hh_18_03_009	れる……ちゅるる……れろっ、おちんぽ、おいひいっ																0	0	203	2
10	0	sound/data/pcm/c18/h/00_00.unity3d	h_hh_18_00_010	れろ……れる……気持ちよく、なって欲しいです……																0	0	3	2	0	sound/data/pcm/c18/h/00_00.unity3d	h_hh_18_00_010	れろ……れる……気持ちよく、なって欲しいです……																0	0	3	2	0	sound/data/pcm/c18/h/00_00.unity3d	h_hh_18_02_010	れる、ちゅるっ……れろ……おちんちん、おいしい……																0	0	103	2	0	sound/data/pcm/c18/h/00_00.unity3d	h_hh_18_03_010	れるっ、じゅっ、れるるっ……おちんぽ……ちょっと塩味……汗、かな？																0	0	203	2
11	0	sound/data/pcm/c18/h/00_00.unity3d	h_hh_18_00_011	ちゅっ、ちゅるっ、ちゅぅっ……今、初めてなのに夢中で舐めちゃってました																0	0	3	2	0	sound/data/pcm/c18/h/00_00.unity3d	h_hh_18_01_011	れるれる……ちゅっ、ここが、気持ちいいんですね																0	0	3	2	0	sound/data/pcm/c18/h/00_00.unity3d	h_hh_18_02_011	ちゅっ、ちゅぅっ、ちゅっ、ちゅううっ、おちんちんにキスの雨、振らせちゃいます																0	0	103	2	0	sound/data/pcm/c18/h/00_00.unity3d	h_hh_18_03_011	ちゅる、じゅうっ、れるるっ、オチンポ舐めあげると、ビクンってしちゃうんですね♪																0	0	203	2
12	0	sound/data/pcm/c18/h/00_00.unity3d	h_hh_18_00_012	んっ、ちゅっじゅうっ……あなたのにキスにするの、楽しいかも……																0	0	3	2	0	sound/data/pcm/c18/h/00_00.unity3d	h_hh_18_00_012	んっ、ちゅっじゅうっ……あなたのにキスにするの、楽しいかも……																0	0	3	2	0	sound/data/pcm/c18/h/00_00.unity3d	h_hh_18_02_012	ちゅっ、おちんちん……たくましくて……ちゅるっ、かっこいい……																0	0	103	2	0	sound/data/pcm/c18/h/00_00.unity3d	h_hh_18_03_012	れるっ、れろろぉっ……あなたの顔見ながら舐めると、どこがいいのかすぐわかっちゃいます																0	0	203	2
13	0	sound/data/pcm/c18/h/00_00.unity3d	h_hh_18_00_013	ん……ちゅうっ、じゅる……こう、ですか？																0	0	5	2	0	sound/data/pcm/c18/h/00_00.unity3d	h_hh_18_01_013	ん……れるっ……んうっ……きもひいぃ、れふか？																0	0	5	2	0	sound/data/pcm/c18/h/00_00.unity3d	h_hh_18_02_013	じゅるるぅ、んちゅぅ……おちんちん、だいすきぃ……																0	0	105	2	0	sound/data/pcm/c18/h/00_00.unity3d	h_hh_18_03_013	じゅるぅ……おひんぽ……のどまで……とろいちゃう……（届いちゃう）																0	0	205	2
14	0	sound/data/pcm/c18/h/00_00.unity3d	h_hh_18_00_014	じゅる………じゅぽぉ……こぉ、れすよね？																0	0	5	2	0	sound/data/pcm/c18/h/00_00.unity3d	h_hh_18_00_014	じゅる………じゅぽぉ……こぉ、れすよね？																0	0	5	2	0	sound/data/pcm/c18/h/00_00.unity3d	h_hh_18_02_014	じゅっ、るろろっ、じゅうっ……おいひい、れす♪																0	0	105	2	0	sound/data/pcm/c18/h/00_00.unity3d	h_hh_18_03_014	ん……じゅうっ……れるうっ……ゆっくりらと……おちんぽ味わえちゃいまふぅ……																0	0	205	2
15	0	sound/data/pcm/c18/h/00_00.unity3d	h_hh_18_00_015	じゅるるっ、じゅぽ、じゅぽぉ……激しすぎ、ませんよね？																0	0	5	2	0	sound/data/pcm/c18/h/00_00.unity3d	h_hh_18_01_015	じゅるるるぅ……ぐぽぉ……ぐぽぉ……このくらいでも、へいきれすよね？																0	0	5	2	0	sound/data/pcm/c18/h/00_00.unity3d	h_hh_18_02_015	じゅるっ、あなたのおひんひん……やっぱりいいのぉ……じゅうっ																0	0	105	2	0	sound/data/pcm/c18/h/00_00.unity3d	h_hh_18_03_015	じゅぞぞぞぉ……じゅうぅっ……おひんぽ、びくんってしてるの、わかりますぅ……																0	0	205	2
16	0	sound/data/pcm/c18/h/00_00.unity3d	h_hh_18_00_016	じゅるるる……じゅぽぉ……じゅぽぉ……きもひ、いいれすか？																0	0	5	2	0	sound/data/pcm/c18/h/00_00.unity3d	h_hh_18_00_016	じゅるるる……じゅぽぉ……じゅぽぉ……きもひ、いいれすか？																0	0	5	2	0	sound/data/pcm/c18/h/00_00.unity3d	h_hh_18_02_016	じゅぞぞぞ……じゅるるっ、じゅるっ！……これくらいしても、いいれすよね？																0	0	105	2	0	sound/data/pcm/c18/h/00_00.unity3d	h_hh_18_03_016	じゅぽぉ、じゅるるぞぞぉ、じゅうぅぅっ……おひんぽ、くわえてると、しあわせぇっ																0	0	205	2
17	0	sound/data/pcm/c18/h/00_00.unity3d	h_hh_18_00_017	さきっぽが……いいんですね																0	0	1	52	0	sound/data/pcm/c18/h/00_00.unity3d	h_hh_18_01_017	さきっぽ、気持ちよすぎちゃうんですね……																0	0	1	52	0	sound/data/pcm/c18/h/00_00.unity3d	h_hh_18_02_017	さきっぽ……きもちいいんですね																0	0	101	52	0	sound/data/pcm/c18/h/00_00.unity3d	h_hh_18_03_017	さきっぽよしよしするだけで、びくんびくんって喜んじゃうんですね																0	0	201	52
18	0	sound/data/pcm/c18/h/00_00.unity3d	h_hh_18_00_018	痛かったら……言ってくださいね																0	0	1	52	0	sound/data/pcm/c18/h/00_00.unity3d	h_hh_18_00_018	痛かったら……言ってくださいね																0	0	1	52	0	sound/data/pcm/c18/h/00_00.unity3d	h_hh_18_02_018	さきっぽ、なでなでしてあげます																0	0	101	52	0	sound/data/pcm/c18/h/00_00.unity3d	h_hh_18_03_018	亀頭、ぷっくりして、かわいいですよ																0	0	201	52
19	0	sound/data/pcm/c18/h/00_00.unity3d	h_hh_18_00_019	こんなに強くして……痛くないんですか？																0	0	1	52	0	sound/data/pcm/c18/h/00_00.unity3d	h_hh_18_01_019	さきっぽいじり……強くても平気なんですか？																0	0	1	52	0	sound/data/pcm/c18/h/00_00.unity3d	h_hh_18_02_019	もっと……強くしたら、もっとさきっぽ、感じちゃいますか？																0	0	101	52	0	sound/data/pcm/c18/h/00_00.unity3d	h_hh_18_03_019	さきっぽナデナデ♪……私の手に、おちんぽ甘えていいですよ																0	0	201	52
20	0	sound/data/pcm/c18/h/00_00.unity3d	h_hh_18_00_020	もう少しだけ、激しくしちゃいますね																0	0	1	52	0	sound/data/pcm/c18/h/00_00.unity3d	h_hh_18_00_020	もう少しだけ、激しくしちゃいますね																0	0	1	52	0	sound/data/pcm/c18/h/00_00.unity3d	h_hh_18_02_020	さきっぽでいっぱいいっぱい、感じてくださいね																0	0	101	52	0	sound/data/pcm/c18/h/00_00.unity3d	h_hh_18_03_020	見てください……先っぽからでたカウパーが、糸引いちゃってます♪																0	0	201	52
21	0	sound/data/pcm/c18/h/00_00.unity3d	h_hh_18_00_021	ゆっくりなら……痛くない、ですよね？																0	0	1	52	0	sound/data/pcm/c18/h/00_00.unity3d	h_hh_18_01_021	このくらいでも、いいんですか？																0	0	1	52	0	sound/data/pcm/c18/h/00_00.unity3d	h_hh_18_02_021	どうですか？　私の手、下手じゃないですか？																0	0	101	52	0	sound/data/pcm/c18/h/00_00.unity3d	h_hh_18_03_021	おちんぽ、たくさん気持ちよくなってるの、反応でわかりますよ♪																0	0	201	52
22	0	sound/data/pcm/c18/h/00_00.unity3d	h_hh_18_00_022	私の手で、気持ちよくなってください																0	0	1	52	0	sound/data/pcm/c18/h/00_00.unity3d	h_hh_18_00_022	私の手で、気持ちよくなってください																0	0	1	52	0	sound/data/pcm/c18/h/00_00.unity3d	h_hh_18_02_022	手の中で、おちんちんが喜んでくれてるの、わかります																0	0	101	52	0	sound/data/pcm/c18/h/00_00.unity3d	h_hh_18_03_022	私のお手てまんこの中で、ゆっくりきもちよくなりましょうね																0	0	201	52
23	0	sound/data/pcm/c18/h/00_00.unity3d	h_hh_18_00_023	これくらいしても、大丈夫ですか？																0	0	1	52	0	sound/data/pcm/c18/h/00_00.unity3d	h_hh_18_01_023	強くしても、痛くはないんですね																0	0	1	52	0	sound/data/pcm/c18/h/00_00.unity3d	h_hh_18_02_023	おちんちん、私の手を出たり入ったりしてます																0	0	101	52	0	sound/data/pcm/c18/h/00_00.unity3d	h_hh_18_03_023	私の手、もう君のカウパーでドロドロ……																0	0	201	52
24	0	sound/data/pcm/c18/h/00_00.unity3d	h_hh_18_00_024	ちょっとだけ強くしますから……もっと、気持ちよくなってくださいね																0	0	1	52	0	sound/data/pcm/c18/h/00_00.unity3d	h_hh_18_00_024	ちょっとだけ強くしますから……もっと、気持ちよくなってくださいね																0	0	1	52	0	sound/data/pcm/c18/h/00_00.unity3d	h_hh_18_02_024	私の手で気持ちよくなってくれてるんですね、嬉しいっ																0	0	101	52	0	sound/data/pcm/c18/h/00_00.unity3d	h_hh_18_03_024	私のおてておまんこ、孕ませてくださいっ……																0	0	201	52
25	0	sound/data/pcm/c18/h/00_00.unity3d	h_hh_18_00_025	れるっ……こんなところが、いいんですか？																0	0	3	2	0	sound/data/pcm/c18/h/00_00.unity3d	h_hh_18_01_025	れるろっ……柔らかくて、変な感触です																0	0	3	2	0	sound/data/pcm/c18/h/00_00.unity3d	h_hh_18_02_025	れろ……ここ、そんなに気持ちいいんですか？　れるるぅ……顔、とろけてます																0	0	103	2	0	sound/data/pcm/c18/h/00_00.unity3d	h_hh_18_03_025	ずっしり重い……精液、溜まってるんですね……																0	0	203	2
26	0	sound/data/pcm/c18/h/00_00.unity3d	h_hh_18_00_026	れる、れる……ここって、急所なんじゃ……																0	0	3	2	0	sound/data/pcm/c18/h/00_00.unity3d	h_hh_18_00_026	れる、れる……ここって、急所なんじゃ……																0	0	3	2	0	sound/data/pcm/c18/h/00_00.unity3d	h_hh_18_02_026	れろろぉ……んっ、毛が、当たって……																0	0	103	2	0	sound/data/pcm/c18/h/00_00.unity3d	h_hh_18_03_026	ここ、おちんぽとは、ちょっと違う味……くさくて、しょっぱい……♪																0	0	203	2
27	0	sound/data/pcm/c18/h/00_00.unity3d	h_hh_18_00_027	れるるぅぅ……ここ、敏感なんですよね																0	0	3	2	0	sound/data/pcm/c18/h/00_00.unity3d	h_hh_18_01_027	じゅずうぅぅ……気持ちよく、してあげます																0	0	3	2	0	sound/data/pcm/c18/h/00_00.unity3d	h_hh_18_02_027	ちゅるれるうぅ……たまに震えるのは、精液、作ってるんですよね……かわいい																0	0	103	2	0	sound/data/pcm/c18/h/00_00.unity3d	h_hh_18_03_027	じゅるるうぅ、ちゅうぅ、ちゅっ……いっぱい舐めてあげるから、元気な精液、作ってくださいねぇ……																0	0	203	2
28	0	sound/data/pcm/c18/h/00_00.unity3d	h_hh_18_00_028	れるるるぅぅ……強く吸っても、痛くは、無いんですか？																0	0	3	2	0	sound/data/pcm/c18/h/00_00.unity3d	h_hh_18_00_028	れるるるぅぅ……強く吸っても、痛くは、無いんですか？																0	0	3	2	0	sound/data/pcm/c18/h/00_00.unity3d	h_hh_18_02_028	じゅるるるるぅ……じゅるっ、あなたの大事なところ、好き放題しちゃってます……♪																0	0	103	2	0	sound/data/pcm/c18/h/00_00.unity3d	h_hh_18_03_028	ちゅるる、じゅずぅ……あなたの金玉袋、陵辱してるみたいで……興奮しちゃいます																0	0	203	2
29	0	sound/data/pcm/c18/h/00_00.unity3d	h_hh_18_00_029	ここ、触っていいんですか？　急所なんじゃ……																0	0	1	52	0	sound/data/pcm/c18/h/00_00.unity3d	h_hh_18_01_029	本当に、痛くないんですよね？……まだちょっと不安で																0	0	1	52	0	sound/data/pcm/c18/h/00_00.unity3d	h_hh_18_02_029	ここ撫でると、おちんちんもびくぅってしちゃうんですね																0	0	101	52	0	sound/data/pcm/c18/h/00_00.unity3d	h_hh_18_03_029	金玉なでなでしてあげたら……もっと精液濃くなるんでしょうか？																0	0	201	52
30	0	sound/data/pcm/c18/h/00_00.unity3d	h_hh_18_00_030	できるだけ、気持ちよくなれるようにやってみます																0	0	1	52	0	sound/data/pcm/c18/h/00_00.unity3d	h_hh_18_00_030	できるだけ、気持ちよくなれるようにやってみます																0	0	1	52	0	sound/data/pcm/c18/h/00_00.unity3d	h_hh_18_02_030	ここで精液作ってるんですよね……そう思うと、愛しいかも																0	0	101	52	0	sound/data/pcm/c18/h/00_00.unity3d	h_hh_18_03_030	あなたの大事な場所……だからこそ、たくさん気持ちよくしてあげたいんです♪																0	0	201	52
31	0	sound/data/pcm/c18/h/00_00.unity3d	h_hh_18_00_031	強くしちっても、平気なんですか？																0	0	1	52	0	sound/data/pcm/c18/h/00_00.unity3d	h_hh_18_01_031	感じてくれてるみたいで、よかったです																0	0	1	52	0	sound/data/pcm/c18/h/00_00.unity3d	h_hh_18_02_031	あっ、こうやって撫でると、気持ちよくなってくれるんですね																0	0	101	52	0	sound/data/pcm/c18/h/00_00.unity3d	h_hh_18_03_031	あなたの金玉……好き放題しちゃいます♪																0	0	201	52
32	0	sound/data/pcm/c18/h/00_00.unity3d	h_hh_18_00_032	激しくして、でも痛くはしないように……難しいですね																0	0	1	52	0	sound/data/pcm/c18/h/00_00.unity3d	h_hh_18_00_032	激しくして、でも痛くはしないように……難しいですね																0	0	1	52	0	sound/data/pcm/c18/h/00_00.unity3d	h_hh_18_02_032	すこしずつですけど、この子を気持ちよくする方法、解ってきました																0	0	101	52	0	sound/data/pcm/c18/h/00_00.unity3d	h_hh_18_03_032	あなたのいちばん大事なところ、いちばん気持ちよくしてあげます																0	0	201	52
33	0	sound/data/pcm/c18/h/00_00.unity3d	h_hh_18_00_033	れるっ、さきっぽ、一番敏感なんですよね……れろぉ……																0	0	3	2	0	sound/data/pcm/c18/h/00_00.unity3d	h_hh_18_01_033	ちゅうぅ……さきっぽで、我慢できないくらい感じてほしいです……																0	0	3	2	0	sound/data/pcm/c18/h/00_00.unity3d	h_hh_18_02_033	れるれろぉ……んっ、さきっぽから、唾液じゃないの、出てきてます																0	0	103	2	0	sound/data/pcm/c18/h/00_00.unity3d	h_hh_18_03_033	れるぉぉれろ、れるるっ……ほら、亀頭呑み込んじゃいました																0	0	203	2
34	0	sound/data/pcm/c18/h/00_00.unity3d	h_hh_18_00_034	れろぉ……れるぅ、さきっぽ、気持ちいいですか？																0	0	3	2	0	sound/data/pcm/c18/h/00_00.unity3d	h_hh_18_00_034	れろぉ……れるぅ、さきっぽ、気持ちいいですか？																0	0	3	2	0	sound/data/pcm/c18/h/00_00.unity3d	h_hh_18_02_034	れるぉ、れるるぅ……さきっぽだけ、咥えてあげますね……気持ちいいですよね？																0	0	103	2	0	sound/data/pcm/c18/h/00_00.unity3d	h_hh_18_03_034	ちゅうっ、ちゅっ、ちゅっ……カウパーだらけの鈴口に、いっぱいキスしちゃいます♪																0	0	203	2
35	0	sound/data/pcm/c18/h/00_00.unity3d	h_hh_18_00_035	さきっぽ……るろろっ……激しくしちゃいますね																0	0	3	2	0	sound/data/pcm/c18/h/00_00.unity3d	h_hh_18_01_035	さきっぽから……ちゅるっ……どんどん溢れてきて……ちゅぅ……舐めきれない、んっ																0	0	3	2	0	sound/data/pcm/c18/h/00_00.unity3d	h_hh_18_02_035	れろぉ……れるるっ……カウパー、溢れてきてますっ																0	0	103	2	0	sound/data/pcm/c18/h/00_00.unity3d	h_hh_18_03_035	唾液よりもヌルヌルのカウパーで、私の口がいっぱいになっちゃいそう																0	0	203	2
36	0	sound/data/pcm/c18/h/00_00.unity3d	h_hh_18_00_036	ちゅるる……敏感なところ、気持ちよくしてあげます																0	0	3	2	0	sound/data/pcm/c18/h/00_00.unity3d	h_hh_18_00_036	ちゅるる……敏感なところ、気持ちよくしてあげます																0	0	3	2	0	sound/data/pcm/c18/h/00_00.unity3d	h_hh_18_02_036	れるるっ、れろぉ……さきっぽ、とろけさせてあげます																0	0	103	2	0	sound/data/pcm/c18/h/00_00.unity3d	h_hh_18_03_036	亀さん、びくんびくんってして……気持ちいいって言ってくれてるみたいです♪																0	0	203	2
37	0	sound/data/pcm/c18/h/00_00.unity3d	h_hh_18_00_037	んじゅるっ、ちゅう……歯、当たってないですよね？																0	0	5	2	0	sound/data/pcm/c18/h/00_00.unity3d	h_hh_18_01_037	ちゅるるるっ、ちゅうっ……ね、きもひ、いいれすか？																0	0	5	2	0	sound/data/pcm/c18/h/00_00.unity3d	h_hh_18_02_037	んっ……じゅるるぅっ……咥えるのも、慣れてきました																0	0	105	2	0	sound/data/pcm/c18/h/00_00.unity3d	h_hh_18_03_037	わたしのお口と……れるるぅ……セックスぅ……してるみたい……れる……ですぅ……																0	0	205	2
38	0	sound/data/pcm/c18/h/00_00.unity3d	h_hh_18_00_038	じゅるるっ、ちゅうっ、れるっ……どう……れすか？																0	0	5	2	0	sound/data/pcm/c18/h/00_00.unity3d	h_hh_18_00_038	じゅるるっ、ちゅうっ、れるっ……どう……れすか？																0	0	5	2	0	sound/data/pcm/c18/h/00_00.unity3d	h_hh_18_02_038	じゅるるうぅ……ちゅる、っちゅっ……ここ、弱いんですよね？																0	0	105	2	0	sound/data/pcm/c18/h/00_00.unity3d	h_hh_18_03_038	ちゅうぅ、じゅるぅ……おひんぽ、おいひぃ……																0	0	205	2
39	0	sound/data/pcm/c18/h/00_00.unity3d	h_hh_18_00_039	じゅるるうぅぅ……激しく、しちゃいます……																0	0	5	2	0	sound/data/pcm/c18/h/00_00.unity3d	h_hh_18_01_039	んっ、んっ……あなたの、おいしいかもです……																0	0	5	2	0	sound/data/pcm/c18/h/00_00.unity3d	h_hh_18_02_039	おちんちん……れるるぅ……おまんこよりも……じゅるぅ……気持ちよくしてあげますぅ……																0	0	105	2	0	sound/data/pcm/c18/h/00_00.unity3d	h_hh_18_03_039	じゅるるうぅぅう、じゅずぅぅぅっ……喉奥でも、受け入れられるように……れるぅ、調教、されちゃいましたぁ……																0	0	205	2
40	0	sound/data/pcm/c18/h/00_00.unity3d	h_hh_18_00_040	ちゅるるるぅ、ちゅうっ、激しいほうが……れるるぅ……感じますよねっ																0	0	5	2	0	sound/data/pcm/c18/h/00_00.unity3d	h_hh_18_00_040	ちゅるるるぅ、ちゅうっ、激しいほうが……れるるぅ……感じますよねっ																0	0	5	2	0	sound/data/pcm/c18/h/00_00.unity3d	h_hh_18_02_040	じゅぽぉ、じゅぞぞぞ、おちんちん、吸い込むみたいにぃ……じゅずずずぅ……これ、弱いんですよね♪																0	0	105	2	0	sound/data/pcm/c18/h/00_00.unity3d	h_hh_18_03_040	じゅぽぉ、じゅるるぞぞぉ、じゅうぅぅっ……おちんぽピストン奉仕ぃ……いいのぉっ																0	0	205	2
41	0	sound/data/pcm/c18/h/00_00.unity3d	h_hh_18_00_041	胸……うごかしちゃいますね																0	0	1	52	0	sound/data/pcm/c18/h/00_00.unity3d	h_hh_18_01_041	胸、ゆっくり上下に揺らしますね……																0	0	1	52	0	sound/data/pcm/c18/h/00_00.unity3d	h_hh_18_02_041	私のおっぱい、楽しんでくれてますか？																0	0	101	52	0	sound/data/pcm/c18/h/00_00.unity3d	h_hh_18_03_041	私のおっぱい、本当にすきなんですね																0	0	201	52
42	0	sound/data/pcm/c18/h/00_00.unity3d	h_hh_18_00_042	ただ動かすだけじゃなくて……あなたのにこすれるように…・…																0	0	1	52	0	sound/data/pcm/c18/h/00_00.unity3d	h_hh_18_00_042	ただ動かすだけじゃなくて……あなたのにこすれるように…・…																0	0	1	52	0	sound/data/pcm/c18/h/00_00.unity3d	h_hh_18_02_042	やわらかいおっぱいでされるの、嬉しいんですね……えっち																0	0	101	52	0	sound/data/pcm/c18/h/00_00.unity3d	h_hh_18_03_042	んっ、パイズリしてたら……私もちょっと感じちゃいました																0	0	201	52
43	0	sound/data/pcm/c18/h/00_00.unity3d	h_hh_18_00_043	胸で激しく……してあげますね																0	0	1	52	0	sound/data/pcm/c18/h/00_00.unity3d	h_hh_18_01_043	いっぱい胸、うごかしちゃますね																0	0	1	52	0	sound/data/pcm/c18/h/00_00.unity3d	h_hh_18_02_043	わたしのおっぱいで、幸せにしてあげます																0	0	101	52	0	sound/data/pcm/c18/h/00_00.unity3d	h_hh_18_03_043	このままおっぱいで、おちんぽイカせちゃいます																0	0	201	52
44	0	sound/data/pcm/c18/h/00_00.unity3d	h_hh_18_00_044	好きなだけ胸で……感じてください																0	0	1	52	0	sound/data/pcm/c18/h/00_00.unity3d	h_hh_18_00_044	好きなだけ胸で……感じてください																0	0	1	52	0	sound/data/pcm/c18/h/00_00.unity3d	h_hh_18_02_044	どうすれば、もっとおっぱいで気持ちよくなりますか？																0	0	101	52	0	sound/data/pcm/c18/h/00_00.unity3d	h_hh_18_03_044	胸でしてると……なぜだか母性、感じちゃうんです♪																0	0	201	52
45	0	sound/data/pcm/c18/h/00_00.unity3d	h_hh_18_00_045	胸……自信ないですけど、がんばりますから																0	0	1	52	0	sound/data/pcm/c18/h/00_00.unity3d	h_hh_18_01_045	小さくても、あなたを気持ちよくできるんです																0	0	1	52	0	sound/data/pcm/c18/h/00_00.unity3d	h_hh_18_02_045	おっぱい、小さいけど……それでも、気持ちよくしてあげたいから……																0	0	101	52	0	sound/data/pcm/c18/h/00_00.unity3d	h_hh_18_03_045	小さいおっぱいでも、これが好きなんですよね……ふふっ																0	0	201	52
46	0	sound/data/pcm/c18/h/00_00.unity3d	h_hh_18_00_046	胸、小さくても……気持ちよく、できるんです																0	0	1	52	0	sound/data/pcm/c18/h/00_00.unity3d	h_hh_18_01_046	小さい胸でも、感じてくれてるんですね																0	0	1	52	0	sound/data/pcm/c18/h/00_00.unity3d	h_hh_18_02_046	小さなおっぱいでいいなら……愛してください																0	0	101	52	0	sound/data/pcm/c18/h/00_00.unity3d	h_hh_18_03_046	大きさでたりないなら……その分、激しくしちゃいます																0	0	201	52
47	0	sound/data/pcm/c18/h/00_00.unity3d	h_hh_18_00_047	私の胸に、あなたの全部おさまっちゃってます																0	0	1	52	0	sound/data/pcm/c18/h/00_00.unity3d	h_hh_18_01_047	男の人って、やっぱりおっぱいが好きなんですね……大きくて、よかったぁ……																0	0	1	52	0	sound/data/pcm/c18/h/00_00.unity3d	h_hh_18_02_047	あなたのおちんちん、おっぱいで全部隠れちゃいました																0	0	101	52	0	sound/data/pcm/c18/h/00_00.unity3d	h_hh_18_03_047	あなたの大好きな、わたしのおっぱいですよ♪　柔らかさ、おちんぽで感じてください																0	0	201	52
48	0	sound/data/pcm/c18/h/00_00.unity3d	h_hh_18_00_048	私の胸……きもちいいですか？																0	0	1	52	0	sound/data/pcm/c18/h/00_00.unity3d	h_hh_18_01_048	胸激しくされて、形くずれちゃうっ……																0	0	1	52	0	sound/data/pcm/c18/h/00_00.unity3d	h_hh_18_02_048	おちんちん、私のおっぱいに出たり入ったり……気持ちいいですよね♪																0	0	101	52	0	sound/data/pcm/c18/h/00_00.unity3d	h_hh_18_03_048	わたしのおっぱいまんこ……すきなだけ犯してくださいねっ																0	0	201	52
49	0	sound/data/pcm/c18/h/00_00.unity3d	h_hh_18_00_049	舐めながら……れろっ、挟んで……れる……どうですか？　上手くできてますか？																0	0	3	2	0	sound/data/pcm/c18/h/00_00.unity3d	h_hh_18_01_049	んっ……これ、結構、疲れそうです……																0	0	3	2	0	sound/data/pcm/c18/h/00_00.unity3d	h_hh_18_02_049	ちゅっ……れる……おちんちん、かわいがってあげますね																0	0	103	2	0	sound/data/pcm/c18/h/00_00.unity3d	h_hh_18_03_049	れるるっ、じゅるうっ……おっぱいとお口で、ご奉仕します																0	0	203	2
50	0	sound/data/pcm/c18/h/00_00.unity3d	h_hh_18_00_050	れるれるぅ……胸でも、舌でも、気持ちよくなってください																0	0	3	2	0	sound/data/pcm/c18/h/00_00.unity3d	h_hh_18_00_050	れるれるぅ……胸でも、舌でも、気持ちよくなってください																0	0	3	2	0	sound/data/pcm/c18/h/00_00.unity3d	h_hh_18_02_050	ちゅっ、れろ、れるる……んっ、おっぱいとベロの、同時責めです																0	0	103	2	0	sound/data/pcm/c18/h/00_00.unity3d	h_hh_18_03_050	おっぱいまんこと、ベロまんこ……どっちも気持ちいいでしょう？																0	0	203	2
51	0	sound/data/pcm/c18/h/00_00.unity3d	h_hh_18_00_051	おっぱいと舌で……激しくしますね																0	0	3	2	0	sound/data/pcm/c18/h/00_00.unity3d	h_hh_18_01_051	じゅっ……激しくするから……ちゅぅっ……おっぱいと舌で、いっぱい感じてください																0	0	3	2	0	sound/data/pcm/c18/h/00_00.unity3d	h_hh_18_02_051	ちゅうっ、じゅるる……舌で舐めると、おっぱいの中でおちんちんがビクってしてます																0	0	103	2	0	sound/data/pcm/c18/h/00_00.unity3d	h_hh_18_03_051	おちんちん、気持ちよくなってますね……じゃあ、おっぱいも舌も、もっと激しくします♪																0	0	203	2
52	0	sound/data/pcm/c18/h/00_00.unity3d	h_hh_18_00_052	舌でぬるぬるになったおちんちんを……じゅるっ、おっぱいで擦って……どうですか？																0	0	3	2	0	sound/data/pcm/c18/h/00_00.unity3d	h_hh_18_00_052	舌でぬるぬるになったおちんちんを……じゅるっ、おっぱいで擦って……どうですか？																0	0	3	2	0	sound/data/pcm/c18/h/00_00.unity3d	h_hh_18_02_052	じゅる……おちんちん、胸の中で……ちゅう……ビクビク震えてます																0	0	103	2	0	sound/data/pcm/c18/h/00_00.unity3d	h_hh_18_03_052	ちゅぅっ……おっぱいまんこにピストンして……ちゅっ……お口子宮にキスしてぇっ																0	0	203	2
53	0	sound/data/pcm/c18/h/00_00.unity3d	h_hh_18_00_053	胸、小さくても、口を使えば……																0	0	3	2	0	sound/data/pcm/c18/h/00_00.unity3d	h_hh_18_01_053	胸だけじゃなくて……舌でも、気持ちよくしますね																0	0	3	2	0	sound/data/pcm/c18/h/00_00.unity3d	h_hh_18_02_053	おっぱいは小さいけど……舌使いなら自信、あります……																0	0	103	2	0	sound/data/pcm/c18/h/00_00.unity3d	h_hh_18_03_053	じゅるるぅっ……ちゅっ、ちゅっ……小さなおっぱいでも、あなたを虜にしてみせます……																0	0	203	2
54	0	sound/data/pcm/c18/h/00_00.unity3d	h_hh_18_00_054	どうですか……ちゅるう……こんな胸でも……ちゅぅ……気持ちよく出来るんです																0	0	3	2	0	sound/data/pcm/c18/h/00_00.unity3d	h_hh_18_01_054	れる……れろ……ちゅぅ……小さな胸でも、お口なら負けません……																0	0	3	2	0	sound/data/pcm/c18/h/00_00.unity3d	h_hh_18_02_054	ちゅるぅ……ちゅっ……小さな胸でも、気持ちよくできてるでしょう？																0	0	103	2	0	sound/data/pcm/c18/h/00_00.unity3d	h_hh_18_03_054	じゅるぅ……おっぱいなんかなくても……ちゅぅ、あなたの彼女として相応しいって……ちゅっ……思わせてあげます																0	0	203	2
55	0	sound/data/pcm/c18/h/00_00.unity3d	h_hh_18_00_055	んっ……胸ではさみながら舐める……難しいですね																0	0	3	2	0	sound/data/pcm/c18/h/00_00.unity3d	h_hh_18_01_055	れろ……れろ……胸、好きですもんね……嬉しくなって……れる……くれてますか？																0	0	3	2	0	sound/data/pcm/c18/h/00_00.unity3d	h_hh_18_02_055	じゅぅっ……れる……あなたにご奉仕できるから……おっぱい大きくて……よかったぁ……																0	0	103	2	0	sound/data/pcm/c18/h/00_00.unity3d	h_hh_18_03_055	どうですか……れろぉ……私のおっぱいで……全部包み込んじゃいます																0	0	203	2
56	0	sound/data/pcm/c18/h/00_00.unity3d	h_hh_18_00_056	胸……じゅるっ……れるっ……どうですか？																0	0	3	2	0	sound/data/pcm/c18/h/00_00.unity3d	h_hh_18_01_056	れろぉ……あなたの大きいの……れるぅ……こんなふうにはさみながら舐められるの……わたしくらいなんですからね																0	0	3	2	0	sound/data/pcm/c18/h/00_00.unity3d	h_hh_18_02_056	れるるぅ……あなたのおちんちん……谷間から出たり入ったり……れるぅ……かわいい……																0	0	103	2	0	sound/data/pcm/c18/h/00_00.unity3d	h_hh_18_03_056	気持ちよくなってるみたいで……れるぅ……嬉しい……もっとおっぱいで、ご奉仕しますね																0	0	203	2
57	0	sound/data/pcm/c18/h/00_00.unity3d	h_hh_18_00_057	じゅぷっ、じゅるる……むねも……つかいましゅ……																0	0	5	2	0	sound/data/pcm/c18/h/00_00.unity3d	h_hh_18_01_057	じゅぽぉ……じゅぽっ……ふぇらちおも……むねも……堪能して……れる……くださいね																0	0	5	2	0	sound/data/pcm/c18/h/00_00.unity3d	h_hh_18_02_057	おっぱい……好きですもんねぇ……いっぱい……れるぅ……感じて……																0	0	105	2	0	sound/data/pcm/c18/h/00_00.unity3d	h_hh_18_03_057	じゅる……じゅぷぷ……じゅるぅ……おっぱいまんこと……おくちまんこ……どうじに、楽しんでください……																0	0	205	2
58	0	sound/data/pcm/c18/h/00_00.unity3d	h_hh_18_00_058	じゅぼぉ……じゅるぅ……胸のかんしょくもぉ……お口の中も……れるぅ……楽しんでぇ……																0	0	5	2	0	sound/data/pcm/c18/h/00_00.unity3d	h_hh_18_00_058	じゅぼぉ……じゅるぅ……胸のかんしょくもぉ……お口の中も……れるぅ……楽しんでぇ……																0	0	5	2	0	sound/data/pcm/c18/h/00_00.unity3d	h_hh_18_02_058	れるる……おっぱいも……れるぅ……お口も……わたしのぜんぶはぁ……あなたのものですぅ……																0	0	105	2	0	sound/data/pcm/c18/h/00_00.unity3d	h_hh_18_03_058	じゅぷっ、じゅるる……おっぱいで包みながら……おちんぽザーメン……お口で受け止めるの……																0	0	205	2
59	0	sound/data/pcm/c18/h/00_00.unity3d	h_hh_18_00_059	ちゅっ、じゅぞぞぉ……あなたのが激しく……口の中で、あばれてますぅ……																0	0	5	2	0	sound/data/pcm/c18/h/00_00.unity3d	h_hh_18_01_059	あなたのぉ……じゅるるぅ……胸とお口で……全部感じてますぅ……																0	0	5	2	0	sound/data/pcm/c18/h/00_00.unity3d	h_hh_18_02_059	じゅぷぷ、じゅるうるるぅ……はさみながら……いっぱい吸って、あげます……♪																0	0	105	2	0	sound/data/pcm/c18/h/00_00.unity3d	h_hh_18_03_059	おちんぽぉ……おっぱいとお口の全部で……れるぅ……味わってるのぉ……れるるう……おいしいっ……♪																0	0	205	2
60	0	sound/data/pcm/c18/h/00_00.unity3d	h_hh_18_00_060	じゅるるぅ……あっ、あなたの……胸の中で収まってくれないぃ……																0	0	5	2	0	sound/data/pcm/c18/h/00_00.unity3d	h_hh_18_00_060	じゅるるぅ……あっ、あなたの……胸の中で収まってくれないぃ……																0	0	5	2	0	sound/data/pcm/c18/h/00_00.unity3d	h_hh_18_02_060	じゅぞぞぉ……おっぱいでも……れる……お口でも……いっぱいすきしてぇっ……																0	0	105	2	0	sound/data/pcm/c18/h/00_00.unity3d	h_hh_18_03_060	れっるるうぅう……おっぱいもお口も……全部おちんぽのものですぅっ……																0	0	205	2
61	0	sound/data/pcm/c18/h/00_00.unity3d	h_hh_18_00_061	じゅるっ、じゅぞぉぉお……小さくても……口を使えば……																0	0	5	2	0	sound/data/pcm/c18/h/00_00.unity3d	h_hh_18_01_061	れるるぅっ……どう、れすか……少し小さいけど……口もつかえば……れるぅ……きもちいいれしょうっ？																0	0	5	2	0	sound/data/pcm/c18/h/00_00.unity3d	h_hh_18_02_061	ん……じゅるるぅ……小さくても、柔らかいんですよぉ……じゅるぅ……																0	0	105	2	0	sound/data/pcm/c18/h/00_00.unity3d	h_hh_18_03_061	れっるるるぅ……おっぱい小さくても……れるぅ……あなたを喜ばせられるのは……私だけ、ですよ……れろぉ																0	0	205	2
62	0	sound/data/pcm/c18/h/00_00.unity3d	h_hh_18_00_062	んじゅぽぉ……じゅずぅ……小さくても……れるぅ……気持ちよくはさせられるんです……																0	0	5	2	0	sound/data/pcm/c18/h/00_00.unity3d	h_hh_18_01_062	じゅるれろぉ……激しく舐めてあげれば……小さくてもっ……じゅるぅぅるっ																0	0	5	2	0	sound/data/pcm/c18/h/00_00.unity3d	h_hh_18_02_062	れっるぅれる……他のおっぱい大きい子じゃ……こんなに激しくは、してくれませんよ……																0	0	105	2	0	sound/data/pcm/c18/h/00_00.unity3d	h_hh_18_03_062	じゅず、じゅるるうぅ……じゅっ……おっぱい小さいけど……あなたはそれが……好きなんですよね♪																0	0	205	2
63	0	sound/data/pcm/c18/h/00_00.unity3d	h_hh_18_00_063	じゅるぅう……胸も、舌もつかって……気持ちよく……したいんですっ……																0	0	5	2	0	sound/data/pcm/c18/h/00_00.unity3d	h_hh_18_01_063	じゅるぅ……じゅずっ……わたしの胸……楽しんでください……																0	0	5	2	0	sound/data/pcm/c18/h/00_00.unity3d	h_hh_18_02_063	じゅっれるぅ……胸でのご奉仕……できて……れるぅ……大きなおっぱいで……よかったぁ……																0	0	105	2	0	sound/data/pcm/c18/h/00_00.unity3d	h_hh_18_03_063	れっるうぅ……パイズリフェラ……あなたのおちんぽぉ……れるぅ……たくさん感じられて……すきぃ……																0	0	205	2
64	0	sound/data/pcm/c18/h/00_00.unity3d	h_hh_18_00_064	ちゅっ、じゅるぅ……胸とお口で……あなたの幸せにしてあげたいです……																0	0	5	2	0	sound/data/pcm/c18/h/00_00.unity3d	h_hh_18_01_064	じゅっ、じゅるるぅ……私の胸におちんちん埋めて……気持ちいいですか？																0	0	5	2	0	sound/data/pcm/c18/h/00_00.unity3d	h_hh_18_02_064	あなたが望んでくれるから……じゅぽぉ……自分の大きなおっぱい……好きになっちゃいましたぁ……																0	0	105	2	0	sound/data/pcm/c18/h/00_00.unity3d	h_hh_18_03_064	んっ……おっぱいの中で……唾液とカウパーに塗れたおちんぽが……じゅるっ、暴れてるぅ……																0	0	205	2
65	0	sound/data/pcm/c18/h/00_00.unity3d	h_hh_18_00_065	すごいです……こんなに大きくなるんですね……																0	0	2	52	0	sound/data/pcm/c18/h/00_00.unity3d	h_hh_18_00_065	すごいです……こんなに大きくなるんですね……																0	0	2	52	0	sound/data/pcm/c18/h/00_00.unity3d	h_hh_18_02_065	おちんちん、熱くなってます……イキそう、なんですね																0	0	102	52	0	sound/data/pcm/c18/h/00_00.unity3d	h_hh_18_03_065	おちんちんビクンビクンって……もうイキそうなんですね																0	0	202	52
66	0	sound/data/pcm/c18/h/00_00.unity3d	h_hh_18_00_066	もっと……もぉっときもちよくなってください……																0	0	2	52	0	sound/data/pcm/c18/h/00_00.unity3d	h_hh_18_00_066	もっと……もぉっときもちよくなってください……																0	0	2	52	0	sound/data/pcm/c18/h/00_00.unity3d	h_hh_18_02_066	もう、イキそうなんですか？　……どうぞ																0	0	102	52	0	sound/data/pcm/c18/h/00_00.unity3d	h_hh_18_03_066	おちんぽ気持ちよくなって……いっぱいザーメン出してくださいねっ																0	0	202	52
67	0	sound/data/pcm/c18/h/00_00.unity3d	h_hh_18_00_067	もう、イキそうなんですか……？　私で気持ちよくなってくれたんですね……嬉しいな																0	0	2	52	0	sound/data/pcm/c18/h/00_00.unity3d	h_hh_18_00_067	もう、イキそうなんですか……？　私で気持ちよくなってくれたんですね……嬉しいな																0	0	2	52	0	sound/data/pcm/c18/h/00_00.unity3d	h_hh_18_02_067	あなたが一番気持ちいいタイミングで……イッてくださいね																0	0	102	52	0	sound/data/pcm/c18/h/00_00.unity3d	h_hh_18_03_067	たくさん感じて、たくさん出してくださいね♪																0	0	202	52
68	0	sound/data/pcm/c18/h/00_00.unity3d	h_hh_18_00_068	れる……ちゅっ……あなたの、膨らんでる……																0	0	4	2	0	sound/data/pcm/c18/h/00_00.unity3d	h_hh_18_00_068	れる……ちゅっ……あなたの、膨らんでる……																0	0	4	2	0	sound/data/pcm/c18/h/00_00.unity3d	h_hh_18_02_068	じゅるっ、ちゅうっ、じゅるっ……好きな時に、好きなだけ出してください																0	0	104	2	0	sound/data/pcm/c18/h/00_00.unity3d	h_hh_18_03_068	れるろぉ……れろっ……イクまで、なめててあげますからね																0	0	204	2
69	0	sound/data/pcm/c18/h/00_00.unity3d	h_hh_18_00_069	ちゅっ……れる……もう、果てちゃいそう……なんですね																0	0	4	2	0	sound/data/pcm/c18/h/00_00.unity3d	h_hh_18_00_069	ちゅっ……れる……もう、果てちゃいそう……なんですね																0	0	4	2	0	sound/data/pcm/c18/h/00_00.unity3d	h_hh_18_02_069	ちゅるっ、れるるっ……あなたのおちんちん……つらそう……																0	0	104	2	0	sound/data/pcm/c18/h/00_00.unity3d	h_hh_18_03_069	れるるぅ、れるっ、れろっ……いっぱい、イッてください																0	0	204	2
70	0	sound/data/pcm/c18/h/00_00.unity3d	h_hh_18_00_070	れっろぉ……ちゅっ……いつでも、好きな時に出していいんです……																0	0	4	2	0	sound/data/pcm/c18/h/00_00.unity3d	h_hh_18_00_070	れっろぉ……ちゅっ……いつでも、好きな時に出していいんです……																0	0	4	2	0	sound/data/pcm/c18/h/00_00.unity3d	h_hh_18_02_070	れるるっ、るろぉ……我慢なんて、しないでくださいね																0	0	104	2	0	sound/data/pcm/c18/h/00_00.unity3d	h_hh_18_03_070	ちゅっ、ちゅぅぅっ……イクまで、おちんぽにキスし続けますね																0	0	204	2
71	0	sound/data/pcm/c18/h/00_00.unity3d	h_hh_18_00_071	ちゅっ、じゅぶぅ……おくひのなかで……ビクンってしてまふぅ……																0	0	6	2	0	sound/data/pcm/c18/h/00_00.unity3d	h_hh_18_00_071	ちゅっ、じゅぶぅ……おくひのなかで……ビクンってしてまふぅ……																0	0	6	2	0	sound/data/pcm/c18/h/00_00.unity3d	h_hh_18_02_071	じゅるるうぅ……出したい時に、出してくださいぃ																0	0	106	2	0	sound/data/pcm/c18/h/00_00.unity3d	h_hh_18_03_071	せいえき……じゅぽぉ……わらしにくらさいっ……																0	0	206	2
72	0	sound/data/pcm/c18/h/00_00.unity3d	h_hh_18_00_072	じゅぷぅ……すごく、おおきくなってるぅ……																0	0	6	2	0	sound/data/pcm/c18/h/00_00.unity3d	h_hh_18_00_072	じゅぷぅ……すごく、おおきくなってるぅ……																0	0	6	2	0	sound/data/pcm/c18/h/00_00.unity3d	h_hh_18_02_072	じゅるうぅぅぅ、おちんちん……おくひのなかで……震えてますぅ……																0	0	106	2	0	sound/data/pcm/c18/h/00_00.unity3d	h_hh_18_03_072	じゅっぽぉ……ザーメン……ほしいのぉっ……																0	0	206	2
73	0	sound/data/pcm/c18/h/00_00.unity3d	h_hh_18_00_073	じゅぷぅぅっ、もう……果てそう、れすかぁ……？																0	0	6	2	0	sound/data/pcm/c18/h/00_00.unity3d	h_hh_18_00_073	じゅぷぅぅっ、もう……果てそう、れすかぁ……？																0	0	6	2	0	sound/data/pcm/c18/h/00_00.unity3d	h_hh_18_02_073	もう……せいえき……れろぉ……出そうなんですねぇ……じゅぷぅ……																0	0	106	2	0	sound/data/pcm/c18/h/00_00.unity3d	h_hh_18_03_073	おくひでピストン……れるぅ……してあげますから……いっぱいらしてぇ……																0	0	206	2
74	0	sound/data/pcm/c18/h/00_00.unity3d	h_hh_18_00_074	は、はい……だして、ください																0	0	2	52	0	sound/data/pcm/c18/h/00_00.unity3d	h_hh_18_01_074	あなたの精液……わたしにくださいっ																0	0	2	52	0	sound/data/pcm/c18/h/00_00.unity3d	h_hh_18_02_074	あなたのすきなところに、出してください																0	0	102	52	0	sound/data/pcm/c18/h/00_00.unity3d	h_hh_18_03_074	ぷるぷるのザーメン……だしちゃってください																0	0	202	52
75	0	sound/data/pcm/c18/h/00_00.unity3d	h_hh_18_00_075	いっぱい……くださいね																0	0	2	52	0	sound/data/pcm/c18/h/00_00.unity3d	h_hh_18_00_075	いっぱい……くださいね																0	0	2	52	0	sound/data/pcm/c18/h/00_00.unity3d	h_hh_18_02_075	精液、私がもらっちゃいます																0	0	102	52	0	sound/data/pcm/c18/h/00_00.unity3d	h_hh_18_03_075	たくさん、気持ちいい証……だしてぇ																0	0	202	52
76	0	sound/data/pcm/c18/h/00_00.unity3d	h_hh_18_00_076	濃いの……私にください																0	0	2	52	0	sound/data/pcm/c18/h/00_00.unity3d	h_hh_18_00_076	濃いの……私にください																0	0	2	52	0	sound/data/pcm/c18/h/00_00.unity3d	h_hh_18_02_076	あなたのお汁……出してください																0	0	102	52	0	sound/data/pcm/c18/h/00_00.unity3d	h_hh_18_03_076	わたしに、ザーメンでるところ、見せてくださいっ																0	0	202	52
77	0	sound/data/pcm/c18/h/00_00.unity3d	h_hh_18_00_077	れるぅ……れろっ……出して……くださいっ																0	0	4	2	0	sound/data/pcm/c18/h/00_00.unity3d	h_hh_18_01_077	れろぉ……れるれる……はい、くださいっ																0	0	4	2	0	sound/data/pcm/c18/h/00_00.unity3d	h_hh_18_02_077	れる……れろぉ……好きなだけ、出してください																0	0	104	2	0	sound/data/pcm/c18/h/00_00.unity3d	h_hh_18_03_077	れろぉぉ……れる……あなたの精子……びゅーってするところ……みせてぇ……																0	0	204	2
78	0	sound/data/pcm/c18/h/00_00.unity3d	h_hh_18_00_078	れるるぅぅ……あなたの濃いの……だしてぇ																0	0	4	2	0	sound/data/pcm/c18/h/00_00.unity3d	h_hh_18_00_078	れるるぅぅ……あなたの濃いの……だしてぇ																0	0	4	2	0	sound/data/pcm/c18/h/00_00.unity3d	h_hh_18_02_078	れるるぉ……舐め取りますから……出してくだいっ																0	0	104	2	0	sound/data/pcm/c18/h/00_00.unity3d	h_hh_18_03_078	れるぅ……れろぉ……わたしを、ザーメンまみれにしてくださいっ																0	0	204	2
79	0	sound/data/pcm/c18/h/00_00.unity3d	h_hh_18_00_079	ちゅっ、ちゅうぅ……はい……私に、かけてくださいっ																0	0	4	2	0	sound/data/pcm/c18/h/00_00.unity3d	h_hh_18_00_079	ちゅっ、ちゅうぅ……はい……私に、かけてくださいっ																0	0	4	2	0	sound/data/pcm/c18/h/00_00.unity3d	h_hh_18_02_079	ちゅっ、ちゅううっ、ちゅっ……出るまでおちんちんに、キスしてますね♪																0	0	104	2	0	sound/data/pcm/c18/h/00_00.unity3d	h_hh_18_03_079	あなたの精子ぃ……大好きな精子ぃ……出してぇっ……																0	0	204	2
80	0	sound/data/pcm/c18/h/00_00.unity3d	h_hh_18_00_080	じゅぽっ、ぐぽっ……はいぃ、どうぞ……																0	0	6	2	0	sound/data/pcm/c18/h/00_00.unity3d	h_hh_18_01_080	じゅぽっ、じゅぷぅ……はい、出してください																0	0	6	2	0	sound/data/pcm/c18/h/00_00.unity3d	h_hh_18_02_080	じゅぽっじゅっ……はい、出して……くださいっ																0	0	106	2	0	sound/data/pcm/c18/h/00_00.unity3d	h_hh_18_03_080	じゅるるぅ、じゅぽっ……はい、出るところ、近くで見せてください																0	0	206	2
81	0	sound/data/pcm/c18/h/00_00.unity3d	h_hh_18_00_081	れるるぉ……じゅっ、じゅずっ……あなたの、くださいっ																0	0	6	2	0	sound/data/pcm/c18/h/00_00.unity3d	h_hh_18_00_081	れるるぉ……じゅっ、じゅずっ……あなたの、くださいっ																0	0	6	2	0	sound/data/pcm/c18/h/00_00.unity3d	h_hh_18_02_081	じゅぽぉ、じゅるぅ……おちんちんから精液……くださいっ																0	0	106	2	0	sound/data/pcm/c18/h/00_00.unity3d	h_hh_18_03_081	じゅぽっ、じゅぽぉ、じゅぽっ……ザーメン出してぇっ……																0	0	206	2
82	0	sound/data/pcm/c18/h/00_00.unity3d	h_hh_18_00_082	じゅぽぉ、れるるぅ……お好きなように、どうぞ……																0	0	6	2	0	sound/data/pcm/c18/h/00_00.unity3d	h_hh_18_00_082	じゅぽぉ、れるるぅ……お好きなように、どうぞ……																0	0	6	2	0	sound/data/pcm/c18/h/00_00.unity3d	h_hh_18_02_082	れろぉ……じゅぷぅ……じゅるるっっ、おちんちんから噴き出すところ、見せてください																0	0	106	2	0	sound/data/pcm/c18/h/00_00.unity3d	h_hh_18_03_082	じゅぽぽぉ、じゅるるぅっ、じゅっ……好きなだけ、ザーメンで私を汚してっ……																0	0	206	2
83	0	sound/data/pcm/c18/h/00_00.unity3d	h_hh_18_00_083	じゅるっ……はい……初めての精液……くださいっ																0	0	6	2	0	sound/data/pcm/c18/h/00_00.unity3d	h_hh_18_01_083	ちゅっ、じゅぽぉ……はい、私にくださいっ																0	0	6	2	0	sound/data/pcm/c18/h/00_00.unity3d	h_hh_18_02_083	じゅぷぅ……じゅっぷ、じゅるぅ……はい、くらはいっ																0	0	106	2	0	sound/data/pcm/c18/h/00_00.unity3d	h_hh_18_03_083	じゅぽっ、じゅぽぉっ……あなたの特濃ザーメン……わたしにくださいっ																0	0	206	2
84	0	sound/data/pcm/c18/h/00_00.unity3d	h_hh_18_00_084	んちゅううぅっ……はい、お口の中に、出してくださいっ																0	0	6	2	0	sound/data/pcm/c18/h/00_00.unity3d	h_hh_18_00_084	んちゅううぅっ……はい、お口の中に、出してくださいっ																0	0	6	2	0	sound/data/pcm/c18/h/00_00.unity3d	h_hh_18_02_084	じゅぽぉ、じゅるるぅ……精液……飲ませてくださいっ																0	0	106	2	0	sound/data/pcm/c18/h/00_00.unity3d	h_hh_18_03_084	じゅぷぅ……じゅるるぅ……わらしのおくち……孕ませてっ																0	0	206	2
85	0	sound/data/pcm/c18/h/00_00.unity3d	h_hh_18_00_085	んちゅるる……口の中、あなたので満たしてくださいっ……																0	0	6	2	0	sound/data/pcm/c18/h/00_00.unity3d	h_hh_18_00_085	んちゅるる……口の中、あなたので満たしてくださいっ……																0	0	6	2	0	sound/data/pcm/c18/h/00_00.unity3d	h_hh_18_02_085	口の中で……じゅっぷぅ……最高に気持ちよく……れるぅ……なってくらはいっ……																0	0	106	2	0	sound/data/pcm/c18/h/00_00.unity3d	h_hh_18_03_085	れるぅ、ぐっぽ、ぐぽぉ……最後は、激しいお口ピストンで……れるぅ……イッてくださいっ……																0	0	206	2
86	0																			0	0	2	52	0																			0	0	2	52	0	sound/data/pcm/c18/h/00_00.unity3d	h_hh_18_02_142	私に精子かけてくれるんですか……？　うれしいです……																0	0	102	52	0																			0	0	202	52
87	0																			0	0	4	2	0																			0	0	4	2	0	sound/data/pcm/c18/h/00_00.unity3d	h_hh_18_02_143	かけるときは遠慮しないで……あなたのタイミングでいいですから……																0	0	104	2	0																			0	0	204	2
88	0																			0	0	6	2	0																			0	0	6	2	0	sound/data/pcm/c18/h/00_00.unity3d	h_hh_18_02_144	わかりました……たくさんかけてください……																0	0	106	2	0																			0	0	206	2
89	0	sound/data/pcm/c18/h/00_00.unity3d	h_hh_18_00_086	きゃっ……																0	0	7	3	0	sound/data/pcm/c18/h/00_00.unity3d	h_hh_18_00_086	きゃっ……																0	0	7	3	0	sound/data/pcm/c18/h/00_00.unity3d	h_hh_18_02_086	たくさん、でちゃってますっ																0	0	107	3	0	sound/data/pcm/c18/h/00_00.unity3d	h_hh_18_03_086	ザーメン、でてますぅっ																0	0	207	3
90	0	sound/data/pcm/c18/h/00_00.unity3d	h_hh_18_00_087	あっ……でてますっ																0	0	7	3	0	sound/data/pcm/c18/h/00_00.unity3d	h_hh_18_00_087	あっ……でてますっ																0	0	7	3	0	sound/data/pcm/c18/h/00_00.unity3d	h_hh_18_02_087	精液……少しもったいないっておもっちゃいます																0	0	107	3	0	sound/data/pcm/c18/h/00_00.unity3d	h_hh_18_03_087	あなたの精液……プリプリです……																0	0	207	3
91	0	sound/data/pcm/c18/h/00_00.unity3d	h_hh_18_00_088	んっ……熱い、です……																0	0	8	3	0	sound/data/pcm/c18/h/00_00.unity3d	h_hh_18_00_088	んっ……熱い、です……																0	0	8	3	0	sound/data/pcm/c18/h/00_00.unity3d	h_hh_18_02_088	あぁ……ベトベトになっちゃいました																0	0	108	3	0	sound/data/pcm/c18/h/00_00.unity3d	h_hh_18_03_088	あなたに全身……汚されちゃいました♪																0	0	208	3
92	0	sound/data/pcm/c18/h/00_00.unity3d	h_hh_18_00_089	精液……って、こんなに、ネバネバなんですね																0	0	9	52	0	sound/data/pcm/c18/h/00_00.unity3d	h_hh_18_01_089	あなたの熱いので……気持ちよくなってくれたのがわかって……嬉しいです																0	0	9	52	0	sound/data/pcm/c18/h/00_00.unity3d	h_hh_18_02_089	あなたに……汚されちゃいました																0	0	109	52	0	sound/data/pcm/c18/h/00_00.unity3d	h_hh_18_03_089	満足、できましたか♪　まだなら……もう一回♪																0	0	209	52
93	0	sound/data/pcm/c18/h/00_00.unity3d	h_hh_18_00_090	精液熱くて……なんか、すごいです……																0	0	9	52	0	sound/data/pcm/c18/h/00_00.unity3d	h_hh_18_00_090	精液熱くて……なんか、すごいです……																0	0	9	52	0	sound/data/pcm/c18/h/00_00.unity3d	h_hh_18_02_090	精液、とっても熱いです……																0	0	109	52	0	sound/data/pcm/c18/h/00_00.unity3d	h_hh_18_03_090	すごい量です……それだけ、気持ちよくなってくれたんですね																0	0	209	52
94	0	sound/data/pcm/c18/h/00_00.unity3d	h_hh_18_00_091	あなたに汚されるのは……嫌な気持ちがしないです。																0	0	9	52	0	sound/data/pcm/c18/h/00_00.unity3d	h_hh_18_01_091	身体のあちこちに……とび散っていますね……																0	0	9	52	0	sound/data/pcm/c18/h/00_00.unity3d	h_hh_18_02_091	こんなにかけてもらえて……うれしいです。																0	0	109	52	0	sound/data/pcm/c18/h/00_00.unity3d	h_hh_18_03_091	熱くて、プリプリで……すごくエッチな精液です																0	0	209	52
95	0	sound/data/pcm/c18/h/00_00.unity3d	h_hh_18_00_092	苦いですけど……あなたのですから																0	0	9	52	0	sound/data/pcm/c18/h/00_00.unity3d	h_hh_18_01_092	あなたのなら……なんでも欲しいんです																0	0	9	52	0	sound/data/pcm/c18/h/00_00.unity3d	h_hh_18_02_092	美味しくないはずなのに、好きなんです……変、ですか？																0	0	109	52	0	sound/data/pcm/c18/h/00_00.unity3d	h_hh_18_03_092	もっとたくさん、飲みたいですっ																0	0	209	52
96	0	sound/data/pcm/c18/h/00_00.unity3d	h_hh_18_00_093	飲んでほしい……ですか？　あなたがそう言うなら																0	0	9	52	0	sound/data/pcm/c18/h/00_00.unity3d	h_hh_18_01_093	んっ……喉に絡んじゃいましたっ																0	0	9	52	0	sound/data/pcm/c18/h/00_00.unity3d	h_hh_18_02_093	量が多すぎて……飲みきれないかもです																0	0	109	52	0	sound/data/pcm/c18/h/00_00.unity3d	h_hh_18_03_093	おいしすぎて……精液中毒になっちゃいます																0	0	209	52
97	0	sound/data/pcm/c18/h/00_00.unity3d	h_hh_18_00_094	んっ……飲んでしまいました……意外と、美味しいかも……																0	0	9	52	0	sound/data/pcm/c18/h/00_00.unity3d	h_hh_18_00_094	んっ……飲んでしまいました……意外と、美味しいかも……																0	0	9	52	0	sound/data/pcm/c18/h/00_00.unity3d	h_hh_18_02_094	精液、ごちそうさまでした、美味しかったです♪																0	0	109	52	0	sound/data/pcm/c18/h/00_00.unity3d	h_hh_18_03_094	ザーメンとっても濃いですっ																0	0	209	52
98	0	sound/data/pcm/c18/h/00_00.unity3d	h_hh_18_00_095	こんなにたくさん、出ていたんですね……																0	0	9	52	0	sound/data/pcm/c18/h/00_00.unity3d	h_hh_18_01_095	けほっ……たくさん出たから……むせちゃいました																0	0	9	52	0	sound/data/pcm/c18/h/00_00.unity3d	h_hh_18_02_095	精液……すごく熱かったです																0	0	109	52	0	sound/data/pcm/c18/h/00_00.unity3d	h_hh_18_03_095	飲みたかったのに……飲めませんでした……濃すぎて……♪																0	0	209	52
99	0	sound/data/pcm/c18/h/00_00.unity3d	h_hh_18_00_096	精液って……こんな味なんですね																0	0	9	52	0	sound/data/pcm/c18/h/00_00.unity3d	h_hh_18_01_096	すごく濃くて、驚いちゃいました																0	0	9	52	0	sound/data/pcm/c18/h/00_00.unity3d	h_hh_18_02_096	飲んでも良かったんですが……こうやって手に出すのも……えっちですよね？																0	0	109	52	0	sound/data/pcm/c18/h/00_00.unity3d	h_hh_18_03_096	みてください……ザーメン……すっごく濃いですよ																0	0	209	52
100	0	sound/data/pcm/c18/h/00_00.unity3d	h_hh_18_00_097	精液……口の中でこんなに……																0	0	9	52	0	sound/data/pcm/c18/h/00_00.unity3d	h_hh_18_00_097	精液……口の中でこんなに……																0	0	9	52	0	sound/data/pcm/c18/h/00_00.unity3d	h_hh_18_02_097	精液……吐いてしまったの、少しもったいなかったかも……																0	0	109	52	0	sound/data/pcm/c18/h/00_00.unity3d	h_hh_18_03_097	れろぉ……精液、たぁくさんでましたね……♪																0	0	209	52
101	0	sound/data/pcm/c18/h/00_00.unity3d	h_hh_18_00_098	もう一回……ですか？　わかりました																0	0	0	52	0	sound/data/pcm/c18/h/00_00.unity3d	h_hh_18_00_098	もう一回……ですか？　わかりました																0	0	0	52	0	sound/data/pcm/c18/h/00_00.unity3d	h_hh_18_02_098	はい、何度でもしましょう																0	0	100	52	0	sound/data/pcm/c18/h/00_00.unity3d	h_hh_18_03_098	いっぱい溜まってたんですね……♪　あなたが望むなら、何回でも♪																0	0	200	52
102	0	sound/data/pcm/c18/h/00_00.unity3d	h_hh_18_00_099	はい、また気持ちよくなれるよう、頑張りますね																0	0	0	52	0	sound/data/pcm/c18/h/00_00.unity3d	h_hh_18_00_099	はい、また気持ちよくなれるよう、頑張りますね																0	0	0	52	0	sound/data/pcm/c18/h/00_00.unity3d	h_hh_18_02_099	また、気持ちよくしてあげますね？																0	0	100	52	0	sound/data/pcm/c18/h/00_00.unity3d	h_hh_18_03_099	わたしも、もっと気持ちよくしてあげたいって……思ってたんです																0	0	200	52
103	0	sound/data/pcm/c18/h/00_00.unity3d	h_hh_18_00_100	イッたばかりなので……少し、ゆっくりめに																0	0	1	52	0	sound/data/pcm/c18/h/00_00.unity3d	h_hh_18_00_100	イッたばかりなので……少し、ゆっくりめに																0	0	1	52	0	sound/data/pcm/c18/h/00_00.unity3d	h_hh_18_02_100	ゆっくりでも、敏感になってると、いいでしょう？																0	0	101	52	0	sound/data/pcm/c18/h/00_00.unity3d	h_hh_18_03_100	イッたばかりで敏感すぎるから……これくらいが、一番いいですよね？																0	0	201	52
104	0	sound/data/pcm/c18/h/00_00.unity3d	h_hh_18_00_101	さいしょは、優しくしますねー……																0	0	1	52	0	sound/data/pcm/c18/h/00_00.unity3d	h_hh_18_00_101	さいしょは、優しくしますねー……																0	0	1	52	0	sound/data/pcm/c18/h/00_00.unity3d	h_hh_18_02_101	これくらいで、どうですか？																0	0	101	52	0	sound/data/pcm/c18/h/00_00.unity3d	h_hh_18_03_101	ゆっくり……徐々に……高めてあげます♪																0	0	201	52
105	0	sound/data/pcm/c18/h/00_00.unity3d	h_hh_18_00_102	刺激、強くしていきますね																0	0	1	52	0	sound/data/pcm/c18/h/00_00.unity3d	h_hh_18_00_102	刺激、強くしていきますね																0	0	1	52	0	sound/data/pcm/c18/h/00_00.unity3d	h_hh_18_02_102	激しくして……また、気持ちよくしてあげます																0	0	101	52	0	sound/data/pcm/c18/h/00_00.unity3d	h_hh_18_03_102	また感じちゃってますね……イッてもいいんですよ？　速いなんて、思いませんから♪																0	0	201	52
106	0	sound/data/pcm/c18/h/00_00.unity3d	h_hh_18_00_103	イッたばかりですけど……だんだん、早くしていきますからね																0	0	1	52	0	sound/data/pcm/c18/h/00_00.unity3d	h_hh_18_00_103	イッたばかりですけど……だんだん、早くしていきますからね																0	0	1	52	0	sound/data/pcm/c18/h/00_00.unity3d	h_hh_18_02_103	イッたばかりでも、やっぱり速いほうが、興奮しますよね																0	0	101	52	0	sound/data/pcm/c18/h/00_00.unity3d	h_hh_18_03_103	激しくしすぎちゃっても……あなたなら、大丈夫ですよね？																0	0	201	52
107	0	sound/data/pcm/c18/h/00_00.unity3d	h_hh_18_00_104	れる……れろ……また、感じさせちゃいますね																0	0	3	2	0	sound/data/pcm/c18/h/00_00.unity3d	h_hh_18_00_104	れる……れろ……また、感じさせちゃいますね																0	0	3	2	0	sound/data/pcm/c18/h/00_00.unity3d	h_hh_18_02_104	ちゅっ、ちゅっ、ちゅぅっ……また、おちんちんにキスしちゃいます																0	0	103	2	0	sound/data/pcm/c18/h/00_00.unity3d	h_hh_18_03_104	れるるるぅ、ちゅるっ……あっ、おちんちんに残ってた精液、絞りだしちゃいました♪　美味しい♪																0	0	203	2
108	0	sound/data/pcm/c18/h/00_00.unity3d	h_hh_18_00_105	ちゅっ、れる……何度でも、舌、使ってくださいね																0	0	3	2	0	sound/data/pcm/c18/h/00_00.unity3d	h_hh_18_00_105	ちゅっ、れる……何度でも、舌、使ってくださいね																0	0	3	2	0	sound/data/pcm/c18/h/00_00.unity3d	h_hh_18_02_105	れるるっ、れろぉ……また、あなたを気持ちよくしたいんです……いいですよね																0	0	103	2	0	sound/data/pcm/c18/h/00_00.unity3d	h_hh_18_03_105	ちゅっ、ちゅるる……私のベロで、またイカせちゃいます♪																0	0	203	2
109	0	sound/data/pcm/c18/h/00_00.unity3d	h_hh_18_00_106	れるぅ、れろぉ……ちょっとまた、激しくしちゃいますね																0	0	3	2	0	sound/data/pcm/c18/h/00_00.unity3d	h_hh_18_00_106	れるぅ、れろぉ……ちょっとまた、激しくしちゃいますね																0	0	3	2	0	sound/data/pcm/c18/h/00_00.unity3d	h_hh_18_02_106	ちゅっ、じゅっ、ちゅうぅっ……おちんちんに、愛してるのキス、いっぱいしてあげます																0	0	103	2	0	sound/data/pcm/c18/h/00_00.unity3d	h_hh_18_03_106	れるぅぅう、ちゅうぅっ、敏感になってるおちんちん、こんなに激しくすると、すぐイっちゃいますね♪																0	0	203	2
110	0	sound/data/pcm/c18/h/00_00.unity3d	h_hh_18_00_107	れるろぉ……れるるるぅ……激しい舌使いで、感じさせちゃいます																0	0	3	2	0	sound/data/pcm/c18/h/00_00.unity3d	h_hh_18_00_107	れるろぉ……れるるるぅ……激しい舌使いで、感じさせちゃいます																0	0	3	2	0	sound/data/pcm/c18/h/00_00.unity3d	h_hh_18_02_107	出したくなったら……れろぉっ……好きにだして良いんですからね？																0	0	103	2	0	sound/data/pcm/c18/h/00_00.unity3d	h_hh_18_03_107	れるれるぅ……れろぉ……おひんひん……おいひくて……舌が止まらないのぉ……																0	0	203	2
111	0	sound/data/pcm/c18/h/00_00.unity3d	h_hh_18_00_108	じゅぷぅ……じゅるぅ……出したばっかりで敏感なのに……すごく元気です……																0	0	5	2	0	sound/data/pcm/c18/h/00_00.unity3d	h_hh_18_00_108	じゅぷぅ……じゅるぅ……出したばっかりで敏感なのに……すごく元気です……																0	0	5	2	0	sound/data/pcm/c18/h/00_00.unity3d	h_hh_18_02_108	じゅるるぅ、じゅじゅじゅぅ……おちんちん、もしかして、さっきよりも固いかも……																0	0	105	2	0	sound/data/pcm/c18/h/00_00.unity3d	h_hh_18_03_108	じゅるる、ずるぅっ……おちんぽ、またお口セックスしたくなっちゃったんですね♪																0	0	205	2
112	0	sound/data/pcm/c18/h/00_00.unity3d	h_hh_18_00_109	じゅぅっ、じゅるるぅ……また、お口に出しても、いいんですよ																0	0	5	2	0	sound/data/pcm/c18/h/00_00.unity3d	h_hh_18_00_109	じゅぅっ、じゅるるぅ……また、お口に出しても、いいんですよ																0	0	5	2	0	sound/data/pcm/c18/h/00_00.unity3d	h_hh_18_02_109	じゅるっ、じゅずずぅ……おちんちん……もう私の口の中で暴れてる……♪																0	0	105	2	0	sound/data/pcm/c18/h/00_00.unity3d	h_hh_18_03_109	ぐぽぉ、れるるぅ、ずっ……また、あなたの好きなところに、ザーメン出してくださいねっ……																0	0	205	2
113	0	sound/data/pcm/c18/h/00_00.unity3d	h_hh_18_00_110	じゅるっ、じゅぞぉ、くぽっ……ちゅるるっ……あなたの……もっと激しくしてほしいんですね……わかりました																0	0	5	2	0	sound/data/pcm/c18/h/00_00.unity3d	h_hh_18_00_110	じゅるっ、じゅぞぉ、くぽっ……ちゅるるっ……あなたの……もっと激しくしてほしいんですね……わかりました																0	0	5	2	0	sound/data/pcm/c18/h/00_00.unity3d	h_hh_18_02_110	おちんちん……ちゅるっ……また気持ちよくなりに……お口に来たんですね																0	0	105	2	0	sound/data/pcm/c18/h/00_00.unity3d	h_hh_18_03_110	じゅぽぉ、じゅぽぽぉっ、じゅるるぅっ……イッたばかりなので……おちんぽ……今度はさっきよりも、きっと気持ちいいですよ？																0	0	205	2
114	0	sound/data/pcm/c18/h/00_00.unity3d	h_hh_18_00_111	ぐぽぽっ、かぽぉっ……激しくするので、また、イッてください																0	0	5	2	0	sound/data/pcm/c18/h/00_00.unity3d	h_hh_18_00_111	ぐぽぽっ、かぽぉっ……激しくするので、また、イッてください																0	0	5	2	0	sound/data/pcm/c18/h/00_00.unity3d	h_hh_18_02_111	じゅぽぉぉっ、じゅるるっ……暖かいおくちのなかで……おちんちん、また蕩かしてあげます……																0	0	105	2	0	sound/data/pcm/c18/h/00_00.unity3d	h_hh_18_03_111	お口のなかで……おちんぽ暴れて……そんなに私の口、気持ちいいんですね……♪																0	0	205	2
115	0	sound/data/pcm/c18/h/00_00.unity3d	h_hh_18_00_112	また、胸できもちよくしてあげますね																0	0	1	52	0	sound/data/pcm/c18/h/00_00.unity3d	h_hh_18_00_112	また、胸できもちよくしてあげますね																0	0	1	52	0	sound/data/pcm/c18/h/00_00.unity3d	h_hh_18_02_112	おっぱいで、またおちんちんいい子いい子ってしてあげます♪																0	0	101	52	0	sound/data/pcm/c18/h/00_00.unity3d	h_hh_18_03_112	おちんぽ、おっぱいで奉仕するとき……なぜか、すごく幸せなんです																0	0	201	52
116	0	sound/data/pcm/c18/h/00_00.unity3d	h_hh_18_00_113	また胸で激しく……擦ってあげます																0	0	1	52	0	sound/data/pcm/c18/h/00_00.unity3d	h_hh_18_00_113	また胸で激しく……擦ってあげます																0	0	1	52	0	sound/data/pcm/c18/h/00_00.unity3d	h_hh_18_02_113	下品におっぱい動かして……またおちんちんから精液、絞っちゃいますね																0	0	101	52	0	sound/data/pcm/c18/h/00_00.unity3d	h_hh_18_03_113	パイズリで……一滴残らず絞りとっちゃいますねっ																0	0	201	52
117	0	sound/data/pcm/c18/h/00_00.unity3d	h_hh_18_00_114	ちゅるっ……ちゅぅ……また、胸で……挟んであげます																0	0	3	2	0	sound/data/pcm/c18/h/00_00.unity3d	h_hh_18_00_114	ちゅるっ……ちゅぅ……また、胸で……挟んであげます																0	0	3	2	0	sound/data/pcm/c18/h/00_00.unity3d	h_hh_18_02_114	んちゅ、れるぅっ……あなたの大好きなおっぱいで……またイカせちゃいます																0	0	103	2	0	sound/data/pcm/c18/h/00_00.unity3d	h_hh_18_03_114	ちゅっ、ちゅうっ……また柔らかいおっぱいで……おちんぽからとろとろって射精させてあげますっ																0	0	203	2
118	0	sound/data/pcm/c18/h/00_00.unity3d	h_hh_18_00_115	ちゅうぅっ、ちゅっ……また胸とお口で、擦ってあげます																0	0	3	2	0	sound/data/pcm/c18/h/00_00.unity3d	h_hh_18_00_115	ちゅうぅっ、ちゅっ……また胸とお口で、擦ってあげます																0	0	3	2	0	sound/data/pcm/c18/h/00_00.unity3d	h_hh_18_02_115	んちゅ、ちゅっ……おっぱいでおちんちん温めながら、さきっぽにキス……おちんちん、すっかり私の好きにできちゃってますよ♪																0	0	103	2	0	sound/data/pcm/c18/h/00_00.unity3d	h_hh_18_03_115	ちゅうぅっ……ちゅぅ……また、オチンポにキスしながら、おっぱいでズリュズリュして、ピューってするところ見ててあげますね……																0	0	203	2
119	0	sound/data/pcm/c18/h/00_00.unity3d	h_hh_18_00_116	じゅるるぅ……じゅるるっ、じゅうぅっ……胸とお口で、また、気持ちよくなりましょうね……♪																0	0	5	2	0	sound/data/pcm/c18/h/00_00.unity3d	h_hh_18_00_116	じゅるるぅ……じゅるるっ、じゅうぅっ……胸とお口で、また、気持ちよくなりましょうね……♪																0	0	5	2	0	sound/data/pcm/c18/h/00_00.unity3d	h_hh_18_02_116	じゅるるぅ、じゅうっ、またおっぱいの中で……おちんちん熱くなってますねっ♪																0	0	105	2	0	sound/data/pcm/c18/h/00_00.unity3d	h_hh_18_03_116	じゅずぅぅぅっ……お口のなかの……亀頭が膨らんでますっ……																0	0	205	2
120	0	sound/data/pcm/c18/h/00_00.unity3d	h_hh_18_00_117	じゅる、じゅるるるぅ、胸、激しく動かして……お口も、吸い付いちゃいます																0	0	5	2	0	sound/data/pcm/c18/h/00_00.unity3d	h_hh_18_00_117	じゅる、じゅるるるぅ、胸、激しく動かして……お口も、吸い付いちゃいます																0	0	5	2	0	sound/data/pcm/c18/h/00_00.unity3d	h_hh_18_02_117	じゅっ……おっぱいの中で……ちゅるっ……おちんちんドクンドクンって暴れてますっ																0	0	105	2	0	sound/data/pcm/c18/h/00_00.unity3d	h_hh_18_03_117	じゅるるうぅっ、じゅずぅっ……おっぱいでオチンポはさみながら……亀さんグッポグッポって、してあげます																0	0	205	2
121	0	sound/data/pcm/c18/h/00_00.unity3d	h_hh_18_00_118	また、あつくなってます……イキそう、なんですね？																0	0	2	52	0	sound/data/pcm/c18/h/00_00.unity3d	h_hh_18_00_118	また、あつくなってます……イキそう、なんですね？																0	0	2	52	0	sound/data/pcm/c18/h/00_00.unity3d	h_hh_18_02_118	おちんちん……またイキそうになってるんですねっ……きてくださいっ																0	0	102	52	0	sound/data/pcm/c18/h/00_00.unity3d	h_hh_18_03_118	あっ、おちんぽまた……ビクン、ビクンって跳ねてます……たくさん、出してください♪																0	0	202	52
122	0	sound/data/pcm/c18/h/00_00.unity3d	h_hh_18_00_119	さきっぽのところ膨らんできて……もう、出ちゃうんですね																0	0	2	52	0	sound/data/pcm/c18/h/00_00.unity3d	h_hh_18_00_119	さきっぽのところ膨らんできて……もう、出ちゃうんですね																0	0	2	52	0	sound/data/pcm/c18/h/00_00.unity3d	h_hh_18_02_119	おちんちん……何度でも、ぜ																0	0	102	52	0	sound/data/pcm/c18/h/00_00.unity3d	h_hh_18_03_119	イキそうなの？　またたーくさん出していいからね♪																0	0	202	52
123	0	sound/data/pcm/c18/h/00_00.unity3d	h_hh_18_00_120	れるっ、れろぉっ……また、イキそうなんですね……いっぱい出してくださいね																0	0	4	2	0	sound/data/pcm/c18/h/00_00.unity3d	h_hh_18_00_120	れるっ、れろぉっ……また、イキそうなんですね……いっぱい出してくださいね																0	0	4	2	0	sound/data/pcm/c18/h/00_00.unity3d	h_hh_18_02_120	ちゅうぅっ……我慢なんかしないでくださいね。あなたが望むなら、何回だって舐めてあげますから♪																0	0	104	2	0	sound/data/pcm/c18/h/00_00.unity3d	h_hh_18_03_120	ちゅっ、ちゅっ……ちゅるっ……おちんぽキスで……イカせちゃいます																0	0	204	2
124	0	sound/data/pcm/c18/h/00_00.unity3d	h_hh_18_00_121	れろぉ……れるるぅ……ん……またイクなら……私にかけてください																0	0	4	2	0	sound/data/pcm/c18/h/00_00.unity3d	h_hh_18_00_121	れろぉ……れるるぅ……ん……またイクなら……私にかけてください																0	0	4	2	0	sound/data/pcm/c18/h/00_00.unity3d	h_hh_18_02_121	ちゅっ、ちゅるるっ……またイッちゃうんですか？　はい、射精が終わるまで、舐め続けますね																0	0	104	2	0	sound/data/pcm/c18/h/00_00.unity3d	h_hh_18_03_121	ちゅっ、ちゅるるっ、じゅるっ……あなたのちんぽイクとこ見ると、わたしのおまんこも、疼いちゃうんですっ																0	0	204	2
125	0	sound/data/pcm/c18/h/00_00.unity3d	h_hh_18_00_122	んっ……じゅるっ……くひのなかで……膨らんでまふぅ……																0	0	6	2	0	sound/data/pcm/c18/h/00_00.unity3d	h_hh_18_00_122	んっ……じゅるっ……くひのなかで……膨らんでまふぅ……																0	0	6	2	0	sound/data/pcm/c18/h/00_00.unity3d	h_hh_18_02_122	ちゅるるっ、じゅぷぅっ……おひんひん……おくちでまたイキたい、イキたいって暴れてますぅっ……																0	0	106	2	0	sound/data/pcm/c18/h/00_00.unity3d	h_hh_18_03_122	じゅっ、じゅるるうっ……イク直前まで……ちゅるっ……おちんぽ吸ってても……いいれすかっ？																0	0	206	2
126	0	sound/data/pcm/c18/h/00_00.unity3d	h_hh_18_00_123	じゅるるるぅ、ちゅうっ……あなたの……びくんびくんって、また……暴れてますぅ……																0	0	6	2	0	sound/data/pcm/c18/h/00_00.unity3d	h_hh_18_00_123	じゅるるるぅ、ちゅうっ……あなたの……びくんびくんって、また……暴れてますぅ……																0	0	6	2	0	sound/data/pcm/c18/h/00_00.unity3d	h_hh_18_02_123	じゅるるぅっ、ちゅうっ……おちんちん、いっちゃうんれすね……お口のなかれも……他のところれも、すきなところにらしてくださいぃ……																0	0	106	2	0	sound/data/pcm/c18/h/00_00.unity3d	h_hh_18_03_123	じゅずずうぅ……じゅるるぅ……またおちんぽイッちゃうんですね……気持ちよくイケるように……頑張りますっ																0	0	206	2
127	0	sound/data/pcm/c18/h/00_00.unity3d	h_hh_18_00_124	はい……またイッてください																0	0	2	52	0	sound/data/pcm/c18/h/00_00.unity3d	h_hh_18_00_124	はい……またイッてください																0	0	2	52	0	sound/data/pcm/c18/h/00_00.unity3d	h_hh_18_02_124	いいですよ……好きなだけ、また出してください……																0	0	102	52	0	sound/data/pcm/c18/h/00_00.unity3d	h_hh_18_03_124	また、ぷりっぷりの精液……出しちゃうんですね……本当は、中に欲しかったです																0	0	202	52
128	0	sound/data/pcm/c18/h/00_00.unity3d	h_hh_18_00_125	また……気持ちよくなってください																0	0	2	52	0	sound/data/pcm/c18/h/00_00.unity3d	h_hh_18_00_125	また……気持ちよくなってください																0	0	2	52	0	sound/data/pcm/c18/h/00_00.unity3d	h_hh_18_02_125	はい……また濃い精液……出してくださいっ																0	0	102	52	0	sound/data/pcm/c18/h/00_00.unity3d	h_hh_18_03_125	はいっ……また、一番気持ちよくなれるところに、出してください																0	0	202	52
129	0	sound/data/pcm/c18/h/00_00.unity3d	h_hh_18_00_126	れろっ……ちゅうぅ……またイッちゃうんですね……どうぞ																0	0	4	2	0	sound/data/pcm/c18/h/00_00.unity3d	h_hh_18_00_126	れろっ……ちゅうぅ……またイッちゃうんですね……どうぞ																0	0	4	2	0	sound/data/pcm/c18/h/00_00.unity3d	h_hh_18_02_126	ちゅるるぅ……ちゅっ……いっぱい、全部、出し切ってくださぃ……それが一番、気持ちいいから……																0	0	104	2	0	sound/data/pcm/c18/h/00_00.unity3d	h_hh_18_03_126	れろ、れろぉ……ちゅるぅ……イッたら……ザーメン全部……舐めとってあげますっ……																0	0	204	2
130	0	sound/data/pcm/c18/h/00_00.unity3d	h_hh_18_00_127	れるっ……じゅぽぉ……はい、一番きもちいいタイミングで……イッてくださいっ																0	0	4	2	0	sound/data/pcm/c18/h/00_00.unity3d	h_hh_18_00_127	れるっ……じゅぽぉ……はい、一番きもちいいタイミングで……イッてくださいっ																0	0	4	2	0	sound/data/pcm/c18/h/00_00.unity3d	h_hh_18_02_127	ちゅるるぅ、ちゅっ、ちゅっ……おちんちんにキスしながら、精液出されちゃいますぅ……																0	0	104	2	0	sound/data/pcm/c18/h/00_00.unity3d	h_hh_18_03_127	れるぅ、れろろろぉ……はいっ……精液、びゅーってなるところ、また見せてください																0	0	204	2
131	0	sound/data/pcm/c18/h/00_00.unity3d	h_hh_18_00_128	じゅぶぶぶぅ……じゅるぅ……また出るんれすね……いいれすよぉ……																0	0	6	2	0	sound/data/pcm/c18/h/00_00.unity3d	h_hh_18_00_128	じゅぶぶぶぅ……じゅるぅ……また出るんれすね……いいれすよぉ……																0	0	6	2	0	sound/data/pcm/c18/h/00_00.unity3d	h_hh_18_02_128	じゅぶぶぅ……じゅるるうっ……またイクなら……さいごにたくさん吸い付いて……じゅずずずぅっ……あげますぅ																0	0	106	2	0	sound/data/pcm/c18/h/00_00.unity3d	h_hh_18_03_128	じゅぼぉぉお、じゅるる、じゅずうっ……はいっ、おちんぽ射精で、また私を汚してぇっ																0	0	206	2
132	0	sound/data/pcm/c18/h/00_00.unity3d	h_hh_18_00_129	じゅずずぅ……はいっ……またイッちゃって……くらさいっ……																0	0	6	2	0	sound/data/pcm/c18/h/00_00.unity3d	h_hh_18_00_129	じゅずずぅ……はいっ……またイッちゃって……くらさいっ……																0	0	6	2	0	sound/data/pcm/c18/h/00_00.unity3d	h_hh_18_02_129	じゅずずぅ……じゅぼぉ……外にだすなら……わらしにかけてぇっ！																0	0	106	2	0	sound/data/pcm/c18/h/00_00.unity3d	h_hh_18_03_129	れるるぅう、じゅぼぉおぉお、じゅずぅ、何回でも、いつでもどこでも、わらしのお口、使ってくらはいぃぃぃ																0	0	206	2
133	0	sound/data/pcm/c18/h/00_00.unity3d	h_hh_18_00_130	ちゅるるうぅ、ちゅずっ……また出してくらさい……おくちに																0	0	6	2	0	sound/data/pcm/c18/h/00_00.unity3d	h_hh_18_00_130	ちゅるるうぅ、ちゅずっ……また出してくらさい……おくちに																0	0	6	2	0	sound/data/pcm/c18/h/00_00.unity3d	h_hh_18_02_130	じゅぶぶぅ……じゅるるぅ……じゅるっ……精液くるぅっ……お口、満たされちゃいますぅ																0	0	106	2	0	sound/data/pcm/c18/h/00_00.unity3d	h_hh_18_03_130	じゅるるるぅ……ちゅぽぉっ……また、あなたのおちんぽジュース……くださいっ																0	0	206	2
134	0	sound/data/pcm/c18/h/00_00.unity3d	h_hh_18_00_131	んちゅる……いいよぉ……また出してぇ……お口にぃ……																0	0	6	2	0	sound/data/pcm/c18/h/00_00.unity3d	h_hh_18_00_131	んちゅる……いいよぉ……また出してぇ……お口にぃ……																0	0	6	2	0	sound/data/pcm/c18/h/00_00.unity3d	h_hh_18_02_131	じゅぶ、じゅるる……んんっ、いいよぉ……お口で……また射精……私のお口、求めてくれて嬉しいれすっ																0	0	106	2	0	sound/data/pcm/c18/h/00_00.unity3d	h_hh_18_03_131	じゅずずずぅっ、じゅるるうぅ、じゅずっ……わらしの中は、いつもあなた専用ですぅ……お口、あなたで満たしてぇ……																0	0	206	2
135	0																			0	0	2	52	0																			0	0	2	52	0	sound/data/pcm/c18/h/00_00.unity3d	h_hh_18_02_145	うれしい……あなたの望むところにかけてくれていいですからね……																0	0	102	52	0																			0	0	202	52
136	0																			0	0	4	2	0																			0	0	4	2	0	sound/data/pcm/c18/h/00_00.unity3d	h_hh_18_02_146	またイってくれるんですね……？　どんどんかけてください……																0	0	104	2	0																			0	0	204	2
137	0																			0	0	6	2	0																			0	0	6	2	0	sound/data/pcm/c18/h/00_00.unity3d	h_hh_18_02_147	私……あなたにだったら……いくらでもかけられたいです……																0	0	106	2	0																			0	0	206	2
138	0	sound/data/pcm/c18/h/00_00.unity3d	h_hh_18_00_132	きゃぁっ、また出てますっ……																0	0	7	3	0	sound/data/pcm/c18/h/00_00.unity3d	h_hh_18_00_132	きゃぁっ、また出てますっ……																0	0	7	3	0	sound/data/pcm/c18/h/00_00.unity3d	h_hh_18_02_132	最初じゃないのに……すごい量……																0	0	107	3	0	sound/data/pcm/c18/h/00_00.unity3d	h_hh_18_03_132	あっ……またたくさん出てます……でも。外に出すはちょっともったいないですね……																0	0	207	3
139	0	sound/data/pcm/c18/h/00_00.unity3d	h_hh_18_00_133	また、熱いのでてますっ																0	0	7	3	0	sound/data/pcm/c18/h/00_00.unity3d	h_hh_18_00_133	また、熱いのでてますっ																0	0	7	3	0	sound/data/pcm/c18/h/00_00.unity3d	h_hh_18_02_133	また、私でイッてくれたんですね……嬉しいですぅ……																0	0	107	3	0	sound/data/pcm/c18/h/00_00.unity3d	h_hh_18_03_133	次は……私のお口か、オマンコの中に出してくれても、良いいんですよ？																0	0	207	3
140	0	sound/data/pcm/c18/h/00_00.unity3d	h_hh_18_00_134	熱いの……こんなにたくさん……																0	0	8	3	0	sound/data/pcm/c18/h/00_00.unity3d	h_hh_18_00_134	熱いの……こんなにたくさん……																0	0	8	3	0	sound/data/pcm/c18/h/00_00.unity3d	h_hh_18_02_134	気のすむまでかけてくれて……いいんですよ																0	0	108	3	0	sound/data/pcm/c18/h/00_00.unity3d	h_hh_18_03_134	いっぱいかかって……すごいにおい……																0	0	208	3
141	0	sound/data/pcm/c18/h/00_00.unity3d	h_hh_18_00_135	んっ……また。いっぱいイッてくれたんですねっ																0	0	9	52	0	sound/data/pcm/c18/h/00_00.unity3d	h_hh_18_00_135	んっ……また。いっぱいイッてくれたんですねっ																0	0	9	52	0	sound/data/pcm/c18/h/00_00.unity3d	h_hh_18_02_135	またこんなに……精子が尽きてしまいませんか？																0	0	109	52	0	sound/data/pcm/c18/h/00_00.unity3d	h_hh_18_03_135	ザーメンの匂いだけで……おまんこ、きゅんってしちゃいます……																0	0	209	52
142	0	sound/data/pcm/c18/h/00_00.unity3d	h_hh_18_00_136	ああ、精液がいっぱい……																0	0	9	52	0	sound/data/pcm/c18/h/00_00.unity3d	h_hh_18_00_136	ああ、精液がいっぱい……																0	0	9	52	0	sound/data/pcm/c18/h/00_00.unity3d	h_hh_18_02_136	まだまだ出せそうですね♪																0	0	109	52	0	sound/data/pcm/c18/h/00_00.unity3d	h_hh_18_03_136	もう、満足しちゃいましたか……？　またもういっかい……私は、ちょっと……したいです																0	0	209	52
143	0	sound/data/pcm/c18/h/00_00.unity3d	h_hh_18_00_137	ぶっかけられるの……好きです……																0	0	9	52	0	sound/data/pcm/c18/h/00_00.unity3d	h_hh_18_00_137	ぶっかけられるの……好きです……																0	0	9	52	0	sound/data/pcm/c18/h/00_00.unity3d	h_hh_18_02_137	身体中……ドロドロで……でも、ここちいいです																0	0	109	52	0	sound/data/pcm/c18/h/00_00.unity3d	h_hh_18_03_137	満足できなければ……できるまでかけていいですよ……？																0	0	209	52
144	0	sound/data/pcm/c18/h/00_00.unity3d	h_hh_18_00_138	あなたの、また飲んじゃいました																0	0	9	52	0	sound/data/pcm/c18/h/00_00.unity3d	h_hh_18_00_138	あなたの、また飲んじゃいました																0	0	9	52	0	sound/data/pcm/c18/h/00_00.unity3d	h_hh_18_02_138	ふふっ……精液……やっぱりおいしいです																0	0	109	52	0	sound/data/pcm/c18/h/00_00.unity3d	h_hh_18_03_138	ザーメン飲んで……おまんこきゅんってしちゃいました……もう一回、しませんか？																0	0	209	52
145	0	sound/data/pcm/c18/h/00_00.unity3d	h_hh_18_00_139	また、私のお口に出してくれたんですね……嬉しい……																0	0	9	52	0	sound/data/pcm/c18/h/00_00.unity3d	h_hh_18_00_139	また、私のお口に出してくれたんですね……嬉しい……																0	0	9	52	0	sound/data/pcm/c18/h/00_00.unity3d	h_hh_18_02_139	あなたの精液……やっぱり濃いですぅ……																0	0	109	52	0	sound/data/pcm/c18/h/00_00.unity3d	h_hh_18_03_139	やっぱりもう……あなたのザーメンのとりこになっちゃってますっ																0	0	209	52
146	0	sound/data/pcm/c18/h/00_00.unity3d	h_hh_18_00_140	まだ、こんなに出るんですね……すごい……																0	0	9	52	0	sound/data/pcm/c18/h/00_00.unity3d	h_hh_18_00_140	まだ、こんなに出るんですね……すごい……																0	0	9	52	0	sound/data/pcm/c18/h/00_00.unity3d	h_hh_18_02_140	れろぉ……精液、まだこんなに濃いんです……よかった証、ですね♪																0	0	109	52	0	sound/data/pcm/c18/h/00_00.unity3d	h_hh_18_03_140	ザーメン、まだ、こんなに濃い……もう一回、しちゃいますか？																0	0	209	52
147	0	sound/data/pcm/c18/h/00_00.unity3d	h_hh_18_00_141	さっき出したばかりなのに……全然、薄くなってないんですね……																0	0	9	52	0	sound/data/pcm/c18/h/00_00.unity3d	h_hh_18_00_141	さっき出したばかりなのに……全然、薄くなってないんですね……																0	0	9	52	0	sound/data/pcm/c18/h/00_00.unity3d	h_hh_18_02_141	出したばっかりなのに……精液……飲みきれませんでした																0	0	109	52	0	sound/data/pcm/c18/h/00_00.unity3d	h_hh_18_03_141	みてください……すっごく濃くて……えっちなザーメン……凄い……																0	0	209	52
148	0	sound/data/pcm/c18/h/00_00.unity3d	h_so_18_02_316	（開始時台詞）滑ったり、足がつったりしないように気をつけないとですね……																0	0	0	52	0	sound/data/pcm/c18/h/00_00.unity3d	h_so_18_02_316	（開始時台詞）滑ったり、足がつったりしないように気をつけないとですね……																0	0	0	52	0	sound/data/pcm/c18/h/00_00.unity3d	h_so_18_02_316	（開始時台詞）滑ったり、足がつったりしないように気をつけないとですね……																0	0	100	52	0	sound/data/pcm/c18/h/00_00.unity3d	h_so_18_02_316	（開始時台詞）滑ったり、足がつったりしないように気をつけないとですね……																0	0	200	52
