0	0	sound/data/pcm/c27/h/00_00.unity3d	h_hh_27_00_000	や、やるわよ……																0	0	0	52	0	sound/data/pcm/c27/h/00_00.unity3d	h_hh_27_01_000	気持ちよくしてあげるわ																0	0	0	52	0	sound/data/pcm/c27/h/00_00.unity3d	h_hh_27_02_000	アンタをイカせちゃうんだから																0	0	100	52	0	sound/data/pcm/c27/h/00_00.unity3d	h_hh_27_03_000	おちんちんいじるの好きなの																0	0	200	52
1	0	sound/data/pcm/c27/h/00_00.unity3d	h_hh_27_00_001	色々教えてね……？																0	0	0	52	0	sound/data/pcm/c27/h/00_00.unity3d	h_hh_27_01_001	ちゃんとできるわよ……たぶん	1															0	0	0	52	0	sound/data/pcm/c27/h/00_00.unity3d	h_hh_27_02_001	ま、サービスしてあげてもいいけど																0	0	100	52	0	sound/data/pcm/c27/h/00_00.unity3d	h_hh_27_03_001	アンタを好きにできるなんて、最高じゃない																0	0	200	52
2	0	sound/data/pcm/c27/h/00_00.unity3d	h_hh_27_00_002	たぶんうまくできる……はず	1															0	0	0	52	0	sound/data/pcm/c27/h/00_00.unity3d	h_hh_27_01_002	間違ってたらちゃんと言ってよ																0	0	0	52	0	sound/data/pcm/c27/h/00_00.unity3d	h_hh_27_02_002	すぐイッちゃわないでね																0	0	100	52	0	sound/data/pcm/c27/h/00_00.unity3d	h_hh_27_03_002	待ってて、おちんちんすぐビクビクさせてあげる																0	0	200	52
3	0	sound/data/pcm/c27/h/00_00.unity3d	h_hh_27_00_003	えっと……こうするんだっけ																0	0	1	52	0	sound/data/pcm/c27/h/00_00.unity3d	h_hh_27_01_003	あっ、コツはこうね																0	0	1	52	0	sound/data/pcm/c27/h/00_00.unity3d	h_hh_27_02_003	触ってるだけでも気持ちいいかも……私がよ																0	0	101	52	0	sound/data/pcm/c27/h/00_00.unity3d	h_hh_27_03_003	まずはこのスピードで……																0	0	201	52
4	0	sound/data/pcm/c27/h/00_00.unity3d	h_hh_27_00_004	これ、気持ちいい？																0	0	1	52	0	sound/data/pcm/c27/h/00_00.unity3d	h_hh_27_01_004	もう速くする？																0	0	1	52	0	sound/data/pcm/c27/h/00_00.unity3d	h_hh_27_02_004	どうしてほしいか言ってもいいのよ																0	0	101	52	0	sound/data/pcm/c27/h/00_00.unity3d	h_hh_27_03_004	ふふ、どんどん焦れてくるでしょ																0	0	201	52
5	0	sound/data/pcm/c27/h/00_00.unity3d	h_hh_27_00_005	アンタの、あったかい～																0	0	1	52	0	sound/data/pcm/c27/h/00_00.unity3d	h_hh_27_00_005	アンタの、あったかい～																0	0	1	52	0	sound/data/pcm/c27/h/00_00.unity3d	h_hh_27_02_005	アンタの頼みなら、聞いてあげる																0	0	101	52	0	sound/data/pcm/c27/h/00_00.unity3d	h_hh_27_03_005	おちんちんの変化は見逃さないわ																0	0	201	52
6	0	sound/data/pcm/c27/h/00_00.unity3d	h_hh_27_00_006	それじゃ、速くしてみるわ																0	0	1	52	0	sound/data/pcm/c27/h/00_00.unity3d	h_hh_27_01_006	大丈夫……そうね																0	0	1	52	0	sound/data/pcm/c27/h/00_00.unity3d	h_hh_27_02_006	だんだん気持ちよくなってきたでしょ																0	0	101	52	0	sound/data/pcm/c27/h/00_00.unity3d	h_hh_27_03_006	アンタのチンポで遊ぶの、好きだわ																0	0	201	52
7	0	sound/data/pcm/c27/h/00_00.unity3d	h_hh_27_00_007	痛かったらすぐ言うのよ																0	0	1	52	0	sound/data/pcm/c27/h/00_00.unity3d	h_hh_27_01_007	力加減、覚えてきた																0	0	1	52	0	sound/data/pcm/c27/h/00_00.unity3d	h_hh_27_02_007	おちんちん、またムクムクしてきた																0	0	101	52	0	sound/data/pcm/c27/h/00_00.unity3d	h_hh_27_03_007	ちゃんと最後までイカせてあげるから、大丈夫																0	0	201	52
8	0	sound/data/pcm/c27/h/00_00.unity3d	h_hh_27_00_008	こんなに強めで……アンタ、平気なの？																0	0	1	52	0	sound/data/pcm/c27/h/00_00.unity3d	h_hh_27_00_008	こんなに強めで……アンタ、平気なの？																0	0	1	52	0	sound/data/pcm/c27/h/00_00.unity3d	h_hh_27_02_008	なんか楽し～♪																0	0	101	52	0	sound/data/pcm/c27/h/00_00.unity3d	h_hh_27_03_008	私が支配してる感じ、たまんない♪																0	0	201	52
9	0	sound/data/pcm/c27/h/00_00.unity3d	h_hh_27_00_009	最初はこんな感じ？																0	0	3	2	0	sound/data/pcm/c27/h/00_00.unity3d	h_hh_27_01_009	私の舌がくすぐったぁい																0	0	3	2	0	sound/data/pcm/c27/h/00_00.unity3d	h_hh_27_02_009	ペロペロキャンディみたい																0	0	103	2	0	sound/data/pcm/c27/h/00_00.unity3d	h_hh_27_03_009	おちんちんペロペロするの好き																0	0	203	2
10	0	sound/data/pcm/c27/h/00_00.unity3d	h_hh_27_00_010	アンタはくすぐったくないの？																0	0	3	2	0	sound/data/pcm/c27/h/00_00.unity3d	h_hh_27_00_010	アンタはくすぐったくないの？																0	0	3	2	0	sound/data/pcm/c27/h/00_00.unity3d	h_hh_27_02_010	ん、この味……美味しい																0	0	103	2	0	sound/data/pcm/c27/h/00_00.unity3d	h_hh_27_03_010	ゆっくり舐めて、トロトロにしてあげるわね																0	0	203	2
11	0	sound/data/pcm/c27/h/00_00.unity3d	h_hh_27_00_011	こんなに強くても大丈夫なんだ……																0	0	3	2	0	sound/data/pcm/c27/h/00_00.unity3d	h_hh_27_01_011	舌、押し付けちゃってるけど……																0	0	3	2	0	sound/data/pcm/c27/h/00_00.unity3d	h_hh_27_02_011	私の舌、どう？																0	0	103	2	0	sound/data/pcm/c27/h/00_00.unity3d	h_hh_27_03_011	舌の使い方……上手でしょ																0	0	203	2
12	0	sound/data/pcm/c27/h/00_00.unity3d	h_hh_27_00_012	え、もっと強くしていいの？　ホント？																0	0	3	2	0	sound/data/pcm/c27/h/00_00.unity3d	h_hh_27_00_012	え、もっと強くしていいの？　ホント？																0	0	3	2	0	sound/data/pcm/c27/h/00_00.unity3d	h_hh_27_02_012	おちんちん、私の舌、感じてる？																0	0	103	2	0	sound/data/pcm/c27/h/00_00.unity3d	h_hh_27_03_012	チンポなくなっちゃうまで舐めちゃうわよ																0	0	203	2
13	0	sound/data/pcm/c27/h/00_00.unity3d	h_hh_27_00_013	歯を当てないようにしなきゃ……																0	0	5	2	0	sound/data/pcm/c27/h/00_00.unity3d	h_hh_27_01_013	すぐ口が疲れちゃう……でも頑張るわ																0	0	5	2	0	sound/data/pcm/c27/h/00_00.unity3d	h_hh_27_02_013	吸った時の顔は見ないで！　変だから……																0	0	105	2	0	sound/data/pcm/c27/h/00_00.unity3d	h_hh_27_03_013	おちんちん、美味し～♪																0	0	205	2
14	0	sound/data/pcm/c27/h/00_00.unity3d	h_hh_27_00_014	吸い付くように……よね？																0	0	5	2	0	sound/data/pcm/c27/h/00_00.unity3d	h_hh_27_00_014	吸い付くように……よね？																0	0	5	2	0	sound/data/pcm/c27/h/00_00.unity3d	h_hh_27_02_014	吸い加減はどう？　いいでしょ																0	0	105	2	0	sound/data/pcm/c27/h/00_00.unity3d	h_hh_27_03_014	ズッポリくわえちゃった																0	0	205	2
15	0	sound/data/pcm/c27/h/00_00.unity3d	h_hh_27_00_015	コホッ！　奥まで突っ込みすぎちゃった																0	0	5	2	0	sound/data/pcm/c27/h/00_00.unity3d	h_hh_27_01_015	これ、感じてくれてる？																0	0	5	2	0	sound/data/pcm/c27/h/00_00.unity3d	h_hh_27_02_015	激しいのが好きなんでしょ																0	0	105	2	0	sound/data/pcm/c27/h/00_00.unity3d	h_hh_27_03_015	私のお口、マンコみたいでしょ																0	0	205	2
16	0	sound/data/pcm/c27/h/00_00.unity3d	h_hh_27_00_016	ふぁ、どんどんおっきくなってるじゃない																0	0	5	2	0	sound/data/pcm/c27/h/00_00.unity3d	h_hh_27_00_016	ふぁ、どんどんおっきくなってるじゃない																0	0	5	2	0	sound/data/pcm/c27/h/00_00.unity3d	h_hh_27_02_016	ちょっと、どこまでおっきくなるの																0	0	105	2	0	sound/data/pcm/c27/h/00_00.unity3d	h_hh_27_03_016	ふわぁ、口の中でもうガッチガチ																0	0	205	2
17	0	sound/data/pcm/c27/h/00_00.unity3d	h_hh_27_00_017	先っぽがいいんだ																0	0	1	52	0	sound/data/pcm/c27/h/00_00.unity3d	h_hh_27_01_017	へぇ、ここ敏感なのね																0	0	1	52	0	sound/data/pcm/c27/h/00_00.unity3d	h_hh_27_02_017	ねぇ、もうちょっと先っぽ責めてもいい？																0	0	101	52	0	sound/data/pcm/c27/h/00_00.unity3d	h_hh_27_03_017	敏感って聞くと、ついいじめたくなっちゃうのよね																0	0	201	52
18	0	sound/data/pcm/c27/h/00_00.unity3d	h_hh_27_00_018	こちょこちょこちょこちょ……って気持ちいいんだこれ																0	0	1	52	0	sound/data/pcm/c27/h/00_00.unity3d	h_hh_27_00_018	こちょこちょこちょこちょ……って気持ちいいんだこれ																0	0	1	52	0	sound/data/pcm/c27/h/00_00.unity3d	h_hh_27_02_018	ホントはもっと強いのがいいんでしょ																0	0	101	52	0	sound/data/pcm/c27/h/00_00.unity3d	h_hh_27_03_018	先っぽ、すぐピクピクして可愛い～																0	0	201	52
19	0	sound/data/pcm/c27/h/00_00.unity3d	h_hh_27_00_019	こんなに強くしちゃうの……？																0	0	1	52	0	sound/data/pcm/c27/h/00_00.unity3d	h_hh_27_01_019	ここにはこれがいいのよね																0	0	1	52	0	sound/data/pcm/c27/h/00_00.unity3d	h_hh_27_02_019	先っぽでも感じてる、感じてる♪																0	0	101	52	0	sound/data/pcm/c27/h/00_00.unity3d	h_hh_27_03_019	おちんちんのお口がヒクヒクしてる																0	0	201	52
20	0	sound/data/pcm/c27/h/00_00.unity3d	h_hh_27_00_020	ねぇ、このくらいがいいんでしょ																0	0	1	52	0	sound/data/pcm/c27/h/00_00.unity3d	h_hh_27_00_020	ねぇ、このくらいがいいんでしょ																0	0	1	52	0	sound/data/pcm/c27/h/00_00.unity3d	h_hh_27_02_020	あっ、お汁が出てきた																0	0	101	52	0	sound/data/pcm/c27/h/00_00.unity3d	h_hh_27_03_020	亀頭って好き、先っぽがマンコみたいなんだもん																0	0	201	52
21	0	sound/data/pcm/c27/h/00_00.unity3d	h_hh_27_00_021	最初はゆっくりやるわ																0	0	1	52	0	sound/data/pcm/c27/h/00_00.unity3d	h_hh_27_01_021	にぎにぎ、気持ちいい……																0	0	1	52	0	sound/data/pcm/c27/h/00_00.unity3d	h_hh_27_02_021	手でこすってあげる																0	0	101	52	0	sound/data/pcm/c27/h/00_00.unity3d	h_hh_27_03_021	アンタのデカチンポ、片手じゃ余っちゃう																0	0	201	52
22	0	sound/data/pcm/c27/h/00_00.unity3d	h_hh_27_00_022	握ったら、すごく熱もってきたわ																0	0	1	52	0	sound/data/pcm/c27/h/00_00.unity3d	h_hh_27_00_022	握ったら、すごく熱もってきたわ																0	0	1	52	0	sound/data/pcm/c27/h/00_00.unity3d	h_hh_27_02_022	アンタの弱いところはお見通しよ																0	0	101	52	0	sound/data/pcm/c27/h/00_00.unity3d	h_hh_27_03_022	いっぱいおちんちんコスコスするわよ																0	0	201	52
23	0	sound/data/pcm/c27/h/00_00.unity3d	h_hh_27_00_023	強すぎたら言ってね																0	0	1	52	0	sound/data/pcm/c27/h/00_00.unity3d	h_hh_27_01_023	キツいのがいいのよね？																0	0	1	52	0	sound/data/pcm/c27/h/00_00.unity3d	h_hh_27_02_023	コスればコスるほど固くなってく																0	0	101	52	0	sound/data/pcm/c27/h/00_00.unity3d	h_hh_27_03_023	ちょっと、チンポ暴れすぎ																0	0	201	52
24	0	sound/data/pcm/c27/h/00_00.unity3d	h_hh_27_00_024	ここまでぎゅっとしても……大丈夫なんだ																0	0	1	52	0	sound/data/pcm/c27/h/00_00.unity3d	h_hh_27_00_024	ここまでぎゅっとしても……大丈夫なんだ																0	0	1	52	0	sound/data/pcm/c27/h/00_00.unity3d	h_hh_27_02_024	あっ、ビクビクしてきた																0	0	101	52	0	sound/data/pcm/c27/h/00_00.unity3d	h_hh_27_03_024	アンタ、腰まで浮いてきちゃってる																0	0	201	52
25	0	sound/data/pcm/c27/h/00_00.unity3d	h_hh_27_00_025	あっ、うん、気をつけて舐めるわ																0	0	3	2	0	sound/data/pcm/c27/h/00_00.unity3d	h_hh_27_01_025	噛んだりしちゃダメだもんね																0	0	3	2	0	sound/data/pcm/c27/h/00_00.unity3d	h_hh_27_02_025	アンタも緊張してるの？　大丈夫よ																0	0	103	2	0	sound/data/pcm/c27/h/00_00.unity3d	h_hh_27_03_025	ちゃんと隅々までキレイにしてあげる																0	0	203	2
26	0	sound/data/pcm/c27/h/00_00.unity3d	h_hh_27_00_026	ふぅ……すごく緊張する……																0	0	3	2	0	sound/data/pcm/c27/h/00_00.unity3d	h_hh_27_00_026	ふぅ……すごく緊張する……																0	0	3	2	0	sound/data/pcm/c27/h/00_00.unity3d	h_hh_27_02_026	安心するまで優しく舐めててあげる																0	0	103	2	0	sound/data/pcm/c27/h/00_00.unity3d	h_hh_27_03_026	舌で転がすだけね……																0	0	203	2
27	0	sound/data/pcm/c27/h/00_00.unity3d	h_hh_27_00_027	強めに舐めるわね																0	0	3	2	0	sound/data/pcm/c27/h/00_00.unity3d	h_hh_27_01_027	絶対痛くしないから																0	0	3	2	0	sound/data/pcm/c27/h/00_00.unity3d	h_hh_27_02_027	タマタマまで元気になってきてる																0	0	103	2	0	sound/data/pcm/c27/h/00_00.unity3d	h_hh_27_03_027	すっごくパンパンよ……舐めきれないわ																0	0	203	2
28	0	sound/data/pcm/c27/h/00_00.unity3d	h_hh_27_00_028	なんか溜まってきてるみたい……																0	0	3	2	0	sound/data/pcm/c27/h/00_00.unity3d	h_hh_27_00_028	なんか溜まってきてるみたい……																0	0	3	2	0	sound/data/pcm/c27/h/00_00.unity3d	h_hh_27_02_028	お玉がパンパンだわ、破裂しないかな																0	0	103	2	0	sound/data/pcm/c27/h/00_00.unity3d	h_hh_27_03_028	そろそろザーメン抜いてあげた方がいいかも																0	0	203	2
29	0	sound/data/pcm/c27/h/00_00.unity3d	h_hh_27_00_029	そっとね、そっと……																0	0	1	52	0	sound/data/pcm/c27/h/00_00.unity3d	h_hh_27_01_029	これすごく難しい……																0	0	1	52	0	sound/data/pcm/c27/h/00_00.unity3d	h_hh_27_02_029	この中にせーしが……ぎゅっとしないから安心して																0	0	101	52	0	sound/data/pcm/c27/h/00_00.unity3d	h_hh_27_03_029	いっぱいせーしが溜まりますよーに																0	0	201	52
30	0	sound/data/pcm/c27/h/00_00.unity3d	h_hh_27_00_030	優しく転がすように……だっけ																0	0	1	52	0	sound/data/pcm/c27/h/00_00.unity3d	h_hh_27_00_030	優しく転がすように……だっけ																0	0	1	52	0	sound/data/pcm/c27/h/00_00.unity3d	h_hh_27_02_030	不思議な手触りね……嫌いじゃないわ																0	0	101	52	0	sound/data/pcm/c27/h/00_00.unity3d	h_hh_27_03_030	優しく揉み揉み……これ、どう？																0	0	201	52
31	0	sound/data/pcm/c27/h/00_00.unity3d	h_hh_27_00_031	ちょっとずつ強くするから……																0	0	1	52	0	sound/data/pcm/c27/h/00_00.unity3d	h_hh_27_01_031	どう、ここまではいける？																0	0	1	52	0	sound/data/pcm/c27/h/00_00.unity3d	h_hh_27_02_031	フニフニして、気持ちいい……																0	0	101	52	0	sound/data/pcm/c27/h/00_00.unity3d	h_hh_27_03_031	あ、もうお玉まで固くなってきちゃってる																0	0	201	52
32	0	sound/data/pcm/c27/h/00_00.unity3d	h_hh_27_00_032	アンタの大事なところだもんね……																0	0	1	52	0	sound/data/pcm/c27/h/00_00.unity3d	h_hh_27_00_032	アンタの大事なところだもんね……																0	0	1	52	0	sound/data/pcm/c27/h/00_00.unity3d	h_hh_27_02_032	気分、高まってきたでしょ？																0	0	101	52	0	sound/data/pcm/c27/h/00_00.unity3d	h_hh_27_03_032	タマタマがゾクゾクしてるの？																0	0	201	52
33	0	sound/data/pcm/c27/h/00_00.unity3d	h_hh_27_00_033	先っぽをペロペロするわ																0	0	3	2	0	sound/data/pcm/c27/h/00_00.unity3d	h_hh_27_01_033	くすぐったくない？																0	0	3	2	0	sound/data/pcm/c27/h/00_00.unity3d	h_hh_27_02_033	私の舌で、もっと敏感にしてあげる																0	0	103	2	0	sound/data/pcm/c27/h/00_00.unity3d	h_hh_27_03_033	ガマン汁、美味しい																0	0	203	2
34	0	sound/data/pcm/c27/h/00_00.unity3d	h_hh_27_00_034	先っぽだけ責め続けてみるわ																0	0	3	2	0	sound/data/pcm/c27/h/00_00.unity3d	h_hh_27_00_034	先っぽだけ責め続けてみるわ																0	0	3	2	0	sound/data/pcm/c27/h/00_00.unity3d	h_hh_27_02_034	おちんちんにもキスしなきゃ……ちゅっ																0	0	103	2	0	sound/data/pcm/c27/h/00_00.unity3d	h_hh_27_03_034	チンポの先っぽ舐め舐めしてあげる																0	0	203	2
35	0	sound/data/pcm/c27/h/00_00.unity3d	h_hh_27_00_035	わ、アンタも濡れるんだ																0	0	3	2	0	sound/data/pcm/c27/h/00_00.unity3d	h_hh_27_01_035	先っぽ、すごくエッチな感じ……																0	0	3	2	0	sound/data/pcm/c27/h/00_00.unity3d	h_hh_27_02_035	お汁が溢れて止まらないわ																0	0	103	2	0	sound/data/pcm/c27/h/00_00.unity3d	h_hh_27_03_035	ガマン汁が溢れて止まんないわね																0	0	203	2
36	0	sound/data/pcm/c27/h/00_00.unity3d	h_hh_27_00_036	私が濡れた時と同じようなの、出てる……																0	0	3	2	0	sound/data/pcm/c27/h/00_00.unity3d	h_hh_27_00_036	私が濡れた時と同じようなの、出てる……																0	0	3	2	0	sound/data/pcm/c27/h/00_00.unity3d	h_hh_27_02_036	もっと……もっと舐めてあげる																0	0	103	2	0	sound/data/pcm/c27/h/00_00.unity3d	h_hh_27_03_036	いっぱい先っぽチュパチュパしてあげるからね																0	0	203	2
37	0	sound/data/pcm/c27/h/00_00.unity3d	h_hh_27_00_037	これがフェラなの……？																0	0	5	2	0	sound/data/pcm/c27/h/00_00.unity3d	h_hh_27_01_037	顎が外れそう……																0	0	5	2	0	sound/data/pcm/c27/h/00_00.unity3d	h_hh_27_02_037	私の口で感じて																0	0	105	2	0	sound/data/pcm/c27/h/00_00.unity3d	h_hh_27_03_037	私のフェラ、好き？　私はフェラするの好き																0	0	205	2
38	0	sound/data/pcm/c27/h/00_00.unity3d	h_hh_27_00_038	私の口、気持ちいい？																0	0	5	2	0	sound/data/pcm/c27/h/00_00.unity3d	h_hh_27_00_038	私の口、気持ちいい？																0	0	5	2	0	sound/data/pcm/c27/h/00_00.unity3d	h_hh_27_02_038	おちんちん全部、口でキレイにしてあげる																0	0	105	2	0	sound/data/pcm/c27/h/00_00.unity3d	h_hh_27_03_038	私のクチマンコもアンタのものよ																0	0	205	2
39	0	sound/data/pcm/c27/h/00_00.unity3d	h_hh_27_00_039	もっと激しくしてほしいのね																0	0	5	2	0	sound/data/pcm/c27/h/00_00.unity3d	h_hh_27_01_039	顎、キツい……																0	0	5	2	0	sound/data/pcm/c27/h/00_00.unity3d	h_hh_27_02_039	私の口でイキそうなのね																0	0	105	2	0	sound/data/pcm/c27/h/00_00.unity3d	h_hh_27_03_039	顎が外れそう……アンタのチンポ、デカくなりすぎぃ																0	0	205	2
40	0	sound/data/pcm/c27/h/00_00.unity3d	h_hh_27_00_040	あっ、アンタのまたおっきくなってる																0	0	5	2	0	sound/data/pcm/c27/h/00_00.unity3d	h_hh_27_00_040	あっ、アンタのまたおっきくなってる																0	0	5	2	0	sound/data/pcm/c27/h/00_00.unity3d	h_hh_27_02_040	口で搾り取ってあげてもいいわよ																0	0	105	2	0	sound/data/pcm/c27/h/00_00.unity3d	h_hh_27_03_040	勝手に腰まで動かしちゃって……もう																0	0	205	2
41	0	sound/data/pcm/c27/h/00_00.unity3d	h_hh_27_00_041	胸で……こうするの？																0	0	1	52	0	sound/data/pcm/c27/h/00_00.unity3d	h_hh_27_01_041	えっと、上下にこすって……																0	0	1	52	0	sound/data/pcm/c27/h/00_00.unity3d	h_hh_27_02_041	おちんちんでもおっぱい感じられてる？																0	0	101	52	0	sound/data/pcm/c27/h/00_00.unity3d	h_hh_27_03_041	おっぱいでおちんちんをぎゅーっとして……																0	0	201	52
42	0	sound/data/pcm/c27/h/00_00.unity3d	h_hh_27_00_042	まずはおっぱいを動かすのね																0	0	1	52	0	sound/data/pcm/c27/h/00_00.unity3d	h_hh_27_00_042	まずはおっぱいを動かすのね																0	0	1	52	0	sound/data/pcm/c27/h/00_00.unity3d	h_hh_27_02_042	この柔らかいのがいいのよね？																0	0	101	52	0	sound/data/pcm/c27/h/00_00.unity3d	h_hh_27_03_042	おっぱいでコスコス、ね																0	0	201	52
43	0	sound/data/pcm/c27/h/00_00.unity3d	h_hh_27_00_043	これ、速すぎない？																0	0	1	52	0	sound/data/pcm/c27/h/00_00.unity3d	h_hh_27_01_043	たまにぎゅっとしなきゃ																0	0	1	52	0	sound/data/pcm/c27/h/00_00.unity3d	h_hh_27_02_043	おっぱいこすりすぎて熱い……																0	0	101	52	0	sound/data/pcm/c27/h/00_00.unity3d	h_hh_27_03_043	おっぱいに包まれたまま、イッちゃっていいわよ																0	0	201	52
44	0	sound/data/pcm/c27/h/00_00.unity3d	h_hh_27_00_044	おっぱい、あったかいでしょ？																0	0	1	52	0	sound/data/pcm/c27/h/00_00.unity3d	h_hh_27_00_044	おっぱい、あったかいでしょ？																0	0	1	52	0	sound/data/pcm/c27/h/00_00.unity3d	h_hh_27_02_044	もっとおっぱいでこすって欲しいのね、わかったわ																0	0	101	52	0	sound/data/pcm/c27/h/00_00.unity3d	h_hh_27_03_044	あっ、私のおっぱいの間でおちんちんおっきくなってる																0	0	201	52
45	0	sound/data/pcm/c27/h/00_00.unity3d	h_hh_27_00_045	待って、頑張って寄せるから……																0	0	1	52	0	sound/data/pcm/c27/h/00_00.unity3d	h_hh_27_01_045	小さくてもできるわよ																0	0	1	52	0	sound/data/pcm/c27/h/00_00.unity3d	h_hh_27_02_045	私のが小さいんじゃなくて、アンタのがデカすぎるの																0	0	101	52	0	sound/data/pcm/c27/h/00_00.unity3d	h_hh_27_03_045	おっぱいぎゅっとして……ほら、おちんちん締まるでしょ																0	0	201	52
46	0	sound/data/pcm/c27/h/00_00.unity3d	h_hh_27_00_046	ちゃんとはさめてるからいいの！																0	0	1	52	0	sound/data/pcm/c27/h/00_00.unity3d	h_hh_27_01_046	少しだけど、私の胸、感じてる？																0	0	1	52	0	sound/data/pcm/c27/h/00_00.unity3d	h_hh_27_02_046	これでも努力してるんだから……ちゃんと気持ちいい？																0	0	101	52	0	sound/data/pcm/c27/h/00_00.unity3d	h_hh_27_03_046	私が必死になってる分だけ、アンタもイキなさいよっ																0	0	201	52
47	0	sound/data/pcm/c27/h/00_00.unity3d	h_hh_27_00_047	挟むのは簡単かも																0	0	1	52	0	sound/data/pcm/c27/h/00_00.unity3d	h_hh_27_01_047	おっぱい、おっきくて良かったわ																0	0	1	52	0	sound/data/pcm/c27/h/00_00.unity3d	h_hh_27_02_047	もっとぎゅーっとしてあげるわね																0	0	101	52	0	sound/data/pcm/c27/h/00_00.unity3d	h_hh_27_03_047	優しさに包まれてる感じ、する？																0	0	201	52
48	0	sound/data/pcm/c27/h/00_00.unity3d	h_hh_27_00_048	ほら、たぷたぷしてるでしょ																0	0	1	52	0	sound/data/pcm/c27/h/00_00.unity3d	h_hh_27_01_048	あ、胸の中でおっきくなってる																0	0	1	52	0	sound/data/pcm/c27/h/00_00.unity3d	h_hh_27_02_048	どんどん私のおっぱいに溺れるといいわ																0	0	101	52	0	sound/data/pcm/c27/h/00_00.unity3d	h_hh_27_03_048	おっきなおっぱいでおちんちん扱かれて、イキそうでしょ？																0	0	201	52
49	0	sound/data/pcm/c27/h/00_00.unity3d	h_hh_27_00_049	あっ、これ、難しい……																0	0	3	2	0	sound/data/pcm/c27/h/00_00.unity3d	h_hh_27_01_049	舌と胸の両方使って……ふぅ																0	0	3	2	0	sound/data/pcm/c27/h/00_00.unity3d	h_hh_27_02_049	アンタ、気持ちよさそう……良かった																0	0	103	2	0	sound/data/pcm/c27/h/00_00.unity3d	h_hh_27_03_049	おっぱいも舌も違う感覚で面白いでしょ																0	0	203	2
50	0	sound/data/pcm/c27/h/00_00.unity3d	h_hh_27_00_050	これ、上手くできてる……？																0	0	3	2	0	sound/data/pcm/c27/h/00_00.unity3d	h_hh_27_00_050	これ、上手くできてる……？																0	0	3	2	0	sound/data/pcm/c27/h/00_00.unity3d	h_hh_27_02_050	おっぱいと舌で責められる感想は？																0	0	103	2	0	sound/data/pcm/c27/h/00_00.unity3d	h_hh_27_03_050	おっぱいで扱かれながら舐められるのはどう？																0	0	203	2
51	0	sound/data/pcm/c27/h/00_00.unity3d	h_hh_27_00_051	両方速くするわよ……																0	0	3	2	0	sound/data/pcm/c27/h/00_00.unity3d	h_hh_27_01_051	どう、両方激しいでしょ																0	0	3	2	0	sound/data/pcm/c27/h/00_00.unity3d	h_hh_27_02_051	おっぱいも舌もそんなに好きなんだ？																0	0	103	2	0	sound/data/pcm/c27/h/00_00.unity3d	h_hh_27_03_051	竿も亀頭もすっごくビクビクしてる																0	0	203	2
52	0	sound/data/pcm/c27/h/00_00.unity3d	h_hh_27_00_052	頑張ってついてきてね																0	0	3	2	0	sound/data/pcm/c27/h/00_00.unity3d	h_hh_27_00_052	頑張ってついてきてね																0	0	3	2	0	sound/data/pcm/c27/h/00_00.unity3d	h_hh_27_02_052	両方で責められて嬉しいのね																0	0	103	2	0	sound/data/pcm/c27/h/00_00.unity3d	h_hh_27_03_052	おっぱいぎゅーっとしながら舌先で遊んであげる																0	0	203	2
53	0	sound/data/pcm/c27/h/00_00.unity3d	h_hh_27_00_053	胸は……く、口で頑張る！																0	0	3	2	0	sound/data/pcm/c27/h/00_00.unity3d	h_hh_27_01_053	胸も舌も頑張るからっ																0	0	3	2	0	sound/data/pcm/c27/h/00_00.unity3d	h_hh_27_02_053	これがちっぱいと舌の合わせ技よ																0	0	103	2	0	sound/data/pcm/c27/h/00_00.unity3d	h_hh_27_03_053	このおっぱいの締め付けと、舌先の優しいのがいいでしょ																0	0	203	2
54	0	sound/data/pcm/c27/h/00_00.unity3d	h_hh_27_00_054	どう、舌もあるから気持ちいいでしょ																0	0	3	2	0	sound/data/pcm/c27/h/00_00.unity3d	h_hh_27_01_054	嬉しい……アンタの、ちゃんとふくらんでる																0	0	3	2	0	sound/data/pcm/c27/h/00_00.unity3d	h_hh_27_02_054	小さくても負けないんだからっ……舌のフォローありだけど																0	0	103	2	0	sound/data/pcm/c27/h/00_00.unity3d	h_hh_27_03_054	舌でおちんちん高めるから、おっぱいも感じて																0	0	203	2
55	0	sound/data/pcm/c27/h/00_00.unity3d	h_hh_27_00_055	贅沢なことしてあげる																0	0	3	2	0	sound/data/pcm/c27/h/00_00.unity3d	h_hh_27_01_055	アンタ、両方好きだもんね																0	0	3	2	0	sound/data/pcm/c27/h/00_00.unity3d	h_hh_27_02_055	おっぱいまで舐めないようにしなきゃ																0	0	103	2	0	sound/data/pcm/c27/h/00_00.unity3d	h_hh_27_03_055	舐めなくても気持ちよさそう……だけど舐めるっ																0	0	203	2
56	0	sound/data/pcm/c27/h/00_00.unity3d	h_hh_27_00_056	おっきいおっぱいと私の舌、同時ってすごいでしょ																0	0	3	2	0	sound/data/pcm/c27/h/00_00.unity3d	h_hh_27_01_056	舐めながら挟まれるって、どんな気分？																0	0	3	2	0	sound/data/pcm/c27/h/00_00.unity3d	h_hh_27_02_056	挟まれながらペロペロされるの、好きでしょ																0	0	103	2	0	sound/data/pcm/c27/h/00_00.unity3d	h_hh_27_03_056	あんたのおちんちん、すごく幸せそうなんだけど																0	0	203	2
57	0	sound/data/pcm/c27/h/00_00.unity3d	h_hh_27_00_057	挟みながらくわえるって……こう？																0	0	5	2	0	sound/data/pcm/c27/h/00_00.unity3d	h_hh_27_01_057	胸と頭を一緒に動かせばいけるわ																0	0	5	2	0	sound/data/pcm/c27/h/00_00.unity3d	h_hh_27_02_057	おっぱいで扱かれながらフェラされるの、どう？																0	0	105	2	0	sound/data/pcm/c27/h/00_00.unity3d	h_hh_27_03_057	いつでもイキたい時にイッちゃいなさい																0	0	205	2
58	0	sound/data/pcm/c27/h/00_00.unity3d	h_hh_27_00_058	タイミングが重要ね、これ……																0	0	5	2	0	sound/data/pcm/c27/h/00_00.unity3d	h_hh_27_00_058	タイミングが重要ね、これ……																0	0	5	2	0	sound/data/pcm/c27/h/00_00.unity3d	h_hh_27_02_058	早くもビクビクしてきてる……♪																0	0	105	2	0	sound/data/pcm/c27/h/00_00.unity3d	h_hh_27_03_058	パイズリとフェラで我慢なんてできないでしょ																0	0	205	2
59	0	sound/data/pcm/c27/h/00_00.unity3d	h_hh_27_00_059	アンタの、もう限界っぽいわよ																0	0	5	2	0	sound/data/pcm/c27/h/00_00.unity3d	h_hh_27_01_059	こら、胸の間で暴れるな～																0	0	5	2	0	sound/data/pcm/c27/h/00_00.unity3d	h_hh_27_02_059	アンタのおちんちん、今にもイキそうよ																0	0	105	2	0	sound/data/pcm/c27/h/00_00.unity3d	h_hh_27_03_059	すごい、おっぱいと口の中でアンタのどんどん固くなってる																0	0	205	2
60	0	sound/data/pcm/c27/h/00_00.unity3d	h_hh_27_00_060	これってそんなに気持ちいいんだ……もっとやっちゃお																0	0	5	2	0	sound/data/pcm/c27/h/00_00.unity3d	h_hh_27_00_060	これってそんなに気持ちいいんだ……もっとやっちゃお																0	0	5	2	0	sound/data/pcm/c27/h/00_00.unity3d	h_hh_27_02_060	おっぱいもお口もそんなにいいのね																0	0	105	2	0	sound/data/pcm/c27/h/00_00.unity3d	h_hh_27_03_060	もうギチギチ……これ、イッちゃうんじゃない？																0	0	205	2
61	0	sound/data/pcm/c27/h/00_00.unity3d	h_hh_27_00_061	ちゃんとはさみながら口でやってるわよ																0	0	5	2	0	sound/data/pcm/c27/h/00_00.unity3d	h_hh_27_01_061	フェラ以外でも感じてくれてる？																0	0	5	2	0	sound/data/pcm/c27/h/00_00.unity3d	h_hh_27_02_061	おっぱいも口もすごい締め付けでしょ？																0	0	105	2	0	sound/data/pcm/c27/h/00_00.unity3d	h_hh_27_03_061	両方味わうの！　ほら、胸もちゃんとあるんだから																0	0	205	2
62	0	sound/data/pcm/c27/h/00_00.unity3d	h_hh_27_00_062	一緒におっぱいも感じて……																0	0	5	2	0	sound/data/pcm/c27/h/00_00.unity3d	h_hh_27_01_062	わかった、胸の方をもっと激しくしてみるわ																0	0	5	2	0	sound/data/pcm/c27/h/00_00.unity3d	h_hh_27_02_062	いいのよ、もっとビクビクさせて																0	0	105	2	0	sound/data/pcm/c27/h/00_00.unity3d	h_hh_27_03_062	フェラしながら、ちっぱい、もっとぎゅーぎゅーしてあげる																0	0	205	2
63	0	sound/data/pcm/c27/h/00_00.unity3d	h_hh_27_00_063	アンタの、胸と口で全部隠れちゃったわ																0	0	5	2	0	sound/data/pcm/c27/h/00_00.unity3d	h_hh_27_01_063	おっぱいに負けないよう、口でも頑張るわ																0	0	5	2	0	sound/data/pcm/c27/h/00_00.unity3d	h_hh_27_02_063	やわらかおっぱいだから、口はキツめにするわね																0	0	105	2	0	sound/data/pcm/c27/h/00_00.unity3d	h_hh_27_03_063	私の自慢のおっぱいと、努力したフェラ……どう？																0	0	205	2
64	0	sound/data/pcm/c27/h/00_00.unity3d	h_hh_27_00_064	ねぇ、両方気持ちいい？																0	0	5	2	0	sound/data/pcm/c27/h/00_00.unity3d	h_hh_27_01_064	両方速いの、どう？																0	0	5	2	0	sound/data/pcm/c27/h/00_00.unity3d	h_hh_27_02_064	アンタのおちんちん、ホント正直ね																0	0	105	2	0	sound/data/pcm/c27/h/00_00.unity3d	h_hh_27_03_064	どっちも最高でしょ……いつでもイッちゃって																0	0	205	2
65	0	sound/data/pcm/c27/h/00_00.unity3d	h_hh_27_00_065	すごい……おっきくなってる																0	0	2	52	0	sound/data/pcm/c27/h/00_00.unity3d	h_hh_27_00_065	すごい……おっきくなってる																0	0	2	52	0	sound/data/pcm/c27/h/00_00.unity3d	h_hh_27_02_065	おちんちん、さっきからビクビクしっぱなし																0	0	102	52	0	sound/data/pcm/c27/h/00_00.unity3d	h_hh_27_03_065	そろそろザーメン出しましょっか																0	0	202	52
66	0	sound/data/pcm/c27/h/00_00.unity3d	h_hh_27_00_066	もうガチガチ……																0	0	2	52	0	sound/data/pcm/c27/h/00_00.unity3d	h_hh_27_00_066	もうガチガチ……																0	0	2	52	0	sound/data/pcm/c27/h/00_00.unity3d	h_hh_27_02_066	おちんちん苦しそうよ																0	0	102	52	0	sound/data/pcm/c27/h/00_00.unity3d	h_hh_27_03_066	私のテクで、おちんちんトロトロになってる																0	0	202	52
67	0	sound/data/pcm/c27/h/00_00.unity3d	h_hh_27_00_067	イキそうなのね																0	0	2	52	0	sound/data/pcm/c27/h/00_00.unity3d	h_hh_27_00_067	イキそうなのね																0	0	2	52	0	sound/data/pcm/c27/h/00_00.unity3d	h_hh_27_02_067	早くイキたいのよね、わかってる																0	0	102	52	0	sound/data/pcm/c27/h/00_00.unity3d	h_hh_27_03_067	いいわ、イッて、精子びゅーびゅーして																0	0	202	52
68	0	sound/data/pcm/c27/h/00_00.unity3d	h_hh_27_00_068	舌でもわかる……限界なのね																0	0	4	2	0	sound/data/pcm/c27/h/00_00.unity3d	h_hh_27_00_068	舌でもわかる……限界なのね																0	0	4	2	0	sound/data/pcm/c27/h/00_00.unity3d	h_hh_27_02_068	我慢しないでいいから																0	0	104	2	0	sound/data/pcm/c27/h/00_00.unity3d	h_hh_27_03_068	さぁ、ザーメンを出しましょ																0	0	204	2
69	0	sound/data/pcm/c27/h/00_00.unity3d	h_hh_27_00_069	すごい、アンタの熱い……																0	0	4	2	0	sound/data/pcm/c27/h/00_00.unity3d	h_hh_27_00_069	すごい、アンタの熱い……																0	0	4	2	0	sound/data/pcm/c27/h/00_00.unity3d	h_hh_27_02_069	舌が火傷しそうだわ																0	0	104	2	0	sound/data/pcm/c27/h/00_00.unity3d	h_hh_27_03_069	いっぱいぶちまけるの																0	0	204	2
70	0	sound/data/pcm/c27/h/00_00.unity3d	h_hh_27_00_070	舌だけじゃ抑えきれないかも																0	0	4	2	0	sound/data/pcm/c27/h/00_00.unity3d	h_hh_27_00_070	舌だけじゃ抑えきれないかも																0	0	4	2	0	sound/data/pcm/c27/h/00_00.unity3d	h_hh_27_02_070	汚れても気にしないわ																0	0	104	2	0	sound/data/pcm/c27/h/00_00.unity3d	h_hh_27_03_070	舌でサポートしてあげる																0	0	204	2
71	0	sound/data/pcm/c27/h/00_00.unity3d	h_hh_27_00_071	口の中で、こんなに……																0	0	6	2	0	sound/data/pcm/c27/h/00_00.unity3d	h_hh_27_00_071	口の中で、こんなに……																0	0	6	2	0	sound/data/pcm/c27/h/00_00.unity3d	h_hh_27_02_071	口の中でもどこでもいいから出して																0	0	106	2	0	sound/data/pcm/c27/h/00_00.unity3d	h_hh_27_03_071	早くザーメン出して																0	0	206	2
72	0	sound/data/pcm/c27/h/00_00.unity3d	h_hh_27_00_072	もうくわえきれないわ																0	0	6	2	0	sound/data/pcm/c27/h/00_00.unity3d	h_hh_27_00_072	もうくわえきれないわ																0	0	6	2	0	sound/data/pcm/c27/h/00_00.unity3d	h_hh_27_02_072	早く楽になっちゃいなさいよ																0	0	106	2	0	sound/data/pcm/c27/h/00_00.unity3d	h_hh_27_03_072	喉の奥でもどこでも好きなとこ出して																0	0	206	2
73	0	sound/data/pcm/c27/h/00_00.unity3d	h_hh_27_00_073	ダメ、顎が外れちゃう																0	0	6	2	0	sound/data/pcm/c27/h/00_00.unity3d	h_hh_27_00_073	ダメ、顎が外れちゃう																0	0	6	2	0	sound/data/pcm/c27/h/00_00.unity3d	h_hh_27_02_073	アンタの好きにしていいんだからね																0	0	106	2	0	sound/data/pcm/c27/h/00_00.unity3d	h_hh_27_03_073	濃いのいっぱい出しちゃいなさい																0	0	206	2
74	0	sound/data/pcm/c27/h/00_00.unity3d	h_hh_27_00_074	あ、うん……																0	0	2	52	0	sound/data/pcm/c27/h/00_00.unity3d	h_hh_27_01_074	うん、出して……																0	0	2	52	0	sound/data/pcm/c27/h/00_00.unity3d	h_hh_27_02_074	好きなとこに出して																0	0	102	52	0	sound/data/pcm/c27/h/00_00.unity3d	h_hh_27_03_074	気が済むまで出して																0	0	202	52
75	0	sound/data/pcm/c27/h/00_00.unity3d	h_hh_27_00_075	わかった……																0	0	2	52	0	sound/data/pcm/c27/h/00_00.unity3d	h_hh_27_00_075	わかった……																0	0	2	52	0	sound/data/pcm/c27/h/00_00.unity3d	h_hh_27_02_075	飛ばしちゃえっ																0	0	102	52	0	sound/data/pcm/c27/h/00_00.unity3d	h_hh_27_03_075	飛んでるとこ見たい																0	0	202	52
76	0	sound/data/pcm/c27/h/00_00.unity3d	h_hh_27_00_076	いいわよ……																0	0	2	52	0	sound/data/pcm/c27/h/00_00.unity3d	h_hh_27_00_076	いいわよ……																0	0	2	52	0	sound/data/pcm/c27/h/00_00.unity3d	h_hh_27_02_076	出すの待ってる																0	0	102	52	0	sound/data/pcm/c27/h/00_00.unity3d	h_hh_27_03_076	アンタのイキ顔も見せて																0	0	202	52
77	0	sound/data/pcm/c27/h/00_00.unity3d	h_hh_27_00_077	あ……そうね																0	0	4	2	0	sound/data/pcm/c27/h/00_00.unity3d	h_hh_27_01_077	はい、出して																0	0	4	2	0	sound/data/pcm/c27/h/00_00.unity3d	h_hh_27_02_077	いつでもいいわよ																0	0	104	2	0	sound/data/pcm/c27/h/00_00.unity3d	h_hh_27_03_077	濃いせーしちょうだい																0	0	204	2
78	0	sound/data/pcm/c27/h/00_00.unity3d	h_hh_27_00_078	うん、わかった																0	0	4	2	0	sound/data/pcm/c27/h/00_00.unity3d	h_hh_27_00_078	うん、わかった																0	0	4	2	0	sound/data/pcm/c27/h/00_00.unity3d	h_hh_27_02_078	ドクドクッとね																0	0	104	2	0	sound/data/pcm/c27/h/00_00.unity3d	h_hh_27_03_078	ザーメンの匂い、楽しみ																0	0	204	2
79	0	sound/data/pcm/c27/h/00_00.unity3d	h_hh_27_00_079	待って……いいわ																0	0	4	2	0	sound/data/pcm/c27/h/00_00.unity3d	h_hh_27_00_079	待って……いいわ																0	0	4	2	0	sound/data/pcm/c27/h/00_00.unity3d	h_hh_27_02_079	いっぱい出しちゃって																0	0	104	2	0	sound/data/pcm/c27/h/00_00.unity3d	h_hh_27_03_079	どこまで飛ぶのかな																0	0	204	2
80	0	sound/data/pcm/c27/h/00_00.unity3d	h_hh_27_00_080	……はい、どうぞ																0	0	6	2	0	sound/data/pcm/c27/h/00_00.unity3d	h_hh_27_01_080	ん、どうぞ																0	0	6	2	0	sound/data/pcm/c27/h/00_00.unity3d	h_hh_27_02_080	さぁ、思いっきりイッて																0	0	106	2	0	sound/data/pcm/c27/h/00_00.unity3d	h_hh_27_03_080	勢いよく出しちゃって																0	0	206	2
81	0	sound/data/pcm/c27/h/00_00.unity3d	h_hh_27_00_081	ん、いいわよ																0	0	6	2	0	sound/data/pcm/c27/h/00_00.unity3d	h_hh_27_00_081	ん、いいわよ																0	0	6	2	0	sound/data/pcm/c27/h/00_00.unity3d	h_hh_27_02_081	びゅびゅーっとどうぞ																0	0	106	2	0	sound/data/pcm/c27/h/00_00.unity3d	h_hh_27_03_081	ザーメン……早く																0	0	206	2
82	0	sound/data/pcm/c27/h/00_00.unity3d	h_hh_27_00_082	もう……はい																0	0	6	2	0	sound/data/pcm/c27/h/00_00.unity3d	h_hh_27_00_082	もう……はい																0	0	6	2	0	sound/data/pcm/c27/h/00_00.unity3d	h_hh_27_02_082	よし、思う存分飛ばして																0	0	106	2	0	sound/data/pcm/c27/h/00_00.unity3d	h_hh_27_03_082	早く濃いーのかがせて																0	0	206	2
83	0	sound/data/pcm/c27/h/00_00.unity3d	h_hh_27_00_083	いい、よ……																0	0	6	2	0	sound/data/pcm/c27/h/00_00.unity3d	h_hh_27_01_083	ん、んん～っ																0	0	6	2	0	sound/data/pcm/c27/h/00_00.unity3d	h_hh_27_02_083	そのまま中に出して																0	0	106	2	0	sound/data/pcm/c27/h/00_00.unity3d	h_hh_27_03_083	喉の奥までザーメン注ぎ込んで																0	0	206	2
84	0	sound/data/pcm/c27/h/00_00.unity3d	h_hh_27_00_084	はぅ、きてっ																0	0	6	2	0	sound/data/pcm/c27/h/00_00.unity3d	h_hh_27_00_084	はぅ、きてっ																0	0	6	2	0	sound/data/pcm/c27/h/00_00.unity3d	h_hh_27_02_084	口の中にお願い																0	0	106	2	0	sound/data/pcm/c27/h/00_00.unity3d	h_hh_27_03_084	最後の１滴まで口の中にね																0	0	206	2
85	0	sound/data/pcm/c27/h/00_00.unity3d	h_hh_27_00_085	大丈夫……！																0	0	6	2	0	sound/data/pcm/c27/h/00_00.unity3d	h_hh_27_00_085	大丈夫……！																0	0	6	2	0	sound/data/pcm/c27/h/00_00.unity3d	h_hh_27_02_085	喉の奥までびゅーってして																0	0	106	2	0	sound/data/pcm/c27/h/00_00.unity3d	h_hh_27_03_085	いいわ、早くお口に出して出してっ																0	0	206	2
86	0																			0	0	2	52	0																			0	0	2	52	0	sound/data/pcm/c27/h/00_00.unity3d	h_hh_27_02_142	うん、たくさんかけてっ																0	0	102	52	0																			0	0	202	52
87	0																			0	0	4	2	0																			0	0	4	2	0	sound/data/pcm/c27/h/00_00.unity3d	h_hh_27_02_143	熱いの、私も感じたいわ																0	0	104	2	0																			0	0	204	2
88	0																			0	0	6	2	0																			0	0	6	2	0	sound/data/pcm/c27/h/00_00.unity3d	h_hh_27_02_144	全部、私にかけてちょうだいっ																0	0	106	2	0																			0	0	206	2
89	0	sound/data/pcm/c27/h/00_00.unity3d	h_hh_27_00_086	ふぁっ……！																0	0	7	3	0	sound/data/pcm/c27/h/00_00.unity3d	h_hh_27_00_086	ふぁっ……！																0	0	7	3	0	sound/data/pcm/c27/h/00_00.unity3d	h_hh_27_02_086	すごい、たくさんっ																0	0	107	3	0	sound/data/pcm/c27/h/00_00.unity3d	h_hh_27_03_086	おちんちんすっごいハネてる																0	0	207	3
90	0	sound/data/pcm/c27/h/00_00.unity3d	h_hh_27_00_087	わぁ！																0	0	7	3	0	sound/data/pcm/c27/h/00_00.unity3d	h_hh_27_00_087	わぁ！																0	0	7	3	0	sound/data/pcm/c27/h/00_00.unity3d	h_hh_27_02_087	こんなにも……！？																0	0	107	3	0	sound/data/pcm/c27/h/00_00.unity3d	h_hh_27_03_087	ザーメン、ドクドク出てる																0	0	207	3
91	0	sound/data/pcm/c27/h/00_00.unity3d	h_hh_27_00_088	熱いの飛んできたぁ																0	0	8	3	0	sound/data/pcm/c27/h/00_00.unity3d	h_hh_27_00_088	熱いの飛んできたぁ																0	0	8	3	0	sound/data/pcm/c27/h/00_00.unity3d	h_hh_27_02_088	もーっ、どこかけてるの！？																0	0	108	3	0	sound/data/pcm/c27/h/00_00.unity3d	h_hh_27_03_088	すごい、濃いーのいっぱいかかってる																0	0	208	3
92	0	sound/data/pcm/c27/h/00_00.unity3d	h_hh_27_00_089	すごい勢い……																0	0	9	52	0	sound/data/pcm/c27/h/00_00.unity3d	h_hh_27_01_089	いっぱい出したわね																0	0	9	52	0	sound/data/pcm/c27/h/00_00.unity3d	h_hh_27_02_089	満足できた？																0	0	109	52	0	sound/data/pcm/c27/h/00_00.unity3d	h_hh_27_03_089	溜め込んでた分、全部出せたみたいね																0	0	209	52
93	0	sound/data/pcm/c27/h/00_00.unity3d	h_hh_27_00_090	あぁ、びっくりした																0	0	9	52	0	sound/data/pcm/c27/h/00_00.unity3d	h_hh_27_00_090	あぁ、びっくりした																0	0	9	52	0	sound/data/pcm/c27/h/00_00.unity3d	h_hh_27_02_090	いっぱい出せて良かったわね																0	0	109	52	0	sound/data/pcm/c27/h/00_00.unity3d	h_hh_27_03_090	ザーメン出して、スッキリしたでしょ																0	0	209	52
94	0	sound/data/pcm/c27/h/00_00.unity3d	h_hh_27_00_091	まだ熱い……																0	0	9	52	0	sound/data/pcm/c27/h/00_00.unity3d	h_hh_27_01_091	ん～ネットネト																0	0	9	52	0	sound/data/pcm/c27/h/00_00.unity3d	h_hh_27_02_091	精液まみれ……どうしてくれるのよ																0	0	109	52	0	sound/data/pcm/c27/h/00_00.unity3d	h_hh_27_03_091	アンタの精液で汚されちゃった																0	0	209	52
95	0	sound/data/pcm/c27/h/00_00.unity3d	h_hh_27_00_092	んん～変な味……																0	0	9	52	0	sound/data/pcm/c27/h/00_00.unity3d	h_hh_27_01_092	ふぅ、飲んじゃった																0	0	9	52	0	sound/data/pcm/c27/h/00_00.unity3d	h_hh_27_02_092	ありがと、悪くなかったわ																0	0	109	52	0	sound/data/pcm/c27/h/00_00.unity3d	h_hh_27_03_092	喉の奥まで犯されちゃった気分																0	0	209	52
96	0	sound/data/pcm/c27/h/00_00.unity3d	h_hh_27_00_093	このくらいならまた飲めるかも																0	0	9	52	0	sound/data/pcm/c27/h/00_00.unity3d	h_hh_27_01_093	喉に絡みつくわね……																0	0	9	52	0	sound/data/pcm/c27/h/00_00.unity3d	h_hh_27_02_093	なかなかいい味だったんじゃない																0	0	109	52	0	sound/data/pcm/c27/h/00_00.unity3d	h_hh_27_03_093	アンタのザーメン……やみつきになりそう																0	0	209	52
97	0	sound/data/pcm/c27/h/00_00.unity3d	h_hh_27_00_094	苦いけど……悪くはないわ																0	0	9	52	0	sound/data/pcm/c27/h/00_00.unity3d	h_hh_27_00_094	苦いけど……悪くはないわ																0	0	9	52	0	sound/data/pcm/c27/h/00_00.unity3d	h_hh_27_02_094	次も濃いのをお願いね																0	0	109	52	0	sound/data/pcm/c27/h/00_00.unity3d	h_hh_27_03_094	お腹に熱いのが流れ込んでくるわ……																0	0	209	52
98	0	sound/data/pcm/c27/h/00_00.unity3d	h_hh_27_00_095	見て、手からこぼれちゃう																0	0	9	52	0	sound/data/pcm/c27/h/00_00.unity3d	h_hh_27_01_095	これ、ちょっと多すぎ……																0	0	9	52	0	sound/data/pcm/c27/h/00_00.unity3d	h_hh_27_02_095	濃いからかな、すごくドロドロしてる																0	0	109	52	0	sound/data/pcm/c27/h/00_00.unity3d	h_hh_27_03_095	美味しそうなザーメンよね、これ																0	0	209	52
99	0	sound/data/pcm/c27/h/00_00.unity3d	h_hh_27_00_096	アンタ、１回でこんなに出せるんだ																0	0	9	52	0	sound/data/pcm/c27/h/00_00.unity3d	h_hh_27_01_096	こんなの飲みきれないわ																0	0	9	52	0	sound/data/pcm/c27/h/00_00.unity3d	h_hh_27_02_096	エッチな匂いよね……																0	0	109	52	0	sound/data/pcm/c27/h/00_00.unity3d	h_hh_27_03_096	あ、この匂い、興奮してきたかも																0	0	209	52
100	0	sound/data/pcm/c27/h/00_00.unity3d	h_hh_27_00_097	これくらいが普通？　アンタだけじゃないの……																0	0	9	52	0	sound/data/pcm/c27/h/00_00.unity3d	h_hh_27_00_097	これくらいが普通？　アンタだけじゃないの……																0	0	9	52	0	sound/data/pcm/c27/h/00_00.unity3d	h_hh_27_02_097	量も濃さもいつものアンタね																0	0	109	52	0	sound/data/pcm/c27/h/00_00.unity3d	h_hh_27_03_097	アンタの濃いザーメン、好きだわ																0	0	209	52
101	0	sound/data/pcm/c27/h/00_00.unity3d	h_hh_27_00_098	わかった、もう１回ね																0	0	0	52	0	sound/data/pcm/c27/h/00_00.unity3d	h_hh_27_00_098	わかった、もう１回ね																0	0	0	52	0	sound/data/pcm/c27/h/00_00.unity3d	h_hh_27_02_098	へぇ、そんなに良かったんだ																0	0	100	52	0	sound/data/pcm/c27/h/00_00.unity3d	h_hh_27_03_098	アンタなら何回でもイケちゃうでしょ																0	0	200	52
102	0	sound/data/pcm/c27/h/00_00.unity3d	h_hh_27_00_099	もぅ、しょうがないなぁ																0	0	0	52	0	sound/data/pcm/c27/h/00_00.unity3d	h_hh_27_00_099	もぅ、しょうがないなぁ																0	0	0	52	0	sound/data/pcm/c27/h/00_00.unity3d	h_hh_27_02_099	いいわよ、また気持ちよくしてあげる																0	0	100	52	0	sound/data/pcm/c27/h/00_00.unity3d	h_hh_27_03_099	アンタのイクとこ、もっと見たかったのよね																0	0	200	52
103	0	sound/data/pcm/c27/h/00_00.unity3d	h_hh_27_00_100	もう準備万端なのね																0	0	1	52	0	sound/data/pcm/c27/h/00_00.unity3d	h_hh_27_00_100	もう準備万端なのね																0	0	1	52	0	sound/data/pcm/c27/h/00_00.unity3d	h_hh_27_02_100	急にいじめたりしないから、安心して																0	0	101	52	0	sound/data/pcm/c27/h/00_00.unity3d	h_hh_27_03_100	敏感なおちんちんの扱いは……こうね																0	0	201	52
104	0	sound/data/pcm/c27/h/00_00.unity3d	h_hh_27_00_101	敏感なうちは優しくね																0	0	1	52	0	sound/data/pcm/c27/h/00_00.unity3d	h_hh_27_00_101	敏感なうちは優しくね																0	0	1	52	0	sound/data/pcm/c27/h/00_00.unity3d	h_hh_27_02_101	またおちんちんおっきくしてあげる																0	0	101	52	0	sound/data/pcm/c27/h/00_00.unity3d	h_hh_27_03_101	無理やりイカせたりしないから……また気持ちよくなって																0	0	201	52
105	0	sound/data/pcm/c27/h/00_00.unity3d	h_hh_27_00_102	そろそろ速くするわよ																0	0	1	52	0	sound/data/pcm/c27/h/00_00.unity3d	h_hh_27_00_102	そろそろ速くするわよ																0	0	1	52	0	sound/data/pcm/c27/h/00_00.unity3d	h_hh_27_02_102	どーんと私に任せて、ほらほらっ																0	0	101	52	0	sound/data/pcm/c27/h/00_00.unity3d	h_hh_27_03_102	だんだん強くしてあげるわね																0	0	201	52
106	0	sound/data/pcm/c27/h/00_00.unity3d	h_hh_27_00_103	さっきより気持ち良さそうね																0	0	1	52	0	sound/data/pcm/c27/h/00_00.unity3d	h_hh_27_00_103	さっきより気持ち良さそうね																0	0	1	52	0	sound/data/pcm/c27/h/00_00.unity3d	h_hh_27_02_103	いい調子でしょう……イキたくなった？																0	0	101	52	0	sound/data/pcm/c27/h/00_00.unity3d	h_hh_27_03_103	あっ、もうおちんちんが元気♪																0	0	201	52
107	0	sound/data/pcm/c27/h/00_00.unity3d	h_hh_27_00_104	さっきよりくすぐったい？																0	0	3	2	0	sound/data/pcm/c27/h/00_00.unity3d	h_hh_27_00_104	さっきよりくすぐったい？																0	0	3	2	0	sound/data/pcm/c27/h/00_00.unity3d	h_hh_27_02_104	おちんちんキレイにしてから……ゆっくり責めるわ																0	0	103	2	0	sound/data/pcm/c27/h/00_00.unity3d	h_hh_27_03_104	あ、さっきよりも濃い味がする																0	0	203	2
108	0	sound/data/pcm/c27/h/00_00.unity3d	h_hh_27_00_105	敏感なままだから刺激が強いのかも																0	0	3	2	0	sound/data/pcm/c27/h/00_00.unity3d	h_hh_27_00_105	敏感なままだから刺激が強いのかも																0	0	3	2	0	sound/data/pcm/c27/h/00_00.unity3d	h_hh_27_02_105	ペロペロ、好き？　私も																0	0	103	2	0	sound/data/pcm/c27/h/00_00.unity3d	h_hh_27_03_105	ザーメンの味がおちんちんに残ってる																0	0	203	2
109	0	sound/data/pcm/c27/h/00_00.unity3d	h_hh_27_00_106	アンタが感じるポイントはここね																0	0	3	2	0	sound/data/pcm/c27/h/00_00.unity3d	h_hh_27_00_106	アンタが感じるポイントはここね																0	0	3	2	0	sound/data/pcm/c27/h/00_00.unity3d	h_hh_27_02_106	私の舌、もっと欲しいの？　あげるわ																0	0	103	2	0	sound/data/pcm/c27/h/00_00.unity3d	h_hh_27_03_106	ガマン汁、もっと出させてあげる																0	0	203	2
110	0	sound/data/pcm/c27/h/00_00.unity3d	h_hh_27_00_107	舌での責め方、わかってきてるでしょ																0	0	3	2	0	sound/data/pcm/c27/h/00_00.unity3d	h_hh_27_00_107	舌での責め方、わかってきてるでしょ																0	0	3	2	0	sound/data/pcm/c27/h/00_00.unity3d	h_hh_27_02_107	裏筋までキレイに舐めてあげるわね																0	0	103	2	0	sound/data/pcm/c27/h/00_00.unity3d	h_hh_27_03_107	舌でおちんちん削れちゃいそうなぐらい舐めるわ																0	0	203	2
111	0	sound/data/pcm/c27/h/00_00.unity3d	h_hh_27_00_108	あっという間におっきくなっちゃった																0	0	5	2	0	sound/data/pcm/c27/h/00_00.unity3d	h_hh_27_00_108	あっという間におっきくなっちゃった																0	0	5	2	0	sound/data/pcm/c27/h/00_00.unity3d	h_hh_27_02_108	私もちょっと感じてるから……口の中、トロトロでしょ																0	0	105	2	0	sound/data/pcm/c27/h/00_00.unity3d	h_hh_27_03_108	アンタのおちんちん、喉まで届くわぁ																0	0	205	2
112	0	sound/data/pcm/c27/h/00_00.unity3d	h_hh_27_00_109	口の中がそんなに気持ちいいの？																0	0	5	2	0	sound/data/pcm/c27/h/00_00.unity3d	h_hh_27_00_109	口の中がそんなに気持ちいいの？																0	0	5	2	0	sound/data/pcm/c27/h/00_00.unity3d	h_hh_27_02_109	さっきよりもおっきいんじゃない？																0	0	105	2	0	sound/data/pcm/c27/h/00_00.unity3d	h_hh_27_03_109	私も味わっていいでしょ？　アンタのおちんちん……																0	0	205	2
113	0	sound/data/pcm/c27/h/00_00.unity3d	h_hh_27_00_110	アンタのがまたイキたがってるのがわかるわ																0	0	5	2	0	sound/data/pcm/c27/h/00_00.unity3d	h_hh_27_00_110	アンタのがまたイキたがってるのがわかるわ																0	0	5	2	0	sound/data/pcm/c27/h/00_00.unity3d	h_hh_27_02_110	それじゃ、今度は一気に激しくするわよ																0	0	105	2	0	sound/data/pcm/c27/h/00_00.unity3d	h_hh_27_03_110	アンタのデカチンポ、喉にガンガンきてるぅ																0	0	205	2
114	0	sound/data/pcm/c27/h/00_00.unity3d	h_hh_27_00_111	だから顎外れちゃうってば																0	0	5	2	0	sound/data/pcm/c27/h/00_00.unity3d	h_hh_27_00_111	だから顎外れちゃうってば																0	0	5	2	0	sound/data/pcm/c27/h/00_00.unity3d	h_hh_27_02_111	そのままイッちゃっていいからね																0	0	105	2	0	sound/data/pcm/c27/h/00_00.unity3d	h_hh_27_03_111	私の口、マンコだと思って、イッちゃってぇ																0	0	205	2
115	0	sound/data/pcm/c27/h/00_00.unity3d	h_hh_27_00_112	今度は汗で滑りが良くない？																0	0	1	52	0	sound/data/pcm/c27/h/00_00.unity3d	h_hh_27_00_112	今度は汗で滑りが良くない？																0	0	1	52	0	sound/data/pcm/c27/h/00_00.unity3d	h_hh_27_02_112	また私のおっぱいにこうされたいんでしょ？																0	0	101	52	0	sound/data/pcm/c27/h/00_00.unity3d	h_hh_27_03_112	またおっぱいでシコシコされたいのよね																0	0	201	52
116	0	sound/data/pcm/c27/h/00_00.unity3d	h_hh_27_00_113	なんだか私のおっぱいも敏感になってるみたい																0	0	1	52	0	sound/data/pcm/c27/h/00_00.unity3d	h_hh_27_00_113	なんだか私のおっぱいも敏感になってるみたい																0	0	1	52	0	sound/data/pcm/c27/h/00_00.unity3d	h_hh_27_02_113	おちんちんに合わせて私のおっぱいもビクビクしてる																0	0	101	52	0	sound/data/pcm/c27/h/00_00.unity3d	h_hh_27_03_113	あっ、またすぐおっぱいの間でおっきくなっちゃった																0	0	201	52
117	0	sound/data/pcm/c27/h/00_00.unity3d	h_hh_27_00_114	また挟んで舐めてあげるわね																0	0	3	2	0	sound/data/pcm/c27/h/00_00.unity3d	h_hh_27_00_114	また挟んで舐めてあげるわね																0	0	3	2	0	sound/data/pcm/c27/h/00_00.unity3d	h_hh_27_02_114	おっぱいと舌の両方でまたイッて																0	0	103	2	0	sound/data/pcm/c27/h/00_00.unity3d	h_hh_27_03_114	おっぱい、もっとぎゅーっとしてからペロペロしてあげる																0	0	203	2
118	0	sound/data/pcm/c27/h/00_00.unity3d	h_hh_27_00_115	今度はもっとしごくのも舐めるのも速くするわ																0	0	3	2	0	sound/data/pcm/c27/h/00_00.unity3d	h_hh_27_00_115	今度はもっとしごくのも舐めるのも速くするわ																0	0	3	2	0	sound/data/pcm/c27/h/00_00.unity3d	h_hh_27_02_115	この両方が欲しかったんでしょ？　ほら、いっぱいあげる																0	0	103	2	0	sound/data/pcm/c27/h/00_00.unity3d	h_hh_27_03_115	おちんちんがもう我慢の限界っぽいわよ																0	0	203	2
119	0	sound/data/pcm/c27/h/00_00.unity3d	h_hh_27_00_116	私……うまくなったでしょ？																0	0	5	2	0	sound/data/pcm/c27/h/00_00.unity3d	h_hh_27_00_116	私……うまくなったでしょ？																0	0	5	2	0	sound/data/pcm/c27/h/00_00.unity3d	h_hh_27_02_116	おっぱいとフェラの合わせ技にまた負けちゃいなさいよ																0	0	105	2	0	sound/data/pcm/c27/h/00_00.unity3d	h_hh_27_03_116	どっちか選べなかったら、両方やっちゃえばいいのよ																0	0	205	2
120	0	sound/data/pcm/c27/h/00_00.unity3d	h_hh_27_00_117	両方でまたアンタをイカせたいわ……																0	0	5	2	0	sound/data/pcm/c27/h/00_00.unity3d	h_hh_27_00_117	両方でまたアンタをイカせたいわ……																0	0	5	2	0	sound/data/pcm/c27/h/00_00.unity3d	h_hh_27_02_117	強情なおちんちんはもっとこうしてやるっ																0	0	105	2	0	sound/data/pcm/c27/h/00_00.unity3d	h_hh_27_03_117	ほらほら～、またイキたくなってきたでしょ？																0	0	205	2
121	0	sound/data/pcm/c27/h/00_00.unity3d	h_hh_27_00_118	わ、またすぐこんなになっちゃった																0	0	2	52	0	sound/data/pcm/c27/h/00_00.unity3d	h_hh_27_00_118	わ、またすぐこんなになっちゃった																0	0	2	52	0	sound/data/pcm/c27/h/00_00.unity3d	h_hh_27_02_118	おちんちん、またイキたがってるのね																0	0	102	52	0	sound/data/pcm/c27/h/00_00.unity3d	h_hh_27_03_118	ザーメンせり上がってきてるんだ																0	0	202	52
122	0	sound/data/pcm/c27/h/00_00.unity3d	h_hh_27_00_119	もうパンパンじゃない？																0	0	2	52	0	sound/data/pcm/c27/h/00_00.unity3d	h_hh_27_00_119	もうパンパンじゃない？																0	0	2	52	0	sound/data/pcm/c27/h/00_00.unity3d	h_hh_27_02_119	わかったから、そうビクビクしないで																0	0	102	52	0	sound/data/pcm/c27/h/00_00.unity3d	h_hh_27_03_119	おちんちん暴れちゃってもうダメね																0	0	202	52
123	0	sound/data/pcm/c27/h/00_00.unity3d	h_hh_27_00_120	暴れて舌から逃げないの……																0	0	4	2	0	sound/data/pcm/c27/h/00_00.unity3d	h_hh_27_00_120	暴れて舌から逃げないの……																0	0	4	2	0	sound/data/pcm/c27/h/00_00.unity3d	h_hh_27_02_120	そろそろ出す準備しなきゃね																0	0	104	2	0	sound/data/pcm/c27/h/00_00.unity3d	h_hh_27_03_120	そのまま、また私の舌でイッちゃえ																0	0	204	2
124	0	sound/data/pcm/c27/h/00_00.unity3d	h_hh_27_00_121	わかったわ、そろそろイキそうなのね																0	0	4	2	0	sound/data/pcm/c27/h/00_00.unity3d	h_hh_27_00_121	わかったわ、そろそろイキそうなのね																0	0	4	2	0	sound/data/pcm/c27/h/00_00.unity3d	h_hh_27_02_121	ギリギリまで舐めててあげる																0	0	104	2	0	sound/data/pcm/c27/h/00_00.unity3d	h_hh_27_03_121	むせかえるほど濃いのお願い																0	0	204	2
125	0	sound/data/pcm/c27/h/00_00.unity3d	h_hh_27_00_122	顎が苦しい……わかったわ、イクのね																0	0	6	2	0	sound/data/pcm/c27/h/00_00.unity3d	h_hh_27_00_122	顎が苦しい……わかったわ、イクのね																0	0	6	2	0	sound/data/pcm/c27/h/00_00.unity3d	h_hh_27_02_122	直前までおちんちんあったかい方がいいでしょ																0	0	106	2	0	sound/data/pcm/c27/h/00_00.unity3d	h_hh_27_03_122	アンタのザーメン、私大好きよ！																0	0	206	2
126	0	sound/data/pcm/c27/h/00_00.unity3d	h_hh_27_00_123	口の中でガチガチになってる																0	0	6	2	0	sound/data/pcm/c27/h/00_00.unity3d	h_hh_27_00_123	口の中でガチガチになってる																0	0	6	2	0	sound/data/pcm/c27/h/00_00.unity3d	h_hh_27_02_123	今度も好きな時に出して																0	0	106	2	0	sound/data/pcm/c27/h/00_00.unity3d	h_hh_27_03_123	ほら、どこでも好きなところにびゅびゅっと！																0	0	206	2
127	0	sound/data/pcm/c27/h/00_00.unity3d	h_hh_27_00_124	早く出して……																0	0	2	52	0	sound/data/pcm/c27/h/00_00.unity3d	h_hh_27_00_124	早く出して……																0	0	2	52	0	sound/data/pcm/c27/h/00_00.unity3d	h_hh_27_02_124	また自由に出せばいいじゃない																0	0	102	52	0	sound/data/pcm/c27/h/00_00.unity3d	h_hh_27_03_124	アンタのイキ顔がまた見られる♪																0	0	202	52
128	0	sound/data/pcm/c27/h/00_00.unity3d	h_hh_27_00_125	いつでもいいわ																0	0	2	52	0	sound/data/pcm/c27/h/00_00.unity3d	h_hh_27_00_125	いつでもいいわ																0	0	2	52	0	sound/data/pcm/c27/h/00_00.unity3d	h_hh_27_02_125	どんどん出して																0	0	102	52	0	sound/data/pcm/c27/h/00_00.unity3d	h_hh_27_03_125	次はもっと飛ばして見せて																0	0	202	52
129	0	sound/data/pcm/c27/h/00_00.unity3d	h_hh_27_00_126	好きにしていいから																0	0	4	2	0	sound/data/pcm/c27/h/00_00.unity3d	h_hh_27_00_126	好きにしていいから																0	0	4	2	0	sound/data/pcm/c27/h/00_00.unity3d	h_hh_27_02_126	またドクドクッとやるのね																0	0	104	2	0	sound/data/pcm/c27/h/00_00.unity3d	h_hh_27_03_126	濃いせーし、またちょうだい																0	0	204	2
130	0	sound/data/pcm/c27/h/00_00.unity3d	h_hh_27_00_127	言わなくてもわかってる																0	0	4	2	0	sound/data/pcm/c27/h/00_00.unity3d	h_hh_27_00_127	言わなくてもわかってる																0	0	4	2	0	sound/data/pcm/c27/h/00_00.unity3d	h_hh_27_02_127	またいっぱい出して																0	0	104	2	0	sound/data/pcm/c27/h/00_00.unity3d	h_hh_27_03_127	早くザーメンの匂いかがせて																0	0	204	2
131	0	sound/data/pcm/c27/h/00_00.unity3d	h_hh_27_00_128	外でもいいから……																0	0	6	2	0	sound/data/pcm/c27/h/00_00.unity3d	h_hh_27_00_128	外でもいいから……																0	0	6	2	0	sound/data/pcm/c27/h/00_00.unity3d	h_hh_27_02_128	今度も思いっきりどうぞ																0	0	106	2	0	sound/data/pcm/c27/h/00_00.unity3d	h_hh_27_03_128	あたりザーメンまみれにして																0	0	206	2
132	0	sound/data/pcm/c27/h/00_00.unity3d	h_hh_27_00_129	うん、思いっきりね																0	0	6	2	0	sound/data/pcm/c27/h/00_00.unity3d	h_hh_27_00_129	うん、思いっきりね																0	0	6	2	0	sound/data/pcm/c27/h/00_00.unity3d	h_hh_27_02_129	次もびゅーっとお願い																0	0	106	2	0	sound/data/pcm/c27/h/00_00.unity3d	h_hh_27_03_129	今度も勢いよく出しまくって																0	0	206	2
133	0	sound/data/pcm/c27/h/00_00.unity3d	h_hh_27_00_130	大丈夫よ、きて																0	0	6	2	0	sound/data/pcm/c27/h/00_00.unity3d	h_hh_27_00_130	大丈夫よ、きて																0	0	6	2	0	sound/data/pcm/c27/h/00_00.unity3d	h_hh_27_02_130	また口の中にたくさん出して																0	0	106	2	0	sound/data/pcm/c27/h/00_00.unity3d	h_hh_27_03_130	また喉の奥にザーメン欲しいの																0	0	206	2
134	0	sound/data/pcm/c27/h/00_00.unity3d	h_hh_27_00_131	いいわ、ほら																0	0	6	2	0	sound/data/pcm/c27/h/00_00.unity3d	h_hh_27_00_131	いいわ、ほら																0	0	6	2	0	sound/data/pcm/c27/h/00_00.unity3d	h_hh_27_02_131	喉の奥の奥までびゅーっ、だからね																0	0	106	2	0	sound/data/pcm/c27/h/00_00.unity3d	h_hh_27_03_131	あぁもうお口にザーメン待ちきれないっ																0	0	206	2
135	0																			0	0	2	52	0																			0	0	2	52	0	sound/data/pcm/c27/h/00_00.unity3d	h_hh_27_02_145	またたくさんかけてほしいの																0	0	102	52	0																			0	0	202	52
136	0																			0	0	4	2	0																			0	0	4	2	0	sound/data/pcm/c27/h/00_00.unity3d	h_hh_27_02_146	アンタのザーメンでやけどさせて																0	0	104	2	0																			0	0	204	2
137	0																			0	0	6	2	0																			0	0	6	2	0	sound/data/pcm/c27/h/00_00.unity3d	h_hh_27_02_147	１滴残らずまた私にかけてっ																0	0	106	2	0																			0	0	206	2
138	0	sound/data/pcm/c27/h/00_00.unity3d	h_hh_27_00_132	ふぁっ、またきた……																0	0	7	3	0	sound/data/pcm/c27/h/00_00.unity3d	h_hh_27_00_132	ふぁっ、またきた……																0	0	7	3	0	sound/data/pcm/c27/h/00_00.unity3d	h_hh_27_02_132	全然止まらない……																0	0	107	3	0	sound/data/pcm/c27/h/00_00.unity3d	h_hh_27_03_132	ザーメンきたきたぁ																0	0	207	3
139	0	sound/data/pcm/c27/h/00_00.unity3d	h_hh_27_00_133	あぁんっ、もう……																0	0	7	3	0	sound/data/pcm/c27/h/00_00.unity3d	h_hh_27_00_133	あぁんっ、もう……																0	0	7	3	0	sound/data/pcm/c27/h/00_00.unity3d	h_hh_27_02_133	またすごい出てる……																0	0	107	3	0	sound/data/pcm/c27/h/00_00.unity3d	h_hh_27_03_133	またすっごい飛んでる																0	0	207	3
140	0	sound/data/pcm/c27/h/00_00.unity3d	h_hh_27_00_134	また熱いのが……																0	0	8	3	0	sound/data/pcm/c27/h/00_00.unity3d	h_hh_27_00_134	また熱いのが……																0	0	8	3	0	sound/data/pcm/c27/h/00_00.unity3d	h_hh_27_02_134	だからぁ、ちょっとかけすぎ！																0	0	108	3	0	sound/data/pcm/c27/h/00_00.unity3d	h_hh_27_03_134	もっと浴びせて																0	0	208	3
141	0	sound/data/pcm/c27/h/00_00.unity3d	h_hh_27_00_135	何回見てもすごいわ……																0	0	9	52	0	sound/data/pcm/c27/h/00_00.unity3d	h_hh_27_00_135	何回見てもすごいわ……																0	0	9	52	0	sound/data/pcm/c27/h/00_00.unity3d	h_hh_27_02_135	またいっぱい出しちゃったわね																0	0	109	52	0	sound/data/pcm/c27/h/00_00.unity3d	h_hh_27_03_135	まだあんなに溜め込んでたんだ……																0	0	209	52
142	0	sound/data/pcm/c27/h/00_00.unity3d	h_hh_27_00_136	アンタってホント元気よね																0	0	9	52	0	sound/data/pcm/c27/h/00_00.unity3d	h_hh_27_00_136	アンタってホント元気よね																0	0	9	52	0	sound/data/pcm/c27/h/00_00.unity3d	h_hh_27_02_136	永遠に止まらないのかと思っちゃったわ																0	0	109	52	0	sound/data/pcm/c27/h/00_00.unity3d	h_hh_27_03_136	またスッキリしたいなら、いつでも言って																0	0	209	52
143	0	sound/data/pcm/c27/h/00_00.unity3d	h_hh_27_00_137	この熱さ……割と好きかも																0	0	9	52	0	sound/data/pcm/c27/h/00_00.unity3d	h_hh_27_00_137	この熱さ……割と好きかも																0	0	9	52	0	sound/data/pcm/c27/h/00_00.unity3d	h_hh_27_02_137	また精液が……もういいわ、このままでも																0	0	109	52	0	sound/data/pcm/c27/h/00_00.unity3d	h_hh_27_03_137	すっかりアンタの精液に汚されちゃった																0	0	209	52
144	0	sound/data/pcm/c27/h/00_00.unity3d	h_hh_27_00_138	また飲んじゃった……																0	0	9	52	0	sound/data/pcm/c27/h/00_00.unity3d	h_hh_27_00_138	また飲んじゃった……																0	0	9	52	0	sound/data/pcm/c27/h/00_00.unity3d	h_hh_27_02_138	えっと……ごちそうさま																0	0	109	52	0	sound/data/pcm/c27/h/00_00.unity3d	h_hh_27_03_138	もう精液でお腹いっぱい……																0	0	209	52
145	0	sound/data/pcm/c27/h/00_00.unity3d	h_hh_27_00_139	ん……不味く……ない																0	0	9	52	0	sound/data/pcm/c27/h/00_00.unity3d	h_hh_27_00_139	ん……不味く……ない																0	0	9	52	0	sound/data/pcm/c27/h/00_00.unity3d	h_hh_27_02_139	これならまた飲みたいわ																0	0	109	52	0	sound/data/pcm/c27/h/00_00.unity3d	h_hh_27_03_139	またちょっと出せるなら……ちょうだい、ザーメン																0	0	209	52
146	0	sound/data/pcm/c27/h/00_00.unity3d	h_hh_27_00_140	またこの量……すごいわね																0	0	9	52	0	sound/data/pcm/c27/h/00_00.unity3d	h_hh_27_00_140	またこの量……すごいわね																0	0	9	52	0	sound/data/pcm/c27/h/00_00.unity3d	h_hh_27_02_140	さっきよりも濃くて多いかも……																0	0	109	52	0	sound/data/pcm/c27/h/00_00.unity3d	h_hh_27_03_140	今度はにおいで私がイッちゃいそう																0	0	209	52
147	0	sound/data/pcm/c27/h/00_00.unity3d	h_hh_27_00_141	どこに溜め込んでたんだか																0	0	9	52	0	sound/data/pcm/c27/h/00_00.unity3d	h_hh_27_00_141	どこに溜め込んでたんだか																0	0	9	52	0	sound/data/pcm/c27/h/00_00.unity3d	h_hh_27_02_141	どんどん濃厚なニオイになってきてるわ																0	0	109	52	0	sound/data/pcm/c27/h/00_00.unity3d	h_hh_27_03_141	アンタのザーメン、やっぱり好きだわ……																0	0	209	52
148	0	sound/data/pcm/c27/h/00_00.unity3d	h_so_27_02_316	（開始時台詞）プールの中で……なんかちょっと、ドキドキする……																0	0	0	52	0	sound/data/pcm/c27/h/00_00.unity3d	h_so_27_02_316	（開始時台詞）プールの中で……なんかちょっと、ドキドキする……																0	0	0	52	0	sound/data/pcm/c27/h/00_00.unity3d	h_so_27_02_316	（開始時台詞）プールの中で……なんかちょっと、ドキドキする……																0	0	100	52	0	sound/data/pcm/c27/h/00_00.unity3d	h_so_27_02_316	（開始時台詞）プールの中で……なんかちょっと、ドキドキする……																0	0	200	52
