0	1	sound/data/pcm/c11/h/00_00.unity3d	h_on_11_02_000	んぅ、いけないこと……だけど……																0	0	0	9	1	sound/data/pcm/c11/h/00_00.unity3d	h_on_11_02_000	んぅ、いけないこと……だけど……																0	0	0	9	1	sound/data/pcm/c11/h/00_00.unity3d	h_on_11_02_000	んぅ、いけないこと……だけど……																0	0	100	9	1	sound/data/pcm/c11/h/00_00.unity3d	h_on_11_03_000	んぁ……エッチな気持ちが……全然抑えられない……ん																0	0	200	9
1	0	sound/data/pcm/c11/h/00_00.unity3d	h_on_11_03_001	んぅ……私のオナニー……見ていく？　いいわよぉ……																0	0	1	17	0	sound/data/pcm/c11/h/00_00.unity3d	h_on_11_03_001	んぅ……私のオナニー……見ていく？　いいわよぉ……																0	0	1	17	0	sound/data/pcm/c11/h/00_00.unity3d	h_on_11_03_001	んぅ……私のオナニー……見ていく？　いいわよぉ……																0	0	101	17	0	sound/data/pcm/c11/h/00_00.unity3d	h_on_11_03_001	んぅ……私のオナニー……見ていく？　いいわよぉ……																0	0	201	17
2	1	sound/data/pcm/c11/h/00_00.unity3d	h_on_11_02_002	んぅ……あと、ちょっとだけ……																0	0	2	9	1	sound/data/pcm/c11/h/00_00.unity3d	h_on_11_02_002	んぅ……あと、ちょっとだけ……																0	0	2	9	1	sound/data/pcm/c11/h/00_00.unity3d	h_on_11_02_002	んぅ……あと、ちょっとだけ……																0	0	102	9	1	sound/data/pcm/c11/h/00_00.unity3d	h_on_11_03_002	ん……身体が……火照ったままで……んんぅ……																0	0	202	9
3	1	sound/data/pcm/c11/h/00_00.unity3d	h_on_11_02_003	んぁ……身体熱くて……いい感じよ……																0	0	3	9	1	sound/data/pcm/c11/h/00_00.unity3d	h_on_11_02_003	んぁ……身体熱くて……いい感じよ……																0	0	3	9	1	sound/data/pcm/c11/h/00_00.unity3d	h_on_11_02_003	んぁ……身体熱くて……いい感じよ……																0	0	103	9	1	sound/data/pcm/c11/h/00_00.unity3d	h_on_11_03_003	んはぁ……身体がうずうずして……んあっ、もっと気持ちよくなりたいって、言ってる……ん……																0	0	203	9
4	1	sound/data/pcm/c11/h/00_00.unity3d	h_on_11_02_004	んんぅ、気持ちよくて……ふわふわしちゃう……																0	0	3	9	1	sound/data/pcm/c11/h/00_00.unity3d	h_on_11_02_004	んんぅ、気持ちよくて……ふわふわしちゃう……																0	0	3	9	1	sound/data/pcm/c11/h/00_00.unity3d	h_on_11_02_004	んんぅ、気持ちよくて……ふわふわしちゃう……																0	0	103	9	1	sound/data/pcm/c11/h/00_00.unity3d	h_on_11_03_004	あっあっ……エッチなお汁で……中、トロトロ……																0	0	203	9
5	1	sound/data/pcm/c11/h/00_00.unity3d	h_on_11_02_005	んあっあっ……いいわぁ、これ……んぁ、あっ……！																0	0	4	9	1	sound/data/pcm/c11/h/00_00.unity3d	h_on_11_02_005	んあっあっ……いいわぁ、これ……んぁ、あっ……！																0	0	4	9	1	sound/data/pcm/c11/h/00_00.unity3d	h_on_11_02_005	んあっあっ……いいわぁ、これ……んぁ、あっ……！																0	0	104	9	1	sound/data/pcm/c11/h/00_00.unity3d	h_on_11_03_005	んあぁ、あっ……オナニーにはまって……もう、止められない……んあっ……！																0	0	204	9
6	1	sound/data/pcm/c11/h/00_00.unity3d	h_on_11_02_006	んあっあっ、止まらなく……なっきてる……んんぅ……！																0	0	4	9	1	sound/data/pcm/c11/h/00_00.unity3d	h_on_11_02_006	んあっあっ、止まらなく……なっきてる……んんぅ……！																0	0	4	9	1	sound/data/pcm/c11/h/00_00.unity3d	h_on_11_02_006	んあっあっ、止まらなく……なっきてる……んんぅ……！																0	0	104	9	1	sound/data/pcm/c11/h/00_00.unity3d	h_on_11_03_006	あぁ……気持ちいい……この気持ちよさが……ずっと続けばいいのに……んあっ……！																0	0	204	9
7	1	sound/data/pcm/c11/h/00_00.unity3d	h_on_11_02_007	はぁん……私……オナニーでイッちゃうっ……あっ、あっ…………いくぅぅぅ！																0	0	5	9	1	sound/data/pcm/c11/h/00_00.unity3d	h_on_11_02_007	はぁん……私……オナニーでイッちゃうっ……あっ、あっ…………いくぅぅぅ！																0	0	5	9	1	sound/data/pcm/c11/h/00_00.unity3d	h_on_11_02_007	はぁん……私……オナニーでイッちゃうっ……あっ、あっ…………いくぅぅぅ！																0	0	105	9	1	sound/data/pcm/c11/h/00_00.unity3d	h_on_11_03_007	あっあっ、オナニー、いい、わぁ……本当に、好きぃ……ん、あっ…………はぁぁん！																0	0	205	9
8	1	sound/data/pcm/c11/h/00_00.unity3d	h_on_11_02_008	んあっ、あっ……身体のゾクゾク……どんどん大きくなって、んあっ、あっ……いくぅぅ！																0	0	5	9	1	sound/data/pcm/c11/h/00_00.unity3d	h_on_11_02_008	んあっ、あっ……身体のゾクゾク……どんどん大きくなって、んあっ、あっ……いくぅぅ！																0	0	5	9	1	sound/data/pcm/c11/h/00_00.unity3d	h_on_11_02_008	んあっ、あっ……身体のゾクゾク……どんどん大きくなって、んあっ、あっ……いくぅぅ！																0	0	105	9	1	sound/data/pcm/c11/h/00_00.unity3d	h_on_11_03_008	はぁん、あっ、このまま最後まで、んあ、あっ、イク、私っ…………イックぅぅ！																0	0	205	9
9	0	sound/data/pcm/c11/h/00_00.unity3d	h_on_11_03_009	んあっ、あっ、もうすぐ……イクから、しっかり見てて……んあっ、最後の一息、あっ、んぁ…………はぁぁん！																0	0	6	17	0	sound/data/pcm/c11/h/00_00.unity3d	h_on_11_03_009	んあっ、あっ、もうすぐ……イクから、しっかり見てて……んあっ、最後の一息、あっ、んぁ…………はぁぁん！																0	0	6	17	0	sound/data/pcm/c11/h/00_00.unity3d	h_on_11_03_009	んあっ、あっ、もうすぐ……イクから、しっかり見てて……んあっ、最後の一息、あっ、んぁ…………はぁぁん！																0	0	106	17	0	sound/data/pcm/c11/h/00_00.unity3d	h_on_11_03_009	んあっ、あっ、もうすぐ……イクから、しっかり見てて……んあっ、最後の一息、あっ、んぁ…………はぁぁん！																0	0	206	17
10	1	sound/data/pcm/c11/h/00_00.unity3d	h_on_11_02_010	はぁ……オナニー……気もちよかったわ……																0	0	7	9	1	sound/data/pcm/c11/h/00_00.unity3d	h_on_11_02_010	はぁ……オナニー……気もちよかったわ……																0	0	7	9	1	sound/data/pcm/c11/h/00_00.unity3d	h_on_11_02_010	はぁ……オナニー……気もちよかったわ……																0	0	107	9	1	sound/data/pcm/c11/h/00_00.unity3d	h_on_11_03_010	ん……自分でもビックリしちゃうぐらい、気持ちよくイケたわ～……																0	0	207	9
11	1	sound/data/pcm/c11/h/00_00.unity3d	h_on_11_02_011	んぅ……我慢できないなんて……私もまだまだね……																0	0	7	9	1	sound/data/pcm/c11/h/00_00.unity3d	h_on_11_02_011	んぅ……我慢できないなんて……私もまだまだね……																0	0	7	9	1	sound/data/pcm/c11/h/00_00.unity3d	h_on_11_02_011	んぅ……我慢できないなんて……私もまだまだね……																0	0	107	9	1	sound/data/pcm/c11/h/00_00.unity3d	h_on_11_03_011	はぁ……んぅ……ここでオナニーするのが、習慣になっちゃいそうね……																0	0	207	9
12	0	sound/data/pcm/c11/h/00_00.unity3d	h_on_11_03_012	はぁ……私のオナニーで興奮してくれたかしら……？																0	0	8	17	0	sound/data/pcm/c11/h/00_00.unity3d	h_on_11_03_012	はぁ……私のオナニーで興奮してくれたかしら……？																0	0	8	17	0	sound/data/pcm/c11/h/00_00.unity3d	h_on_11_03_012	はぁ……私のオナニーで興奮してくれたかしら……？																0	0	108	17	0	sound/data/pcm/c11/h/00_00.unity3d	h_on_11_03_012	はぁ……私のオナニーで興奮してくれたかしら……？																0	0	208	17
13	1	sound/data/pcm/c11/h/00_00.unity3d	h_on_11_02_013	いっくぅぅ！																0	0	9	9	1	sound/data/pcm/c11/h/00_00.unity3d	h_on_11_02_013	いっくぅぅ！																0	0	9	9	1	sound/data/pcm/c11/h/00_00.unity3d	h_on_11_02_013	いっくぅぅ！																0	0	109	9	1	sound/data/pcm/c11/h/00_00.unity3d	h_on_11_03_013	イックぅぅ！！																0	0	209	9
